10-11 12:29:05.734 I/WakePathManager( 4953): PackageMonitor. onPackageAdded: packageName =com.idealinspecao.perueiroapp
10-11 12:29:05.736 D/AppInstalledReceiver(13735): packageName: com.idealinspecao.perueiroapp
10-11 12:29:05.737 I/InstalledAppMonitor(13735): com.idealinspecao.perueiroapponReceive add pkg=com.idealinspecao.perueiroapp
10-11 12:29:05.760 I/dvm_lock_sample( 1594): [system_server,1,ActivityManager,13,BroadcastQueue.java,984,void com.android.server.am.BroadcastQueue.processNextBroadcast(boolean, boolean),ActivityManagerService.java,14285,android.content.ComponentName com.android.server.am.ActivityManagerService.startService(android.app.IApplicationThread, android.content.Intent, java.lang.String, boolean, java.lang.String, int),2]
10-11 12:29:05.760 D/ImsResolver( 2395): maybeAddedImsService, packageName: com.idealinspecao.perueiroapp
10-11 12:29:05.777 I/dvm_lock_sample( 1594): [system_server,0,PackageManager,50,ActivityManagerService.java,15989,int com.android.server.am.ActivityManagerService.broadcastIntent(android.app.IApplicationThread, android.content.Intent, java.lang.String, android.content.IIntentReceiver, int, java.lang.String, android.os.Bundle, java.lang.String[], int, android.os.Bundle, boolean, boolean, int),BroadcastQueue.java,984,void com.android.server.am.BroadcastQueue.processNextBroadcast(boolean, boolean),10]
10-11 12:29:05.803 W/ActivityManager( 1594): Sending non-protected broadcast com.miui.gamebooster.UNINSTALLAPP from system 13735:com.miui.securitycenter.remote/1000 pkg com.miui.securitycenter. Callers=
10-11 12:29:05.856 I/sysui_multi_action( 1594): [757,147,758,4,759,1,806,com.idealinspecao.perueiroapp]
10-11 12:29:05.931 I/notification_cancel_all( 1594): [1000,1594,com.idealinspecao.perueiroapp,0,0,0,5,NULL]
10-11 12:29:06.005 I/WakePathManager( 4953): request: ["br.com.otimizaugc.vistosoftapp","cn.wps.xiaomi.abroad.lite","com.google.android.apps.authenticator2","com.neurotec.samples.multibiometric.test","com.anydesk.adcontrol.ad1","io.appium.uiautomator2.server","net.openvpn.openvpn","com.otimiza.samplelivenessapp.xamarin","com.google.android.apps.tachyon","com.miui.android.fashiongallery","com.google.android.music","com.duokan.phone.remotecontroller","videoeditor.videorecorder.screenrecorder","net.sourceforge.opencamera","com.google.android.apps.docs","com.otimizati.liveness.sampleapp.dev","com.google.android.contactkeys","com.idealinspecao.perueiroapp","com.ypcc.otgcamera","com.google.android.videos","com.google.android.apps.photos","com.airbeat.device.inspector","com.anydesk.anydeskandroid","io.appium.uiautomator2.server.test","com.google.android.safetycore","com.duokan.phone.remotecontroller.peel.plugin","com.tony.molink.howifi","com.google.android.apps.meetings","com.ozforensics.liveness.demo"]
10-11 12:29:06.024 I/dvm_lock_sample( 1594): [system_server,1,Binder:1594_18,28,ActivityManagerService.java,5395,void com.android.server.am.ActivityManagerService.attachApplication(android.app.IApplicationThread, long),-,5395,void com.android.server.am.ActivityManagerService.attachApplication(android.app.IApplicationThread, long),5]
10-11 12:29:06.049 I/Finsky  (26617): [2] AIM: AppInfoCacheUpdater -> invalidating apps: [com.idealinspecao.perueiroapp]
10-11 12:29:06.053 W/GCM     (15811): Unexpected forwarded intent: Intent { act=android.intent.action.PACKAGE_ADDED dat=package:com.idealinspecao.perueiroapp flg=0x4000010 pkg=com.google.android.gms cmp=com.google.android.gms/.chimera.PersistentIntentOperationService (has extras) }
10-11 12:29:06.065 I/Finsky  (26617): [38257] AIM: AppInfoManager-Perf > OnDeviceAppInfo > cacheHitCount=0, cacheMissCount=1. Missed  in cache (limit 10) : [com.idealinspecao.perueiroapp]
10-11 12:29:06.084 W/NetworkScheduler(15811): Unexpected forwarded intent: Intent { act=android.intent.action.PACKAGE_ADDED dat=package:com.idealinspecao.perueiroapp flg=0x4000010 pkg=com.google.android.gms cmp=com.google.android.gms/.chimera.PersistentIntentOperationService (has extras) }
10-11 12:29:06.201 I/Finsky  (26617): [38259] AIM: AppInfoManager-Perf > OnDeviceAppInfo > cacheHitCount=0, cacheMissCount=1. Missed  in cache (limit 10) : [com.idealinspecao.perueiroapp]
10-11 12:29:06.311 D/Launcher.Model( 2404): LauncherAppsCallback onPackageAdded|com.idealinspecao.perueiroapp|UserHandle{0}
10-11 12:29:06.314 D/Launcher.Model( 2404): Got broadcast:Intent { act=android.intent.action.PACKAGE_ADDED dat=package:com.idealinspecao.perueiroapp (has extras) }
10-11 12:29:06.460 E/Launcher.AllAppsList( 2404): Can't load postion for packageName: com.idealinspecao.perueiroapp activityName: com.idealinspecao.perueiroapp.MainActivity
10-11 12:29:06.473 D/AutoInstallsParser( 2404): isPAIPackageName: com.idealinspecao.perueiroapp
10-11 12:29:06.477 D/Launcher.Model( 2404): onReceiveBackground, mAllAppsList=add=[(0, AppInfo, id=-1, itemType=0, user=UserHandle{0}, mIconType=0, pkgName=com.idealinspecao.perueiroapp, className=com.idealinspecao.perueiroapp.MainActivity, screenId=-1, container=-1, cellX=-1, cellY=-1, spanX=1, spanY=1, isLandscapePos=false)], remove=[], modified=[]
10-11 12:29:06.478 D/Launcher( 2404): add item to launcher when bind apps added, info=ShortcutInfo, id=-1, itemType=0, user=UserHandle{0}, mIconType=0, pkgName=com.idealinspecao.perueiroapp, className=com.idealinspecao.perueiroapp.MainActivity, screenId=-1, container=-1, cellX=-1, cellY=-1, spanX=1, spanY=1, isLandscapePos=false
10-11 12:29:06.480 D/Launcher( 2404): addItemToWorkspace, add item into db, item=ShortcutInfo, id=-1, itemType=0, user=UserHandle{0}, mIconType=0, pkgName=com.idealinspecao.perueiroapp, className=com.idealinspecao.perueiroapp.MainActivity, screenId=2, container=-100, cellX=4, cellY=4, spanX=1, spanY=1, isLandscapePos=false
10-11 12:29:06.481 D/Launcher.Model( 2404): Insert item com.idealinspecao.perueiroapp to database (4, 4) of screen 2
10-11 12:29:06.481 D/Launcher.ShortcutInfo( 2404): onAddToDatabase, this=ShortcutInfo, id=1311, itemType=0, user=UserHandle{0}, mIconType=0, pkgName=com.idealinspecao.perueiroapp, className=com.idealinspecao.perueiroapp.MainActivity, screenId=2, container=-100, cellX=4, cellY=4, spanX=1, spanY=1, isLandscapePos=false
10-11 12:29:06.481 D/Launcher.CellLayout( 2404): updateCellOccupiedMarks, update, ShortcutInfo, id=1311, itemType=0, user=UserHandle{0}, mIconType=0, pkgName=com.idealinspecao.perueiroapp, className=com.idealinspecao.perueiroapp.MainActivity, screenId=2, container=-100, cellX=4, cellY=4, spanX=1, spanY=1, isLandscapePos=false
10-11 12:29:06.522 D/Launcher.CellLayout( 2404): updateCellOccupiedMarks, update, ShortcutInfo, id=1311, itemType=0, user=UserHandle{0}, mIconType=0, pkgName=com.idealinspecao.perueiroapp, className=com.idealinspecao.perueiroapp.MainActivity, screenId=2, container=-100, cellX=4, cellY=4, spanX=1, spanY=1, isLandscapePos=false
10-11 12:29:06.606 I/PI-ScanDispatch(30381): service bind, pkgName = com.idealinspecao.perueiroapp, installer = null, isReplace = false, firstGoogleTime = 1614890563430
10-11 12:29:06.804 I/am_create_activity( 1594): [0,239650311,1233,com.idealinspecao.perueiroapp/.MainActivity,NULL,NULL,NULL,268435456]
10-11 12:29:06.877 W/ActivityManager( 1594): Sending non-protected broadcast miui.intent.action.PACKAGE_FIRST_LAUNCH from system uid 1000 pkg null. Callers=com.android.server.am.ActivityManagerService.broadcastIntentLocked:15855 com.android.server.am.ActivityManagerService.broadcastIntentLocked:15209 com.android.server.am.ActivityManagerService.broadcastIntent:15998 com.android.server.pm.IActivityManagerCompat.sendBroadcast:19 com.android.server.pm.SettingsInjector$1.run:117 
10-11 12:29:06.979 I/dvm_lock_sample( 1594): [system_server,1,android.display,83,ActivityManagerService.java,18863,void com.android.server.am.ActivityManagerService$LocalService.startProcess(java.lang.String, android.content.pm.ApplicationInfo, boolean, java.lang.String, android.content.ComponentName, java.lang.String),BroadcastQueue.java,984,void com.android.server.am.BroadcastQueue.processNextBroadcast(boolean, boolean),16]
10-11 12:29:06.988 I/am_proc_start( 1594): [0,30596,11368,com.idealinspecao.perueiroapp,activity,{com.idealinspecao.perueiroapp/com.idealinspecao.perueiroapp.MainActivity}]
10-11 12:29:06.988 D/OemNetd (  518): setPidForPackage: packageName=com.idealinspecao.perueiroapp, pid=30596, pid=11368
10-11 12:29:07.020 D/AppStatChecker(13367): first launch package: com.idealinspecao.perueiroapp
10-11 12:29:07.273 I/am_proc_bound( 1594): [0,30596,com.idealinspecao.perueiroapp]
10-11 12:29:07.278 I/am_restart_activity( 1594): [0,239650311,1233,com.idealinspecao.perueiroapp/.MainActivity,30596]
10-11 12:29:07.280 I/GST     (10006): forePkg: com.idealinspecao.perueiroapp, preForePkg: com.miui.home
10-11 12:29:07.280 I/ProcessMonitor(13735): onForegroundInfoChanged: ForegroundInfo{mForegroundPackageName='com.idealinspecao.perueiroapp', mForegroundUid=11368, mForegroundPid=30596, mLastForegroundPackageName='com.miui.home', mLastForegroundUid=10064, mLastForegroundPid=2404, mMultiWindowForegroundPackageName='null', mMultiWindowForegroundUid=-1, mFlags=1}
10-11 12:29:07.280 D/PerfEngineController(26563): ForegroundInfo{mForegroundPackageName='com.idealinspecao.perueiroapp', mForegroundUid=11368, mForegroundPid=30596, mLastForegroundPackageName='com.miui.home', mLastForegroundUid=10064, mLastForegroundPid=2404, mMultiWindowForegroundPackageName='null', mMultiWindowForegroundUid=-1, mFlags=1}
10-11 12:29:07.282 D/AutoInstallService(26949): onForegroundInfoChanged: com.idealinspecao.perueiroapp
10-11 12:29:07.285 I/am_set_resumed_activity( 1594): [0,com.idealinspecao.perueiroapp/.MainActivity,minimalResumeActivityLocked]
10-11 12:29:07.510 D/AppActiveReceiver(30619): receive app active broadcast for: com.idealinspecao.perueiroapp, install from: null
10-11 12:29:07.703 I/dvm_lock_sample( 1594): [system_server,0,Binder:1594_1B,50,ActivityManagerService.java,14494,void com.android.server.am.ActivityManagerService.serviceDoneExecuting(android.os.IBinder, int, int, int),-,5395,void com.android.server.am.ActivityManagerService.attachApplication(android.app.IApplicationThread, long),10]
10-11 12:29:07.729 I/dvm_lock_sample( 1594): [system_server,1,Binder:1594_1A,22,ActivityManagerService.java,14474,void com.android.server.am.ActivityManagerService.publishService(android.os.IBinder, android.content.Intent, android.os.IBinder),-,7564,void com.android.server.am.ActivityManagerService.removeContentProvider(android.os.IBinder, boolean),4]
10-11 12:29:07.917 I/Finsky  (26617): [2] Received an install/uninstall event for package com.idealinspecao.perueiroapp
10-11 12:29:08.636 I/dvm_lock_sample( 1594): [system_server,1,Binder:1594_7,36,ActivityManagerService.java,6752,java.lang.String com.android.server.am.ActivityManagerService.checkContentProviderAccess(java.lang.String, int),-,1537,void com.android.server.am.ActivityManagerService$AppDeathRecipient.binderDied(),7]
10-11 12:29:09.024 D/AppActiveReceiver(30731): receive app active broadcast for: com.idealinspecao.perueiroapp, install from: null
10-11 12:29:09.102 I/dvm_lock_sample( 1594): [system_server,1,Binder:1594_A,5,ActivityManagerService.java,14875,android.content.Intent com.android.server.am.ActivityManagerService.registerReceiver(android.app.IApplicationThread, java.lang.String, android.content.IIntentReceiver, android.content.IntentFilter, java.lang.String, int, int),-,16095,void com.android.server.am.ActivityManagerService.finishReceiver(android.os.IBinder, int, java.lang.String, android.os.Bundle, boolean, int),1]
10-11 12:29:10.212 I/ActivityManager( 1594): Process com.google.android.apps.photos (pid 29961) has died: cch+65 CEM 
10-11 12:29:10.329 I/Finsky  (26617): [38259] Installer package name of package com.idealinspecao.perueiroapp is 
10-11 12:29:10.608 I/ThumbnailBlurUtils(13735): loadPrivacyThumbnailBlurMonthly successd{"com.anydesk.anydeskandroid":5,"com.miui.player":27,"com.xiaomi.mipicks":5,"videoeditor.videorecorder.screenrecorder":5,"com.miui.compass":5,"com.otimiza.samplelivenessapp.xamarin":-1,"com.miui.calculator":5,"com.android.deskclock":5,"com.xiaomi.scanner":5,"com.xiaomi.midrop":5,"com.ozforensics.liveness.demo":-1,"com.miui.securitycenter":5,"com.google.android.apps.meetings":-1,"com.android.vending":5,"com.android.chrome":-1,"com.google.android.apps.photos":-1,"com.mi.android.globalFileexplorer":5,"com.google.android.apps.docs":5,"br.com.otimizaugc.vistosoftapp":-1,"com.duokan.phone.remotecontroller":5,"com.miui.gallery":6,"com.ypcc.otgcamera":-1,"com.google.android.youtube":-1,"com.idealinspecao.perueiroapp":-1,"com.miui.screenrecorder":5,"com.google.android.apps.maps":-1,"com.google.android.apps.tachyon":5,"com.miui.videoplayer":27,"net.sourceforge.opencamera":5,"com.mi.globalbrowser":5,"com.google.android.apps.messaging":5,"com.miui.notes":5,"com.google.android.videos":-1,"com.google.android.googlequicksearchbox":-1,"com.miui.miservice":5,"com.google.ar.lens":5,"com.google.android.contacts":-1,"net.openvpn.openvpn":5,"com.mi.android.globalminusscreen":5,"com.airbeat.device.inspector":5,"com.miui.weather2":5,"com.otimizati.liveness.sampleapp.dev":-1,"com.miui.fm":27,"com.android.providers.downloads.ui":5,"com.android.thememanager":5,"com.xiaomi.calendar":-1,"com.google.android.dialer":-1,"com.android.camera":6,"com.google.android.gm":5,"com.tony.molink.howifi":-1,"com.android.settings":-1,"com.xiaomi.glgm":5,"com.google.android.music":5,"com.google.android.apps.authenticator2":-1,"com.android.soundrecorder":5}
10-11 12:29:10.924 I/sysui_multi_action( 1594): [757,147,758,4,759,1,806,com.idealinspecao.perueiroapp]
10-11 12:29:10.943 I/ActivityManager( 1594): Process com.google.android.packageinstaller (pid 30425) has died: cch+65 CEM 
10-11 12:29:10.989 I/ActivityManager( 1594): Process com.miui.securitycenter (pid 30273) has died: cch+65 CEM 
10-11 12:29:11.002 W/ActivityManager( 1594): setHasOverlayUi called on unknown pid: 30273
10-11 12:29:11.013 I/ActivityManager( 1594): Process com.facebook.appmanager (pid 29715) has died: cch+55 CEM 
10-11 12:29:11.065 W/ActivityManager( 1594): Sending non-protected broadcast action_temp_state_change from system 31051:com.miui.powerkeeper/1000 pkg com.miui.powerkeeper. Callers=
10-11 12:29:11.122 I/ActivityManager( 1594): Process com.miui.global.packageinstaller (pid 30381) has died: cch+45 CEM 
10-11 12:29:11.066 W/ActivityManager( 1594): Sending non-protected broadcast action_temp_state_change from system 31051:com.miui.powerkeeper/1000 pkg com.miui.powerkeeper. Callers=
10-11 12:29:11.157 I/ActivityManager( 1594): Killing 31076:com.google.android.webview:sandboxed_process0:org.chromium.content.app.SandboxedProcessService0:0/u0a121i402 (adj 0): isolated not needed
10-11 12:29:11.173 I/dvm_lock_sample( 1594): [system_server,1,android.ui,42,ActivityManagerService.java,3378,void com.android.server.am.ActivityManagerService.dispatchUidsChanged(),-,1537,void com.android.server.am.ActivityManagerService$AppDeathRecipient.binderDied(),8]
10-11 12:29:11.211 W/Looper  ( 1594): Slow Looper android.bg: Long Msg: seq=262656 plan=12:29:09.907  late=0ms wall=1303ms running=0ms h=com.android.server.am.ActivityManagerService$5 w=1
10-11 12:29:11.361 I/ActivityManager( 1594): Process com.xiaomi.discover (pid 30619) has died: cch+35 CEM 
10-11 12:29:11.420 I/ActivityManager( 1594): Process com.xiaomi.mipicks (pid 30731) has died: cch+25 CEM 
10-11 12:29:12.278 I/am_lifecycle_sample(30596): [0,com.idealinspecao.perueiroapp,110,4957]
10-11 12:29:12.280 E/Perf    (30596): Fail to get file list com.idealinspecao.perueiroapp
10-11 12:29:12.280 E/Perf    (30596): Fail to get file list com.idealinspecao.perueiroapp
10-11 12:29:12.447 D/ForceDarkHelper(30596): updateByCheckExcludeList: pkg: com.idealinspecao.perueiroapp activity: com.idealinspecao.perueiroapp.MainActivity@894484a
10-11 12:29:12.452 D/ForceDarkHelper(30596): updateByCheckExcludeList: pkg: com.idealinspecao.perueiroapp activity: com.idealinspecao.perueiroapp.MainActivity@894484a
10-11 12:29:12.462 D/ForceDarkHelper(30596): updateByCheckExcludeList: pkg: com.idealinspecao.perueiroapp activity: com.idealinspecao.perueiroapp.MainActivity@894484a
10-11 12:29:12.515 I/am_on_create_called(30596): [0,com.idealinspecao.perueiroapp.MainActivity,performCreate,106]
10-11 12:29:12.530 I/am_on_start_called(30596): [0,com.idealinspecao.perueiroapp.MainActivity,handleStartActivity,0]
10-11 12:29:12.534 I/am_on_resume_called(30596): [0,com.idealinspecao.perueiroapp.MainActivity,RESUME_ACTIVITY,1]
10-11 12:29:12.558 W/Looper  (30596): Slow Looper main: Activity com.idealinspecao.perueiroapp/.MainActivity is 4969ms late (wall=272ms running=0ms ClientTransaction{ callbacks=[android.app.servertransaction.LaunchActivityItem] lifecycleRequest=android.app.servertransaction.ResumeActivityItem }) because of 2 msg, msg 2 took 4959ms (seq=2 late=8ms h=android.app.ActivityThread$H w=110)
10-11 12:29:12.559 I/am_on_top_resumed_gained_called(30596): [0,com.idealinspecao.perueiroapp.MainActivity,topStateChangedWhenResumed]
10-11 12:29:12.559 W/Looper  (30596): Slow Looper main: Activity com.idealinspecao.perueiroapp/.MainActivity is 5242ms late (wall=0ms running=0ms ClientTransaction{ callbacks=[android.app.servertransaction.TopResumedActivityChangeItem] }) because of 3 msg, msg 2 took 4959ms (seq=2 late=8ms h=android.app.ActivityThread$H w=110), msg 3 took 272ms (seq=3 late=4969ms h=android.app.ActivityThread$H w=159)
10-11 12:29:12.813 D/ForceDarkHelper(30596): updateByCheckExcludeList: pkg: com.idealinspecao.perueiroapp activity: com.idealinspecao.perueiroapp.MainActivity@894484a
10-11 12:29:13.731 W/PowerKeeper-ReflectionUtils(31051): failed to callStaticMethod class com.miui.whetstone.WhetstoneActivityManager.enableMiuiStandby
10-11 12:29:13.731 W/PowerKeeper-ReflectionUtils(31051): java.lang.NoSuchMethodException: com.miui.whetstone.WhetstoneActivityManager.enableMiuiStandby [boolean]
===== END SNAPSHOT =====
