10-11 06:13:00.692 I/dvm_lock_sample( 1594): [system_server,1,Binder:1594_1,5,ActivityManagerService.java,14791,android.content.Intent com.android.server.am.ActivityManagerService.registerReceiver(android.app.IApplicationThread, java.lang.String, android.content.IIntentReceiver, android.content.IntentFilter, java.lang.String, int, int),-,14450,int com.android.server.am.ActivityManagerService.bindIsolatedService(android.app.IApplicationThread, android.os.IBinder, android.content.Intent, java.lang.String, android.app.IServiceConnection, int, java.lang.String, java.lang.String, int),1]
10-11 06:21:24.323 I/dvm_lock_sample( 1594): [system_server,1,Binder:1594_1F,5,ActivityManagerService.java,7717,boolean com.android.server.am.ActivityManagerService.refContentProvider(android.os.IBinder, int, int),-,6978,android.app.ContentProviderHolder com.android.server.am.ActivityManagerService.getContentProviderImpl(android.app.IApplicationThread, java.lang.String, android.os.IBinder, int, java.lang.String, java.lang.String, boolean, int),1]
10-11 06:44:57.531 I/dvm_lock_sample( 1594): [system_server,1,Binder:1594_9,21,ActivityManagerService.java,10031,java.util.List com.android.server.am.ActivityManagerService.getRunningAppProcesses(),-,5395,void com.android.server.am.ActivityManagerService.attachApplication(android.app.IApplicationThread, long),4]
10-11 06:44:57.650 I/dvm_lock_sample( 1594): [system_server,1,Binder:1594_1F,10,ActivityManagerService.java,5955,boolean com.android.server.am.ActivityManagerService.isAppBad(android.content.pm.ApplicationInfo),-,14450,int com.android.server.am.ActivityManagerService.bindIsolatedService(android.app.IApplicationThread, android.os.IBinder, android.content.Intent, java.lang.String, android.app.IServiceConnection, int, java.lang.String, java.lang.String, int),2]
10-11 07:14:58.590 I/dvm_lock_sample( 1594): [system_server,1,android.ui,6,ActivityManagerService.java,3378,void com.android.server.am.ActivityManagerService.dispatchUidsChanged(),-,1537,void com.android.server.am.ActivityManagerService$AppDeathRecipient.binderDied(),1]
10-11 07:20:55.184 I/dvm_lock_sample( 1594): [system_server,1,Binder:1594_B,6,ActivityManagerService.java,5955,boolean com.android.server.am.ActivityManagerService.isAppBad(android.content.pm.ApplicationInfo),-,6978,android.app.ContentProviderHolder com.android.server.am.ActivityManagerService.getContentProviderImpl(android.app.IApplicationThread, java.lang.String, android.os.IBinder, int, java.lang.String, java.lang.String, boolean, int),1]
10-11 07:26:27.157 I/dvm_lock_sample( 1594): [system_server,0,Binder:1594_1C,5,ActivityManagerService.java,14494,void com.android.server.am.ActivityManagerService.serviceDoneExecuting(android.os.IBinder, int, int, int),-,14463,boolean com.android.server.am.ActivityManagerService.unbindService(android.app.IServiceConnection),1]
10-11 08:05:00.102 I/dvm_lock_sample( 1594): [system_server,1,Binder:1594_3,7,ActivityManagerService.java,8605,boolean com.android.server.am.ActivityManagerService.isUidActive(int, java.lang.String),-,14494,void com.android.server.am.ActivityManagerService.serviceDoneExecuting(android.os.IBinder, int, int, int),1]
10-11 08:05:30.944 I/dvm_lock_sample( 1594): [system_server,1,Binder:1594_1B,13,ActivityManagerService.java,8605,boolean com.android.server.am.ActivityManagerService.isUidActive(int, java.lang.String),-,14450,int com.android.server.am.ActivityManagerService.bindIsolatedService(android.app.IApplicationThread, android.os.IBinder, android.content.Intent, java.lang.String, android.app.IServiceConnection, int, java.lang.String, java.lang.String, int),2]
10-11 08:18:51.610 I/dvm_lock_sample( 1594): [system_server,1,Binder:1594_9,15,ActivityManagerService.java,5827,java.lang.String com.android.server.am.ActivityManagerService.getTagForIntentSender(android.content.IIntentSender, java.lang.String),-,14450,int com.android.server.am.ActivityManagerService.bindIsolatedService(android.app.IApplicationThread, android.os.IBinder, android.content.Intent, java.lang.String, android.app.IServiceConnection, int, java.lang.String, java.lang.String, int),3]
10-11 08:21:15.418 I/dvm_lock_sample( 1594): [system_server,1,android.ui,11,ActivityManagerService.java,3378,void com.android.server.am.ActivityManagerService.dispatchUidsChanged(),-,14450,int com.android.server.am.ActivityManagerService.bindIsolatedService(android.app.IApplicationThread, android.os.IBinder, android.content.Intent, java.lang.String, android.app.IServiceConnection, int, java.lang.String, java.lang.String, int),2]
10-11 08:34:44.878 I/dvm_lock_sample( 1594): [system_server,1,main,6,BroadcastDispatcher.java,186,void com.android.server.am.BroadcastDispatcher$1.broadcastAlarmComplete(int),ActivityManagerService.java,16095,void com.android.server.am.ActivityManagerService.finishReceiver(android.os.IBinder, int, java.lang.String, android.os.Bundle, boolean, int),1]
10-11 08:36:12.673 I/dvm_lock_sample( 1594): [system_server,0,android.bg,11,ActivityManagerService.java,2043,void com.android.server.am.ActivityManagerService$5.handleMessage(android.os.Message),-,14450,int com.android.server.am.ActivityManagerService.bindIsolatedService(android.app.IApplicationThread, android.os.IBinder, android.content.Intent, java.lang.String, android.app.IServiceConnection, int, java.lang.String, java.lang.String, int),2]
10-11 08:36:12.686 I/dvm_lock_sample( 1594): [system_server,1,Binder:1594_6,50,ActivityManagerService.java,14474,void com.android.server.am.ActivityManagerService.publishService(android.os.IBinder, android.content.Intent, android.os.IBinder),-,14450,int com.android.server.am.ActivityManagerService.bindIsolatedService(android.app.IApplicationThread, android.os.IBinder, android.content.Intent, java.lang.String, android.app.IServiceConnection, int, java.lang.String, java.lang.String, int),10]
10-11 09:14:17.837 I/dvm_lock_sample( 1594): [system_server,1,android.ui,5,ActivityManagerService.java,3378,void com.android.server.am.ActivityManagerService.dispatchUidsChanged(),-,14463,boolean com.android.server.am.ActivityManagerService.unbindService(android.app.IServiceConnection),1]
10-11 09:27:34.869 I/dvm_lock_sample( 1594): [system_server,0,Binder:1594_F,11,ActivityManagerService.java,14494,void com.android.server.am.ActivityManagerService.serviceDoneExecuting(android.os.IBinder, int, int, int),-,14450,int com.android.server.am.ActivityManagerService.bindIsolatedService(android.app.IApplicationThread, android.os.IBinder, android.content.Intent, java.lang.String, android.app.IServiceConnection, int, java.lang.String, java.lang.String, int),2]
10-11 09:29:49.361 I/sysui_multi_action( 1594): [757,147,758,4,759,1,806,com.idealinspecao.perueiroapp]
10-11 09:29:49.522 I/dvm_lock_sample( 1594): [system_server,1,ActivityManager:procStart,77,ProcessList.java,1687,void com.android.server.am.ProcessList.lambda$startProcessLocked$0$ProcessList(com.android.server.am.ProcessRecord, java.lang.String, int[], int, int, java.lang.String, java.lang.String, java.lang.String, long),ActivityManagerService.java,5395,void com.android.server.am.ActivityManagerService.attachApplication(android.app.IApplicationThread, long),15]
10-11 09:29:49.581 I/dvm_lock_sample( 1594): [system_server,1,Binder:1594_1E,75,ActivityManagerService.java,8605,boolean com.android.server.am.ActivityManagerService.isUidActive(int, java.lang.String),-,5395,void com.android.server.am.ActivityManagerService.attachApplication(android.app.IApplicationThread, long),15]
10-11 09:29:49.767 I/dvm_lock_sample( 1594): [system_server,1,android.ui,10,ActivityManagerService.java,3378,void com.android.server.am.ActivityManagerService.dispatchUidsChanged(),-,14450,int com.android.server.am.ActivityManagerService.bindIsolatedService(android.app.IApplicationThread, android.os.IBinder, android.content.Intent, java.lang.String, android.app.IServiceConnection, int, java.lang.String, java.lang.String, int),2]
10-11 09:29:49.996 I/am_create_activity( 1594): [0,75072217,1229,com.idealinspecao.perueiroapp/.MainActivity,NULL,NULL,NULL,268435456]
10-11 09:29:50.143 I/am_proc_start( 1594): [0,15110,11367,com.idealinspecao.perueiroapp,activity,{com.idealinspecao.perueiroapp/com.idealinspecao.perueiroapp.MainActivity}]
10-11 09:29:50.238 I/dvm_lock_sample( 1594): [system_server,1,Binder:1594_1E,24,ActivityManagerService.java,6752,java.lang.String com.android.server.am.ActivityManagerService.checkContentProviderAccess(java.lang.String, int),-,14450,int com.android.server.am.ActivityManagerService.bindIsolatedService(android.app.IApplicationThread, android.os.IBinder, android.content.Intent, java.lang.String, android.app.IServiceConnection, int, java.lang.String, java.lang.String, int),4]
10-11 09:29:50.434 I/am_proc_bound( 1594): [0,15110,com.idealinspecao.perueiroapp]
10-11 09:29:50.443 I/am_restart_activity( 1594): [0,75072217,1229,com.idealinspecao.perueiroapp/.MainActivity,15110]
10-11 09:29:50.467 I/am_set_resumed_activity( 1594): [0,com.idealinspecao.perueiroapp/.MainActivity,minimalResumeActivityLocked]
10-11 09:29:50.471 I/dvm_lock_sample( 1594): [system_server,1,android.display,26,ActivityMetricsLogger.java,544,void com.android.server.wm.ActivityMetricsLogger.checkVisibility(com.android.server.wm.TaskRecord, com.android.server.wm.ActivityRecord),ActivityTaskManagerService.java,7052,boolean com.android.server.wm.ActivityTaskManagerService$LocalService.attachApplication(com.android.server.wm.WindowProcessController),5]
10-11 09:29:50.817 I/dvm_lock_sample( 1594): [system_server,1,Binder:1594_6,67,ActivityManagerService.java,14463,boolean com.android.server.am.ActivityManagerService.unbindService(android.app.IServiceConnection),-,5395,void com.android.server.am.ActivityManagerService.attachApplication(android.app.IApplicationThread, long),13]
10-11 09:29:52.310 I/notification_cancel_all( 1594): [1000,1594,com.idealinspecao.perueiroapp,0,0,0,5,NULL]
10-11 09:29:52.379 I/sysui_multi_action( 1594): [757,147,758,4,759,1,806,com.idealinspecao.perueiroapp]
10-11 09:29:53.053 I/dvm_lock_sample( 1594): [system_server,1,ActivityManager:procStart,25,ProcessList.java,1687,void com.android.server.am.ProcessList.lambda$startProcessLocked$0$ProcessList(com.android.server.am.ProcessRecord, java.lang.String, int[], int, int, java.lang.String, java.lang.String, java.lang.String, long),ActivityManagerService.java,5395,void com.android.server.am.ActivityManagerService.attachApplication(android.app.IApplicationThread, long),5]
10-11 09:29:53.086 I/am_on_create_called(15110): [0,com.idealinspecao.perueiroapp.MainActivity,performCreate,198]
10-11 09:29:53.105 I/am_on_start_called(15110): [0,com.idealinspecao.perueiroapp.MainActivity,handleStartActivity,0]
10-11 09:29:53.110 I/am_on_resume_called(15110): [0,com.idealinspecao.perueiroapp.MainActivity,RESUME_ACTIVITY,2]
10-11 09:29:53.155 I/am_on_top_resumed_gained_called(15110): [0,com.idealinspecao.perueiroapp.MainActivity,topStateChangedWhenResumed]
10-11 09:29:53.203 I/dvm_lock_sample( 1594): [system_server,1,Binder:1594_17,17,ActivityManagerService.java,1537,void com.android.server.am.ActivityManagerService$AppDeathRecipient.binderDied(),-,14450,int com.android.server.am.ActivityManagerService.bindIsolatedService(android.app.IApplicationThread, android.os.IBinder, android.content.Intent, java.lang.String, android.app.IServiceConnection, int, java.lang.String, java.lang.String, int),3]
10-11 09:29:54.751 I/sysui_multi_action( 1594): [319,599,321,581,322,4800,325,546460,757,761,758,7,759,1,806,com.idealinspecao.perueiroapp,871,com.idealinspecao.perueiroapp.MainActivity,904,com.android.shell,905,0,945,487,1320,12,1321,1]
10-11 09:29:54.754 I/am_activity_launch_time( 1594): [0,75072217,com.idealinspecao.perueiroapp/.MainActivity,4800]
10-11 09:30:01.007 I/am_pss  ( 1594): [15110,11367,com.idealinspecao.perueiroapp,78699520,70320128,203776,165744640,0,2,18]
10-11 09:30:12.885 I/am_pss  ( 1594): [15110,11367,com.idealinspecao.perueiroapp,78490624,70221824,198656,165748736,0,2,15]
10-11 09:30:35.284 I/am_on_top_resumed_lost_called(15110): [0,com.idealinspecao.perueiroapp.MainActivity,topStateChangedWhenResumed]
10-11 09:30:35.293 I/am_pause_activity( 1594): [15110,75072217,com.idealinspecao.perueiroapp/.MainActivity,userLeaving=true]
10-11 09:30:35.296 I/am_add_to_stopping( 1594): [0,75072217,com.idealinspecao.perueiroapp/.MainActivity,makeInvisible]
10-11 09:30:35.318 I/am_on_paused_called(15110): [0,com.idealinspecao.perueiroapp.MainActivity,performPause,0]
10-11 09:30:35.742 I/am_stop_activity( 1594): [0,75072217,com.idealinspecao.perueiroapp/.MainActivity]
10-11 09:30:35.786 I/am_on_stop_called(15110): [0,com.idealinspecao.perueiroapp.MainActivity,STOP_ACTIVITY_ITEM,2]
10-11 09:30:36.403 I/sysui_multi_action( 2131): [757,289,758,4,806,ComponentInfo{com.idealinspecao.perueiroapp/com.idealinspecao.perueiroapp.MainActivity}]
10-11 09:30:36.407 I/am_finish_activity( 1594): [15110,75072217,1229,com.idealinspecao.perueiroapp/.MainActivity,remove-task]
10-11 09:30:36.407 I/am_destroy_activity( 1594): [15110,75072217,1229,com.idealinspecao.perueiroapp/.MainActivity,finish-imm:finishActivityLocked]
10-11 09:30:36.415 I/am_kill ( 1594): [0,15110,com.idealinspecao.perueiroapp,700,SwipeUpClean]
10-11 09:30:36.498 I/am_proc_died( 1594): [0,15110,com.idealinspecao.perueiroapp,700,16]
10-11 09:34:45.506 I/dvm_lock_sample( 1594): [system_server,1,Binder:1594_A,5,ActivityManagerService.java,6752,java.lang.String com.android.server.am.ActivityManagerService.checkContentProviderAccess(java.lang.String, int),-,14285,android.content.ComponentName com.android.server.am.ActivityManagerService.startService(android.app.IApplicationThread, android.content.Intent, java.lang.String, boolean, java.lang.String, int),1]
10-11 09:34:45.507 I/dvm_lock_sample( 1594): [system_server,1,android.ui,8,ActivityManagerService.java,3272,void com.android.server.am.ActivityManagerService.dispatchProcessesChanged(),-,14285,android.content.ComponentName com.android.server.am.ActivityManagerService.startService(android.app.IApplicationThread, android.content.Intent, java.lang.String, boolean, java.lang.String, int),1]
10-11 09:34:45.566 I/dvm_lock_sample( 1594): [system_server,0,Binder:1594_19,28,ActivityManagerService.java,14494,void com.android.server.am.ActivityManagerService.serviceDoneExecuting(android.os.IBinder, int, int, int),-,14450,int com.android.server.am.ActivityManagerService.bindIsolatedService(android.app.IApplicationThread, android.os.IBinder, android.content.Intent, java.lang.String, android.app.IServiceConnection, int, java.lang.String, java.lang.String, int),5]
10-11 09:34:45.583 I/dvm_lock_sample( 1594): [system_server,1,ActivityManager,5,PreferencesHelper.java,804,android.app.NotificationChannel com.android.server.notification.PreferencesHelper.getNotificationChannel(java.lang.String, int, java.lang.String, boolean),-,400,void com.android.server.notification.PreferencesHelper.writeXml(org.xmlpull.v1.XmlSerializer, boolean, int),1]
10-11 09:34:45.774 I/dvm_lock_sample( 1594): [system_server,1,Binder:1594_4,7,ActivityManagerService.java,5827,java.lang.String com.android.server.am.ActivityManagerService.getTagForIntentSender(android.content.IIntentSender, java.lang.String),-,14450,int com.android.server.am.ActivityManagerService.bindIsolatedService(android.app.IApplicationThread, android.os.IBinder, android.content.Intent, java.lang.String, android.app.IServiceConnection, int, java.lang.String, java.lang.String, int),1]
10-11 09:39:07.349 I/dvm_lock_sample( 1594): [system_server,1,Binder:1594_1C,6,ActivityManagerService.java,14488,void com.android.server.am.ActivityManagerService.unbindFinished(android.os.IBinder, android.content.Intent, boolean),-,14463,boolean com.android.server.am.ActivityManagerService.unbindService(android.app.IServiceConnection),1]
10-11 09:51:02.383 I/dvm_lock_sample( 1594): [system_server,1,Binder:1594_C,12,ActivityManagerService.java,14791,android.content.Intent com.android.server.am.ActivityManagerService.registerReceiver(android.app.IApplicationThread, java.lang.String, android.content.IIntentReceiver, android.content.IntentFilter, java.lang.String, int, int),-,14450,int com.android.server.am.ActivityManagerService.bindIsolatedService(android.app.IApplicationThread, android.os.IBinder, android.content.Intent, java.lang.String, android.app.IServiceConnection, int, java.lang.String, java.lang.String, int),2]
10-11 10:12:25.718 I/dvm_lock_sample( 1594): [system_server,1,Binder:1594_7,15,ActivityManagerService.java,7717,boolean com.android.server.am.ActivityManagerService.refContentProvider(android.os.IBinder, int, int),-,5395,void com.android.server.am.ActivityManagerService.attachApplication(android.app.IApplicationThread, long),3]
10-11 10:18:49.922 I/dvm_lock_sample( 1594): [system_server,1,main,7,BroadcastDispatcher.java,186,void com.android.server.am.BroadcastDispatcher$1.broadcastAlarmComplete(int),ActivityManagerService.java,16095,void com.android.server.am.ActivityManagerService.finishReceiver(android.os.IBinder, int, java.lang.String, android.os.Bundle, boolean, int),1]
10-11 10:18:59.899 I/dvm_lock_sample( 1594): [system_server,1,android.ui,8,ActivityManagerService.java,3432,void com.android.server.am.ActivityManagerService.dispatchUidsChanged(),-,14450,int com.android.server.am.ActivityManagerService.bindIsolatedService(android.app.IApplicationThread, android.os.IBinder, android.content.Intent, java.lang.String, android.app.IServiceConnection, int, java.lang.String, java.lang.String, int),1]
10-11 10:19:00.898 I/dvm_lock_sample( 1594): [system_server,1,Binder:1594_20,13,ActivityManagerService.java,8605,boolean com.android.server.am.ActivityManagerService.isUidActive(int, java.lang.String),-,14450,int com.android.server.am.ActivityManagerService.bindIsolatedService(android.app.IApplicationThread, android.os.IBinder, android.content.Intent, java.lang.String, android.app.IServiceConnection, int, java.lang.String, java.lang.String, int),2]
10-11 10:19:46.145 I/dvm_lock_sample( 1594): [system_server,1,Binder:1594_7,6,ActivityManagerService.java,14450,int com.android.server.am.ActivityManagerService.bindIsolatedService(android.app.IApplicationThread, android.os.IBinder, android.content.Intent, java.lang.String, android.app.IServiceConnection, int, java.lang.String, java.lang.String, int),-,14450,int com.android.server.am.ActivityManagerService.bindIsolatedService(android.app.IApplicationThread, android.os.IBinder, android.content.Intent, java.lang.String, android.app.IServiceConnection, int, java.lang.String, java.lang.String, int),1]
10-11 10:21:15.783 I/dvm_lock_sample( 1594): [system_server,1,Binder:1594_5,13,ActivityManagerService.java,7717,boolean com.android.server.am.ActivityManagerService.refContentProvider(android.os.IBinder, int, int),-,1537,void com.android.server.am.ActivityManagerService$AppDeathRecipient.binderDied(),2]
10-11 10:43:18.625 I/dvm_lock_sample( 1594): [system_server,1,android.ui,16,ActivityManagerService.java,3378,void com.android.server.am.ActivityManagerService.dispatchUidsChanged(),-,14450,int com.android.server.am.ActivityManagerService.bindIsolatedService(android.app.IApplicationThread, android.os.IBinder, android.content.Intent, java.lang.String, android.app.IServiceConnection, int, java.lang.String, java.lang.String, int),3]
10-11 10:55:04.680 I/dvm_lock_sample( 1594): [system_server,1,Binder:1594_20,5,ActivityManagerService.java,6181,boolean com.android.server.am.ActivityManagerService.isAppStartModeDisabled(int, java.lang.String),-,14463,boolean com.android.server.am.ActivityManagerService.unbindService(android.app.IServiceConnection),1]
10-11 11:09:26.638 I/dvm_lock_sample( 1594): [system_server,0,miui.fg,10,ActivityManagerService.java,14450,int com.android.server.am.ActivityManagerService.bindIsolatedService(android.app.IApplicationThread, android.os.IBinder, android.content.Intent, java.lang.String, android.app.IServiceConnection, int, java.lang.String, java.lang.String, int),-,5395,void com.android.server.am.ActivityManagerService.attachApplication(android.app.IApplicationThread, long),2]
10-11 11:09:26.966 I/dvm_lock_sample( 1594): [system_server,1,Binder:1594_2,17,ProcessManagerService.java,1704,java.util.List com.android.server.am.ProcessManagerService.getRunningProcessInfo(int, int, java.lang.String, java.lang.String, int),ActivityManagerService.java,5395,void com.android.server.am.ActivityManagerService.attachApplication(android.app.IApplicationThread, long),3]
10-11 11:09:29.194 I/dvm_lock_sample( 1594): [system_server,0,miui.fg,11,ActivityManagerService.java,5955,boolean com.android.server.am.ActivityManagerService.isAppBad(android.content.pm.ApplicationInfo),-,14463,boolean com.android.server.am.ActivityManagerService.unbindService(android.app.IServiceConnection),2]
10-11 11:16:27.552 I/dvm_lock_sample( 1594): [system_server,1,Binder:1594_1E,22,ActivityManagerService.java,14474,void com.android.server.am.ActivityManagerService.publishService(android.os.IBinder, android.content.Intent, android.os.IBinder),-,14450,int com.android.server.am.ActivityManagerService.bindIsolatedService(android.app.IApplicationThread, android.os.IBinder, android.content.Intent, java.lang.String, android.app.IServiceConnection, int, java.lang.String, java.lang.String, int),4]
10-11 11:21:12.741 I/dvm_lock_sample( 1594): [system_server,1,Binder:1594_1E,5,ActivityManagerService.java,6978,android.app.ContentProviderHolder com.android.server.am.ActivityManagerService.getContentProviderImpl(android.app.IApplicationThread, java.lang.String, android.os.IBinder, int, java.lang.String, java.lang.String, boolean, int),-,6978,android.app.ContentProviderHolder com.android.server.am.ActivityManagerService.getContentProviderImpl(android.app.IApplicationThread, java.lang.String, android.os.IBinder, int, java.lang.String, java.lang.String, boolean, int),1]
10-11 11:21:14.228 I/dvm_lock_sample( 1594): [system_server,1,Binder:1594_C,8,ActivityManagerService.java,5827,java.lang.String com.android.server.am.ActivityManagerService.getTagForIntentSender(android.content.IIntentSender, java.lang.String),-,14450,int com.android.server.am.ActivityManagerService.bindIsolatedService(android.app.IApplicationThread, android.os.IBinder, android.content.Intent, java.lang.String, android.app.IServiceConnection, int, java.lang.String, java.lang.String, int),1]
10-11 11:21:47.722 I/dvm_lock_sample( 1594): [system_server,0,Binder:1594_4,6,ActivityManagerService.java,14494,void com.android.server.am.ActivityManagerService.serviceDoneExecuting(android.os.IBinder, int, int, int),-,14450,int com.android.server.am.ActivityManagerService.bindIsolatedService(android.app.IApplicationThread, android.os.IBinder, android.content.Intent, java.lang.String, android.app.IServiceConnection, int, java.lang.String, java.lang.String, int),1]
10-11 11:22:47.738 I/dvm_lock_sample( 1594): [system_server,1,android.ui,7,ActivityManagerService.java,3378,void com.android.server.am.ActivityManagerService.dispatchUidsChanged(),-,14463,boolean com.android.server.am.ActivityManagerService.unbindService(android.app.IServiceConnection),1]
10-11 11:22:58.078 I/dvm_lock_sample( 1594): [system_server,0,miui.fg,8,ActivityManagerService.java,5955,boolean com.android.server.am.ActivityManagerService.isAppBad(android.content.pm.ApplicationInfo),ProcessRecord.java,1358,void com.android.server.am.ProcessRecord.updateProcessInfo(boolean, boolean, boolean),1]
10-11 11:22:58.146 I/dvm_lock_sample( 1594): [system_server,0,Binder:1594_1F,12,ActivityManagerService.java,14494,void com.android.server.am.ActivityManagerService.serviceDoneExecuting(android.os.IBinder, int, int, int),-,14450,int com.android.server.am.ActivityManagerService.bindIsolatedService(android.app.IApplicationThread, android.os.IBinder, android.content.Intent, java.lang.String, android.app.IServiceConnection, int, java.lang.String, java.lang.String, int),2]
10-11 11:26:05.505 I/dvm_lock_sample( 1594): [system_server,1,android.ui,9,ActivityManagerService.java,3378,void com.android.server.am.ActivityManagerService.dispatchUidsChanged(),-,14450,int com.android.server.am.ActivityManagerService.bindIsolatedService(android.app.IApplicationThread, android.os.IBinder, android.content.Intent, java.lang.String, android.app.IServiceConnection, int, java.lang.String, java.lang.String, int),1]
10-11 11:31:46.869 I/dvm_lock_sample( 1594): [system_server,0,Binder:1594_16,10,ActivityManagerService.java,14494,void com.android.server.am.ActivityManagerService.serviceDoneExecuting(android.os.IBinder, int, int, int),-,14463,boolean com.android.server.am.ActivityManagerService.unbindService(android.app.IServiceConnection),2]
10-11 11:34:33.883 I/auditd  ( 1594): type=1400 audit(0.0:91565): avc: denied { getpgid } for comm="ActivityManager" scontext=u:r:system_server:s0 tcontext=u:r:app_zygote:s0:c512,c768 tclass=process permissive=0
10-11 11:34:33.893 I/auditd  ( 1594): type=1400 audit(0.0:91569): avc: denied { getpgid } for comm="ActivityManager" scontext=u:r:system_server:s0 tcontext=u:r:app_zygote:s0:c512,c768 tclass=process permissive=0
10-11 11:46:34.985 I/dvm_lock_sample( 1594): [system_server,0,Binder:1594_6,6,ActivityManagerService.java,14494,void com.android.server.am.ActivityManagerService.serviceDoneExecuting(android.os.IBinder, int, int, int),-,14463,boolean com.android.server.am.ActivityManagerService.unbindService(android.app.IServiceConnection),1]
10-11 11:51:28.548 I/dvm_lock_sample( 1594): [system_server,1,Binder:1594_4,5,ActivityManagerService.java,14450,int com.android.server.am.ActivityManagerService.bindIsolatedService(android.app.IApplicationThread, android.os.IBinder, android.content.Intent, java.lang.String, android.app.IServiceConnection, int, java.lang.String, java.lang.String, int),-,14463,boolean com.android.server.am.ActivityManagerService.unbindService(android.app.IServiceConnection),1]
10-11 11:51:28.574 I/dvm_lock_sample( 1594): [system_server,1,Binder:1594_D,13,ActivityManagerService.java,14450,int com.android.server.am.ActivityManagerService.bindIsolatedService(android.app.IApplicationThread, android.os.IBinder, android.content.Intent, java.lang.String, android.app.IServiceConnection, int, java.lang.String, java.lang.String, int),-,14450,int com.android.server.am.ActivityManagerService.bindIsolatedService(android.app.IApplicationThread, android.os.IBinder, android.content.Intent, java.lang.String, android.app.IServiceConnection, int, java.lang.String, java.lang.String, int),2]
10-11 11:51:28.599 I/dvm_lock_sample( 1594): [system_server,1,Binder:1594_10,30,ActivityManagerService.java,5955,boolean com.android.server.am.ActivityManagerService.isAppBad(android.content.pm.ApplicationInfo),-,14450,int com.android.server.am.ActivityManagerService.bindIsolatedService(android.app.IApplicationThread, android.os.IBinder, android.content.Intent, java.lang.String, android.app.IServiceConnection, int, java.lang.String, java.lang.String, int),6]
10-11 11:53:14.155 I/dvm_lock_sample( 1594): [system_server,0,android.bg,9,ActivityManagerService.java,1964,void com.android.server.am.ActivityManagerService$5.handleMessage(android.os.Message),-,14450,int com.android.server.am.ActivityManagerService.bindIsolatedService(android.app.IApplicationThread, android.os.IBinder, android.content.Intent, java.lang.String, android.app.IServiceConnection, int, java.lang.String, java.lang.String, int),1]
10-11 11:53:19.346 I/dvm_lock_sample( 1594): [system_server,1,android.ui,8,ActivityManagerService.java,3378,void com.android.server.am.ActivityManagerService.dispatchUidsChanged(),-,14463,boolean com.android.server.am.ActivityManagerService.unbindService(android.app.IServiceConnection),1]
10-11 12:16:16.384 I/dvm_lock_sample( 1594): [system_server,1,Binder:1594_14,18,ActivityManagerService.java,8605,boolean com.android.server.am.ActivityManagerService.isUidActive(int, java.lang.String),-,14450,int com.android.server.am.ActivityManagerService.bindIsolatedService(android.app.IApplicationThread, android.os.IBinder, android.content.Intent, java.lang.String, android.app.IServiceConnection, int, java.lang.String, java.lang.String, int),3]
10-11 12:16:28.369 I/dvm_lock_sample( 1594): [system_server,1,ActivityManager,10,ActivityManagerService.java,17200,void com.android.server.am.ActivityManagerService$ProcStatsRunnable.run(),-,14463,boolean com.android.server.am.ActivityManagerService.unbindService(android.app.IServiceConnection),2]
10-11 12:16:28.383 I/dvm_lock_sample( 1594): [system_server,0,Binder:1594_14,37,ActivityManagerService.java,14494,void com.android.server.am.ActivityManagerService.serviceDoneExecuting(android.os.IBinder, int, int, int),-,14463,boolean com.android.server.am.ActivityManagerService.unbindService(android.app.IServiceConnection),7]
10-11 12:19:17.789 I/sysui_multi_action( 1594): [757,147,758,4,759,1,806,com.idealinspecao.perueiroapp]
10-11 12:19:19.069 I/am_create_activity( 1594): [0,231204692,1231,com.idealinspecao.perueiroapp/.MainActivity,NULL,NULL,NULL,268435456]
10-11 12:19:19.097 I/dvm_lock_sample( 1594): [system_server,1,Binder:1594_1C,153,ActivityManagerService.java,6752,java.lang.String com.android.server.am.ActivityManagerService.checkContentProviderAccess(java.lang.String, int),-,14494,void com.android.server.am.ActivityManagerService.serviceDoneExecuting(android.os.IBinder, int, int, int),30]
10-11 12:19:19.098 I/dvm_lock_sample( 1594): [system_server,1,Binder:1594_10,178,ActivityManagerService.java,6978,android.app.ContentProviderHolder com.android.server.am.ActivityManagerService.getContentProviderImpl(android.app.IApplicationThread, java.lang.String, android.os.IBinder, int, java.lang.String, java.lang.String, boolean, int),-,14494,void com.android.server.am.ActivityManagerService.serviceDoneExecuting(android.os.IBinder, int, int, int),35]
10-11 12:19:19.107 I/dvm_lock_sample( 1594): [system_server,1,Binder:1594_13,151,ActivityManagerService.java,14474,void com.android.server.am.ActivityManagerService.publishService(android.os.IBinder, android.content.Intent, android.os.IBinder),-,14494,void com.android.server.am.ActivityManagerService.serviceDoneExecuting(android.os.IBinder, int, int, int),30]
10-11 12:19:19.108 I/dvm_lock_sample( 1594): [system_server,1,Binder:1594_F,141,ActivityManagerService.java,14791,android.content.Intent com.android.server.am.ActivityManagerService.registerReceiver(android.app.IApplicationThread, java.lang.String, android.content.IIntentReceiver, android.content.IntentFilter, java.lang.String, int, int),-,14494,void com.android.server.am.ActivityManagerService.serviceDoneExecuting(android.os.IBinder, int, int, int),28]
10-11 12:19:19.135 I/dvm_lock_sample( 1594): [system_server,1,Binder:1594_14,27,ActivityManagerService.java,14875,android.content.Intent com.android.server.am.ActivityManagerService.registerReceiver(android.app.IApplicationThread, java.lang.String, android.content.IIntentReceiver, android.content.IntentFilter, java.lang.String, int, int),-,14474,void com.android.server.am.ActivityManagerService.publishService(android.os.IBinder, android.content.Intent, android.os.IBinder),5]
10-11 12:19:19.230 I/am_proc_start( 1594): [0,27831,11367,com.idealinspecao.perueiroapp,activity,{com.idealinspecao.perueiroapp/com.idealinspecao.perueiroapp.MainActivity}]
10-11 12:19:19.386 I/am_proc_bound( 1594): [0,27831,com.idealinspecao.perueiroapp]
10-11 12:19:19.397 I/am_restart_activity( 1594): [0,231204692,1231,com.idealinspecao.perueiroapp/.MainActivity,27831]
10-11 12:19:19.398 I/am_set_resumed_activity( 1594): [0,com.idealinspecao.perueiroapp/.MainActivity,minimalResumeActivityLocked]
10-11 12:19:20.435 I/notification_cancel_all( 1594): [1000,1594,com.idealinspecao.perueiroapp,0,0,0,5,NULL]
10-11 12:19:20.546 I/notification_cancel_all( 1594): [1000,1594,com.idealinspecao.perueiroapp,0,0,0,5,NULL]
10-11 12:19:24.280 I/am_lifecycle_sample(27831): [0,com.idealinspecao.perueiroapp,110,4855]
10-11 12:19:24.509 I/am_on_create_called(27831): [0,com.idealinspecao.perueiroapp.MainActivity,performCreate,106]
10-11 12:19:24.523 I/am_on_start_called(27831): [0,com.idealinspecao.perueiroapp.MainActivity,handleStartActivity,0]
10-11 12:19:24.529 I/am_on_resume_called(27831): [0,com.idealinspecao.perueiroapp.MainActivity,RESUME_ACTIVITY,4]
10-11 12:19:24.590 I/am_on_top_resumed_gained_called(27831): [0,com.idealinspecao.perueiroapp.MainActivity,topStateChangedWhenResumed]
10-11 12:19:26.362 I/sysui_multi_action( 1594): [319,588,321,572,322,7481,325,556629,757,761,758,7,759,1,806,com.idealinspecao.perueiroapp,871,com.idealinspecao.perueiroapp.MainActivity,904,com.android.shell,905,0,945,508,1320,12,1321,1]
10-11 12:19:26.367 I/am_activity_launch_time( 1594): [0,231204692,com.idealinspecao.perueiroapp/.MainActivity,7481]
10-11 12:19:30.891 I/am_pss  ( 1594): [27831,11367,com.idealinspecao.perueiroapp,131864576,122384384,180224,214282240,0,2,15]
10-11 12:19:41.577 I/am_pss  ( 1594): [27831,11367,com.idealinspecao.perueiroapp,128693248,119083008,176128,211476480,0,2,14]
10-11 12:20:44.087 I/am_pss  ( 1594): [27831,11367,com.idealinspecao.perueiroapp,125864960,117170176,177152,210821120,0,2,14]
10-11 12:21:26.257 I/dvm_lock_sample( 1594): [system_server,1,Binder:1594_8,5,ActivityManagerService.java,14791,android.content.Intent com.android.server.am.ActivityManagerService.registerReceiver(android.app.IApplicationThread, java.lang.String, android.content.IIntentReceiver, android.content.IntentFilter, java.lang.String, int, int),-,14494,void com.android.server.am.ActivityManagerService.serviceDoneExecuting(android.os.IBinder, int, int, int),1]
10-11 12:22:19.250 I/am_pss  ( 1594): [27831,11367,com.idealinspecao.perueiroapp,120778752,112742400,171008,206475264,0,2,18]
10-11 12:24:44.929 I/am_pss  ( 1594): [27831,11367,com.idealinspecao.perueiroapp,120596480,113848320,182272,204038144,0,2,15]
10-11 12:25:36.753 D/RecentsImpl( 2131): startRecentsActivity runningTask: ComponentInfo{com.idealinspecao.perueiroapp/com.idealinspecao.perueiroapp.MainActivity}
10-11 12:25:36.858 I/am_on_top_resumed_lost_called(27831): [0,com.idealinspecao.perueiroapp.MainActivity,topStateChangedWhenResumed]
10-11 12:25:36.864 I/am_pause_activity( 1594): [27831,231204692,com.idealinspecao.perueiroapp/.MainActivity,userLeaving=true]
10-11 12:25:36.867 I/am_add_to_stopping( 1594): [0,231204692,com.idealinspecao.perueiroapp/.MainActivity,makeInvisible]
10-11 12:25:36.868 I/ProcessMonitor(13735): onForegroundInfoChanged: ForegroundInfo{mForegroundPackageName='com.android.systemui', mForegroundUid=1000, mForegroundPid=2131, mLastForegroundPackageName='com.idealinspecao.perueiroapp', mLastForegroundUid=11367, mLastForegroundPid=27831, mMultiWindowForegroundPackageName='null', mMultiWindowForegroundUid=-1, mFlags=0}
10-11 12:25:36.868 I/GST     (10006): forePkg: com.android.systemui, preForePkg: com.idealinspecao.perueiroapp
10-11 12:25:36.869 D/PerfEngineController(26563): ForegroundInfo{mForegroundPackageName='com.android.systemui', mForegroundUid=1000, mForegroundPid=2131, mLastForegroundPackageName='com.idealinspecao.perueiroapp', mLastForegroundUid=11367, mLastForegroundPid=27831, mMultiWindowForegroundPackageName='null', mMultiWindowForegroundUid=-1, mFlags=0}
10-11 12:25:36.875 I/am_on_paused_called(27831): [0,com.idealinspecao.perueiroapp.MainActivity,performPause,0]
10-11 12:25:37.305 I/am_stop_activity( 1594): [0,231204692,com.idealinspecao.perueiroapp/.MainActivity]
10-11 12:25:37.349 I/am_on_stop_called(27831): [0,com.idealinspecao.perueiroapp.MainActivity,STOP_ACTIVITY_ITEM,0]
10-11 12:25:37.950 I/sysui_multi_action( 2131): [757,289,758,4,806,ComponentInfo{com.idealinspecao.perueiroapp/com.idealinspecao.perueiroapp.MainActivity}]
10-11 12:25:37.952 I/am_finish_activity( 1594): [27831,231204692,1231,com.idealinspecao.perueiroapp/.MainActivity,remove-task]
10-11 12:25:37.953 I/am_destroy_activity( 1594): [27831,231204692,1231,com.idealinspecao.perueiroapp/.MainActivity,finish-imm:finishActivityLocked]
10-11 12:25:37.957 D/WindowProcessUtils( 1594): remove task: TaskRecord{81d70ec #1231 A=com.idealinspecao.perueiroapp U=0 StackId=465 sz=1}
10-11 12:25:37.970 I/am_kill ( 1594): [0,27831,com.idealinspecao.perueiroapp,905,SwipeUpClean]
10-11 12:25:38.070 W/InputDispatcher( 1594): channel 'b934287 com.idealinspecao.perueiroapp/com.idealinspecao.perueiroapp.MainActivity (server)' ~ Consumer closed input channel or an error occurred.  events=0x9
10-11 12:25:38.071 E/InputDispatcher( 1594): channel 'b934287 com.idealinspecao.perueiroapp/com.idealinspecao.perueiroapp.MainActivity (server)' ~ Channel is unrecoverably broken and will be disposed!
10-11 12:25:38.072 W/InputDispatcher( 1594): Attempted to unregister already unregistered input channel 'b934287 com.idealinspecao.perueiroapp/com.idealinspecao.perueiroapp.MainActivity (server)'
10-11 12:25:38.075 I/am_proc_died( 1594): [0,27831,com.idealinspecao.perueiroapp,905,20]
10-11 12:26:25.584 W/ActivityManager( 1594): Sending non-protected broadcast miui.action.powerkeeper.randomdelay from system uid 1000 pkg com.miui.powerkeeper. Callers=com.android.server.am.ActivityManagerService.broadcastIntentLocked:15855 com.android.server.am.ActivityManagerService.broadcastIntentInPackage:16021 com.android.server.am.ActivityManagerService$LocalService.broadcastIntentInPackage:18667 com.android.server.am.PendingIntentRecord.sendInner:435 com.android.server.am.PendingIntentRecord.sendWithResult:276 
10-11 12:26:58.920 D/Launcher.CellLayout( 2404): touch item:ShortcutInfo, id=1310, itemType=0, user=UserHandle{0}, mIconType=0, pkgName=com.idealinspecao.perueiroapp, className=com.idealinspecao.perueiroapp.MainActivity, screenId=2, container=-100, cellX=4, cellY=4, spanX=1, spanY=1, isLandscapePos=false
10-11 12:26:59.222 D/Launcher.CellLayout( 2404): updateCellOccupiedMarks, remove, ShortcutInfo, id=1310, itemType=0, user=UserHandle{0}, mIconType=0, pkgName=com.idealinspecao.perueiroapp, className=com.idealinspecao.perueiroapp.MainActivity, screenId=2, container=-100, cellX=4, cellY=4, spanX=1, spanY=1, isLandscapePos=false
10-11 12:26:59.224 D/Launcher_DragView( 2404): new DragView:ShortcutInfo, id=1310, itemType=0, user=UserHandle{0}, mIconType=0, pkgName=com.idealinspecao.perueiroapp, className=com.idealinspecao.perueiroapp.MainActivity
10-11 12:26:59.229 D/Launcher.CellLayout( 2404): updateCellOccupiedMarks, remove, ShortcutInfo, id=1310, itemType=0, user=UserHandle{0}, mIconType=0, pkgName=com.idealinspecao.perueiroapp, className=com.idealinspecao.perueiroapp.MainActivity, screenId=2, container=-100, cellX=4, cellY=4, spanX=1, spanY=1, isLandscapePos=false
10-11 12:26:59.877 D/Launcher.DragController( 2404): drop, from=ShortcutInfo, id=1310, itemType=0, user=UserHandle{0}, mIconType=0, pkgName=com.idealinspecao.perueiroapp, className=com.idealinspecao.perueiroapp.MainActivity, screenId=2, container=-100, cellX=4, cellY=4, spanX=1, spanY=1, isLandscapePos=false
10-11 12:26:59.877 D/Launcher.CellLayout( 2404): updateCellOccupiedMarks, update, ShortcutInfo, id=1310, itemType=0, user=UserHandle{0}, mIconType=0, pkgName=com.idealinspecao.perueiroapp, className=com.idealinspecao.perueiroapp.MainActivity, screenId=2, container=-100, cellX=4, cellY=4, spanX=1, spanY=1, isLandscapePos=false
10-11 12:26:59.884 D/Launcher.DragController( 2404): drop succeed, to ShortcutInfo, id=1310, itemType=0, user=UserHandle{0}, mIconType=0, pkgName=com.idealinspecao.perueiroapp, className=com.idealinspecao.perueiroapp.MainActivity, screenId=2, container=-100, cellX=4, cellY=4, spanX=1, spanY=1, isLandscapePos=false
10-11 12:26:59.885 D/Launcher.CellLayout( 2404): saveCurrentLayout, info=ShortcutInfo, id=1310, itemType=0, user=UserHandle{0}, mIconType=0, pkgName=com.idealinspecao.perueiroapp, className=com.idealinspecao.perueiroapp.MainActivity, screenId=2, container=-100, cellX=4, cellY=4, spanX=1, spanY=1, isLandscapePos=false
10-11 12:26:59.886 D/Launcher.ShortcutMenu( 2404): show shortcut menu when drop, pkgName=com.idealinspecao.perueiroapp
10-11 12:27:00.229 W/System.err( 2404): android.content.pm.PackageManager$NameNotFoundException: com.idealinspecao.perueiroapp
10-11 12:27:03.033 W/System.err( 2404): android.content.pm.PackageManager$NameNotFoundException: com.idealinspecao.perueiroapp
10-11 12:27:03.034 D/Launcher.Model( 2404): Got broadcast:Intent { act=android.intent.action.PACKAGE_REMOVED dat=package:com.idealinspecao.perueiroapp (has extras) }
10-11 12:27:03.128 D/Launcher.LauncherUtils( 2404): android.content.pm.PackageManager$NameNotFoundException: com.idealinspecao.perueiroapp
10-11 12:27:03.129 D/Launcher.LauncherUtils( 2404): app(com.idealinspecao.perueiroapp|UserHandle{0}) isDisable=false, backupProcessingPkg=null
10-11 12:27:03.130 D/Launcher.LauncherUtils( 2404): android.content.pm.PackageManager$NameNotFoundException: com.idealinspecao.perueiroapp
10-11 12:27:03.135 D/AutoInstallsParser( 2404): isPAIPackageName: com.idealinspecao.perueiroapp
10-11 12:27:03.615 D/Launcher.Model( 2404): onReceiveBackground, mAllAppsList=add=[], remove=[(0, AppInfo, id=-1, itemType=0, user=UserHandle{0}, mIconType=0, pkgName=com.idealinspecao.perueiroapp, className=com.idealinspecao.perueiroapp.MainActivity, screenId=-1, container=-1, cellX=-1, cellY=-1, spanX=1, spanY=1, isLandscapePos=false)], modified=[]
10-11 12:27:03.616 D/Launcher( 2404): remove icon when bind apps removed:ShortcutInfo, id=1310, itemType=0, user=UserHandle{0}, mIconType=0, pkgName=com.idealinspecao.perueiroapp, className=com.idealinspecao.perueiroapp.MainActivity, screenId=2, container=-100, cellX=4, cellY=4, spanX=1, spanY=1, isLandscapePos=false
10-11 12:27:03.618 D/Launcher( 2404): removeShortcutIcon, remove icon from CellLayout, info=ShortcutInfo, id=1310, itemType=0, user=UserHandle{0}, mIconType=0, pkgName=com.idealinspecao.perueiroapp, className=com.idealinspecao.perueiroapp.MainActivity, screenId=2, container=-100, cellX=4, cellY=4, spanX=1, spanY=1, isLandscapePos=false
10-11 12:27:03.618 D/Launcher.CellLayout( 2404): remove icon for ShortcutInfo, id=1310, itemType=0, user=UserHandle{0}, mIconType=0, pkgName=com.idealinspecao.perueiroapp, className=com.idealinspecao.perueiroapp.MainActivity, screenId=2, container=-100, cellX=4, cellY=4, spanX=1, spanY=1, isLandscapePos=false
10-11 12:27:03.618 D/Launcher.CellLayout( 2404): updateCellOccupiedMarks, remove, ShortcutInfo, id=1310, itemType=0, user=UserHandle{0}, mIconType=0, pkgName=com.idealinspecao.perueiroapp, className=com.idealinspecao.perueiroapp.MainActivity, screenId=2, container=-100, cellX=4, cellY=4, spanX=1, spanY=1, isLandscapePos=false
10-11 12:27:03.620 D/Launcher( 2404): removeShortcutIcon, info=(ShortcutInfo, id=1310, itemType=0, user=UserHandle{0}, mIconType=0, pkgName=com.idealinspecao.perueiroapp, className=com.idealinspecao.perueiroapp.MainActivity, screenId=2, container=-100, cellX=4, cellY=4, spanX=1, spanY=1, isLandscapePos=false), addedLater=false, removeFromDB=true
10-11 12:27:03.620 D/Launcher.Model( 2404): deleteItemFromDatabase, item=ShortcutInfo, id=1310, itemType=0, user=UserHandle{0}, mIconType=0, pkgName=com.idealinspecao.perueiroapp, className=com.idealinspecao.perueiroapp.MainActivity, screenId=2, container=-100, cellX=4, cellY=4, spanX=1, spanY=1, isLandscapePos=false
10-11 12:27:04.237 E/InstallApkReceiver( 2404): uninstall:package:com.idealinspecao.perueiroapp
10-11 12:27:04.238 E/Recents ( 2131): packageMonitor   onPackageModified  packageName=com.idealinspecao.perueiroapp   mIsRecentsWithinLauncher=true
10-11 12:27:04.240 D/MiuiNetworkPolicyAppBuckets( 1594): updateAppPN packageName=com.idealinspecao.perueiroapp,uid=11367,installed=false
10-11 12:27:04.243 D/Avrcp_ext( 2118): packageName: com.idealinspecao.perueiroapp removed: true
10-11 12:27:04.253 I/InstalledAppMonitor(13735): com.idealinspecao.perueiroapponReceive remove pkg=com.idealinspecao.perueiroapp
10-11 12:27:04.256 I/MiPicks-LocalAppManager(28318): remove package from list: com.idealinspecao.perueiroapp
10-11 12:27:04.277 W/ActivityManager( 1594): Sending non-protected broadcast com.miui.gamebooster.UNINSTALLAPP from system 13735:com.miui.securitycenter.remote/1000 pkg com.miui.securitycenter. Callers=
10-11 12:27:04.292 V/Avrcp_ext( 2118): isBrowseSupported for com.idealinspecao.perueiroapp: false
10-11 12:27:04.292 D/BluetoothMapAppObserver( 2118): The removed package is: com.idealinspecao.perueiroapp
10-11 12:27:04.421 I/Finsky  (26617): [38331] Asset module storage cleared for package com.idealinspecao.perueiroapp.
10-11 12:27:04.492 I/Finsky  (26617): [2] AIM: AppInfoCacheUpdater -> invalidating apps: [com.idealinspecao.perueiroapp]
10-11 12:27:04.494 I/Finsky  (26617): [38259] AIM: AppInfoManager-Perf > OnDeviceAppInfo > cacheHitCount=0, cacheMissCount=1. Missed  in cache (limit 10) : [com.idealinspecao.perueiroapp]
10-11 12:27:04.585 I/ResidentChecker(14963): check: StartScan pkg=com.idealinspecao.perueiroapp
10-11 12:27:04.612 W/Finsky  (26617): [2] STU: Failed to get storage stats for package 'com.idealinspecao.perueiroapp' (1601: Error getting stats: android.content.pm.PackageManager.NameNotFoundException)
10-11 12:27:04.667 W/RWIPackageIntentOps(15801): Registries cleared for package: com.idealinspecao.perueiroapp
10-11 12:27:04.709 I/Icing   (15801): doRemovePackageData com.idealinspecao.perueiroapp
10-11 12:27:04.906 I/dvm_lock_sample( 1594): [system_server,1,Binder:1594_18,12,ActivityManagerService.java,14791,android.content.Intent com.android.server.am.ActivityManagerService.registerReceiver(android.app.IApplicationThread, java.lang.String, android.content.IIntentReceiver, android.content.IntentFilter, java.lang.String, int, int),-,14450,int com.android.server.am.ActivityManagerService.bindIsolatedService(android.app.IApplicationThread, android.os.IBinder, android.content.Intent, java.lang.String, android.app.IServiceConnection, int, java.lang.String, java.lang.String, int),2]
10-11 12:27:05.102 I/Finsky  (26617): [2] Received an install/uninstall event for package com.idealinspecao.perueiroapp
10-11 12:27:05.734 D/WifiConfigManager( 1594): Remove all networks for app ApplicationInfo{3079b4c com.idealinspecao.perueiroapp}
10-11 12:27:05.747 I/notification_cancel_all( 1594): [1000,1594,com.idealinspecao.perueiroapp,0,0,0,5,NULL]
10-11 12:27:05.783 D/Launcher.Model( 2404): LauncherAppsCallback onPackageRemoved|com.idealinspecao.perueiroapp|UserHandle{0}
10-11 12:27:05.784 D/Launcher.Model( 2404): Got broadcast:Intent { act=android.intent.action.PACKAGE_REMOVED dat=package:com.idealinspecao.perueiroapp (has extras) }
10-11 12:27:05.785 D/AutoInstallsParser( 2404): isPAIPackageName: com.idealinspecao.perueiroapp
10-11 12:27:05.826 E/PasspointManager( 1594): No app ops listener found for com.idealinspecao.perueiroapp
10-11 12:27:05.855 I/am_wtf  ( 1594): [0,1594,system_server,-1,PasspointManager,No app ops listener found for com.idealinspecao.perueiroapp]
10-11 12:27:06.263 I/Finsky:background(29621): [2] Package no longer installed: com.idealinspecao.perueiroapp
10-11 12:27:06.268 I/Finsky:background(29621): [2] Package no longer installed: com.idealinspecao.perueiroapp
10-11 12:27:06.903 W/System.err(29715): android.content.pm.PackageManager$NameNotFoundException: com.idealinspecao.perueiroapp
10-11 12:27:07.440 I/dvm_lock_sample( 1594): [system_server,1,Binder:1594_10,6,ActivityManagerService.java,14450,int com.android.server.am.ActivityManagerService.bindIsolatedService(android.app.IApplicationThread, android.os.IBinder, android.content.Intent, java.lang.String, android.app.IServiceConnection, int, java.lang.String, java.lang.String, int),-,1537,void com.android.server.am.ActivityManagerService$AppDeathRecipient.binderDied(),1]
10-11 12:27:10.892 I/dvm_lock_sample( 1594): [system_server,1,ActivityManager,16,BroadcastQueue.java,984,void com.android.server.am.BroadcastQueue.processNextBroadcast(boolean, boolean),ActivityManagerService.java,16095,void com.android.server.am.ActivityManagerService.finishReceiver(android.os.IBinder, int, java.lang.String, android.os.Bundle, boolean, int),3]
10-11 12:29:01.910 W/System.err(14118): 	at d.c.a.b.f.b.a(ActivityManagerCompat.java:11)
10-11 12:29:01.910 W/System.err(14118): 	at android.app.IActivityTaskManager$Stub$Proxy.getStackInfo(IActivityTaskManager.java:6398)
10-11 12:29:01.910 W/System.err(14118): 	at com.android.server.am.ActivityManagerService.enforceCallingPermission(ActivityManagerService.java:6163)
10-11 12:29:01.910 W/System.err(14118): 	at com.android.server.am.ActivityManagerService$LocalService.enforceCallingPermission(ActivityManagerService.java:18443)
10-11 12:29:01.910 W/System.err(14118): 	at com.android.server.wm.ActivityTaskManagerService.enforceCallerIsRecentsOrHasPermission(ActivityTaskManagerService.java:3666)
10-11 12:29:01.910 W/System.err(14118): 	at com.android.server.wm.ActivityTaskManagerService.getStackInfo(ActivityTaskManagerService.java:2910)
10-11 12:29:01.910 W/System.err(14118): 	at android.app.IActivityTaskManager$Stub.onTransact(IActivityTaskManager.java:3003)
10-11 12:29:03.023 I/ActivityTaskManager( 1594): Displayed com.miui.securitycenter/com.miui.permcenter.install.AdbInstallActivity: +1s217ms
10-11 12:29:05.712 D/MiuiNetworkPolicyAppBuckets( 1594): updateAppPN packageName=com.idealinspecao.perueiroapp,uid=11368,installed=true
10-11 12:29:05.717 E/InstallApkReceiver( 2404): install:package:com.idealinspecao.perueiroapp
10-11 12:29:05.717 E/Recents ( 2131): packageMonitor   onPackageModified  packageName=com.idealinspecao.perueiroapp   mIsRecentsWithinLauncher=true
10-11 12:29:05.724 D/Avrcp_ext( 2118): AvrcpServiceBroadcastReceiver-> packageName: com.idealinspecao.perueiroapp
10-11 12:29:05.724 D/Avrcp_ext( 2118): packageName: com.idealinspecao.perueiroapp removed: false
10-11 12:29:05.730 D/BluetoothMapAppObserver( 2118): The installed package is: com.idealinspecao.perueiroapp
