10-14 06:39:14.984 D/Launcher.DragController( 2404): drop, from=ShortcutInfo, id=1312, itemType=0, user=UserHandle{0}, mIconType=0, pkgName=com.idealinspecao.perueiroapp, className=com.idealinspecao.perueiroapp.MainActivity, screenId=2, container=-100, cellX=4, cellY=4, spanX=1, spanY=1, isLandscapePos=false
10-14 06:39:14.985 D/Launcher.CellLayout( 2404): updateCellOccupiedMarks, update, ShortcutInfo, id=1312, itemType=0, user=UserHandle{0}, mIconType=0, pkgName=com.idealinspecao.perueiroapp, className=com.idealinspecao.perueiroapp.MainActivity, screenId=2, container=-100, cellX=4, cellY=4, spanX=1, spanY=1, isLandscapePos=false
10-14 06:39:14.987 D/Launcher.DragController( 2404): drop succeed, to ShortcutInfo, id=1312, itemType=0, user=UserHandle{0}, mIconType=0, pkgName=com.idealinspecao.perueiroapp, className=com.idealinspecao.perueiroapp.MainActivity, screenId=2, container=-100, cellX=4, cellY=4, spanX=1, spanY=1, isLandscapePos=false
10-14 06:39:14.988 D/Launcher.CellLayout( 2404): saveCurrentLayout, info=ShortcutInfo, id=1312, itemType=0, user=UserHandle{0}, mIconType=0, pkgName=com.idealinspecao.perueiroapp, className=com.idealinspecao.perueiroapp.MainActivity, screenId=2, container=-100, cellX=4, cellY=4, spanX=1, spanY=1, isLandscapePos=false
10-14 06:39:14.989 D/Launcher.ShortcutMenu( 2404): show shortcut menu when drop, pkgName=com.idealinspecao.perueiroapp
10-14 06:39:15.627 W/System.err( 2404): android.content.pm.PackageManager$NameNotFoundException: com.idealinspecao.perueiroapp
10-14 06:39:18.070 W/System.err( 2404): android.content.pm.PackageManager$NameNotFoundException: com.idealinspecao.perueiroapp
10-14 06:39:18.071 D/Launcher.Model( 2404): Got broadcast:Intent { act=android.intent.action.PACKAGE_REMOVED dat=package:com.idealinspecao.perueiroapp (has extras) }
10-14 06:39:18.075 D/Launcher.LauncherUtils( 2404): app(com.idealinspecao.perueiroapp|UserHandle{0}) isDisable=false, backupProcessingPkg=null
10-14 06:39:18.086 D/AutoInstallsParser( 2404): isPAIPackageName: com.idealinspecao.perueiroapp
10-14 06:39:18.172 D/Launcher.Model( 2404): onReceiveBackground, mAllAppsList=add=[], remove=[(0, AppInfo, id=-1, itemType=0, user=UserHandle{0}, mIconType=0, pkgName=com.idealinspecao.perueiroapp, className=com.idealinspecao.perueiroapp.MainActivity, screenId=-1, container=-1, cellX=-1, cellY=-1, spanX=1, spanY=1, isLandscapePos=false)], modified=[]
10-14 06:39:18.172 D/Launcher( 2404): remove icon when bind apps removed:ShortcutInfo, id=1312, itemType=0, user=UserHandle{0}, mIconType=0, pkgName=com.idealinspecao.perueiroapp, className=com.idealinspecao.perueiroapp.MainActivity, screenId=2, container=-100, cellX=4, cellY=4, spanX=1, spanY=1, isLandscapePos=false
10-14 06:39:18.174 D/Launcher( 2404): removeShortcutIcon, remove icon from CellLayout, info=ShortcutInfo, id=1312, itemType=0, user=UserHandle{0}, mIconType=0, pkgName=com.idealinspecao.perueiroapp, className=com.idealinspecao.perueiroapp.MainActivity, screenId=2, container=-100, cellX=4, cellY=4, spanX=1, spanY=1, isLandscapePos=false
10-14 06:39:18.174 D/Launcher.CellLayout( 2404): remove icon for ShortcutInfo, id=1312, itemType=0, user=UserHandle{0}, mIconType=0, pkgName=com.idealinspecao.perueiroapp, className=com.idealinspecao.perueiroapp.MainActivity, screenId=2, container=-100, cellX=4, cellY=4, spanX=1, spanY=1, isLandscapePos=false
10-14 06:39:18.175 D/Launcher.CellLayout( 2404): updateCellOccupiedMarks, remove, ShortcutInfo, id=1312, itemType=0, user=UserHandle{0}, mIconType=0, pkgName=com.idealinspecao.perueiroapp, className=com.idealinspecao.perueiroapp.MainActivity, screenId=2, container=-100, cellX=4, cellY=4, spanX=1, spanY=1, isLandscapePos=false
10-14 06:39:18.176 D/Launcher( 2404): removeShortcutIcon, info=(ShortcutInfo, id=1312, itemType=0, user=UserHandle{0}, mIconType=0, pkgName=com.idealinspecao.perueiroapp, className=com.idealinspecao.perueiroapp.MainActivity, screenId=2, container=-100, cellX=4, cellY=4, spanX=1, spanY=1, isLandscapePos=false), addedLater=false, removeFromDB=true
10-14 06:39:18.177 D/Launcher.Model( 2404): deleteItemFromDatabase, item=ShortcutInfo, id=1312, itemType=0, user=UserHandle{0}, mIconType=0, pkgName=com.idealinspecao.perueiroapp, className=com.idealinspecao.perueiroapp.MainActivity, screenId=2, container=-100, cellX=4, cellY=4, spanX=1, spanY=1, isLandscapePos=false
10-14 06:39:19.218 D/MiuiNetworkPolicyAppBuckets( 1594): updateAppPN packageName=com.idealinspecao.perueiroapp,uid=11370,installed=false
10-14 06:39:19.233 E/Recents ( 2131): packageMonitor   onPackageModified  packageName=com.idealinspecao.perueiroapp   mIsRecentsWithinLauncher=true
10-14 06:39:19.235 E/InstallApkReceiver( 2404): uninstall:package:com.idealinspecao.perueiroapp
10-14 06:39:19.239 D/Avrcp_ext(25473): packageName: com.idealinspecao.perueiroapp removed: true
10-14 06:39:19.240 I/InstalledAppMonitor(13735): com.idealinspecao.perueiroapponReceive remove pkg=com.idealinspecao.perueiroapp
10-14 06:39:19.345 I/MiPicks-LocalAppManager(17456): remove package from list: com.idealinspecao.perueiroapp
10-14 06:39:19.355 V/Avrcp_ext(25473): isBrowseSupported for com.idealinspecao.perueiroapp: false
10-14 06:39:19.355 D/BluetoothMapAppObserver(25473): The removed package is: com.idealinspecao.perueiroapp
10-14 06:39:19.457 W/ActivityManager( 1594): Sending non-protected broadcast com.miui.gamebooster.UNINSTALLAPP from system 13735:com.miui.securitycenter.remote/1000 pkg com.miui.securitycenter. Callers=
10-14 06:39:19.458 I/dvm_lock_sample( 1594): [system_server,1,Binder:1594_17,15,ActivityManagerService.java,14285,android.content.ComponentName com.android.server.am.ActivityManagerService.startService(android.app.IApplicationThread, android.content.Intent, java.lang.String, boolean, java.lang.String, int),-,5395,void com.android.server.am.ActivityManagerService.attachApplication(android.app.IApplicationThread, long),3]
10-14 06:39:19.667 W/RWIPackageIntentOps(13115): Registries cleared for package: com.idealinspecao.perueiroapp
10-14 06:39:19.754 I/Icing   (13115): doRemovePackageData com.idealinspecao.perueiroapp
10-14 06:39:20.287 I/ResidentChecker(18844): check: StartScan pkg=com.idealinspecao.perueiroapp
10-14 06:39:20.572 D/WifiConfigManager( 1594): Remove all networks for app ApplicationInfo{28d2816 com.idealinspecao.perueiroapp}
10-14 06:39:20.624 I/notification_cancel_all( 1594): [1000,1594,com.idealinspecao.perueiroapp,0,0,0,5,NULL]
10-14 06:39:20.865 E/PasspointManager( 1594): No app ops listener found for com.idealinspecao.perueiroapp
10-14 06:39:20.881 I/am_wtf  ( 1594): [0,1594,system_server,-1,PasspointManager,No app ops listener found for com.idealinspecao.perueiroapp]
10-14 06:39:21.007 D/Launcher.Model( 2404): LauncherAppsCallback onPackageRemoved|com.idealinspecao.perueiroapp|UserHandle{0}
10-14 06:39:21.007 D/Launcher.Model( 2404): Got broadcast:Intent { act=android.intent.action.PACKAGE_REMOVED dat=package:com.idealinspecao.perueiroapp (has extras) }
10-14 06:39:21.008 D/AutoInstallsParser( 2404): isPAIPackageName: com.idealinspecao.perueiroapp
10-14 06:39:22.502 I/Finsky  (18952): [2] AIM: AppInfoCacheUpdater -> invalidating apps: [com.idealinspecao.perueiroapp]
10-14 06:39:22.542 I/Finsky  (18952): [55654] AIM: AppInfoManager-Perf > OnDeviceAppInfo > cacheHitCount=0, cacheMissCount=1. Missed  in cache (limit 10) : [com.idealinspecao.perueiroapp]
10-14 06:39:22.832 I/Finsky  (18952): [55697] Asset module storage cleared for package com.idealinspecao.perueiroapp.
10-14 06:39:22.866 W/Finsky  (18952): [2] STU: Failed to get storage stats for package 'com.idealinspecao.perueiroapp' (1601: Error getting stats: android.content.pm.PackageManager.NameNotFoundException)
10-14 06:39:23.470 I/Finsky:background(19206): [2] Package no longer installed: com.idealinspecao.perueiroapp
10-14 06:39:23.484 I/Finsky:background(19206): [2] Package no longer installed: com.idealinspecao.perueiroapp
10-14 06:39:23.630 I/Finsky  (18952): [2] Received an install/uninstall event for package com.idealinspecao.perueiroapp
10-14 06:39:24.160 I/dvm_lock_sample( 1594): [system_server,1,android.ui,20,ActivityManagerService.java,3378,void com.android.server.am.ActivityManagerService.dispatchUidsChanged(),-,14450,int com.android.server.am.ActivityManagerService.bindIsolatedService(android.app.IApplicationThread, android.os.IBinder, android.content.Intent, java.lang.String, android.app.IServiceConnection, int, java.lang.String, java.lang.String, int),4]
10-14 06:39:25.036 I/ActivityTaskManager( 1594): Displayed com.miui.gallery/.activity.HomePageActivity: +2s117ms
10-14 06:39:25.180 W/System.err(19378): android.content.pm.PackageManager$NameNotFoundException: com.idealinspecao.perueiroapp
10-14 06:39:25.212 I/dvm_lock_sample( 1594): [system_server,1,android.ui,13,ActivityManagerService.java,3378,void com.android.server.am.ActivityManagerService.dispatchUidsChanged(),-,1537,void com.android.server.am.ActivityManagerService$AppDeathRecipient.binderDied(),2]
10-14 06:39:29.239 I/dvm_lock_sample( 1594): [system_server,1,Binder:1594_14,20,ActivityManagerService.java,14463,boolean com.android.server.am.ActivityManagerService.unbindService(android.app.IServiceConnection),-,1537,void com.android.server.am.ActivityManagerService$AppDeathRecipient.binderDied(),4]
10-14 06:39:31.458 W/ActivityManager( 1594): Sending non-protected broadcast com.mi.android.globalminusscreen.head_icon_config_update from system 14622:com.mi.android.globalminusscreen/1000 pkg com.mi.android.globalminusscreen. Callers=
10-14 06:39:31.458 W/ActivityManager( 1594): Sending non-protected broadcast com.mi.android.globalminusscreen.head_icon_config_update from system 14622:com.mi.android.globalminusscreen/1000 pkg com.mi.android.globalminusscreen. Callers=
10-14 06:39:31.611 D/MediaProvider(13413): Scanned /storage/emulated/0/DCIM/.globalTrash/.Screenshot_2025-10-14-05-18-41-806_com.idealinspecao.perueiroapp.jpg as /storage/emulated/0/DCIM/.globalTrash/.Screenshot_2025-10-14-05-18-41-806_com.idealinspecao.perueiroapp.jpg for null
10-14 06:39:31.653 D/MediaScannerInjector(13413): isInNoMediaWhiteList: /storage/emulated/0/DCIM/Screenshots/Screenshot_2025-10-14-05-18-41-806_com.idealinspecao.perueiroapp.jpg
10-14 06:39:31.658 W/ModernMediaScanner(13413): Failed to visit /storage/emulated/0/DCIM/Screenshots/Screenshot_2025-10-14-05-18-41-806_com.idealinspecao.perueiroapp.jpg: java.nio.file.NoSuchFileException: /storage/emulated/0/DCIM/Screenshots/Screenshot_2025-10-14-05-18-41-806_com.idealinspecao.perueiroapp.jpg
10-14 06:39:31.738 D/MediaProvider(13413): Scanned /storage/emulated/0/DCIM/Screenshots/Screenshot_2025-10-14-05-18-41-806_com.idealinspecao.perueiroapp.jpg as /storage/emulated/0/DCIM/Screenshots/Screenshot_2025-10-14-05-18-41-806_com.idealinspecao.perueiroapp.jpg for null
10-14 06:39:31.756 D/MediaScannerInjector(13413): isInNoMediaWhiteList: /storage/emulated/0/DCIM/Screenshots/Screenshot_2025-10-14-05-18-44-719_com.idealinspecao.perueiroapp.jpg
10-14 06:39:31.767 W/ModernMediaScanner(13413): Failed to visit /storage/emulated/0/DCIM/Screenshots/Screenshot_2025-10-14-05-18-44-719_com.idealinspecao.perueiroapp.jpg: java.nio.file.NoSuchFileException: /storage/emulated/0/DCIM/Screenshots/Screenshot_2025-10-14-05-18-44-719_com.idealinspecao.perueiroapp.jpg
10-14 06:39:31.789 D/MediaProvider(13413): Scanned /storage/emulated/0/DCIM/Screenshots/Screenshot_2025-10-14-05-18-44-719_com.idealinspecao.perueiroapp.jpg as /storage/emulated/0/DCIM/Screenshots/Screenshot_2025-10-14-05-18-44-719_com.idealinspecao.perueiroapp.jpg for null
10-14 06:39:31.845 D/MediaProvider(13413): Scanned /storage/emulated/0/DCIM/.globalTrash/.Screenshot_2025-10-14-05-18-44-719_com.idealinspecao.perueiroapp.jpg as /storage/emulated/0/DCIM/.globalTrash/.Screenshot_2025-10-14-05-18-44-719_com.idealinspecao.perueiroapp.jpg for null
10-14 06:40:10.149 W/ActivityManager( 1594): Sending non-protected broadcast action_temp_state_change from system 20385:com.miui.powerkeeper/1000 pkg com.miui.powerkeeper. Callers=
10-14 06:40:10.150 W/ActivityManager( 1594): Sending non-protected broadcast action_temp_state_change from system 20385:com.miui.powerkeeper/1000 pkg com.miui.powerkeeper. Callers=
10-14 06:40:12.266 W/PowerKeeper-ReflectionUtils(20385): failed to callStaticMethod class com.miui.whetstone.WhetstoneActivityManager.enableMiuiStandby
10-14 06:40:12.266 W/PowerKeeper-ReflectionUtils(20385): java.lang.NoSuchMethodException: com.miui.whetstone.WhetstoneActivityManager.enableMiuiStandby [boolean]
10-14 06:40:48.020 W/System.err( 7808): 	at d.c.a.b.f.b.a(ActivityManagerCompat.java:11)
10-14 06:40:48.021 W/System.err( 7808): 	at android.app.IActivityTaskManager$Stub$Proxy.getStackInfo(IActivityTaskManager.java:6398)
10-14 06:40:48.021 W/System.err( 7808): 	at com.android.server.am.ActivityManagerService.enforceCallingPermission(ActivityManagerService.java:6163)
10-14 06:40:48.021 W/System.err( 7808): 	at com.android.server.am.ActivityManagerService$LocalService.enforceCallingPermission(ActivityManagerService.java:18443)
10-14 06:40:48.021 W/System.err( 7808): 	at com.android.server.wm.ActivityTaskManagerService.enforceCallerIsRecentsOrHasPermission(ActivityTaskManagerService.java:3666)
10-14 06:40:48.021 W/System.err( 7808): 	at com.android.server.wm.ActivityTaskManagerService.getStackInfo(ActivityTaskManagerService.java:2910)
10-14 06:40:48.021 W/System.err( 7808): 	at android.app.IActivityTaskManager$Stub.onTransact(IActivityTaskManager.java:3003)
10-14 06:40:49.355 I/ActivityTaskManager( 1594): Displayed com.miui.securitycenter/com.miui.permcenter.install.AdbInstallActivity: +1s401ms
10-14 06:40:52.707 E/Recents ( 2131): packageMonitor   onPackageModified  packageName=com.idealinspecao.perueiroapp   mIsRecentsWithinLauncher=true
10-14 06:40:52.708 D/MiuiNetworkPolicyAppBuckets( 1594): updateAppPN packageName=com.idealinspecao.perueiroapp,uid=11371,installed=true
10-14 06:40:52.714 D/Avrcp_ext(25473): AvrcpServiceBroadcastReceiver-> packageName: com.idealinspecao.perueiroapp
10-14 06:40:52.714 D/Avrcp_ext(25473): packageName: com.idealinspecao.perueiroapp removed: false
10-14 06:40:52.715 I/InstalledAppMonitor(13735): com.idealinspecao.perueiroapponReceive add pkg=com.idealinspecao.perueiroapp
10-14 06:40:52.714 D/AppInstalledReceiver(13735): packageName: com.idealinspecao.perueiroapp
10-14 06:40:52.716 D/BluetoothMapAppObserver(25473): The installed package is: com.idealinspecao.perueiroapp
10-14 06:40:52.736 I/MiPicks-LocalAppManager(20133): add package to list: com.idealinspecao.perueiroapp
10-14 06:40:52.760 D/ImsResolver( 2395): maybeAddedImsService, packageName: com.idealinspecao.perueiroapp
10-14 06:40:52.764 E/InstallApkReceiver( 2404): install:package:com.idealinspecao.perueiroapp
10-14 06:40:52.789 I/PackageInstallReceiver(14622): action = android.intent.action.PACKAGE_ADDED packageName = com.idealinspecao.perueiroapp
10-14 06:40:52.801 I/ShortCutsCardView(14622): onAppChanged com.idealinspecao.perueiroapp
10-14 06:40:52.812 I/WakePathManager( 4953): PackageMonitor. onPackageAdded: packageName =com.idealinspecao.perueiroapp
10-14 06:40:52.906 W/ActivityManager( 1594): Sending non-protected broadcast com.miui.gamebooster.UNINSTALLAPP from system 13735:com.miui.securitycenter.remote/1000 pkg com.miui.securitycenter. Callers=
10-14 06:40:52.950 I/dvm_lock_sample( 1594): [system_server,0,android.fg,13,ActivityManagerService.java,14450,int com.android.server.am.ActivityManagerService.bindIsolatedService(android.app.IApplicationThread, android.os.IBinder, android.content.Intent, java.lang.String, android.app.IServiceConnection, int, java.lang.String, java.lang.String, int),-,14450,int com.android.server.am.ActivityManagerService.bindIsolatedService(android.app.IApplicationThread, android.os.IBinder, android.content.Intent, java.lang.String, android.app.IServiceConnection, int, java.lang.String, java.lang.String, int),2]
10-14 06:40:52.976 I/PackageInstallReceiver(14622): xspace packageName=com.idealinspecao.perueiroapp
10-14 06:40:52.976 I/ShortCutsCardView(14622): onAppChanged com.idealinspecao.perueiroapp
10-14 06:40:53.012 W/GCM     (16878): Unexpected forwarded intent: Intent { act=android.intent.action.PACKAGE_ADDED dat=package:com.idealinspecao.perueiroapp flg=0x4000010 pkg=com.google.android.gms cmp=com.google.android.gms/.chimera.PersistentIntentOperationService (has extras) }
10-14 06:40:53.013 W/NetworkScheduler(16878): Unexpected forwarded intent: Intent { act=android.intent.action.PACKAGE_ADDED dat=package:com.idealinspecao.perueiroapp flg=0x4000010 pkg=com.google.android.gms cmp=com.google.android.gms/.chimera.PersistentIntentOperationService (has extras) }
10-14 06:40:53.037 I/dvm_lock_sample( 1594): [system_server,1,Binder:1594_20,55,ActivityManagerService.java,14285,android.content.ComponentName com.android.server.am.ActivityManagerService.startService(android.app.IApplicationThread, android.content.Intent, java.lang.String, boolean, java.lang.String, int),-,14450,int com.android.server.am.ActivityManagerService.bindIsolatedService(android.app.IApplicationThread, android.os.IBinder, android.content.Intent, java.lang.String, android.app.IServiceConnection, int, java.lang.String, java.lang.String, int),11]
10-14 06:40:53.124 I/dvm_lock_sample( 1594): [system_server,1,NetworkPolicy.uid,13,ActivityManagerService.java,18347,void com.android.server.am.ActivityManagerService$LocalService.notifyNetworkPolicyRulesUpdated(int, long),-,6752,java.lang.String com.android.server.am.ActivityManagerService.checkContentProviderAccess(java.lang.String, int),2]
10-14 06:40:53.135 I/notification_cancel_all( 1594): [1000,1594,com.idealinspecao.perueiroapp,0,0,0,5,NULL]
10-14 06:40:53.148 I/sysui_multi_action( 1594): [757,147,758,4,759,1,806,com.idealinspecao.perueiroapp]
10-14 06:40:53.304 I/Finsky  (18952): [2] AIM: AppInfoCacheUpdater -> invalidating apps: [com.idealinspecao.perueiroapp]
10-14 06:40:53.327 I/Finsky  (18952): [55654] AIM: AppInfoManager-Perf > OnDeviceAppInfo > cacheHitCount=0, cacheMissCount=1. Missed  in cache (limit 10) : [com.idealinspecao.perueiroapp]
10-14 06:40:53.448 I/dvm_lock_sample( 1594): [system_server,1,Binder:1594_1,19,ActivityManagerService.java,14285,android.content.ComponentName com.android.server.am.ActivityManagerService.startService(android.app.IApplicationThread, android.content.Intent, java.lang.String, boolean, java.lang.String, int),-,1537,void com.android.server.am.ActivityManagerService$AppDeathRecipient.binderDied(),3]
10-14 06:40:53.457 I/WakePathManager( 4953): request: ["br.com.otimizaugc.vistosoftapp","cn.wps.xiaomi.abroad.lite","com.google.android.apps.authenticator2","com.neurotec.samples.multibiometric.test","com.anydesk.adcontrol.ad1","io.appium.uiautomator2.server","net.openvpn.openvpn","com.otimiza.samplelivenessapp.xamarin","com.google.android.apps.tachyon","com.miui.android.fashiongallery","com.google.android.music","com.duokan.phone.remotecontroller","videoeditor.videorecorder.screenrecorder","net.sourceforge.opencamera","com.google.android.apps.docs","com.otimizati.liveness.sampleapp.dev","com.google.android.contactkeys","com.idealinspecao.perueiroapp","com.ypcc.otgcamera","com.google.android.videos","com.google.android.apps.photos","com.airbeat.device.inspector","com.anydesk.anydeskandroid","io.appium.uiautomator2.server.test","com.google.android.safetycore","com.duokan.phone.remotecontroller.peel.plugin","com.tony.molink.howifi","com.google.android.apps.meetings","com.ozforensics.liveness.demo"]
10-14 06:40:53.498 I/Finsky  (18952): [55655] AIM: AppInfoManager-Perf > OnDeviceAppInfo > cacheHitCount=0, cacheMissCount=1. Missed  in cache (limit 10) : [com.idealinspecao.perueiroapp]
10-14 06:40:53.815 D/Launcher.Model( 2404): LauncherAppsCallback onPackageAdded|com.idealinspecao.perueiroapp|UserHandle{0}
10-14 06:40:53.818 D/Launcher.Model( 2404): Got broadcast:Intent { act=android.intent.action.PACKAGE_ADDED dat=package:com.idealinspecao.perueiroapp (has extras) }
10-14 06:40:53.848 I/am_create_activity( 1594): [0,27306305,1378,com.idealinspecao.perueiroapp/.MainActivity,NULL,NULL,NULL,268435456]
10-14 06:40:53.920 W/ActivityManager( 1594): Sending non-protected broadcast miui.intent.action.PACKAGE_FIRST_LAUNCH from system uid 1000 pkg null. Callers=com.android.server.am.ActivityManagerService.broadcastIntentLocked:15855 com.android.server.am.ActivityManagerService.broadcastIntentLocked:15209 com.android.server.am.ActivityManagerService.broadcastIntent:15998 com.android.server.pm.IActivityManagerCompat.sendBroadcast:19 com.android.server.pm.SettingsInjector$1.run:117 
10-14 06:40:53.964 D/AppStatChecker( 7863): first launch package: com.idealinspecao.perueiroapp
10-14 06:40:53.979 I/am_proc_start( 1594): [0,20795,11371,com.idealinspecao.perueiroapp,activity,{com.idealinspecao.perueiroapp/com.idealinspecao.perueiroapp.MainActivity}]
10-14 06:40:53.979 D/OemNetd (  518): setPidForPackage: packageName=com.idealinspecao.perueiroapp, pid=20795, pid=11371
10-14 06:40:54.040 E/Launcher.AllAppsList( 2404): Can't load postion for packageName: com.idealinspecao.perueiroapp activityName: com.idealinspecao.perueiroapp.MainActivity
10-14 06:40:54.049 D/AutoInstallsParser( 2404): isPAIPackageName: com.idealinspecao.perueiroapp
10-14 06:40:54.052 D/Launcher.Model( 2404): onReceiveBackground, mAllAppsList=add=[(0, AppInfo, id=-1, itemType=0, user=UserHandle{0}, mIconType=0, pkgName=com.idealinspecao.perueiroapp, className=com.idealinspecao.perueiroapp.MainActivity, screenId=-1, container=-1, cellX=-1, cellY=-1, spanX=1, spanY=1, isLandscapePos=false)], remove=[], modified=[]
10-14 06:40:54.053 D/Launcher( 2404): add item to launcher when bind apps added, info=ShortcutInfo, id=-1, itemType=0, user=UserHandle{0}, mIconType=0, pkgName=com.idealinspecao.perueiroapp, className=com.idealinspecao.perueiroapp.MainActivity, screenId=-1, container=-1, cellX=-1, cellY=-1, spanX=1, spanY=1, isLandscapePos=false
10-14 06:40:54.054 D/Launcher( 2404): addItemToWorkspace, add item into db, item=ShortcutInfo, id=-1, itemType=0, user=UserHandle{0}, mIconType=0, pkgName=com.idealinspecao.perueiroapp, className=com.idealinspecao.perueiroapp.MainActivity, screenId=2, container=-100, cellX=4, cellY=4, spanX=1, spanY=1, isLandscapePos=false
10-14 06:40:54.054 D/Launcher.Model( 2404): Insert item com.idealinspecao.perueiroapp to database (4, 4) of screen 2
10-14 06:40:54.055 D/Launcher.CellLayout( 2404): updateCellOccupiedMarks, update, ShortcutInfo, id=1313, itemType=0, user=UserHandle{0}, mIconType=0, pkgName=com.idealinspecao.perueiroapp, className=com.idealinspecao.perueiroapp.MainActivity, screenId=2, container=-100, cellX=4, cellY=4, spanX=1, spanY=1, isLandscapePos=false
10-14 06:40:54.056 D/Launcher.ShortcutInfo( 2404): onAddToDatabase, this=ShortcutInfo, id=1313, itemType=0, user=UserHandle{0}, mIconType=0, pkgName=com.idealinspecao.perueiroapp, className=com.idealinspecao.perueiroapp.MainActivity, screenId=2, container=-100, cellX=4, cellY=4, spanX=1, spanY=1, isLandscapePos=false
10-14 06:40:54.097 I/Finsky  (18952): [2] Received an install/uninstall event for package com.idealinspecao.perueiroapp
10-14 06:40:54.105 D/Launcher.CellLayout( 2404): updateCellOccupiedMarks, update, ShortcutInfo, id=1313, itemType=0, user=UserHandle{0}, mIconType=0, pkgName=com.idealinspecao.perueiroapp, className=com.idealinspecao.perueiroapp.MainActivity, screenId=2, container=-100, cellX=4, cellY=4, spanX=1, spanY=1, isLandscapePos=false
10-14 06:40:54.150 I/PI-ScanDispatch(20644): service bind, pkgName = com.idealinspecao.perueiroapp, installer = null, isReplace = false, firstGoogleTime = 1614890563430
10-14 06:40:54.220 I/am_proc_bound( 1594): [0,20795,com.idealinspecao.perueiroapp]
10-14 06:40:54.245 I/am_restart_activity( 1594): [0,27306305,1378,com.idealinspecao.perueiroapp/.MainActivity,20795]
10-14 06:40:54.248 I/ProcessMonitor(13735): onForegroundInfoChanged: ForegroundInfo{mForegroundPackageName='com.idealinspecao.perueiroapp', mForegroundUid=11371, mForegroundPid=20795, mLastForegroundPackageName='com.miui.home', mLastForegroundUid=10064, mLastForegroundPid=2404, mMultiWindowForegroundPackageName='null', mMultiWindowForegroundUid=-1, mFlags=1}
10-14 06:40:54.247 D/AutoInstallService(19340): onForegroundInfoChanged: com.idealinspecao.perueiroapp
10-14 06:40:54.248 I/GST     (10006): forePkg: com.idealinspecao.perueiroapp, preForePkg: com.miui.home
10-14 06:40:54.248 D/PerfEngineController(20385): ForegroundInfo{mForegroundPackageName='com.idealinspecao.perueiroapp', mForegroundUid=11371, mForegroundPid=20795, mLastForegroundPackageName='com.miui.home', mLastForegroundUid=10064, mLastForegroundPid=2404, mMultiWindowForegroundPackageName='null', mMultiWindowForegroundUid=-1, mFlags=1}
10-14 06:40:54.250 I/am_set_resumed_activity( 1594): [0,com.idealinspecao.perueiroapp/.MainActivity,minimalResumeActivityLocked]
10-14 06:40:54.311 I/dvm_lock_sample( 1594): [system_server,1,Binder:1594_1,44,ActivityManagerService.java,14791,android.content.Intent com.android.server.am.ActivityManagerService.registerReceiver(android.app.IApplicationThread, java.lang.String, android.content.IIntentReceiver, android.content.IntentFilter, java.lang.String, int, int),-,14343,void com.android.server.am.ActivityManagerService.setServiceForeground(android.content.ComponentName, android.os.IBinder, int, android.app.Notification, int, int),8]
10-14 06:40:55.148 D/AppActiveReceiver(20802): receive app active broadcast for: com.idealinspecao.perueiroapp, install from: null
10-14 06:40:55.251 D/AppActiveReceiver(20133): receive app active broadcast for: com.idealinspecao.perueiroapp, install from: null
10-14 06:40:55.414 I/dvm_lock_sample( 1594): [system_server,1,Binder:1594_F,11,ActivityManagerService.java,14450,int com.android.server.am.ActivityManagerService.bindIsolatedService(android.app.IApplicationThread, android.os.IBinder, android.content.Intent, java.lang.String, android.app.IServiceConnection, int, java.lang.String, java.lang.String, int),-,14450,int com.android.server.am.ActivityManagerService.bindIsolatedService(android.app.IApplicationThread, android.os.IBinder, android.content.Intent, java.lang.String, android.app.IServiceConnection, int, java.lang.String, java.lang.String, int),2]
10-14 06:40:55.794 I/ThumbnailBlurUtils(13735): loadPrivacyThumbnailBlurMonthly successd{"com.anydesk.anydeskandroid":5,"com.miui.player":27,"com.xiaomi.mipicks":5,"videoeditor.videorecorder.screenrecorder":5,"com.miui.compass":5,"com.otimiza.samplelivenessapp.xamarin":-1,"com.miui.calculator":5,"com.android.deskclock":5,"com.xiaomi.scanner":5,"com.xiaomi.midrop":5,"com.ozforensics.liveness.demo":-1,"com.miui.securitycenter":5,"com.google.android.apps.meetings":-1,"com.android.vending":5,"com.android.chrome":-1,"com.google.android.apps.photos":-1,"com.mi.android.globalFileexplorer":5,"com.google.android.apps.docs":5,"br.com.otimizaugc.vistosoftapp":-1,"com.duokan.phone.remotecontroller":5,"com.miui.gallery":6,"com.ypcc.otgcamera":-1,"com.google.android.youtube":-1,"com.idealinspecao.perueiroapp":-1,"com.miui.screenrecorder":5,"com.google.android.apps.maps":-1,"com.google.android.apps.tachyon":5,"com.miui.videoplayer":27,"net.sourceforge.opencamera":5,"com.mi.globalbrowser":5,"com.google.android.apps.messaging":5,"com.miui.notes":5,"com.google.android.videos":-1,"com.google.android.googlequicksearchbox":-1,"com.miui.miservice":5,"com.google.ar.lens":5,"com.google.android.contacts":-1,"net.openvpn.openvpn":5,"com.mi.android.globalminusscreen":5,"com.airbeat.device.inspector":5,"com.miui.weather2":5,"com.otimizati.liveness.sampleapp.dev":-1,"com.miui.fm":27,"com.android.providers.downloads.ui":5,"com.android.thememanager":5,"com.xiaomi.calendar":-1,"com.google.android.dialer":-1,"com.android.camera":6,"com.google.android.gm":5,"com.tony.molink.howifi":-1,"com.android.settings":-1,"com.xiaomi.glgm":5,"com.google.android.music":5,"com.google.android.apps.authenticator2":-1,"com.android.soundrecorder":5}
10-14 06:40:57.956 I/dvm_lock_sample( 1594): [system_server,1,Binder:1594_6,30,ActivityManagerService.java,15989,int com.android.server.am.ActivityManagerService.broadcastIntent(android.app.IApplicationThread, android.content.Intent, java.lang.String, android.content.IIntentReceiver, int, java.lang.String, android.os.Bundle, java.lang.String[], int, android.os.Bundle, boolean, boolean, int),-,1537,void com.android.server.am.ActivityManagerService$AppDeathRecipient.binderDied(),6]
10-14 06:40:57.991 I/dvm_lock_sample( 1594): [system_server,1,ActivityManager,10,ActiveServices.java,1099,void com.android.server.am.ActiveServices.updateForegroundApps(com.android.server.am.ActiveServices$ServiceMap),ActivityManagerService.java,14343,void com.android.server.am.ActivityManagerService.setServiceForeground(android.content.ComponentName, android.os.IBinder, int, android.app.Notification, int, int),2]
10-14 06:40:58.254 I/ActivityManager( 1594): Start proc 21390:com.google.android.apps.photos/u0a103 for broadcast {com.google.android.apps.photos/com.google.android.libraries.notifications.entrypoints.blockstatechanged.BlockStateChangedReceiver} caller=android
10-14 06:40:58.565 I/ActivityManager( 1594): Process com.miui.core (pid 19340) has died: svcb SVC 
10-14 06:40:58.572 W/ActivityManager( 1594): Scheduling restart of crashed service com.miui.core/miui.autoinstall.config.service.AutoInstallService in 1000ms
10-14 06:40:58.850 I/ActivityManager( 1594): Process com.google.process.gservices (pid 18439) has died: cch+45 CEM 
10-14 06:40:58.867 I/ActivityManager( 1594): Process com.android.vending:background (pid 19206) has died: cch+95 CEM 
10-14 06:40:59.034 I/sysui_multi_action( 1594): [757,147,758,4,759,1,806,com.idealinspecao.perueiroapp]
10-14 06:40:59.116 I/ActivityManager( 1594): Process com.google.android.apps.photos:mediametadataservice (pid 20040) has died: cch+85 CEM 
10-14 06:40:59.187 I/dvm_lock_sample( 1594): [system_server,1,Binder:1594_E,24,ProcessManagerService.java,1704,java.util.List com.android.server.am.ProcessManagerService.getRunningProcessInfo(int, int, java.lang.String, java.lang.String, int),ActivityManagerService.java,1537,void com.android.server.am.ActivityManagerService$AppDeathRecipient.binderDied(),4]
10-14 06:40:59.243 W/Looper  ( 1594): Slow Looper android.bg: Long Msg: seq=373951 plan=06:40:57.954  late=0ms wall=1288ms running=0ms h=com.android.server.am.ActivityManagerService$5 w=1
10-14 06:40:59.444 I/ActivityManager( 1594): Process com.miui.gallery (pid 19232) has died: cch+65 SVC 
10-14 06:40:59.469 W/ActivityManager( 1594): setHasOverlayUi called on unknown pid: 19232
10-14 06:40:59.656 I/ActivityManager( 1594): Start proc 21476:com.miui.core/u0a75 for service {com.miui.core/miui.autoinstall.config.service.AutoInstallService} caller=com.miui.core
10-14 06:40:59.770 I/am_lifecycle_sample(20795): [0,com.idealinspecao.perueiroapp,110,5509]
10-14 06:40:59.772 E/Perf    (20795): Fail to get file list com.idealinspecao.perueiroapp
10-14 06:40:59.774 E/Perf    (20795): Fail to get file list com.idealinspecao.perueiroapp
10-14 06:40:59.847 I/ActivityManager( 1594): Process com.google.android.packageinstaller (pid 20620) has died: cch+55 CEM 
10-14 06:40:59.904 I/ActivityManager( 1594): Start proc 21511:com.google.process.gservices/u0a29 for content provider {com.google.android.gsf/com.google.android.gsf.gservices.GservicesProvider} caller=com.google.android.apps.photos
10-14 06:41:00.040 I/ActivityManager( 1594): Process com.miui.securitycenter (pid 20523) has died: cch+55 CEM 
10-14 06:41:00.056 W/ActivityManager( 1594): setHasOverlayUi called on unknown pid: 20523
10-14 06:41:00.068 D/ForceDarkHelper(20795): updateByCheckExcludeList: pkg: com.idealinspecao.perueiroapp activity: com.idealinspecao.perueiroapp.MainActivity@894484a
10-14 06:41:00.074 D/ForceDarkHelper(20795): updateByCheckExcludeList: pkg: com.idealinspecao.perueiroapp activity: com.idealinspecao.perueiroapp.MainActivity@894484a
10-14 06:41:00.075 I/ActivityManager( 1594): Process com.facebook.appmanager (pid 19378) has died: cch+45 CEM 
10-14 06:41:00.095 D/ForceDarkHelper(20795): updateByCheckExcludeList: pkg: com.idealinspecao.perueiroapp activity: com.idealinspecao.perueiroapp.MainActivity@894484a
10-14 06:41:00.116 I/dvm_lock_sample( 1594): [system_server,1,Binder:1594_5,5,ActivityManagerService.java,6752,java.lang.String com.android.server.am.ActivityManagerService.checkContentProviderAccess(java.lang.String, int),-,1537,void com.android.server.am.ActivityManagerService$AppDeathRecipient.binderDied(),1]
10-14 06:41:00.132 I/ActivityManager( 1594): Process com.xiaomi.mipicks (pid 20133) has died: cch+35 CEM 
10-14 06:41:00.171 I/am_on_create_called(20795): [0,com.idealinspecao.perueiroapp.MainActivity,performCreate,149]
10-14 06:41:00.191 I/am_on_start_called(20795): [0,com.idealinspecao.perueiroapp.MainActivity,handleStartActivity,1]
10-14 06:41:00.196 I/am_on_resume_called(20795): [0,com.idealinspecao.perueiroapp.MainActivity,RESUME_ACTIVITY,1]
10-14 06:41:00.210 I/ActivityManager( 1594): Process com.xiaomi.discover (pid 20802) has died: cch+25 CEM 
10-14 06:41:00.242 W/BpBinder(21390): Slow Binder: BpBinder transact took 399ms, interface=android.app.IActivityManager, code=20 oneway=false
10-14 06:41:00.259 W/Looper  (20795): Slow Looper main: Activity com.idealinspecao.perueiroapp/.MainActivity is 5447ms late (wall=474ms running=0ms ClientTransaction{ callbacks=[android.app.servertransaction.LaunchActivityItem] lifecycleRequest=android.app.servertransaction.ResumeActivityItem }) because of 1 msg, msg 1 took 5511ms (seq=2 late=2ms h=android.app.ActivityThread$H w=110)
10-14 06:41:00.259 I/am_on_top_resumed_gained_called(20795): [0,com.idealinspecao.perueiroapp.MainActivity,topStateChangedWhenResumed]
10-14 06:41:00.260 W/Looper  (20795): Slow Looper main: Activity com.idealinspecao.perueiroapp/.MainActivity is 5921ms late (wall=0ms running=0ms ClientTransaction{ callbacks=[android.app.servertransaction.TopResumedActivityChangeItem] }) because of 2 msg, msg 1 took 5511ms (seq=2 late=2ms h=android.app.ActivityThread$H w=110), msg 2 took 474ms (seq=3 late=5447ms h=android.app.ActivityThread$H w=159)
10-14 06:41:00.522 I/Finsky  (18952): [55649] Installer package name of package com.idealinspecao.perueiroapp is 
10-14 06:41:00.671 D/ForceDarkHelper(20795): updateByCheckExcludeList: pkg: com.idealinspecao.perueiroapp activity: com.idealinspecao.perueiroapp.MainActivity@894484a
10-14 06:41:01.084 I/ActivityManager( 1594): Process com.huaqin.sarcontroller:controller (pid 19493) has died: svcb SVC 
10-14 06:41:01.090 W/ActivityManager( 1594): Scheduling restart of crashed service com.huaqin.sarcontroller/.SarControllerService in 0ms
10-14 06:41:01.116 I/ActivityManager( 1594): Process com.miui.global.packageinstaller (pid 20644) has died: cch+15 CEM 
10-14 06:41:01.149 I/ActivityManager( 1594): Killing 21179:com.google.android.webview:sandboxed_process0:org.chromium.content.app.SandboxedProcessService0:0/u0a121i574 (adj 0): isolated not needed
10-14 06:41:01.155 I/ActivityManager( 1594): Start proc 21585:com.huaqin.sarcontroller:controller/1000 for service {com.huaqin.sarcontroller/com.huaqin.sarcontroller.SarControllerService} caller=com.huaqin.sarcontroller
10-14 06:41:01.585 I/ActivityManager( 1594): Process com.google.android.webview:webview_service (pid 19841) has died: cch+15 CEM 
10-14 06:41:01.647 I/ActivityManager( 1594): Process com.android.vending (pid 18952) has died: cch+5 CEM 
10-14 06:41:02.518 I/Timeline( 1594): Timeline: Activity_windows_visible id: ActivityRecord{1a0a941 u0 com.idealinspecao.perueiroapp/.MainActivity t1378} time:789246515
10-14 06:41:02.520 D/ForceDarkHelper(20795): updateByCheckExcludeList: pkg: com.idealinspecao.perueiroapp activity: com.idealinspecao.perueiroapp.MainActivity@894484a
10-14 06:41:02.523 I/sysui_multi_action( 1594): [319,469,321,139,322,8710,325,789237,757,761,758,7,759,1,806,com.idealinspecao.perueiroapp,871,com.idealinspecao.perueiroapp.MainActivity,904,com.android.shell,905,0,945,414,1320,12,1321,1]
10-14 06:41:02.527 I/am_activity_launch_time( 1594): [0,27306305,com.idealinspecao.perueiroapp/.MainActivity,8710]
10-14 06:41:02.532 I/ActivityTaskManager( 1594): Displayed com.idealinspecao.perueiroapp/.MainActivity: +8s710ms
10-14 06:41:02.665 I/GoogleInputMethodService(15542): GoogleInputMethodService.onStartInput():1346 onStartInput(EditorInfo{EditorInfo{packageName=com.idealinspecao.perueiroapp, inputType=0, inputTypeString=NULL, enableLearning=false, autoCorrection=false, autoComplete=false, imeOptions=0, privateImeOptions=null, actionName=UNSPECIFIED, actionLabel=null, initialSelStart=-1, initialSelEnd=-1, initialCapsMode=0, label=null, fieldId=-1, fieldName=null, extras=null, hintText=null, hintLocales=[]}}, false)
10-14 06:41:02.679 I/dvm_lock_sample(20795): [com.idealinspecao.perueiroapp,0,arch_disk_io_0,5,SQLiteConnectionPool.java,402,void android.database.sqlite.SQLiteConnectionPool.releaseConnection(android.database.sqlite.SQLiteConnection),-,684,android.database.sqlite.SQLiteConnection android.database.sqlite.SQLiteConnectionPool.waitForConnection(java.lang.String, int, android.os.CancellationSignal),1]
===== END SNAPSHOT =====
