10-16 11:37:47.337 I/dvm_lock_sample( 1594): [system_server,0,Binder:1594_1E,16,ActivityManagerService.java,14494,void com.android.server.am.ActivityManagerService.serviceDoneExecuting(android.os.IBinder, int, int, int),-,14463,boolean com.android.server.am.ActivityManagerService.unbindService(android.app.IServiceConnection),3]
10-16 11:37:47.365 I/dvm_lock_sample( 1594): [system_server,1,Binder:1594_18,16,ActivityManagerService.java,14335,boolean com.android.server.am.ActivityManagerService.stopServiceToken(android.content.ComponentName, android.os.IBinder, int),-,14450,int com.android.server.am.ActivityManagerService.bindIsolatedService(android.app.IApplicationThread, android.os.IBinder, android.content.Intent, java.lang.String, android.app.IServiceConnection, int, java.lang.String, java.lang.String, int),3]
10-16 11:41:47.869 I/dvm_lock_sample( 1594): [system_server,1,main,71,ActivityTaskManagerService.java,2624,boolean com.android.server.wm.ActivityTaskManagerService.isControllerAMonkey(),-,6869,boolean com.android.server.wm.ActivityTaskManagerService$LocalService.startHomeOnDisplay(int, java.lang.String, int, boolean, boolean),14]
10-16 11:41:47.871 I/dvm_lock_sample( 1594): [system_server,1,Binder:1594_15,18,ActivityManagerService.java,15989,int com.android.server.am.ActivityManagerService.broadcastIntent(android.app.IApplicationThread, android.content.Intent, java.lang.String, android.content.IIntentReceiver, int, java.lang.String, android.os.Bundle, java.lang.String[], int, android.os.Bundle, boolean, boolean, int),-,8416,boolean com.android.server.am.ActivityManagerService.isUserAMonkey(),3]
10-16 11:43:53.888 I/dvm_lock_sample( 1594): [system_server,1,Binder:1594_11,757,WindowProcessUtils.java,405,java.lang.String com.android.server.wm.WindowProcessUtils.getCallerPackageName(com.android.server.wm.ActivityTaskManagerService, android.app.IApplicationThread),ActivityStarter.java,1313,int com.android.server.wm.ActivityStarter.startActivityMayWait(android.app.IApplicationThread, int, java.lang.String, int, int, android.content.Intent, java.lang.String, android.service.voice.IVoiceInteractionSession, com.android.internal.app.IVoiceInteractor, android.os.IBinder, java.lang.String, int, int, android.app.ProfilerInfo, android.app.WaitResult, android.content.res.Configuration, com.android.server.wm.SafeActivityOptions, boolean, int, com.android.server.wm.TaskRecord, java.lang.String, boolean, com.android.server.am.PendingIntentRecord, boolean),100]
10-16 11:43:53.890 I/dvm_lock_sample( 1594): [system_server,1,Binder:1594_1C,676,WindowProcessUtils.java,405,java.lang.String com.android.server.wm.WindowProcessUtils.getCallerPackageName(com.android.server.wm.ActivityTaskManagerService, android.app.IApplicationThread),ActivityStarter.java,1313,int com.android.server.wm.ActivityStarter.startActivityMayWait(android.app.IApplicationThread, int, java.lang.String, int, int, android.content.Intent, java.lang.String, android.service.voice.IVoiceInteractionSession, com.android.internal.app.IVoiceInteractor, android.os.IBinder, java.lang.String, int, int, android.app.ProfilerInfo, android.app.WaitResult, android.content.res.Configuration, com.android.server.wm.SafeActivityOptions, boolean, int, com.android.server.wm.TaskRecord, java.lang.String, boolean, com.android.server.am.PendingIntentRecord, boolean),100]
10-16 11:43:53.892 I/dvm_lock_sample( 1594): [system_server,1,Binder:1594_E,766,WindowProcessUtils.java,405,java.lang.String com.android.server.wm.WindowProcessUtils.getCallerPackageName(com.android.server.wm.ActivityTaskManagerService, android.app.IApplicationThread),ActivityStarter.java,1313,int com.android.server.wm.ActivityStarter.startActivityMayWait(android.app.IApplicationThread, int, java.lang.String, int, int, android.content.Intent, java.lang.String, android.service.voice.IVoiceInteractionSession, com.android.internal.app.IVoiceInteractor, android.os.IBinder, java.lang.String, int, int, android.app.ProfilerInfo, android.app.WaitResult, android.content.res.Configuration, com.android.server.wm.SafeActivityOptions, boolean, int, com.android.server.wm.TaskRecord, java.lang.String, boolean, com.android.server.am.PendingIntentRecord, boolean),100]
10-16 11:43:53.893 I/dvm_lock_sample( 1594): [system_server,1,Binder:1594_1A,546,WindowProcessUtils.java,405,java.lang.String com.android.server.wm.WindowProcessUtils.getCallerPackageName(com.android.server.wm.ActivityTaskManagerService, android.app.IApplicationThread),ActivityStarter.java,1313,int com.android.server.wm.ActivityStarter.startActivityMayWait(android.app.IApplicationThread, int, java.lang.String, int, int, android.content.Intent, java.lang.String, android.service.voice.IVoiceInteractionSession, com.android.internal.app.IVoiceInteractor, android.os.IBinder, java.lang.String, int, int, android.app.ProfilerInfo, android.app.WaitResult, android.content.res.Configuration, com.android.server.wm.SafeActivityOptions, boolean, int, com.android.server.wm.TaskRecord, java.lang.String, boolean, com.android.server.am.PendingIntentRecord, boolean),100]
10-16 11:43:53.893 I/dvm_lock_sample( 1594): [system_server,1,Binder:1594_4,609,ActivityTaskManagerService.java,1746,void com.android.server.wm.ActivityTaskManagerService.activityTopResumedStateLost(),ActivityStarter.java,1313,int com.android.server.wm.ActivityStarter.startActivityMayWait(android.app.IApplicationThread, int, java.lang.String, int, int, android.content.Intent, java.lang.String, android.service.voice.IVoiceInteractionSession, com.android.internal.app.IVoiceInteractor, android.os.IBinder, java.lang.String, int, int, android.app.ProfilerInfo, android.app.WaitResult, android.content.res.Configuration, com.android.server.wm.SafeActivityOptions, boolean, int, com.android.server.wm.TaskRecord, java.lang.String, boolean, com.android.server.am.PendingIntentRecord, boolean),100]
10-16 11:43:53.894 I/dvm_lock_sample( 1594): [system_server,1,Binder:1594_C,390,WindowProcessUtils.java,405,java.lang.String com.android.server.wm.WindowProcessUtils.getCallerPackageName(com.android.server.wm.ActivityTaskManagerService, android.app.IApplicationThread),ActivityStarter.java,1313,int com.android.server.wm.ActivityStarter.startActivityMayWait(android.app.IApplicationThread, int, java.lang.String, int, int, android.content.Intent, java.lang.String, android.service.voice.IVoiceInteractionSession, com.android.internal.app.IVoiceInteractor, android.os.IBinder, java.lang.String, int, int, android.app.ProfilerInfo, android.app.WaitResult, android.content.res.Configuration, com.android.server.wm.SafeActivityOptions, boolean, int, com.android.server.wm.TaskRecord, java.lang.String, boolean, com.android.server.am.PendingIntentRecord, boolean),78]
10-16 11:43:53.894 I/dvm_lock_sample( 1594): [system_server,1,Binder:1594_A,373,WindowProcessUtils.java,405,java.lang.String com.android.server.wm.WindowProcessUtils.getCallerPackageName(com.android.server.wm.ActivityTaskManagerService, android.app.IApplicationThread),ActivityStarter.java,1313,int com.android.server.wm.ActivityStarter.startActivityMayWait(android.app.IApplicationThread, int, java.lang.String, int, int, android.content.Intent, java.lang.String, android.service.voice.IVoiceInteractionSession, com.android.internal.app.IVoiceInteractor, android.os.IBinder, java.lang.String, int, int, android.app.ProfilerInfo, android.app.WaitResult, android.content.res.Configuration, com.android.server.wm.SafeActivityOptions, boolean, int, com.android.server.wm.TaskRecord, java.lang.String, boolean, com.android.server.am.PendingIntentRecord, boolean),74]
10-16 11:43:53.894 I/binder_sample( 2404): [android.app.IActivityTaskManager,19,612,com.miui.home,100]
10-16 11:43:53.901 I/dvm_lock_sample( 1594): [system_server,1,Binder:1594_17,555,WindowProcessUtils.java,405,java.lang.String com.android.server.wm.WindowProcessUtils.getCallerPackageName(com.android.server.wm.ActivityTaskManagerService, android.app.IApplicationThread),ActivityStarter.java,1313,int com.android.server.wm.ActivityStarter.startActivityMayWait(android.app.IApplicationThread, int, java.lang.String, int, int, android.content.Intent, java.lang.String, android.service.voice.IVoiceInteractionSession, com.android.internal.app.IVoiceInteractor, android.os.IBinder, java.lang.String, int, int, android.app.ProfilerInfo, android.app.WaitResult, android.content.res.Configuration, com.android.server.wm.SafeActivityOptions, boolean, int, com.android.server.wm.TaskRecord, java.lang.String, boolean, com.android.server.am.PendingIntentRecord, boolean),100]
10-16 11:43:53.922 I/dvm_lock_sample( 1594): [system_server,1,Binder:1594_10,712,ActivityManagerService.java,6752,java.lang.String com.android.server.am.ActivityManagerService.checkContentProviderAccess(java.lang.String, int),-,6978,android.app.ContentProviderHolder com.android.server.am.ActivityManagerService.getContentProviderImpl(android.app.IApplicationThread, java.lang.String, android.os.IBinder, int, java.lang.String, java.lang.String, boolean, int),100]
10-16 11:43:53.923 I/dvm_lock_sample( 1594): [system_server,1,Binder:1594_3,643,ActivityManagerService.java,14791,android.content.Intent com.android.server.am.ActivityManagerService.registerReceiver(android.app.IApplicationThread, java.lang.String, android.content.IIntentReceiver, android.content.IntentFilter, java.lang.String, int, int),-,6978,android.app.ContentProviderHolder com.android.server.am.ActivityManagerService.getContentProviderImpl(android.app.IApplicationThread, java.lang.String, android.os.IBinder, int, java.lang.String, java.lang.String, boolean, int),100]
10-16 11:43:53.923 I/dvm_lock_sample( 1594): [system_server,1,Binder:1594_1D,648,ActivityManagerService.java,6752,java.lang.String com.android.server.am.ActivityManagerService.checkContentProviderAccess(java.lang.String, int),-,6978,android.app.ContentProviderHolder com.android.server.am.ActivityManagerService.getContentProviderImpl(android.app.IApplicationThread, java.lang.String, android.os.IBinder, int, java.lang.String, java.lang.String, boolean, int),100]
10-16 11:43:53.927 I/binder_sample( 3433): [android.app.IActivityManager,20,798,com.android.vending:background,100]
10-16 11:43:53.981 I/binder_sample( 2902): [android.app.IActivityManager,27,635,com.miui.global.packageinstaller,100]
10-16 11:43:53.987 I/dvm_lock_sample( 1594): [system_server,1,Binder:1594_1D,63,ActivityManagerService.java,6752,java.lang.String com.android.server.am.ActivityManagerService.checkContentProviderAccess(java.lang.String, int),-,14791,android.content.Intent com.android.server.am.ActivityManagerService.registerReceiver(android.app.IApplicationThread, java.lang.String, android.content.IIntentReceiver, android.content.IntentFilter, java.lang.String, int, int),12]
10-16 11:43:53.988 I/dvm_lock_sample( 1594): [system_server,1,Binder:1594_11,58,ActivityManagerService.java,14450,int com.android.server.am.ActivityManagerService.bindIsolatedService(android.app.IApplicationThread, android.os.IBinder, android.content.Intent, java.lang.String, android.app.IServiceConnection, int, java.lang.String, java.lang.String, int),-,14791,android.content.Intent com.android.server.am.ActivityManagerService.registerReceiver(android.app.IApplicationThread, java.lang.String, android.content.IIntentReceiver, android.content.IntentFilter, java.lang.String, int, int),11]
10-16 11:43:53.989 I/dvm_lock_sample( 1594): [system_server,1,android.ui,43,ActivityManagerService.java,3378,void com.android.server.am.ActivityManagerService.dispatchUidsChanged(),-,14450,int com.android.server.am.ActivityManagerService.bindIsolatedService(android.app.IApplicationThread, android.os.IBinder, android.content.Intent, java.lang.String, android.app.IServiceConnection, int, java.lang.String, java.lang.String, int),8]
10-16 11:43:54.400 I/dvm_lock_sample( 1594): [system_server,1,android.ui,46,ActivityManagerService.java,3272,void com.android.server.am.ActivityManagerService.dispatchProcessesChanged(),-,14463,boolean com.android.server.am.ActivityManagerService.unbindService(android.app.IServiceConnection),9]
10-16 11:43:54.430 I/dvm_lock_sample( 1594): [system_server,1,Binder:1594_4,38,ActivityManagerService.java,14875,android.content.Intent com.android.server.am.ActivityManagerService.registerReceiver(android.app.IApplicationThread, java.lang.String, android.content.IIntentReceiver, android.content.IntentFilter, java.lang.String, int, int),-,1537,void com.android.server.am.ActivityManagerService$AppDeathRecipient.binderDied(),7]
10-16 11:43:55.374 I/dvm_lock_sample( 1594): [system_server,1,ActivityManager:procStart,43,ProcessList.java,1687,void com.android.server.am.ProcessList.lambda$startProcessLocked$0$ProcessList(com.android.server.am.ProcessRecord, java.lang.String, int[], int, int, java.lang.String, java.lang.String, java.lang.String, long),ActivityManagerService.java,1537,void com.android.server.am.ActivityManagerService$AppDeathRecipient.binderDied(),8]
10-16 11:44:10.888 I/dvm_lock_sample( 1594): [system_server,0,Binder:1594_1,10,ActivityManagerService.java,14494,void com.android.server.am.ActivityManagerService.serviceDoneExecuting(android.os.IBinder, int, int, int),-,14463,boolean com.android.server.am.ActivityManagerService.unbindService(android.app.IServiceConnection),2]
10-16 11:44:15.715 I/dvm_lock_sample( 1594): [system_server,1,android.ui,13,ActivityManagerService.java,3312,void com.android.server.am.ActivityManagerService.dispatchProcessesChanged(),BroadcastQueue.java,984,void com.android.server.am.BroadcastQueue.processNextBroadcast(boolean, boolean),2]
10-16 11:44:54.045 I/dvm_lock_sample( 1594): [system_server,0,android.bg,11,ActivityManagerService.java,1964,void com.android.server.am.ActivityManagerService$5.handleMessage(android.os.Message),-,14463,boolean com.android.server.am.ActivityManagerService.unbindService(android.app.IServiceConnection),2]
10-16 11:45:09.553 I/dvm_lock_sample( 1594): [system_server,1,Binder:1594_17,5,ActivityManagerService.java,14450,int com.android.server.am.ActivityManagerService.bindIsolatedService(android.app.IApplicationThread, android.os.IBinder, android.content.Intent, java.lang.String, android.app.IServiceConnection, int, java.lang.String, java.lang.String, int),-,14450,int com.android.server.am.ActivityManagerService.bindIsolatedService(android.app.IApplicationThread, android.os.IBinder, android.content.Intent, java.lang.String, android.app.IServiceConnection, int, java.lang.String, java.lang.String, int),1]
10-16 11:58:00.465 I/dvm_lock_sample( 1594): [system_server,1,main,13,BroadcastDispatcher.java,186,void com.android.server.am.BroadcastDispatcher$1.broadcastAlarmComplete(int),ActivityManagerService.java,16095,void com.android.server.am.ActivityManagerService.finishReceiver(android.os.IBinder, int, java.lang.String, android.os.Bundle, boolean, int),2]
10-16 11:59:10.123 I/dvm_lock_sample( 1594): [system_server,1,Binder:1594_5,8,ActivityManagerService.java,6752,java.lang.String com.android.server.am.ActivityManagerService.checkContentProviderAccess(java.lang.String, int),-,14450,int com.android.server.am.ActivityManagerService.bindIsolatedService(android.app.IApplicationThread, android.os.IBinder, android.content.Intent, java.lang.String, android.app.IServiceConnection, int, java.lang.String, java.lang.String, int),1]
10-16 12:10:09.015 I/dvm_lock_sample( 1594): [system_server,0,miui.fg,8,ActivityManagerService.java,10090,int com.android.server.am.ActivityManagerService.getMemoryTrimLevel(),-,16095,void com.android.server.am.ActivityManagerService.finishReceiver(android.os.IBinder, int, java.lang.String, android.os.Bundle, boolean, int),1]
10-16 12:13:01.502 I/dvm_lock_sample( 1594): [system_server,1,Binder:1594_C,14,ActivityManagerService.java,6978,android.app.ContentProviderHolder com.android.server.am.ActivityManagerService.getContentProviderImpl(android.app.IApplicationThread, java.lang.String, android.os.IBinder, int, java.lang.String, java.lang.String, boolean, int),-,14494,void com.android.server.am.ActivityManagerService.serviceDoneExecuting(android.os.IBinder, int, int, int),2]
10-16 12:13:04.216 I/dvm_lock_sample( 1594): [system_server,1,Binder:1594_19,9,ActivityManagerService.java,6752,java.lang.String com.android.server.am.ActivityManagerService.checkContentProviderAccess(java.lang.String, int),-,14450,int com.android.server.am.ActivityManagerService.bindIsolatedService(android.app.IApplicationThread, android.os.IBinder, android.content.Intent, java.lang.String, android.app.IServiceConnection, int, java.lang.String, java.lang.String, int),1]
10-16 12:13:15.013 I/dvm_lock_sample( 1594): [system_server,1,Binder:1594_1C,13,ActivityManagerService.java,14450,int com.android.server.am.ActivityManagerService.bindIsolatedService(android.app.IApplicationThread, android.os.IBinder, android.content.Intent, java.lang.String, android.app.IServiceConnection, int, java.lang.String, java.lang.String, int),-,14450,int com.android.server.am.ActivityManagerService.bindIsolatedService(android.app.IApplicationThread, android.os.IBinder, android.content.Intent, java.lang.String, android.app.IServiceConnection, int, java.lang.String, java.lang.String, int),2]
10-16 12:15:50.505 I/dvm_lock_sample( 1594): [system_server,0,miui.fg,5,ActivityManagerService.java,5955,boolean com.android.server.am.ActivityManagerService.isAppBad(android.content.pm.ApplicationInfo),-,14494,void com.android.server.am.ActivityManagerService.serviceDoneExecuting(android.os.IBinder, int, int, int),1]
10-16 12:20:09.693 I/dvm_lock_sample( 1594): [system_server,1,android.ui,26,ActivityManagerService.java,3378,void com.android.server.am.ActivityManagerService.dispatchUidsChanged(),-,1537,void com.android.server.am.ActivityManagerService$AppDeathRecipient.binderDied(),5]
10-16 12:20:12.754 I/dvm_lock_sample( 1594): [system_server,1,Binder:1594_18,14,ActivityManagerService.java,14450,int com.android.server.am.ActivityManagerService.bindIsolatedService(android.app.IApplicationThread, android.os.IBinder, android.content.Intent, java.lang.String, android.app.IServiceConnection, int, java.lang.String, java.lang.String, int),-,14450,int com.android.server.am.ActivityManagerService.bindIsolatedService(android.app.IApplicationThread, android.os.IBinder, android.content.Intent, java.lang.String, android.app.IServiceConnection, int, java.lang.String, java.lang.String, int),2]
10-16 12:20:12.877 I/dvm_lock_sample( 1594): [system_server,1,Binder:1594_16,8,ActivityManagerService.java,6181,boolean com.android.server.am.ActivityManagerService.isAppStartModeDisabled(int, java.lang.String),-,14450,int com.android.server.am.ActivityManagerService.bindIsolatedService(android.app.IApplicationThread, android.os.IBinder, android.content.Intent, java.lang.String, android.app.IServiceConnection, int, java.lang.String, java.lang.String, int),1]
10-16 12:20:24.641 I/dvm_lock_sample( 1594): [system_server,0,Binder:1594_6,27,ActivityTaskManagerService.java,6551,int com.android.server.wm.ActivityTaskManagerService$LocalService.getTopProcessState(),ActivityStarter.java,1313,int com.android.server.wm.ActivityStarter.startActivityMayWait(android.app.IApplicationThread, int, java.lang.String, int, int, android.content.Intent, java.lang.String, android.service.voice.IVoiceInteractionSession, com.android.internal.app.IVoiceInteractor, android.os.IBinder, java.lang.String, int, int, android.app.ProfilerInfo, android.app.WaitResult, android.content.res.Configuration, com.android.server.wm.SafeActivityOptions, boolean, int, com.android.server.wm.TaskRecord, java.lang.String, boolean, com.android.server.am.PendingIntentRecord, boolean),5]
10-16 12:20:27.770 I/dvm_lock_sample( 1594): [system_server,1,android.display,23,ActivityManagerService.java,18601,void com.android.server.am.ActivityManagerService$LocalService.scheduleAppGcs(),-,14463,boolean com.android.server.am.ActivityManagerService.unbindService(android.app.IServiceConnection),4]
10-16 12:22:51.621 I/sysui_multi_action( 1594): [757,147,758,4,759,1,806,com.idealinspecao.perueiroapp]
10-16 12:22:51.835 I/dvm_lock_sample( 1594): [system_server,1,Binder:1594_F,19,ActivityManagerService.java,6752,java.lang.String com.android.server.am.ActivityManagerService.checkContentProviderAccess(java.lang.String, int),-,6978,android.app.ContentProviderHolder com.android.server.am.ActivityManagerService.getContentProviderImpl(android.app.IApplicationThread, java.lang.String, android.os.IBinder, int, java.lang.String, java.lang.String, boolean, int),3]
10-16 12:22:51.839 I/dvm_lock_sample( 1594): [system_server,1,Binder:1594_18,17,ActivityManagerService.java,14463,boolean com.android.server.am.ActivityManagerService.unbindService(android.app.IServiceConnection),-,14450,int com.android.server.am.ActivityManagerService.bindIsolatedService(android.app.IApplicationThread, android.os.IBinder, android.content.Intent, java.lang.String, android.app.IServiceConnection, int, java.lang.String, java.lang.String, int),3]
10-16 12:22:51.886 I/dvm_lock_sample( 1594): [system_server,1,Binder:1594_D,29,ActivityManagerService.java,6978,android.app.ContentProviderHolder com.android.server.am.ActivityManagerService.getContentProviderImpl(android.app.IApplicationThread, java.lang.String, android.os.IBinder, int, java.lang.String, java.lang.String, boolean, int),-,14450,int com.android.server.am.ActivityManagerService.bindIsolatedService(android.app.IApplicationThread, android.os.IBinder, android.content.Intent, java.lang.String, android.app.IServiceConnection, int, java.lang.String, java.lang.String, int),5]
10-16 12:22:52.323 I/am_create_activity( 1594): [0,165793715,1498,com.idealinspecao.perueiroapp/.MainActivity,NULL,NULL,NULL,268435456]
10-16 12:22:52.413 I/am_proc_start( 1594): [0,14844,11376,com.idealinspecao.perueiroapp,activity,{com.idealinspecao.perueiroapp/com.idealinspecao.perueiroapp.MainActivity}]
10-16 12:22:52.592 I/am_proc_bound( 1594): [0,14844,com.idealinspecao.perueiroapp]
10-16 12:22:52.598 I/am_restart_activity( 1594): [0,165793715,1498,com.idealinspecao.perueiroapp/.MainActivity,14844]
10-16 12:22:52.599 I/GST     (10006): forePkg: com.idealinspecao.perueiroapp, preForePkg: com.miui.home
10-16 12:22:52.599 D/AutoInstallService(13919): onForegroundInfoChanged: com.idealinspecao.perueiroapp
10-16 12:22:52.603 I/ProcessMonitor(13735): onForegroundInfoChanged: ForegroundInfo{mForegroundPackageName='com.idealinspecao.perueiroapp', mForegroundUid=11376, mForegroundPid=14844, mLastForegroundPackageName='com.miui.home', mLastForegroundUid=10064, mLastForegroundPid=2404, mMultiWindowForegroundPackageName='null', mMultiWindowForegroundUid=-1, mFlags=1}
10-16 12:22:52.616 I/am_set_resumed_activity( 1594): [0,com.idealinspecao.perueiroapp/.MainActivity,minimalResumeActivityLocked]
10-16 12:22:52.616 W/ActivityTaskManager( 1594): Request to remove task ignored for non-existent task 1497
10-16 12:22:52.716 I/PI-ScanDispatch(14689): service bind, pkgName = com.idealinspecao.perueiroapp, installer = null, isReplace = false, firstGoogleTime = 1614890563430
10-16 12:22:53.096 I/ActivityManager( 1594): Process com.miui.core (pid 13919) has died: svcb SVC 
10-16 12:22:53.109 W/ActivityManager( 1594): Scheduling restart of crashed service com.miui.core/miui.autoinstall.config.service.AutoInstallService in 59963ms
10-16 12:22:53.161 I/ActivityManager( 1594): Start proc 14968:com.miui.powerkeeper/1000 for service {com.miui.powerkeeper/com.miui.powerkeeper.feedbackcontrol.FeedbackControlService} caller=com.miui.powerkeeper
10-16 12:22:53.217 D/AppActiveReceiver(14861): receive app active broadcast for: com.idealinspecao.perueiroapp, install from: null
10-16 12:22:53.244 I/ActivityManager( 1594): Process android.process.acore (pid 13096) has died: cch+55 CEM 
10-16 12:22:53.264 D/AppActiveReceiver(13576): receive app active broadcast for: com.idealinspecao.perueiroapp, install from: null
10-16 12:22:53.578 I/ThumbnailBlurUtils(13735): loadPrivacyThumbnailBlurMonthly successd{"com.anydesk.anydeskandroid":5,"com.miui.player":27,"com.xiaomi.mipicks":5,"videoeditor.videorecorder.screenrecorder":5,"com.miui.compass":5,"com.otimiza.samplelivenessapp.xamarin":-1,"com.miui.calculator":5,"com.android.deskclock":5,"com.xiaomi.scanner":5,"com.xiaomi.midrop":5,"com.ozforensics.liveness.demo":-1,"com.miui.securitycenter":5,"com.google.android.apps.meetings":-1,"com.android.vending":5,"com.android.chrome":-1,"com.google.android.apps.photos":-1,"com.mi.android.globalFileexplorer":5,"com.google.android.apps.docs":5,"br.com.otimizaugc.vistosoftapp":-1,"com.duokan.phone.remotecontroller":5,"com.miui.gallery":6,"com.ypcc.otgcamera":-1,"com.google.android.youtube":-1,"com.idealinspecao.perueiroapp":-1,"com.miui.screenrecorder":5,"com.google.android.apps.maps":-1,"com.google.android.apps.tachyon":5,"com.miui.videoplayer":27,"net.sourceforge.opencamera":5,"com.mi.globalbrowser":5,"com.google.android.apps.messaging":5,"com.miui.notes":5,"com.google.android.videos":-1,"com.google.android.googlequicksearchbox":-1,"com.miui.miservice":5,"com.google.ar.lens":5,"com.google.android.contacts":-1,"net.openvpn.openvpn":5,"com.mi.android.globalminusscreen":5,"com.airbeat.device.inspector":5,"com.miui.weather2":5,"com.otimizati.liveness.sampleapp.dev":-1,"com.miui.fm":27,"com.android.providers.downloads.ui":5,"com.android.thememanager":5,"com.xiaomi.calendar":-1,"com.google.android.dialer":-1,"com.android.camera":6,"com.google.android.gm":5,"com.tony.molink.howifi":-1,"com.android.settings":-1,"com.xiaomi.glgm":5,"com.google.android.music":5,"com.google.android.apps.authenticator2":-1,"com.android.soundrecorder":5}
10-16 12:22:53.584 I/ActivityManager( 1594): Process com.android.chrome (pid 13510) has died: cch+75 CEM 
10-16 12:22:53.593 I/ActivityManager( 1594): Process com.google.android.apps.turbo:aab (pid 13447) has died: cch+85 CEM 
10-16 12:22:53.627 I/ActivityManager( 1594): Start proc 15058:com.android.vending/u0a54 for service {com.android.vending/com.google.android.finsky.developergroupidinfo.DeveloperGroupIdInfoService} caller=com.google.android.gms
10-16 12:22:53.684 I/dvm_lock_sample( 1594): [system_server,0,Binder:1594_11,43,ActivityManagerService.java,14494,void com.android.server.am.ActivityManagerService.serviceDoneExecuting(android.os.IBinder, int, int, int),-,14343,void com.android.server.am.ActivityManagerService.setServiceForeground(android.content.ComponentName, android.os.IBinder, int, android.app.Notification, int, int),8]
10-16 12:22:53.758 I/notification_cancel_all( 1594): [1000,1594,com.idealinspecao.perueiroapp,0,0,0,5,NULL]
10-16 12:22:53.970 I/ActivityManager( 1594): Process com.google.process.gapps (pid 13481) has died: cch+85 CEM 
10-16 12:22:54.000 I/ActivityManager( 1594): Process com.google.android.partnersetup (pid 13412) has died: cch+75 CEM 
10-16 12:22:54.029 I/ActivityManager( 1594): Process com.google.android.gm (pid 13958) has died: cch+65 CEM 
10-16 12:22:54.044 I/ActivityManager( 1594): Process com.miui.weather2 (pid 14284) has died: cch+55 CEM 
10-16 12:22:54.077 I/dvm_lock_sample( 1594): [system_server,1,Binder:1594_14,13,ActivityManagerService.java,1537,void com.android.server.am.ActivityManagerService$AppDeathRecipient.binderDied(),-,1537,void com.android.server.am.ActivityManagerService$AppDeathRecipient.binderDied(),2]
10-16 12:22:54.078 I/ActivityManager( 1594): Process com.google.android.apps.messaging (pid 12943) has died: cch+45 CEM 
10-16 12:22:54.165 I/ActivityManager( 1594): Process com.google.android.apps.turbo (pid 14134) has died: cch+35 CEM 
10-16 12:22:54.664 I/ActivityManager( 1594): Process com.miui.securitycenter (pid 14575) has died: cch+35 CEM 
10-16 12:22:54.691 I/dvm_lock_sample( 1594): [system_server,1,Binder:1594_15,24,ActivityManagerService.java,14335,boolean com.android.server.am.ActivityManagerService.stopServiceToken(android.content.ComponentName, android.os.IBinder, int),-,1537,void com.android.server.am.ActivityManagerService$AppDeathRecipient.binderDied(),4]
10-16 12:22:54.762 W/XSpaceManagerService( 1594): update XSpace App: packageName:com.idealinspecao.perueiroapp, user:UserHandle{0}, action:android.intent.action.PACKAGE_ADDED
10-16 12:22:54.763 D/Launcher.Model( 2404): LauncherAppsCallback onPackageAdded|com.idealinspecao.perueiroapp|UserHandle{0}
10-16 12:22:54.765 D/Launcher.Model( 2404): Got broadcast:Intent { act=android.intent.action.PACKAGE_ADDED dat=package:com.idealinspecao.perueiroapp (has extras) }
10-16 12:22:54.914 E/Launcher.AllAppsList( 2404): Can't load postion for packageName: com.idealinspecao.perueiroapp activityName: com.idealinspecao.perueiroapp.MainActivity
10-16 12:22:54.946 D/AutoInstallsParser( 2404): isPAIPackageName: com.idealinspecao.perueiroapp
10-16 12:22:54.958 D/Launcher.Model( 2404): onReceiveBackground, mAllAppsList=add=[(0, AppInfo, id=-1, itemType=0, user=UserHandle{0}, mIconType=0, pkgName=com.idealinspecao.perueiroapp, className=com.idealinspecao.perueiroapp.MainActivity, screenId=-1, container=-1, cellX=-1, cellY=-1, spanX=1, spanY=1, isLandscapePos=false)], remove=[], modified=[]
10-16 12:22:54.959 D/Launcher( 2404): add item to launcher when bind apps added, info=ShortcutInfo, id=-1, itemType=0, user=UserHandle{0}, mIconType=0, pkgName=com.idealinspecao.perueiroapp, className=com.idealinspecao.perueiroapp.MainActivity, screenId=-1, container=-1, cellX=-1, cellY=-1, spanX=1, spanY=1, isLandscapePos=false
10-16 12:22:54.965 D/Launcher( 2404): addItemToWorkspace, add item into db, item=ShortcutInfo, id=-1, itemType=0, user=UserHandle{0}, mIconType=0, pkgName=com.idealinspecao.perueiroapp, className=com.idealinspecao.perueiroapp.MainActivity, screenId=2, container=-100, cellX=4, cellY=4, spanX=1, spanY=1, isLandscapePos=false
10-16 12:22:54.966 D/Launcher.Model( 2404): Insert item com.idealinspecao.perueiroapp to database (4, 4) of screen 2
10-16 12:22:54.966 D/Launcher.ShortcutInfo( 2404): onAddToDatabase, this=ShortcutInfo, id=1324, itemType=0, user=UserHandle{0}, mIconType=0, pkgName=com.idealinspecao.perueiroapp, className=com.idealinspecao.perueiroapp.MainActivity, screenId=2, container=-100, cellX=4, cellY=4, spanX=1, spanY=1, isLandscapePos=false
10-16 12:22:54.967 D/Launcher.CellLayout( 2404): updateCellOccupiedMarks, update, ShortcutInfo, id=1324, itemType=0, user=UserHandle{0}, mIconType=0, pkgName=com.idealinspecao.perueiroapp, className=com.idealinspecao.perueiroapp.MainActivity, screenId=2, container=-100, cellX=4, cellY=4, spanX=1, spanY=1, isLandscapePos=false
10-16 12:22:55.015 I/ActivityManager( 1594): Process com.google.android.packageinstaller (pid 14668) has died: cch+35 CEM 
10-16 12:22:55.084 I/ActivityManager( 1594): Process com.xiaomi.mipicks (pid 13576) has died: cch+15 CEM 
10-16 12:22:55.109 I/ActivityManager( 1594): Process com.xiaomi.discover (pid 14861) has died: cch+15 CEM 
10-16 12:22:55.151 D/Launcher.CellLayout( 2404): updateCellOccupiedMarks, update, ShortcutInfo, id=1324, itemType=0, user=UserHandle{0}, mIconType=0, pkgName=com.idealinspecao.perueiroapp, className=com.idealinspecao.perueiroapp.MainActivity, screenId=2, container=-100, cellX=4, cellY=4, spanX=1, spanY=1, isLandscapePos=false
10-16 12:22:55.305 I/ActivityManager( 1594): Start proc 15253:com.google.android.webview:sandboxed_process0:org.chromium.content.app.SandboxedProcessService0:0/u0i704 for  {com.miui.global.packageinstaller/org.chromium.content.app.SandboxedProcessService0:0} caller=com.miui.global.packageinstaller
10-16 12:22:55.388 W/ActivityManager( 1594): Sending non-protected broadcast action_temp_state_change from system 14968:com.miui.powerkeeper/1000 pkg com.miui.powerkeeper. Callers=
10-16 12:22:55.388 W/ActivityManager( 1594): Sending non-protected broadcast action_temp_state_change from system 14968:com.miui.powerkeeper/1000 pkg com.miui.powerkeeper. Callers=
10-16 12:22:55.458 W/ActivityManager( 1594): Failure sending service com.miui.global.packageinstaller/org.chromium.content.app.SandboxedProcessService0:0 to connection android.os.BinderProxy@65a988d (in com.miui.global.packageinstaller)
10-16 12:22:55.458 W/ActivityManager( 1594): android.os.DeadObjectException
10-16 12:22:55.458 W/ActivityManager( 1594): 	at android.os.BinderProxy.transactNative(Native Method)
10-16 12:22:55.458 W/ActivityManager( 1594): 	at android.os.BinderProxy.transact(BinderProxy.java:511)
10-16 12:22:55.458 W/ActivityManager( 1594): 	at android.app.IServiceConnection$Stub$Proxy.connected(IServiceConnection.java:129)
10-16 12:22:55.458 W/ActivityManager( 1594): 	at com.android.server.am.ActiveServices.publishServiceLocked(ActiveServices.java:2002)
10-16 12:22:55.458 W/ActivityManager( 1594): 	at com.android.server.am.ActivityManagerService.publishService(ActivityManagerService.java:14478)
10-16 12:22:55.458 W/ActivityManager( 1594): 	at android.app.IActivityManager$Stub.onTransact(IActivityManager.java:2385)
10-16 12:22:55.458 W/ActivityManager( 1594): 	at com.android.server.am.ActivityManagerService.onTransact(ActivityManagerService.java:2800)
10-16 12:22:55.458 W/ActivityManager( 1594): 	at android.os.Binder.execTransactInternal(Binder.java:1021)
10-16 12:22:55.458 W/ActivityManager( 1594): 	at android.os.Binder.execTransact(Binder.java:994)
10-16 12:22:55.459 W/ActivityManager( 1594): Failure sending service com.miui.global.packageinstaller/org.chromium.content.app.SandboxedProcessService0:0 to connection android.os.BinderProxy@2037a53 (in com.miui.global.packageinstaller)
10-16 12:22:55.459 W/ActivityManager( 1594): android.os.DeadObjectException
10-16 12:22:55.459 W/ActivityManager( 1594): 	at android.os.BinderProxy.transactNative(Native Method)
10-16 12:22:55.459 W/ActivityManager( 1594): 	at android.os.BinderProxy.transact(BinderProxy.java:511)
10-16 12:22:55.459 W/ActivityManager( 1594): 	at android.app.IServiceConnection$Stub$Proxy.connected(IServiceConnection.java:129)
10-16 12:22:55.459 W/ActivityManager( 1594): 	at com.android.server.am.ActiveServices.publishServiceLocked(ActiveServices.java:2002)
10-16 12:22:55.459 W/ActivityManager( 1594): 	at com.android.server.am.ActivityManagerService.publishService(ActivityManagerService.java:14478)
10-16 12:22:55.459 W/ActivityManager( 1594): 	at android.app.IActivityManager$Stub.onTransact(IActivityManager.java:2385)
10-16 12:22:55.459 W/ActivityManager( 1594): 	at com.android.server.am.ActivityManagerService.onTransact(ActivityManagerService.java:2800)
10-16 12:22:55.459 W/ActivityManager( 1594): 	at android.os.Binder.execTransactInternal(Binder.java:1021)
10-16 12:22:55.459 W/ActivityManager( 1594): 	at android.os.Binder.execTransact(Binder.java:994)
10-16 12:22:55.503 I/ActivityManager( 1594): Process com.miui.global.packageinstaller (pid 14689) has died: cch+15 CEM 
10-16 12:22:55.561 I/ActivityManager( 1594): Killing 15253:com.google.android.webview:sandboxed_process0:org.chromium.content.app.SandboxedProcessService0:0/u0a121i704 (adj 0): isolated not needed
10-16 12:22:55.797 I/ActivityManager( 1594): Process com.android.settings:remote (pid 14395) has died: svcb SVC 
10-16 12:22:55.802 W/ActivityManager( 1594): Scheduling restart of crashed service com.android.settings/.dangerousoptions.DangerousOptionsWarningService in 1000ms
10-16 12:22:55.813 I/ActivityManager( 1594): Process com.qualcomm.qti.workloadclassifier (pid 14316) has died: svcb SVC 
10-16 12:22:55.817 W/ActivityManager( 1594): Scheduling restart of crashed service com.qualcomm.qti.workloadclassifier/.WLCService in 10984ms
10-16 12:22:55.906 I/ActivityManager( 1594): Process com.android.vending (pid 15058) has died: cch+5 CEM 
10-16 12:22:55.917 I/dvm_lock_sample( 1594): [system_server,1,Binder:1594_C,13,ActivityManagerService.java,5827,java.lang.String com.android.server.am.ActivityManagerService.getTagForIntentSender(android.content.IIntentSender, java.lang.String),-,1537,void com.android.server.am.ActivityManagerService$AppDeathRecipient.binderDied(),2]
10-16 12:22:56.426 I/ActivityManager( 1594): Process com.qualcomm.qti.qdma (pid 14367) has died: svcb SVC 
10-16 12:22:56.433 W/ActivityManager( 1594): Scheduling restart of crashed service com.qualcomm.qti.qdma/.job.QDMAJobService in 20368ms
10-16 12:22:56.434 W/ActivityManager( 1594): Scheduling restart of crashed service com.qualcomm.qti.qdma/.uploader.UploaderService in 30368ms
10-16 12:22:56.827 I/ActivityManager( 1594): Start proc 15313:com.android.settings:remote/1000 for service {com.android.settings/com.android.settings.dangerousoptions.DangerousOptionsWarningService} caller=com.android.settings
10-16 12:22:57.065 I/ActivityManager( 1594): Process com.huaqin.sarcontroller:controller (pid 14746) has died: svcb SVC 
10-16 12:22:57.072 W/ActivityManager( 1594): Scheduling restart of crashed service com.huaqin.sarcontroller/.SarControllerService in 0ms
10-16 12:22:57.094 I/ActivityManager( 1594): Process com.qualcomm.telephony (pid 14182) has died: svcb SVC 
10-16 12:22:57.101 W/ActivityManager( 1594): Scheduling restart of crashed service com.qualcomm.atfwd/.AtFwdService in 39700ms
10-16 12:22:57.106 I/ActivityManager( 1594): Start proc 15333:com.huaqin.sarcontroller:controller/1000 for service {com.huaqin.sarcontroller/com.huaqin.sarcontroller.SarControllerService} caller=com.huaqin.sarcontroller
10-16 12:22:57.196 I/ActivityManager( 1594): Process com.huaqin.diaglogger (pid 14342) has died: svcb SVC 
10-16 12:22:57.201 W/ActivityManager( 1594): Scheduling restart of crashed service com.huaqin.diaglogger/.DiagLogService in 65872ms
10-16 12:22:57.292 E/Perf    (14844): Fail to get file list com.idealinspecao.perueiroapp
10-16 12:22:57.290 I/am_lifecycle_sample(14844): [0,com.idealinspecao.perueiroapp,110,4646]
10-16 12:22:57.292 E/Perf    (14844): Fail to get file list com.idealinspecao.perueiroapp
10-16 12:22:57.492 D/ForceDarkHelper(14844): updateByCheckExcludeList: pkg: com.idealinspecao.perueiroapp activity: com.idealinspecao.perueiroapp.MainActivity@894484a
10-16 12:22:57.497 I/chatty  (14844): uid=11376(com.idealinspecao.perueiroapp) identical 1 line
10-16 12:22:57.509 D/ForceDarkHelper(14844): updateByCheckExcludeList: pkg: com.idealinspecao.perueiroapp activity: com.idealinspecao.perueiroapp.MainActivity@894484a
10-16 12:22:57.562 I/am_on_create_called(14844): [0,com.idealinspecao.perueiroapp.MainActivity,performCreate,120]
10-16 12:22:57.576 I/am_on_start_called(14844): [0,com.idealinspecao.perueiroapp.MainActivity,handleStartActivity,0]
10-16 12:22:57.580 I/am_on_resume_called(14844): [0,com.idealinspecao.perueiroapp.MainActivity,RESUME_ACTIVITY,2]
10-16 12:22:57.618 W/Looper  (14844): Slow Looper main: Activity com.idealinspecao.perueiroapp/.MainActivity is 4607ms late (wall=316ms running=0ms ClientTransaction{ callbacks=[android.app.servertransaction.LaunchActivityItem] lifecycleRequest=android.app.servertransaction.ResumeActivityItem }) because of 1 msg, msg 1 took 4647ms (seq=2 late=2ms h=android.app.ActivityThread$H w=110)
10-16 12:22:57.618 I/am_on_top_resumed_gained_called(14844): [0,com.idealinspecao.perueiroapp.MainActivity,topStateChangedWhenResumed]
10-16 12:22:57.619 W/Looper  (14844): Slow Looper main: Activity com.idealinspecao.perueiroapp/.MainActivity is 4923ms late (wall=0ms running=0ms ClientTransaction{ callbacks=[android.app.servertransaction.TopResumedActivityChangeItem] }) because of 2 msg, msg 1 took 4647ms (seq=2 late=2ms h=android.app.ActivityThread$H w=110), msg 2 took 316ms (seq=3 late=4607ms h=android.app.ActivityThread$H w=159)
===== END SNAPSHOT =====
