10-16 11:18:48.024 I/dvm_lock_sample( 1594): [system_server,1,Binder:1594_11,12,ActivityManagerService.java,15989,int com.android.server.am.ActivityManagerService.broadcastIntent(android.app.IApplicationThread, android.content.Intent, java.lang.String, android.content.IIntentReceiver, int, java.lang.String, android.os.Bundle, java.lang.String[], int, android.os.Bundle, boolean, boolean, int),BroadcastQueue.java,984,void com.android.server.am.BroadcastQueue.processNextBroadcast(boolean, boolean),2]
10-16 11:18:51.250 I/dvm_lock_sample( 1594): [system_server,1,Binder:1594_5,5,ActivityManagerService.java,8605,boolean com.android.server.am.ActivityManagerService.isUidActive(int, java.lang.String),-,16095,void com.android.server.am.ActivityManagerService.finishReceiver(android.os.IBinder, int, java.lang.String, android.os.Bundle, boolean, int),1]
10-16 11:20:03.740 I/dvm_lock_sample( 1594): [system_server,1,Binder:1594_15,25,ActivityManagerService.java,7717,boolean com.android.server.am.ActivityManagerService.refContentProvider(android.os.IBinder, int, int),-,7717,boolean com.android.server.am.ActivityManagerService.refContentProvider(android.os.IBinder, int, int),5]
10-16 11:20:09.881 I/dvm_lock_sample( 1594): [system_server,1,Binder:1594_19,21,ActivityManagerService.java,5827,java.lang.String com.android.server.am.ActivityManagerService.getTagForIntentSender(android.content.IIntentSender, java.lang.String),-,14450,int com.android.server.am.ActivityManagerService.bindIsolatedService(android.app.IApplicationThread, android.os.IBinder, android.content.Intent, java.lang.String, android.app.IServiceConnection, int, java.lang.String, java.lang.String, int),4]
10-16 11:20:09.881 I/dvm_lock_sample( 1594): [system_server,1,Binder:1594_9,19,ActivityManagerService.java,14474,void com.android.server.am.ActivityManagerService.publishService(android.os.IBinder, android.content.Intent, android.os.IBinder),-,14450,int com.android.server.am.ActivityManagerService.bindIsolatedService(android.app.IApplicationThread, android.os.IBinder, android.content.Intent, java.lang.String, android.app.IServiceConnection, int, java.lang.String, java.lang.String, int),3]
10-16 11:20:14.432 I/dvm_lock_sample( 1594): [system_server,1,Binder:1594_B,20,ActivityManagerService.java,15989,int com.android.server.am.ActivityManagerService.broadcastIntent(android.app.IApplicationThread, android.content.Intent, java.lang.String, android.content.IIntentReceiver, int, java.lang.String, android.os.Bundle, java.lang.String[], int, android.os.Bundle, boolean, boolean, int),-,14463,boolean com.android.server.am.ActivityManagerService.unbindService(android.app.IServiceConnection),4]
10-16 11:20:31.995 I/dvm_lock_sample( 1594): [system_server,1,Binder:1594_A,17,ActivityManagerService.java,14450,int com.android.server.am.ActivityManagerService.bindIsolatedService(android.app.IApplicationThread, android.os.IBinder, android.content.Intent, java.lang.String, android.app.IServiceConnection, int, java.lang.String, java.lang.String, int),-,14450,int com.android.server.am.ActivityManagerService.bindIsolatedService(android.app.IApplicationThread, android.os.IBinder, android.content.Intent, java.lang.String, android.app.IServiceConnection, int, java.lang.String, java.lang.String, int),3]
10-16 11:20:42.784 I/dvm_lock_sample( 1594): [system_server,1,Binder:1594_18,22,ActivityManagerService.java,14463,boolean com.android.server.am.ActivityManagerService.unbindService(android.app.IServiceConnection),-,14450,int com.android.server.am.ActivityManagerService.bindIsolatedService(android.app.IApplicationThread, android.os.IBinder, android.content.Intent, java.lang.String, android.app.IServiceConnection, int, java.lang.String, java.lang.String, int),4]
10-16 11:20:51.253 I/dvm_lock_sample( 1594): [system_server,1,Binder:1594_1C,5,ActivityManagerService.java,8605,boolean com.android.server.am.ActivityManagerService.isUidActive(int, java.lang.String),-,14285,android.content.ComponentName com.android.server.am.ActivityManagerService.startService(android.app.IApplicationThread, android.content.Intent, java.lang.String, boolean, java.lang.String, int),1]
10-16 11:21:42.853 I/dvm_lock_sample( 1594): [system_server,1,Binder:1594_13,29,ProcessManagerService.java,1704,java.util.List com.android.server.am.ProcessManagerService.getRunningProcessInfo(int, int, java.lang.String, java.lang.String, int),ActivityManagerService.java,1537,void com.android.server.am.ActivityManagerService$AppDeathRecipient.binderDied(),5]
10-16 11:33:04.561 I/dvm_lock_sample( 1594): [system_server,0,Binder:1594_1,21,ActivityManagerService.java,14494,void com.android.server.am.ActivityManagerService.serviceDoneExecuting(android.os.IBinder, int, int, int),-,14450,int com.android.server.am.ActivityManagerService.bindIsolatedService(android.app.IApplicationThread, android.os.IBinder, android.content.Intent, java.lang.String, android.app.IServiceConnection, int, java.lang.String, java.lang.String, int),4]
10-16 11:37:47.337 I/dvm_lock_sample( 1594): [system_server,0,Binder:1594_1E,16,ActivityManagerService.java,14494,void com.android.server.am.ActivityManagerService.serviceDoneExecuting(android.os.IBinder, int, int, int),-,14463,boolean com.android.server.am.ActivityManagerService.unbindService(android.app.IServiceConnection),3]
10-16 11:37:47.365 I/dvm_lock_sample( 1594): [system_server,1,Binder:1594_18,16,ActivityManagerService.java,14335,boolean com.android.server.am.ActivityManagerService.stopServiceToken(android.content.ComponentName, android.os.IBinder, int),-,14450,int com.android.server.am.ActivityManagerService.bindIsolatedService(android.app.IApplicationThread, android.os.IBinder, android.content.Intent, java.lang.String, android.app.IServiceConnection, int, java.lang.String, java.lang.String, int),3]
10-16 11:41:47.869 I/dvm_lock_sample( 1594): [system_server,1,main,71,ActivityTaskManagerService.java,2624,boolean com.android.server.wm.ActivityTaskManagerService.isControllerAMonkey(),-,6869,boolean com.android.server.wm.ActivityTaskManagerService$LocalService.startHomeOnDisplay(int, java.lang.String, int, boolean, boolean),14]
10-16 11:41:47.871 I/dvm_lock_sample( 1594): [system_server,1,Binder:1594_15,18,ActivityManagerService.java,15989,int com.android.server.am.ActivityManagerService.broadcastIntent(android.app.IApplicationThread, android.content.Intent, java.lang.String, android.content.IIntentReceiver, int, java.lang.String, android.os.Bundle, java.lang.String[], int, android.os.Bundle, boolean, boolean, int),-,8416,boolean com.android.server.am.ActivityManagerService.isUserAMonkey(),3]
10-16 11:43:53.888 I/dvm_lock_sample( 1594): [system_server,1,Binder:1594_11,757,WindowProcessUtils.java,405,java.lang.String com.android.server.wm.WindowProcessUtils.getCallerPackageName(com.android.server.wm.ActivityTaskManagerService, android.app.IApplicationThread),ActivityStarter.java,1313,int com.android.server.wm.ActivityStarter.startActivityMayWait(android.app.IApplicationThread, int, java.lang.String, int, int, android.content.Intent, java.lang.String, android.service.voice.IVoiceInteractionSession, com.android.internal.app.IVoiceInteractor, android.os.IBinder, java.lang.String, int, int, android.app.ProfilerInfo, android.app.WaitResult, android.content.res.Configuration, com.android.server.wm.SafeActivityOptions, boolean, int, com.android.server.wm.TaskRecord, java.lang.String, boolean, com.android.server.am.PendingIntentRecord, boolean),100]
10-16 11:43:53.890 I/dvm_lock_sample( 1594): [system_server,1,Binder:1594_1C,676,WindowProcessUtils.java,405,java.lang.String com.android.server.wm.WindowProcessUtils.getCallerPackageName(com.android.server.wm.ActivityTaskManagerService, android.app.IApplicationThread),ActivityStarter.java,1313,int com.android.server.wm.ActivityStarter.startActivityMayWait(android.app.IApplicationThread, int, java.lang.String, int, int, android.content.Intent, java.lang.String, android.service.voice.IVoiceInteractionSession, com.android.internal.app.IVoiceInteractor, android.os.IBinder, java.lang.String, int, int, android.app.ProfilerInfo, android.app.WaitResult, android.content.res.Configuration, com.android.server.wm.SafeActivityOptions, boolean, int, com.android.server.wm.TaskRecord, java.lang.String, boolean, com.android.server.am.PendingIntentRecord, boolean),100]
10-16 11:43:53.892 I/dvm_lock_sample( 1594): [system_server,1,Binder:1594_E,766,WindowProcessUtils.java,405,java.lang.String com.android.server.wm.WindowProcessUtils.getCallerPackageName(com.android.server.wm.ActivityTaskManagerService, android.app.IApplicationThread),ActivityStarter.java,1313,int com.android.server.wm.ActivityStarter.startActivityMayWait(android.app.IApplicationThread, int, java.lang.String, int, int, android.content.Intent, java.lang.String, android.service.voice.IVoiceInteractionSession, com.android.internal.app.IVoiceInteractor, android.os.IBinder, java.lang.String, int, int, android.app.ProfilerInfo, android.app.WaitResult, android.content.res.Configuration, com.android.server.wm.SafeActivityOptions, boolean, int, com.android.server.wm.TaskRecord, java.lang.String, boolean, com.android.server.am.PendingIntentRecord, boolean),100]
10-16 11:43:53.893 I/dvm_lock_sample( 1594): [system_server,1,Binder:1594_1A,546,WindowProcessUtils.java,405,java.lang.String com.android.server.wm.WindowProcessUtils.getCallerPackageName(com.android.server.wm.ActivityTaskManagerService, android.app.IApplicationThread),ActivityStarter.java,1313,int com.android.server.wm.ActivityStarter.startActivityMayWait(android.app.IApplicationThread, int, java.lang.String, int, int, android.content.Intent, java.lang.String, android.service.voice.IVoiceInteractionSession, com.android.internal.app.IVoiceInteractor, android.os.IBinder, java.lang.String, int, int, android.app.ProfilerInfo, android.app.WaitResult, android.content.res.Configuration, com.android.server.wm.SafeActivityOptions, boolean, int, com.android.server.wm.TaskRecord, java.lang.String, boolean, com.android.server.am.PendingIntentRecord, boolean),100]
10-16 11:43:53.893 I/dvm_lock_sample( 1594): [system_server,1,Binder:1594_4,609,ActivityTaskManagerService.java,1746,void com.android.server.wm.ActivityTaskManagerService.activityTopResumedStateLost(),ActivityStarter.java,1313,int com.android.server.wm.ActivityStarter.startActivityMayWait(android.app.IApplicationThread, int, java.lang.String, int, int, android.content.Intent, java.lang.String, android.service.voice.IVoiceInteractionSession, com.android.internal.app.IVoiceInteractor, android.os.IBinder, java.lang.String, int, int, android.app.ProfilerInfo, android.app.WaitResult, android.content.res.Configuration, com.android.server.wm.SafeActivityOptions, boolean, int, com.android.server.wm.TaskRecord, java.lang.String, boolean, com.android.server.am.PendingIntentRecord, boolean),100]
10-16 11:43:53.894 I/dvm_lock_sample( 1594): [system_server,1,Binder:1594_C,390,WindowProcessUtils.java,405,java.lang.String com.android.server.wm.WindowProcessUtils.getCallerPackageName(com.android.server.wm.ActivityTaskManagerService, android.app.IApplicationThread),ActivityStarter.java,1313,int com.android.server.wm.ActivityStarter.startActivityMayWait(android.app.IApplicationThread, int, java.lang.String, int, int, android.content.Intent, java.lang.String, android.service.voice.IVoiceInteractionSession, com.android.internal.app.IVoiceInteractor, android.os.IBinder, java.lang.String, int, int, android.app.ProfilerInfo, android.app.WaitResult, android.content.res.Configuration, com.android.server.wm.SafeActivityOptions, boolean, int, com.android.server.wm.TaskRecord, java.lang.String, boolean, com.android.server.am.PendingIntentRecord, boolean),78]
10-16 11:43:53.894 I/dvm_lock_sample( 1594): [system_server,1,Binder:1594_A,373,WindowProcessUtils.java,405,java.lang.String com.android.server.wm.WindowProcessUtils.getCallerPackageName(com.android.server.wm.ActivityTaskManagerService, android.app.IApplicationThread),ActivityStarter.java,1313,int com.android.server.wm.ActivityStarter.startActivityMayWait(android.app.IApplicationThread, int, java.lang.String, int, int, android.content.Intent, java.lang.String, android.service.voice.IVoiceInteractionSession, com.android.internal.app.IVoiceInteractor, android.os.IBinder, java.lang.String, int, int, android.app.ProfilerInfo, android.app.WaitResult, android.content.res.Configuration, com.android.server.wm.SafeActivityOptions, boolean, int, com.android.server.wm.TaskRecord, java.lang.String, boolean, com.android.server.am.PendingIntentRecord, boolean),74]
10-16 11:43:53.894 I/binder_sample( 2404): [android.app.IActivityTaskManager,19,612,com.miui.home,100]
10-16 11:43:53.901 I/dvm_lock_sample( 1594): [system_server,1,Binder:1594_17,555,WindowProcessUtils.java,405,java.lang.String com.android.server.wm.WindowProcessUtils.getCallerPackageName(com.android.server.wm.ActivityTaskManagerService, android.app.IApplicationThread),ActivityStarter.java,1313,int com.android.server.wm.ActivityStarter.startActivityMayWait(android.app.IApplicationThread, int, java.lang.String, int, int, android.content.Intent, java.lang.String, android.service.voice.IVoiceInteractionSession, com.android.internal.app.IVoiceInteractor, android.os.IBinder, java.lang.String, int, int, android.app.ProfilerInfo, android.app.WaitResult, android.content.res.Configuration, com.android.server.wm.SafeActivityOptions, boolean, int, com.android.server.wm.TaskRecord, java.lang.String, boolean, com.android.server.am.PendingIntentRecord, boolean),100]
10-16 11:43:53.922 I/dvm_lock_sample( 1594): [system_server,1,Binder:1594_10,712,ActivityManagerService.java,6752,java.lang.String com.android.server.am.ActivityManagerService.checkContentProviderAccess(java.lang.String, int),-,6978,android.app.ContentProviderHolder com.android.server.am.ActivityManagerService.getContentProviderImpl(android.app.IApplicationThread, java.lang.String, android.os.IBinder, int, java.lang.String, java.lang.String, boolean, int),100]
10-16 11:43:53.923 I/dvm_lock_sample( 1594): [system_server,1,Binder:1594_3,643,ActivityManagerService.java,14791,android.content.Intent com.android.server.am.ActivityManagerService.registerReceiver(android.app.IApplicationThread, java.lang.String, android.content.IIntentReceiver, android.content.IntentFilter, java.lang.String, int, int),-,6978,android.app.ContentProviderHolder com.android.server.am.ActivityManagerService.getContentProviderImpl(android.app.IApplicationThread, java.lang.String, android.os.IBinder, int, java.lang.String, java.lang.String, boolean, int),100]
10-16 11:43:53.923 I/dvm_lock_sample( 1594): [system_server,1,Binder:1594_1D,648,ActivityManagerService.java,6752,java.lang.String com.android.server.am.ActivityManagerService.checkContentProviderAccess(java.lang.String, int),-,6978,android.app.ContentProviderHolder com.android.server.am.ActivityManagerService.getContentProviderImpl(android.app.IApplicationThread, java.lang.String, android.os.IBinder, int, java.lang.String, java.lang.String, boolean, int),100]
10-16 11:43:53.927 I/binder_sample( 3433): [android.app.IActivityManager,20,798,com.android.vending:background,100]
10-16 11:43:53.981 I/binder_sample( 2902): [android.app.IActivityManager,27,635,com.miui.global.packageinstaller,100]
10-16 11:43:53.987 I/dvm_lock_sample( 1594): [system_server,1,Binder:1594_1D,63,ActivityManagerService.java,6752,java.lang.String com.android.server.am.ActivityManagerService.checkContentProviderAccess(java.lang.String, int),-,14791,android.content.Intent com.android.server.am.ActivityManagerService.registerReceiver(android.app.IApplicationThread, java.lang.String, android.content.IIntentReceiver, android.content.IntentFilter, java.lang.String, int, int),12]
10-16 11:43:53.988 I/dvm_lock_sample( 1594): [system_server,1,Binder:1594_11,58,ActivityManagerService.java,14450,int com.android.server.am.ActivityManagerService.bindIsolatedService(android.app.IApplicationThread, android.os.IBinder, android.content.Intent, java.lang.String, android.app.IServiceConnection, int, java.lang.String, java.lang.String, int),-,14791,android.content.Intent com.android.server.am.ActivityManagerService.registerReceiver(android.app.IApplicationThread, java.lang.String, android.content.IIntentReceiver, android.content.IntentFilter, java.lang.String, int, int),11]
10-16 11:43:53.989 I/dvm_lock_sample( 1594): [system_server,1,android.ui,43,ActivityManagerService.java,3378,void com.android.server.am.ActivityManagerService.dispatchUidsChanged(),-,14450,int com.android.server.am.ActivityManagerService.bindIsolatedService(android.app.IApplicationThread, android.os.IBinder, android.content.Intent, java.lang.String, android.app.IServiceConnection, int, java.lang.String, java.lang.String, int),8]
10-16 11:43:54.400 I/dvm_lock_sample( 1594): [system_server,1,android.ui,46,ActivityManagerService.java,3272,void com.android.server.am.ActivityManagerService.dispatchProcessesChanged(),-,14463,boolean com.android.server.am.ActivityManagerService.unbindService(android.app.IServiceConnection),9]
10-16 11:43:54.430 I/dvm_lock_sample( 1594): [system_server,1,Binder:1594_4,38,ActivityManagerService.java,14875,android.content.Intent com.android.server.am.ActivityManagerService.registerReceiver(android.app.IApplicationThread, java.lang.String, android.content.IIntentReceiver, android.content.IntentFilter, java.lang.String, int, int),-,1537,void com.android.server.am.ActivityManagerService$AppDeathRecipient.binderDied(),7]
10-16 11:43:55.374 I/dvm_lock_sample( 1594): [system_server,1,ActivityManager:procStart,43,ProcessList.java,1687,void com.android.server.am.ProcessList.lambda$startProcessLocked$0$ProcessList(com.android.server.am.ProcessRecord, java.lang.String, int[], int, int, java.lang.String, java.lang.String, java.lang.String, long),ActivityManagerService.java,1537,void com.android.server.am.ActivityManagerService$AppDeathRecipient.binderDied(),8]
10-16 11:44:10.888 I/dvm_lock_sample( 1594): [system_server,0,Binder:1594_1,10,ActivityManagerService.java,14494,void com.android.server.am.ActivityManagerService.serviceDoneExecuting(android.os.IBinder, int, int, int),-,14463,boolean com.android.server.am.ActivityManagerService.unbindService(android.app.IServiceConnection),2]
10-16 11:44:15.715 I/dvm_lock_sample( 1594): [system_server,1,android.ui,13,ActivityManagerService.java,3312,void com.android.server.am.ActivityManagerService.dispatchProcessesChanged(),BroadcastQueue.java,984,void com.android.server.am.BroadcastQueue.processNextBroadcast(boolean, boolean),2]
10-16 11:44:54.045 I/dvm_lock_sample( 1594): [system_server,0,android.bg,11,ActivityManagerService.java,1964,void com.android.server.am.ActivityManagerService$5.handleMessage(android.os.Message),-,14463,boolean com.android.server.am.ActivityManagerService.unbindService(android.app.IServiceConnection),2]
10-16 11:45:09.553 I/dvm_lock_sample( 1594): [system_server,1,Binder:1594_17,5,ActivityManagerService.java,14450,int com.android.server.am.ActivityManagerService.bindIsolatedService(android.app.IApplicationThread, android.os.IBinder, android.content.Intent, java.lang.String, android.app.IServiceConnection, int, java.lang.String, java.lang.String, int),-,14450,int com.android.server.am.ActivityManagerService.bindIsolatedService(android.app.IApplicationThread, android.os.IBinder, android.content.Intent, java.lang.String, android.app.IServiceConnection, int, java.lang.String, java.lang.String, int),1]
10-16 11:58:00.465 I/dvm_lock_sample( 1594): [system_server,1,main,13,BroadcastDispatcher.java,186,void com.android.server.am.BroadcastDispatcher$1.broadcastAlarmComplete(int),ActivityManagerService.java,16095,void com.android.server.am.ActivityManagerService.finishReceiver(android.os.IBinder, int, java.lang.String, android.os.Bundle, boolean, int),2]
10-16 11:59:10.123 I/dvm_lock_sample( 1594): [system_server,1,Binder:1594_5,8,ActivityManagerService.java,6752,java.lang.String com.android.server.am.ActivityManagerService.checkContentProviderAccess(java.lang.String, int),-,14450,int com.android.server.am.ActivityManagerService.bindIsolatedService(android.app.IApplicationThread, android.os.IBinder, android.content.Intent, java.lang.String, android.app.IServiceConnection, int, java.lang.String, java.lang.String, int),1]
10-16 12:10:09.015 I/dvm_lock_sample( 1594): [system_server,0,miui.fg,8,ActivityManagerService.java,10090,int com.android.server.am.ActivityManagerService.getMemoryTrimLevel(),-,16095,void com.android.server.am.ActivityManagerService.finishReceiver(android.os.IBinder, int, java.lang.String, android.os.Bundle, boolean, int),1]
10-16 12:13:01.502 I/dvm_lock_sample( 1594): [system_server,1,Binder:1594_C,14,ActivityManagerService.java,6978,android.app.ContentProviderHolder com.android.server.am.ActivityManagerService.getContentProviderImpl(android.app.IApplicationThread, java.lang.String, android.os.IBinder, int, java.lang.String, java.lang.String, boolean, int),-,14494,void com.android.server.am.ActivityManagerService.serviceDoneExecuting(android.os.IBinder, int, int, int),2]
10-16 12:13:04.216 I/dvm_lock_sample( 1594): [system_server,1,Binder:1594_19,9,ActivityManagerService.java,6752,java.lang.String com.android.server.am.ActivityManagerService.checkContentProviderAccess(java.lang.String, int),-,14450,int com.android.server.am.ActivityManagerService.bindIsolatedService(android.app.IApplicationThread, android.os.IBinder, android.content.Intent, java.lang.String, android.app.IServiceConnection, int, java.lang.String, java.lang.String, int),1]
10-16 12:13:15.013 I/dvm_lock_sample( 1594): [system_server,1,Binder:1594_1C,13,ActivityManagerService.java,14450,int com.android.server.am.ActivityManagerService.bindIsolatedService(android.app.IApplicationThread, android.os.IBinder, android.content.Intent, java.lang.String, android.app.IServiceConnection, int, java.lang.String, java.lang.String, int),-,14450,int com.android.server.am.ActivityManagerService.bindIsolatedService(android.app.IApplicationThread, android.os.IBinder, android.content.Intent, java.lang.String, android.app.IServiceConnection, int, java.lang.String, java.lang.String, int),2]
10-16 12:15:50.505 I/dvm_lock_sample( 1594): [system_server,0,miui.fg,5,ActivityManagerService.java,5955,boolean com.android.server.am.ActivityManagerService.isAppBad(android.content.pm.ApplicationInfo),-,14494,void com.android.server.am.ActivityManagerService.serviceDoneExecuting(android.os.IBinder, int, int, int),1]
10-16 12:20:09.693 I/dvm_lock_sample( 1594): [system_server,1,android.ui,26,ActivityManagerService.java,3378,void com.android.server.am.ActivityManagerService.dispatchUidsChanged(),-,1537,void com.android.server.am.ActivityManagerService$AppDeathRecipient.binderDied(),5]
10-16 12:20:12.754 I/dvm_lock_sample( 1594): [system_server,1,Binder:1594_18,14,ActivityManagerService.java,14450,int com.android.server.am.ActivityManagerService.bindIsolatedService(android.app.IApplicationThread, android.os.IBinder, android.content.Intent, java.lang.String, android.app.IServiceConnection, int, java.lang.String, java.lang.String, int),-,14450,int com.android.server.am.ActivityManagerService.bindIsolatedService(android.app.IApplicationThread, android.os.IBinder, android.content.Intent, java.lang.String, android.app.IServiceConnection, int, java.lang.String, java.lang.String, int),2]
10-16 12:20:12.877 I/dvm_lock_sample( 1594): [system_server,1,Binder:1594_16,8,ActivityManagerService.java,6181,boolean com.android.server.am.ActivityManagerService.isAppStartModeDisabled(int, java.lang.String),-,14450,int com.android.server.am.ActivityManagerService.bindIsolatedService(android.app.IApplicationThread, android.os.IBinder, android.content.Intent, java.lang.String, android.app.IServiceConnection, int, java.lang.String, java.lang.String, int),1]
10-16 12:20:24.641 I/dvm_lock_sample( 1594): [system_server,0,Binder:1594_6,27,ActivityTaskManagerService.java,6551,int com.android.server.wm.ActivityTaskManagerService$LocalService.getTopProcessState(),ActivityStarter.java,1313,int com.android.server.wm.ActivityStarter.startActivityMayWait(android.app.IApplicationThread, int, java.lang.String, int, int, android.content.Intent, java.lang.String, android.service.voice.IVoiceInteractionSession, com.android.internal.app.IVoiceInteractor, android.os.IBinder, java.lang.String, int, int, android.app.ProfilerInfo, android.app.WaitResult, android.content.res.Configuration, com.android.server.wm.SafeActivityOptions, boolean, int, com.android.server.wm.TaskRecord, java.lang.String, boolean, com.android.server.am.PendingIntentRecord, boolean),5]
10-16 12:20:27.770 I/dvm_lock_sample( 1594): [system_server,1,android.display,23,ActivityManagerService.java,18601,void com.android.server.am.ActivityManagerService$LocalService.scheduleAppGcs(),-,14463,boolean com.android.server.am.ActivityManagerService.unbindService(android.app.IServiceConnection),4]
10-16 12:22:51.621 I/sysui_multi_action( 1594): [757,147,758,4,759,1,806,com.idealinspecao.perueiroapp]
10-16 12:22:51.835 I/dvm_lock_sample( 1594): [system_server,1,Binder:1594_F,19,ActivityManagerService.java,6752,java.lang.String com.android.server.am.ActivityManagerService.checkContentProviderAccess(java.lang.String, int),-,6978,android.app.ContentProviderHolder com.android.server.am.ActivityManagerService.getContentProviderImpl(android.app.IApplicationThread, java.lang.String, android.os.IBinder, int, java.lang.String, java.lang.String, boolean, int),3]
10-16 12:22:51.839 I/dvm_lock_sample( 1594): [system_server,1,Binder:1594_18,17,ActivityManagerService.java,14463,boolean com.android.server.am.ActivityManagerService.unbindService(android.app.IServiceConnection),-,14450,int com.android.server.am.ActivityManagerService.bindIsolatedService(android.app.IApplicationThread, android.os.IBinder, android.content.Intent, java.lang.String, android.app.IServiceConnection, int, java.lang.String, java.lang.String, int),3]
10-16 12:22:51.886 I/dvm_lock_sample( 1594): [system_server,1,Binder:1594_D,29,ActivityManagerService.java,6978,android.app.ContentProviderHolder com.android.server.am.ActivityManagerService.getContentProviderImpl(android.app.IApplicationThread, java.lang.String, android.os.IBinder, int, java.lang.String, java.lang.String, boolean, int),-,14450,int com.android.server.am.ActivityManagerService.bindIsolatedService(android.app.IApplicationThread, android.os.IBinder, android.content.Intent, java.lang.String, android.app.IServiceConnection, int, java.lang.String, java.lang.String, int),5]
10-16 12:22:52.323 I/am_create_activity( 1594): [0,165793715,1498,com.idealinspecao.perueiroapp/.MainActivity,NULL,NULL,NULL,268435456]
10-16 12:22:52.413 I/am_proc_start( 1594): [0,14844,11376,com.idealinspecao.perueiroapp,activity,{com.idealinspecao.perueiroapp/com.idealinspecao.perueiroapp.MainActivity}]
10-16 12:22:52.592 I/am_proc_bound( 1594): [0,14844,com.idealinspecao.perueiroapp]
10-16 12:22:52.598 I/am_restart_activity( 1594): [0,165793715,1498,com.idealinspecao.perueiroapp/.MainActivity,14844]
10-16 12:22:52.616 I/am_set_resumed_activity( 1594): [0,com.idealinspecao.perueiroapp/.MainActivity,minimalResumeActivityLocked]
10-16 12:22:53.684 I/dvm_lock_sample( 1594): [system_server,0,Binder:1594_11,43,ActivityManagerService.java,14494,void com.android.server.am.ActivityManagerService.serviceDoneExecuting(android.os.IBinder, int, int, int),-,14343,void com.android.server.am.ActivityManagerService.setServiceForeground(android.content.ComponentName, android.os.IBinder, int, android.app.Notification, int, int),8]
10-16 12:22:53.758 I/notification_cancel_all( 1594): [1000,1594,com.idealinspecao.perueiroapp,0,0,0,5,NULL]
10-16 12:22:54.077 I/dvm_lock_sample( 1594): [system_server,1,Binder:1594_14,13,ActivityManagerService.java,1537,void com.android.server.am.ActivityManagerService$AppDeathRecipient.binderDied(),-,1537,void com.android.server.am.ActivityManagerService$AppDeathRecipient.binderDied(),2]
10-16 12:22:54.691 I/dvm_lock_sample( 1594): [system_server,1,Binder:1594_15,24,ActivityManagerService.java,14335,boolean com.android.server.am.ActivityManagerService.stopServiceToken(android.content.ComponentName, android.os.IBinder, int),-,1537,void com.android.server.am.ActivityManagerService$AppDeathRecipient.binderDied(),4]
10-16 12:22:55.917 I/dvm_lock_sample( 1594): [system_server,1,Binder:1594_C,13,ActivityManagerService.java,5827,java.lang.String com.android.server.am.ActivityManagerService.getTagForIntentSender(android.content.IIntentSender, java.lang.String),-,1537,void com.android.server.am.ActivityManagerService$AppDeathRecipient.binderDied(),2]
10-16 12:22:57.290 I/am_lifecycle_sample(14844): [0,com.idealinspecao.perueiroapp,110,4646]
10-16 12:22:57.562 I/am_on_create_called(14844): [0,com.idealinspecao.perueiroapp.MainActivity,performCreate,120]
10-16 12:22:57.576 I/am_on_start_called(14844): [0,com.idealinspecao.perueiroapp.MainActivity,handleStartActivity,0]
10-16 12:22:57.580 I/am_on_resume_called(14844): [0,com.idealinspecao.perueiroapp.MainActivity,RESUME_ACTIVITY,2]
10-16 12:22:57.618 I/am_on_top_resumed_gained_called(14844): [0,com.idealinspecao.perueiroapp.MainActivity,topStateChangedWhenResumed]
10-16 12:22:59.811 I/sysui_multi_action( 1594): [319,402,321,388,322,7547,325,982556,757,761,758,7,759,1,806,com.idealinspecao.perueiroapp,871,com.idealinspecao.perueiroapp.MainActivity,904,com.android.shell,905,0,945,330,1320,12,1321,1]
10-16 12:22:59.814 I/am_activity_launch_time( 1594): [0,165793715,com.idealinspecao.perueiroapp/.MainActivity,7547]
10-16 12:23:03.444 I/am_pss  ( 1594): [14844,11376,com.idealinspecao.perueiroapp,134250496,125353984,222208,217669632,0,2,21]
10-16 12:23:14.938 I/am_pss  ( 1594): [14844,11376,com.idealinspecao.perueiroapp,135972864,125853696,216064,222601216,0,2,19]
10-16 12:24:23.019 I/am_pss  ( 1594): [14844,11376,com.idealinspecao.perueiroapp,143414272,133246976,192512,233082880,0,2,18]
10-16 12:26:14.824 I/am_pss  ( 1594): [14844,11376,com.idealinspecao.perueiroapp,141635584,131817472,189440,229814272,0,2,20]
10-16 12:28:09.798 I/am_pss  ( 1594): [14844,11376,com.idealinspecao.perueiroapp,140429312,131506176,184320,227389440,1,2,15]
10-16 12:31:39.925 I/am_pss  ( 1594): [14844,11376,com.idealinspecao.perueiroapp,139870208,131411968,179200,226799616,0,2,21]
10-16 12:33:16.248 I/am_pss  ( 1594): [14844,11376,com.idealinspecao.perueiroapp,139862016,131411968,179200,226799616,0,2,16]
10-16 12:35:24.534 I/dvm_lock_sample( 1594): [system_server,0,Binder:1594_5,5,ActivityManagerService.java,14494,void com.android.server.am.ActivityManagerService.serviceDoneExecuting(android.os.IBinder, int, int, int),-,14450,int com.android.server.am.ActivityManagerService.bindIsolatedService(android.app.IApplicationThread, android.os.IBinder, android.content.Intent, java.lang.String, android.app.IServiceConnection, int, java.lang.String, java.lang.String, int),1]
10-16 12:41:20.654 I/am_pss  ( 1594): [14844,11376,com.idealinspecao.perueiroapp,139269120,131158016,172032,225144832,0,2,21]
10-16 12:45:23.515 I/dvm_lock_sample( 1594): [system_server,1,main,8,BroadcastDispatcher.java,186,void com.android.server.am.BroadcastDispatcher$1.broadcastAlarmComplete(int),ActivityManagerService.java,16095,void com.android.server.am.ActivityManagerService.finishReceiver(android.os.IBinder, int, java.lang.String, android.os.Bundle, boolean, int),1]
10-16 12:49:26.186 I/dvm_lock_sample( 1594): [system_server,1,Binder:1594_1D,5,ActivityManagerService.java,14962,void com.android.server.am.ActivityManagerService.unregisterReceiver(android.content.IIntentReceiver),BroadcastQueue.java,984,void com.android.server.am.BroadcastQueue.processNextBroadcast(boolean, boolean),1]
10-16 12:51:43.573 I/dvm_lock_sample( 1594): [system_server,1,ActivityManager,5,ActiveServices.java,1099,void com.android.server.am.ActiveServices.updateForegroundApps(com.android.server.am.ActiveServices$ServiceMap),ActivityManagerService.java,14343,void com.android.server.am.ActivityManagerService.setServiceForeground(android.content.ComponentName, android.os.IBinder, int, android.app.Notification, int, int),1]
10-16 12:51:45.020 I/dvm_lock_sample( 1594): [system_server,1,Binder:1594_1A,6,ActivityManagerService.java,7717,boolean com.android.server.am.ActivityManagerService.refContentProvider(android.os.IBinder, int, int),-,14463,boolean com.android.server.am.ActivityManagerService.unbindService(android.app.IServiceConnection),1]
10-16 12:52:04.139 I/dvm_lock_sample( 1594): [system_server,1,Binder:1594_C,6,ActivityManagerService.java,14488,void com.android.server.am.ActivityManagerService.unbindFinished(android.os.IBinder, android.content.Intent, boolean),-,14463,boolean com.android.server.am.ActivityManagerService.unbindService(android.app.IServiceConnection),1]
10-16 12:52:55.491 I/am_pss  ( 1594): [14844,11376,com.idealinspecao.perueiroapp,136160256,130433024,169984,210997248,0,2,15]
10-16 12:56:55.680 I/dvm_lock_sample( 1594): [system_server,0,miui.fg,11,ActivityManagerService.java,5955,boolean com.android.server.am.ActivityManagerService.isAppBad(android.content.pm.ApplicationInfo),-,14450,int com.android.server.am.ActivityManagerService.bindIsolatedService(android.app.IApplicationThread, android.os.IBinder, android.content.Intent, java.lang.String, android.app.IServiceConnection, int, java.lang.String, java.lang.String, int),2]
10-16 13:03:34.695 I/dvm_lock_sample( 1594): [system_server,1,android.ui,7,ActivityManagerService.java,3378,void com.android.server.am.ActivityManagerService.dispatchUidsChanged(),BroadcastQueue.java,984,void com.android.server.am.BroadcastQueue.processNextBroadcast(boolean, boolean),1]
10-16 13:11:40.428 I/am_pss  ( 1594): [14844,11376,com.idealinspecao.perueiroapp,130267136,125681664,169984,199741440,0,2,19]
10-16 13:16:09.969 I/dvm_lock_sample( 1594): [system_server,1,android.ui,10,ActivityManagerService.java,3378,void com.android.server.am.ActivityManagerService.dispatchUidsChanged(),-,14450,int com.android.server.am.ActivityManagerService.bindIsolatedService(android.app.IApplicationThread, android.os.IBinder, android.content.Intent, java.lang.String, android.app.IServiceConnection, int, java.lang.String, java.lang.String, int),2]
10-16 13:19:58.515 I/dvm_lock_sample( 1594): [system_server,1,Binder:1594_A,8,ActivityManagerService.java,14791,android.content.Intent com.android.server.am.ActivityManagerService.registerReceiver(android.app.IApplicationThread, java.lang.String, android.content.IIntentReceiver, android.content.IntentFilter, java.lang.String, int, int),-,16095,void com.android.server.am.ActivityManagerService.finishReceiver(android.os.IBinder, int, java.lang.String, android.os.Bundle, boolean, int),1]
10-16 13:20:15.453 I/am_on_top_resumed_lost_called(14844): [0,com.idealinspecao.perueiroapp.MainActivity,topStateChangedWhenResumed]
10-16 13:20:15.456 I/am_pause_activity( 1594): [14844,165793715,com.idealinspecao.perueiroapp/.MainActivity,userLeaving=true]
10-16 13:20:15.458 I/am_add_to_stopping( 1594): [0,165793715,com.idealinspecao.perueiroapp/.MainActivity,makeInvisible]
10-16 13:20:15.505 I/am_on_paused_called(14844): [0,com.idealinspecao.perueiroapp.MainActivity,performPause,8]
10-16 13:20:15.942 I/am_stop_activity( 1594): [0,165793715,com.idealinspecao.perueiroapp/.MainActivity]
10-16 13:20:15.997 I/am_on_stop_called(14844): [0,com.idealinspecao.perueiroapp.MainActivity,STOP_ACTIVITY_ITEM,1]
10-16 13:20:16.044 I/dvm_lock_sample( 1594): [system_server,1,Binder:1594_1C,15,ActivityManagerService.java,14310,int com.android.server.am.ActivityManagerService.stopService(android.app.IApplicationThread, android.content.Intent, java.lang.String, int),-,14494,void com.android.server.am.ActivityManagerService.serviceDoneExecuting(android.os.IBinder, int, int, int),3]
10-16 13:20:16.434 I/dvm_lock_sample( 1594): [system_server,1,Binder:1594_F,51,ActivityTaskManagerService.java,2913,android.app.ActivityManager$StackInfo com.android.server.wm.ActivityTaskManagerService.getStackInfo(int, int),ActivityStarter.java,1313,int com.android.server.wm.ActivityStarter.startActivityMayWait(android.app.IApplicationThread, int, java.lang.String, int, int, android.content.Intent, java.lang.String, android.service.voice.IVoiceInteractionSession, com.android.internal.app.IVoiceInteractor, android.os.IBinder, java.lang.String, int, int, android.app.ProfilerInfo, android.app.WaitResult, android.content.res.Configuration, com.android.server.wm.SafeActivityOptions, boolean, int, com.android.server.wm.TaskRecord, java.lang.String, boolean, com.android.server.am.PendingIntentRecord, boolean),10]
10-16 13:20:16.710 I/dvm_lock_sample( 1594): [system_server,1,android.display,25,ProcessRecord.java,1358,void com.android.server.am.ProcessRecord.updateProcessInfo(boolean, boolean, boolean),ActivityManagerService.java,14450,int com.android.server.am.ActivityManagerService.bindIsolatedService(android.app.IApplicationThread, android.os.IBinder, android.content.Intent, java.lang.String, android.app.IServiceConnection, int, java.lang.String, java.lang.String, int),5]
10-16 13:20:16.774 I/dvm_lock_sample( 1594): [system_server,1,Binder:1594_1B,5,ActivityManagerService.java,14450,int com.android.server.am.ActivityManagerService.bindIsolatedService(android.app.IApplicationThread, android.os.IBinder, android.content.Intent, java.lang.String, android.app.IServiceConnection, int, java.lang.String, java.lang.String, int),-,14450,int com.android.server.am.ActivityManagerService.bindIsolatedService(android.app.IApplicationThread, android.os.IBinder, android.content.Intent, java.lang.String, android.app.IServiceConnection, int, java.lang.String, java.lang.String, int),1]
10-16 13:20:18.820 I/dvm_lock_sample( 1594): [system_server,1,android.display,71,ActivityManagerService.java,18527,void com.android.server.am.ActivityManagerService$LocalService.updateBatteryStats(android.content.ComponentName, int, int, boolean),-,14494,void com.android.server.am.ActivityManagerService.serviceDoneExecuting(android.os.IBinder, int, int, int),14]
10-16 13:20:28.836 I/sysui_multi_action( 2131): [757,289,758,4,806,ComponentInfo{com.idealinspecao.perueiroapp/com.idealinspecao.perueiroapp.MainActivity}]
10-16 13:20:28.838 I/am_finish_activity( 1594): [14844,165793715,1498,com.idealinspecao.perueiroapp/.MainActivity,remove-task]
10-16 13:20:28.838 I/am_destroy_activity( 1594): [14844,165793715,1498,com.idealinspecao.perueiroapp/.MainActivity,finish-imm:finishActivityLocked]
10-16 13:20:28.854 I/am_kill ( 1594): [0,14844,com.idealinspecao.perueiroapp,700,SwipeUpClean]
10-16 13:20:28.954 I/am_proc_died( 1594): [0,14844,com.idealinspecao.perueiroapp,700,16]
10-16 13:20:33.984 I/dvm_lock_sample( 1594): [system_server,1,ActivityManager,59,PackageManagerService.java,4817,android.content.pm.ApplicationInfo com.android.server.pm.PackageManagerService.getApplicationInfoInternal(java.lang.String, int, int, int),-,20104,void com.android.server.pm.PackageManagerService.executeDeletePackageLIF(com.android.server.pm.PackageManagerService$DeletePackageAction, java.lang.String, boolean, int[], boolean, android.content.pm.PackageParser$Package),11]
10-16 13:20:35.491 I/dvm_lock_sample( 1594): [system_server,0,Binder:1594_20,10,ActivityManagerService.java,14494,void com.android.server.am.ActivityManagerService.serviceDoneExecuting(android.os.IBinder, int, int, int),-,14285,android.content.ComponentName com.android.server.am.ActivityManagerService.startService(android.app.IApplicationThread, android.content.Intent, java.lang.String, boolean, java.lang.String, int),2]
10-16 13:20:36.617 I/notification_cancel_all( 1594): [1000,1594,com.idealinspecao.perueiroapp,0,0,0,5,NULL]
10-16 13:20:36.778 I/am_wtf  ( 1594): [0,1594,system_server,-1,PasspointManager,No app ops listener found for com.idealinspecao.perueiroapp]
10-16 13:20:39.593 I/dvm_lock_sample( 1594): [system_server,1,android.ui,17,ActivityManagerService.java,3432,void com.android.server.am.ActivityManagerService.dispatchUidsChanged(),-,16095,void com.android.server.am.ActivityManagerService.finishReceiver(android.os.IBinder, int, java.lang.String, android.os.Bundle, boolean, int),3]
10-16 13:25:00.365 I/dvm_lock_sample( 1594): [system_server,0,Binder:1594_8,5,ActivityManagerService.java,14494,void com.android.server.am.ActivityManagerService.serviceDoneExecuting(android.os.IBinder, int, int, int),-,14450,int com.android.server.am.ActivityManagerService.bindIsolatedService(android.app.IApplicationThread, android.os.IBinder, android.content.Intent, java.lang.String, android.app.IServiceConnection, int, java.lang.String, java.lang.String, int),1]
10-16 13:25:48.936 I/dvm_lock_sample( 1594): [system_server,1,Binder:1594_E,18,ActivityManagerService.java,6752,java.lang.String com.android.server.am.ActivityManagerService.checkContentProviderAccess(java.lang.String, int),ProcessRecord.java,1358,void com.android.server.am.ProcessRecord.updateProcessInfo(boolean, boolean, boolean),3]
10-16 13:25:50.216 I/dvm_lock_sample( 1594): [system_server,0,PackageManager,22,ActivityManagerService.java,15989,int com.android.server.am.ActivityManagerService.broadcastIntent(android.app.IApplicationThread, android.content.Intent, java.lang.String, android.content.IIntentReceiver, int, java.lang.String, android.os.Bundle, java.lang.String[], int, android.os.Bundle, boolean, boolean, int),BroadcastQueue.java,984,void com.android.server.am.BroadcastQueue.processNextBroadcast(boolean, boolean),4]
10-16 13:26:34.588 I/dvm_lock_sample( 1594): [system_server,1,android.ui,15,ActivityManagerService.java,3272,void com.android.server.am.ActivityManagerService.dispatchProcessesChanged(),BroadcastQueue.java,984,void com.android.server.am.BroadcastQueue.processNextBroadcast(boolean, boolean),3]
10-16 13:26:42.552 I/dvm_lock_sample( 1594): [system_server,1,Binder:1594_17,12,ActivityManagerService.java,6978,android.app.ContentProviderHolder com.android.server.am.ActivityManagerService.getContentProviderImpl(android.app.IApplicationThread, java.lang.String, android.os.IBinder, int, java.lang.String, java.lang.String, boolean, int),-,1537,void com.android.server.am.ActivityManagerService$AppDeathRecipient.binderDied(),2]
10-16 13:27:18.251 I/dvm_lock_sample( 1594): [system_server,0,miui.fg,21,ActivityManagerService.java,5955,boolean com.android.server.am.ActivityManagerService.isAppBad(android.content.pm.ApplicationInfo),-,14343,void com.android.server.am.ActivityManagerService.setServiceForeground(android.content.ComponentName, android.os.IBinder, int, android.app.Notification, int, int),4]
10-16 13:28:24.496 I/dvm_lock_sample( 1594): [system_server,1,Binder:1594_1F,31,ActivityManagerService.java,5827,java.lang.String com.android.server.am.ActivityManagerService.getTagForIntentSender(android.content.IIntentSender, java.lang.String),-,14450,int com.android.server.am.ActivityManagerService.bindIsolatedService(android.app.IApplicationThread, android.os.IBinder, android.content.Intent, java.lang.String, android.app.IServiceConnection, int, java.lang.String, java.lang.String, int),6]
10-16 13:28:24.602 I/dvm_lock_sample( 1594): [system_server,1,Binder:1594_14,18,ProcessManagerService.java,1704,java.util.List com.android.server.am.ProcessManagerService.getRunningProcessInfo(int, int, java.lang.String, java.lang.String, int),ActivityManagerService.java,16095,void com.android.server.am.ActivityManagerService.finishReceiver(android.os.IBinder, int, java.lang.String, android.os.Bundle, boolean, int),3]
10-16 13:28:34.548 I/dvm_lock_sample( 1594): [system_server,1,android.ui,20,ActivityManagerService.java,3272,void com.android.server.am.ActivityManagerService.dispatchProcessesChanged(),-,14343,void com.android.server.am.ActivityManagerService.setServiceForeground(android.content.ComponentName, android.os.IBinder, int, android.app.Notification, int, int),4]
10-16 13:28:38.121 I/dvm_lock_sample( 1594): [system_server,0,miui.fg,5,ActivityManagerService.java,10090,int com.android.server.am.ActivityManagerService.getMemoryTrimLevel(),BroadcastQueue.java,984,void com.android.server.am.BroadcastQueue.processNextBroadcast(boolean, boolean),1]
10-16 13:28:42.251 I/dvm_lock_sample( 1594): [system_server,1,Binder:1594_11,10,ActivityManagerService.java,7717,boolean com.android.server.am.ActivityManagerService.refContentProvider(android.os.IBinder, int, int),-,14474,void com.android.server.am.ActivityManagerService.publishService(android.os.IBinder, android.content.Intent, android.os.IBinder),2]
10-16 13:28:48.523 I/dvm_lock_sample( 1594): [system_server,1,Binder:1594_11,13,ActivityManagerService.java,5827,java.lang.String com.android.server.am.ActivityManagerService.getTagForIntentSender(android.content.IIntentSender, java.lang.String),-,14450,int com.android.server.am.ActivityManagerService.bindIsolatedService(android.app.IApplicationThread, android.os.IBinder, android.content.Intent, java.lang.String, android.app.IServiceConnection, int, java.lang.String, java.lang.String, int),2]
10-16 13:28:54.611 I/dvm_lock_sample( 1594): [system_server,1,android.ui,7,ActivityManagerService.java,3378,void com.android.server.am.ActivityManagerService.dispatchUidsChanged(),-,14450,int com.android.server.am.ActivityManagerService.bindIsolatedService(android.app.IApplicationThread, android.os.IBinder, android.content.Intent, java.lang.String, android.app.IServiceConnection, int, java.lang.String, java.lang.String, int),1]
10-16 13:30:03.290 I/dvm_lock_sample( 1594): [system_server,1,Binder:1594_A,30,ActivityManagerService.java,6752,java.lang.String com.android.server.am.ActivityManagerService.checkContentProviderAccess(java.lang.String, int),-,16095,void com.android.server.am.ActivityManagerService.finishReceiver(android.os.IBinder, int, java.lang.String, android.os.Bundle, boolean, int),6]
10-16 13:30:03.290 I/dvm_lock_sample( 1594): [system_server,1,Binder:1594_1,54,ActivityManagerService.java,15989,int com.android.server.am.ActivityManagerService.broadcastIntent(android.app.IApplicationThread, android.content.Intent, java.lang.String, android.content.IIntentReceiver, int, java.lang.String, android.os.Bundle, java.lang.String[], int, android.os.Bundle, boolean, boolean, int),-,16095,void com.android.server.am.ActivityManagerService.finishReceiver(android.os.IBinder, int, java.lang.String, android.os.Bundle, boolean, int),10]
10-16 13:30:30.597 I/dvm_lock_sample( 1594): [system_server,1,Binder:1594_B,12,ActivityManagerService.java,6752,java.lang.String com.android.server.am.ActivityManagerService.checkContentProviderAccess(java.lang.String, int),-,16095,void com.android.server.am.ActivityManagerService.finishReceiver(android.os.IBinder, int, java.lang.String, android.os.Bundle, boolean, int),2]
10-16 13:30:47.962 I/dvm_lock_sample( 1594): [system_server,1,Binder:1594_1,12,ActivityManagerService.java,6752,java.lang.String com.android.server.am.ActivityManagerService.checkContentProviderAccess(java.lang.String, int),-,14285,android.content.ComponentName com.android.server.am.ActivityManagerService.startService(android.app.IApplicationThread, android.content.Intent, java.lang.String, boolean, java.lang.String, int),2]
10-16 13:33:02.953 I/dvm_lock_sample( 1594): [system_server,1,Binder:1594_5,10,ActivityManagerService.java,5395,void com.android.server.am.ActivityManagerService.attachApplication(android.app.IApplicationThread, long),-,1537,void com.android.server.am.ActivityManagerService$AppDeathRecipient.binderDied(),2]
10-16 13:33:03.205 I/dvm_lock_sample( 1594): [system_server,1,android.ui,5,ActivityManagerService.java,3378,void com.android.server.am.ActivityManagerService.dispatchUidsChanged(),-,14463,boolean com.android.server.am.ActivityManagerService.unbindService(android.app.IServiceConnection),1]
10-16 13:43:36.935 I/dvm_lock_sample( 1594): [system_server,0,android.bg,11,ActivityManagerService.java,1964,void com.android.server.am.ActivityManagerService$5.handleMessage(android.os.Message),-,14450,int com.android.server.am.ActivityManagerService.bindIsolatedService(android.app.IApplicationThread, android.os.IBinder, android.content.Intent, java.lang.String, android.app.IServiceConnection, int, java.lang.String, java.lang.String, int),2]
10-16 13:45:26.200 I/dvm_lock_sample( 1594): [system_server,1,main,11,BroadcastDispatcher.java,186,void com.android.server.am.BroadcastDispatcher$1.broadcastAlarmComplete(int),ActivityManagerService.java,16095,void com.android.server.am.ActivityManagerService.finishReceiver(android.os.IBinder, int, java.lang.String, android.os.Bundle, boolean, int),2]
10-16 13:49:50.495 I/dvm_lock_sample( 1594): [system_server,1,Binder:1594_E,15,ActivityManagerService.java,7717,boolean com.android.server.am.ActivityManagerService.refContentProvider(android.os.IBinder, int, int),-,6978,android.app.ContentProviderHolder com.android.server.am.ActivityManagerService.getContentProviderImpl(android.app.IApplicationThread, java.lang.String, android.os.IBinder, int, java.lang.String, java.lang.String, boolean, int),3]
10-16 13:49:54.846 I/dvm_lock_sample( 1594): [system_server,0,Binder:1594_1A,13,ActivityManagerService.java,14494,void com.android.server.am.ActivityManagerService.serviceDoneExecuting(android.os.IBinder, int, int, int),-,14463,boolean com.android.server.am.ActivityManagerService.unbindService(android.app.IServiceConnection),2]
10-16 13:51:30.404 I/dvm_lock_sample( 1594): [system_server,1,ActivityManager,28,AlarmManagerService.java,1691,void com.android.server.AlarmManagerService.removeImpl(android.app.PendingIntent, android.app.IAlarmListener),-,4041,void com.android.server.AlarmManagerService$AlarmThread.run(),5]
