10-16 19:20:06.933 W/System.err( 7808): 	at d.c.a.b.f.b.a(ActivityManagerCompat.java:11)
10-16 19:20:06.934 W/System.err( 7808): 	at android.app.IActivityTaskManager$Stub$Proxy.getStackInfo(IActivityTaskManager.java:6398)
10-16 19:20:06.934 W/System.err( 7808): 	at com.android.server.am.ActivityManagerService.enforceCallingPermission(ActivityManagerService.java:6163)
10-16 19:20:06.934 W/System.err( 7808): 	at com.android.server.am.ActivityManagerService$LocalService.enforceCallingPermission(ActivityManagerService.java:18443)
10-16 19:20:06.934 W/System.err( 7808): 	at com.android.server.wm.ActivityTaskManagerService.enforceCallerIsRecentsOrHasPermission(ActivityTaskManagerService.java:3666)
10-16 19:20:06.934 W/System.err( 7808): 	at com.android.server.wm.ActivityTaskManagerService.getStackInfo(ActivityTaskManagerService.java:2910)
10-16 19:20:06.934 W/System.err( 7808): 	at android.app.IActivityTaskManager$Stub.onTransact(IActivityTaskManager.java:3003)
10-16 19:20:08.298 I/ActivityTaskManager( 1594): Displayed com.miui.securitycenter/com.miui.permcenter.install.AdbInstallActivity: +1s365ms
10-16 19:20:11.137 D/MiuiNetworkPolicyAppBuckets( 1594): updateAppPN packageName=com.idealinspecao.perueiroapp,uid=11380,installed=true
10-16 19:20:11.137 E/InstallApkReceiver( 2404): install:package:com.idealinspecao.perueiroapp
10-16 19:20:11.137 E/Recents ( 2131): packageMonitor   onPackageModified  packageName=com.idealinspecao.perueiroapp   mIsRecentsWithinLauncher=true
10-16 19:20:11.145 I/InstalledAppMonitor(13735): com.idealinspecao.perueiroapponReceive add pkg=com.idealinspecao.perueiroapp
10-16 19:20:11.146 D/Avrcp_ext(30467): AvrcpServiceBroadcastReceiver-> packageName: com.idealinspecao.perueiroapp
10-16 19:20:11.146 D/Avrcp_ext(30467): packageName: com.idealinspecao.perueiroapp removed: false
10-16 19:20:11.146 D/AppInstalledReceiver(13735): packageName: com.idealinspecao.perueiroapp
10-16 19:20:11.146 D/ImsResolver( 2395): maybeAddedImsService, packageName: com.idealinspecao.perueiroapp
10-16 19:20:11.148 D/BluetoothMapAppObserver(30467): The installed package is: com.idealinspecao.perueiroapp
10-16 19:20:11.162 I/PackageInstallReceiver( 2406): action = android.intent.action.PACKAGE_ADDED packageName = com.idealinspecao.perueiroapp
10-16 19:20:11.162 I/ShortCutsCardView( 2406): onAppChanged com.idealinspecao.perueiroapp
10-16 19:20:11.193 I/WakePathManager( 4953): PackageMonitor. onPackageAdded: packageName =com.idealinspecao.perueiroapp
10-16 19:20:11.305 W/ActivityManager( 1594): Sending non-protected broadcast com.miui.gamebooster.UNINSTALLAPP from system 13735:com.miui.securitycenter.remote/1000 pkg com.miui.securitycenter. Callers=
10-16 19:20:11.348 I/Finsky  (28586): [2] AIM: AppInfoCacheUpdater -> invalidating apps: [com.idealinspecao.perueiroapp]
10-16 19:20:11.351 I/Finsky  (28586): [73095] AIM: AppInfoManager-Perf > OnDeviceAppInfo > cacheHitCount=0, cacheMissCount=1. Missed  in cache (limit 10) : [com.idealinspecao.perueiroapp]
10-16 19:20:11.352 I/sysui_multi_action( 1594): [757,147,758,4,759,1,806,com.idealinspecao.perueiroapp]
10-16 19:20:11.483 I/PackageInstallReceiver( 2406): xspace packageName=com.idealinspecao.perueiroapp
10-16 19:20:11.483 I/ShortCutsCardView( 2406): onAppChanged com.idealinspecao.perueiroapp
10-16 19:20:11.559 W/GCM     ( 1472): Unexpected forwarded intent: Intent { act=android.intent.action.PACKAGE_ADDED dat=package:com.idealinspecao.perueiroapp flg=0x4000010 pkg=com.google.android.gms cmp=com.google.android.gms/.chimera.PersistentIntentOperationService (has extras) }
10-16 19:20:11.589 W/NetworkScheduler( 1472): Unexpected forwarded intent: Intent { act=android.intent.action.PACKAGE_ADDED dat=package:com.idealinspecao.perueiroapp flg=0x4000010 pkg=com.google.android.gms cmp=com.google.android.gms/.chimera.PersistentIntentOperationService (has extras) }
10-16 19:20:11.657 I/WakePathManager( 4953): request: ["br.com.otimizaugc.vistosoftapp","cn.wps.xiaomi.abroad.lite","com.google.android.apps.authenticator2","com.neurotec.samples.multibiometric.test","com.anydesk.adcontrol.ad1","io.appium.uiautomator2.server","net.openvpn.openvpn","com.otimiza.samplelivenessapp.xamarin","com.google.android.apps.tachyon","com.miui.android.fashiongallery","com.google.android.music","com.duokan.phone.remotecontroller","videoeditor.videorecorder.screenrecorder","net.sourceforge.opencamera","com.google.android.apps.docs","com.otimizati.liveness.sampleapp.dev","com.google.android.contactkeys","com.idealinspecao.perueiroapp","com.ypcc.otgcamera","com.google.android.videos","com.google.android.apps.photos","com.airbeat.device.inspector","com.anydesk.anydeskandroid","io.appium.uiautomator2.server.test","com.google.android.safetycore","com.duokan.phone.remotecontroller.peel.plugin","com.tony.molink.howifi","com.google.android.apps.meetings","com.ozforensics.liveness.demo"]
10-16 19:20:11.967 I/notification_cancel_all( 1594): [1000,1594,com.idealinspecao.perueiroapp,0,0,0,5,NULL]
10-16 19:20:12.410 I/am_create_activity( 1594): [0,77543900,1535,com.idealinspecao.perueiroapp/.MainActivity,NULL,NULL,NULL,268435456]
10-16 19:20:12.434 W/system_server( 1594): Long monitor contention with owner Binder:1594_7 (2063) at int com.android.server.wm.ActivityStarter.startActivityMayWait(android.app.IApplicationThread, int, java.lang.String, int, int, android.content.Intent, java.lang.String, android.service.voice.IVoiceInteractionSession, com.android.internal.app.IVoiceInteractor, android.os.IBinder, java.lang.String, int, int, android.app.ProfilerInfo, android.app.WaitResult, android.content.res.Configuration, com.android.server.wm.SafeActivityOptions, boolean, int, com.android.server.wm.TaskRecord, java.lang.String, boolean, com.android.server.am.PendingIntentRecord, boolean)(ActivityStarter.java:1313) waiters=0 in com.android.server.wm.WindowProcessController com.android.server.wm.ActivityTaskManagerService$LocalService.getTopApp() for 296ms
10-16 19:20:12.435 I/dvm_lock_sample( 1594): [system_server,1,Binder:1594_D,296,ActivityTaskManagerService.java,7377,com.android.server.wm.WindowProcessController com.android.server.wm.ActivityTaskManagerService$LocalService.getTopApp(),ActivityStarter.java,1313,int com.android.server.wm.ActivityStarter.startActivityMayWait(android.app.IApplicationThread, int, java.lang.String, int, int, android.content.Intent, java.lang.String, android.service.voice.IVoiceInteractionSession, com.android.internal.app.IVoiceInteractor, android.os.IBinder, java.lang.String, int, int, android.app.ProfilerInfo, android.app.WaitResult, android.content.res.Configuration, com.android.server.wm.SafeActivityOptions, boolean, int, com.android.server.wm.TaskRecord, java.lang.String, boolean, com.android.server.am.PendingIntentRecord, boolean),59]
10-16 19:20:12.451 I/binder_sample(30281): [android.app.IActivityManager,21,321,com.miui.cleaner,64]
10-16 19:20:12.479 D/Launcher.Model( 2404): LauncherAppsCallback onPackageAdded|com.idealinspecao.perueiroapp|UserHandle{0}
10-16 19:20:12.480 D/Launcher.Model( 2404): Got broadcast:Intent { act=android.intent.action.PACKAGE_ADDED dat=package:com.idealinspecao.perueiroapp (has extras) }
10-16 19:20:12.565 W/system_server( 1594): Long monitor contention with owner Binder:1594_D (3399) at void com.android.server.am.ActivityManagerService.publishContentProviders(android.app.IApplicationThread, java.util.List)(ActivityManagerService.java:7639) waiters=2 in boolean com.android.server.am.ActivityManagerService.refContentProvider(android.os.IBinder, int, int) for 286ms
10-16 19:20:12.565 I/dvm_lock_sample( 1594): [system_server,1,Binder:1594_5,286,ActivityManagerService.java,7717,boolean com.android.server.am.ActivityManagerService.refContentProvider(android.os.IBinder, int, int),-,7639,void com.android.server.am.ActivityManagerService.publishContentProviders(android.app.IApplicationThread, java.util.List),57]
10-16 19:20:12.571 W/system_server( 1594): Long monitor contention with owner Binder:1594_D (3399) at void com.android.server.am.ActivityManagerService.publishContentProviders(android.app.IApplicationThread, java.util.List)(ActivityManagerService.java:7639) waiters=4 in java.lang.String com.android.server.am.ActivityManagerService.checkContentProviderAccess(java.lang.String, int) for 275ms
10-16 19:20:12.571 I/dvm_lock_sample( 1594): [system_server,1,Binder:1594_4,26,ActivityManagerService.java,5955,boolean com.android.server.am.ActivityManagerService.isAppBad(android.content.pm.ApplicationInfo),-,1537,void com.android.server.am.ActivityManagerService$AppDeathRecipient.binderDied(),5]
10-16 19:20:12.571 I/dvm_lock_sample( 1594): [system_server,1,Binder:1594_12,275,ActivityManagerService.java,6752,java.lang.String com.android.server.am.ActivityManagerService.checkContentProviderAccess(java.lang.String, int),-,7639,void com.android.server.am.ActivityManagerService.publishContentProviders(android.app.IApplicationThread, java.util.List),55]
10-16 19:20:12.571 W/ActivityManager( 1594): Sending non-protected broadcast miui.intent.action.PACKAGE_FIRST_LAUNCH from system uid 1000 pkg null. Callers=com.android.server.am.ActivityManagerService.broadcastIntentLocked:15855 com.android.server.am.ActivityManagerService.broadcastIntentLocked:15209 com.android.server.am.ActivityManagerService.broadcastIntent:15998 com.android.server.pm.IActivityManagerCompat.sendBroadcast:19 com.android.server.pm.SettingsInjector$1.run:117 
10-16 19:20:12.601 D/AppStatChecker( 7863): first launch package: com.idealinspecao.perueiroapp
10-16 19:20:12.628 I/am_proc_start( 1594): [0,30436,11380,com.idealinspecao.perueiroapp,activity,{com.idealinspecao.perueiroapp/com.idealinspecao.perueiroapp.MainActivity}]
10-16 19:20:12.628 D/OemNetd (  518): setPidForPackage: packageName=com.idealinspecao.perueiroapp, pid=30436, pid=11380
10-16 19:20:12.653 E/Launcher.AllAppsList( 2404): Can't load postion for packageName: com.idealinspecao.perueiroapp activityName: com.idealinspecao.perueiroapp.MainActivity
10-16 19:20:12.668 D/AutoInstallsParser( 2404): isPAIPackageName: com.idealinspecao.perueiroapp
10-16 19:20:12.689 D/Launcher.Model( 2404): onReceiveBackground, mAllAppsList=add=[(0, AppInfo, id=-1, itemType=0, user=UserHandle{0}, mIconType=0, pkgName=com.idealinspecao.perueiroapp, className=com.idealinspecao.perueiroapp.MainActivity, screenId=-1, container=-1, cellX=-1, cellY=-1, spanX=1, spanY=1, isLandscapePos=false)], remove=[], modified=[]
10-16 19:20:12.698 D/Launcher( 2404): add item to launcher when bind apps added, info=ShortcutInfo, id=-1, itemType=0, user=UserHandle{0}, mIconType=0, pkgName=com.idealinspecao.perueiroapp, className=com.idealinspecao.perueiroapp.MainActivity, screenId=-1, container=-1, cellX=-1, cellY=-1, spanX=1, spanY=1, isLandscapePos=false
10-16 19:20:12.700 D/Launcher( 2404): addItemToWorkspace, add item into db, item=ShortcutInfo, id=-1, itemType=0, user=UserHandle{0}, mIconType=0, pkgName=com.idealinspecao.perueiroapp, className=com.idealinspecao.perueiroapp.MainActivity, screenId=2, container=-100, cellX=4, cellY=4, spanX=1, spanY=1, isLandscapePos=false
10-16 19:20:12.700 D/Launcher.Model( 2404): Insert item com.idealinspecao.perueiroapp to database (4, 4) of screen 2
10-16 19:20:12.701 D/Launcher.ShortcutInfo( 2404): onAddToDatabase, this=ShortcutInfo, id=1328, itemType=0, user=UserHandle{0}, mIconType=0, pkgName=com.idealinspecao.perueiroapp, className=com.idealinspecao.perueiroapp.MainActivity, screenId=2, container=-100, cellX=4, cellY=4, spanX=1, spanY=1, isLandscapePos=false
10-16 19:20:12.701 D/Launcher.CellLayout( 2404): updateCellOccupiedMarks, update, ShortcutInfo, id=1328, itemType=0, user=UserHandle{0}, mIconType=0, pkgName=com.idealinspecao.perueiroapp, className=com.idealinspecao.perueiroapp.MainActivity, screenId=2, container=-100, cellX=4, cellY=4, spanX=1, spanY=1, isLandscapePos=false
10-16 19:20:12.751 I/PI-ScanDispatch(30262): service bind, pkgName = com.idealinspecao.perueiroapp, installer = null, isReplace = false, firstGoogleTime = 1614890563430
10-16 19:20:12.755 I/Finsky  (28586): [2] Received an install/uninstall event for package com.idealinspecao.perueiroapp
10-16 19:20:12.844 D/Launcher.CellLayout( 2404): updateCellOccupiedMarks, update, ShortcutInfo, id=1328, itemType=0, user=UserHandle{0}, mIconType=0, pkgName=com.idealinspecao.perueiroapp, className=com.idealinspecao.perueiroapp.MainActivity, screenId=2, container=-100, cellX=4, cellY=4, spanX=1, spanY=1, isLandscapePos=false
10-16 19:20:12.882 I/am_proc_bound( 1594): [0,30436,com.idealinspecao.perueiroapp]
10-16 19:20:12.904 I/am_restart_activity( 1594): [0,77543900,1535,com.idealinspecao.perueiroapp/.MainActivity,30436]
10-16 19:20:12.907 I/am_set_resumed_activity( 1594): [0,com.idealinspecao.perueiroapp/.MainActivity,minimalResumeActivityLocked]
10-16 19:20:12.965 I/dvm_lock_sample( 1594): [system_server,1,Binder:1594_F,5,ActivityManagerService.java,7717,boolean com.android.server.am.ActivityManagerService.refContentProvider(android.os.IBinder, int, int),-,14463,boolean com.android.server.am.ActivityManagerService.unbindService(android.app.IServiceConnection),1]
10-16 19:20:13.082 I/ProcessMonitor(13735): onForegroundInfoChanged: ForegroundInfo{mForegroundPackageName='com.idealinspecao.perueiroapp', mForegroundUid=11380, mForegroundPid=30436, mLastForegroundPackageName='com.miui.home', mLastForegroundUid=10064, mLastForegroundPid=2404, mMultiWindowForegroundPackageName='null', mMultiWindowForegroundUid=-1, mFlags=1}
10-16 19:20:13.083 D/PerfEngineController(25179): ForegroundInfo{mForegroundPackageName='com.idealinspecao.perueiroapp', mForegroundUid=11380, mForegroundPid=30436, mLastForegroundPackageName='com.miui.home', mLastForegroundUid=10064, mLastForegroundPid=2404, mMultiWindowForegroundPackageName='null', mMultiWindowForegroundUid=-1, mFlags=1}
10-16 19:20:13.083 D/AutoInstallService(27596): onForegroundInfoChanged: com.idealinspecao.perueiroapp
10-16 19:20:13.083 I/GST     (10006): forePkg: com.idealinspecao.perueiroapp, preForePkg: com.miui.home
10-16 19:20:13.520 D/AppActiveReceiver(30449): receive app active broadcast for: com.idealinspecao.perueiroapp, install from: null
10-16 19:20:13.578 I/ThumbnailBlurUtils(13735): loadPrivacyThumbnailBlurMonthly successd{"com.anydesk.anydeskandroid":5,"com.miui.player":27,"com.xiaomi.mipicks":5,"videoeditor.videorecorder.screenrecorder":5,"com.miui.compass":5,"com.otimiza.samplelivenessapp.xamarin":-1,"com.miui.calculator":5,"com.android.deskclock":5,"com.xiaomi.scanner":5,"com.xiaomi.midrop":5,"com.ozforensics.liveness.demo":-1,"com.miui.securitycenter":5,"com.google.android.apps.meetings":-1,"com.android.vending":5,"com.android.chrome":-1,"com.google.android.apps.photos":-1,"com.mi.android.globalFileexplorer":5,"com.google.android.apps.docs":5,"br.com.otimizaugc.vistosoftapp":-1,"com.duokan.phone.remotecontroller":5,"com.miui.gallery":6,"com.ypcc.otgcamera":-1,"com.google.android.youtube":-1,"com.idealinspecao.perueiroapp":-1,"com.miui.screenrecorder":5,"com.google.android.apps.maps":-1,"com.google.android.apps.tachyon":5,"com.miui.videoplayer":27,"net.sourceforge.opencamera":5,"com.mi.globalbrowser":5,"com.google.android.apps.messaging":5,"com.miui.notes":5,"com.google.android.videos":-1,"com.google.android.googlequicksearchbox":-1,"com.miui.miservice":5,"com.google.ar.lens":5,"com.google.android.contacts":-1,"net.openvpn.openvpn":5,"com.mi.android.globalminusscreen":5,"com.airbeat.device.inspector":5,"com.miui.weather2":5,"com.otimizati.liveness.sampleapp.dev":-1,"com.miui.fm":27,"com.android.providers.downloads.ui":5,"com.android.thememanager":5,"com.xiaomi.calendar":-1,"com.google.android.dialer":-1,"com.android.camera":6,"com.google.android.gm":5,"com.tony.molink.howifi":-1,"com.android.settings":-1,"com.xiaomi.glgm":5,"com.google.android.music":5,"com.google.android.apps.authenticator2":-1,"com.android.soundrecorder":5}
10-16 19:20:14.784 I/sysui_multi_action( 1594): [757,147,758,4,759,1,806,com.idealinspecao.perueiroapp]
10-16 19:20:14.906 I/dvm_lock_sample( 1594): [system_server,1,Binder:1594_6,27,ActivityManagerService.java,14791,android.content.Intent com.android.server.am.ActivityManagerService.registerReceiver(android.app.IApplicationThread, java.lang.String, android.content.IIntentReceiver, android.content.IntentFilter, java.lang.String, int, int),-,14450,int com.android.server.am.ActivityManagerService.bindIsolatedService(android.app.IApplicationThread, android.os.IBinder, android.content.Intent, java.lang.String, android.app.IServiceConnection, int, java.lang.String, java.lang.String, int),5]
10-16 19:20:15.192 I/dvm_lock_sample( 1594): [system_server,1,Binder:1594_3,21,ActivityManagerService.java,10076,void com.android.server.am.ActivityManagerService.getMyMemoryState(android.app.ActivityManager$RunningAppProcessInfo),-,14450,int com.android.server.am.ActivityManagerService.bindIsolatedService(android.app.IApplicationThread, android.os.IBinder, android.content.Intent, java.lang.String, android.app.IServiceConnection, int, java.lang.String, java.lang.String, int),4]
10-16 19:20:15.217 I/dvm_lock_sample( 1594): [system_server,1,android.ui,5,ActivityManagerService.java,3378,void com.android.server.am.ActivityManagerService.dispatchUidsChanged(),-,14474,void com.android.server.am.ActivityManagerService.publishService(android.os.IBinder, android.content.Intent, android.os.IBinder),1]
10-16 19:20:15.332 I/dvm_lock_sample( 1594): [system_server,0,miui.fg,5,ActivityManagerService.java,10090,int com.android.server.am.ActivityManagerService.getMemoryTrimLevel(),-,7639,void com.android.server.am.ActivityManagerService.publishContentProviders(android.app.IApplicationThread, java.util.List),1]
10-16 19:20:15.827 I/dvm_lock_sample( 1594): [system_server,1,Binder:1594_D,17,ActivityManagerService.java,14249,java.util.List com.android.server.am.ActivityManagerService.getServices(int, int),-,14450,int com.android.server.am.ActivityManagerService.bindIsolatedService(android.app.IApplicationThread, android.os.IBinder, android.content.Intent, java.lang.String, android.app.IServiceConnection, int, java.lang.String, java.lang.String, int),3]
10-16 19:20:15.912 I/Finsky  (28586): [73099] Installer package name of package com.idealinspecao.perueiroapp is 
10-16 19:20:15.990 D/AppActiveReceiver(30629): receive app active broadcast for: com.idealinspecao.perueiroapp, install from: null
10-16 19:20:17.026 I/dvm_lock_sample( 1594): [system_server,1,Binder:1594_4,23,ActivityManagerService.java,14285,android.content.ComponentName com.android.server.am.ActivityManagerService.startService(android.app.IApplicationThread, android.content.Intent, java.lang.String, boolean, java.lang.String, int),-,14463,boolean com.android.server.am.ActivityManagerService.unbindService(android.app.IServiceConnection),4]
10-16 19:20:17.044 I/dvm_lock_sample( 1594): [system_server,0,Binder:1594_2,31,ActivityManagerService.java,14494,void com.android.server.am.ActivityManagerService.serviceDoneExecuting(android.os.IBinder, int, int, int),-,14463,boolean com.android.server.am.ActivityManagerService.unbindService(android.app.IServiceConnection),6]
10-16 19:20:17.507 I/ActivityManager( 1594): Process com.miui.screenrecorder (pid 29976) has died: cch+75 CEM 
10-16 19:20:17.743 I/ActivityManager( 1594): Process com.google.android.packageinstaller (pid 30239) has died: cch+75 CEM 
10-16 19:20:17.853 I/ActivityManager( 1594): Start proc 31315:com.google.android.googlequicksearchbox:googleapp/u0a48 for service {com.google.android.googlequicksearchbox/com.google.android.libraries.search.integrations.tiktok.RemoteWorkerService_googleapp} caller=com.google.android.googlequicksearchbox
10-16 19:20:17.864 I/ActivityManager( 1594): Process com.facebook.appmanager (pid 28808) has died: cch+65 CEM 
10-16 19:20:17.924 I/ActivityManager( 1594): Process com.miui.securitycenter (pid 30133) has died: cch+65 CEM 
10-16 19:20:18.080 W/Looper  ( 1594): Slow Looper android.bg: Long Msg: seq=497103 plan=19:20:16.794  late=1ms wall=1284ms running=0ms h=com.android.server.am.ActivityManagerService$5 w=1
10-16 19:20:18.165 I/ActivityManager( 1594): Process com.miui.global.packageinstaller (pid 30262) has died: cch+55 CEM 
10-16 19:20:18.200 I/ActivityManager( 1594): Killing 30946:com.google.android.webview:sandboxed_process0:org.chromium.content.app.SandboxedProcessService0:0/u0a121i737 (adj 0): isolated not needed
10-16 19:20:18.227 I/dvm_lock_sample( 1594): [system_server,1,Binder:1594_1E,11,ActivityManagerService.java,8605,boolean com.android.server.am.ActivityManagerService.isUidActive(int, java.lang.String),-,14463,boolean com.android.server.am.ActivityManagerService.unbindService(android.app.IServiceConnection),2]
10-16 19:20:18.227 I/ActivityManager( 1594): Process com.xiaomi.discover (pid 30449) has died: cch+35 CEM 
10-16 19:20:18.395 W/ActivityManager( 1594): Sending non-protected broadcast action_temp_state_change from system 31097:com.miui.powerkeeper/1000 pkg com.miui.powerkeeper. Callers=
10-16 19:20:18.395 W/ActivityManager( 1594): Sending non-protected broadcast action_temp_state_change from system 31097:com.miui.powerkeeper/1000 pkg com.miui.powerkeeper. Callers=
10-16 19:20:18.407 I/am_lifecycle_sample(30436): [0,com.idealinspecao.perueiroapp,110,5482]
10-16 19:20:18.417 E/Perf    (30436): Fail to get file list com.idealinspecao.perueiroapp
10-16 19:20:18.418 E/Perf    (30436): Fail to get file list com.idealinspecao.perueiroapp
10-16 19:20:18.631 D/ForceDarkHelper(30436): updateByCheckExcludeList: pkg: com.idealinspecao.perueiroapp activity: com.idealinspecao.perueiroapp.MainActivity@894484a
10-16 19:20:18.638 D/ForceDarkHelper(30436): updateByCheckExcludeList: pkg: com.idealinspecao.perueiroapp activity: com.idealinspecao.perueiroapp.MainActivity@894484a
10-16 19:20:18.656 D/ForceDarkHelper(30436): updateByCheckExcludeList: pkg: com.idealinspecao.perueiroapp activity: com.idealinspecao.perueiroapp.MainActivity@894484a
10-16 19:20:18.736 I/am_on_create_called(30436): [0,com.idealinspecao.perueiroapp.MainActivity,performCreate,175]
10-16 19:20:18.754 I/am_on_start_called(30436): [0,com.idealinspecao.perueiroapp.MainActivity,handleStartActivity,0]
10-16 19:20:18.762 I/am_on_resume_called(30436): [0,com.idealinspecao.perueiroapp.MainActivity,RESUME_ACTIVITY,5]
10-16 19:20:18.828 W/Looper  (30436): Slow Looper main: Activity com.idealinspecao.perueiroapp/.MainActivity is 5433ms late (wall=414ms running=0ms ClientTransaction{ callbacks=[android.app.servertransaction.LaunchActivityItem] lifecycleRequest=android.app.servertransaction.ResumeActivityItem }) because of 1 msg, msg 1 took 5483ms (seq=2 late=1ms h=android.app.ActivityThread$H w=110)
10-16 19:20:18.829 I/am_on_top_resumed_gained_called(30436): [0,com.idealinspecao.perueiroapp.MainActivity,topStateChangedWhenResumed]
10-16 19:20:18.829 W/Looper  (30436): Slow Looper main: Activity com.idealinspecao.perueiroapp/.MainActivity is 5848ms late (wall=0ms running=0ms ClientTransaction{ callbacks=[android.app.servertransaction.TopResumedActivityChangeItem] }) because of 2 msg, msg 1 took 5483ms (seq=2 late=1ms h=android.app.ActivityThread$H w=110), msg 2 took 414ms (seq=3 late=5433ms h=android.app.ActivityThread$H w=159)
10-16 19:20:19.177 D/ForceDarkHelper(30436): updateByCheckExcludeList: pkg: com.idealinspecao.perueiroapp activity: com.idealinspecao.perueiroapp.MainActivity@894484a
10-16 19:20:20.035 I/ActivityManager( 1594): Process com.google.android.webview:webview_service (pid 29745) has died: cch+45 CEM 
10-16 19:20:20.149 I/ActivityManager( 1594): Process com.google.android.googlequicksearchbox:search (pid 30368) has died: cch+35 CEM 
10-16 19:20:21.279 D/ForceDarkHelper(30436): updateByCheckExcludeList: pkg: com.idealinspecao.perueiroapp activity: com.idealinspecao.perueiroapp.MainActivity@894484a
10-16 19:20:21.280 I/Timeline( 1594): Timeline: Activity_windows_visible id: ActivityRecord{49f39dc u0 com.idealinspecao.perueiroapp/.MainActivity t1535} time:1007605277
10-16 19:20:21.290 I/sysui_multi_action( 1594): [319,817,321,413,322,9167,325,1007596,757,761,758,7,759,1,806,com.idealinspecao.perueiroapp,871,com.idealinspecao.perueiroapp.MainActivity,904,com.android.shell,905,0,945,777,1320,12,1321,1]
10-16 19:20:21.293 I/am_activity_launch_time( 1594): [0,77543900,com.idealinspecao.perueiroapp/.MainActivity,9167]
10-16 19:20:21.295 I/ActivityTaskManager( 1594): Displayed com.idealinspecao.perueiroapp/.MainActivity: +9s167ms
10-16 19:20:21.448 I/GoogleInputMethodService(15542): GoogleInputMethodService.onStartInput():1346 onStartInput(EditorInfo{EditorInfo{packageName=com.idealinspecao.perueiroapp, inputType=0, inputTypeString=NULL, enableLearning=false, autoCorrection=false, autoComplete=false, imeOptions=0, privateImeOptions=null, actionName=UNSPECIFIED, actionLabel=null, initialSelStart=-1, initialSelEnd=-1, initialCapsMode=0, label=null, fieldId=-1, fieldName=null, extras=null, hintText=null, hintLocales=[]}}, false)
===== END SNAPSHOT =====
