10-13 22:04:58.071 I/dvm_lock_sample( 1594): [system_server,1,Binder:1594_14,5,ActivityManagerService.java,14285,android.content.ComponentName com.android.server.am.ActivityManagerService.startService(android.app.IApplicationThread, android.content.Intent, java.lang.String, boolean, java.lang.String, int),-,14463,boolean com.android.server.am.ActivityManagerService.unbindService(android.app.IServiceConnection),1]
10-13 22:04:58.218 I/dvm_lock_sample( 1594): [system_server,0,Binder:1594_1F,12,ActivityManagerService.java,14494,void com.android.server.am.ActivityManagerService.serviceDoneExecuting(android.os.IBinder, int, int, int),-,14450,int com.android.server.am.ActivityManagerService.bindIsolatedService(android.app.IApplicationThread, android.os.IBinder, android.content.Intent, java.lang.String, android.app.IServiceConnection, int, java.lang.String, java.lang.String, int),2]
10-13 22:04:58.658 I/dvm_lock_sample( 1594): [system_server,1,Binder:1594_1B,10,ActivityManagerService.java,14285,android.content.ComponentName com.android.server.am.ActivityManagerService.startService(android.app.IApplicationThread, android.content.Intent, java.lang.String, boolean, java.lang.String, int),-,14463,boolean com.android.server.am.ActivityManagerService.unbindService(android.app.IServiceConnection),2]
10-13 22:04:59.105 I/dvm_lock_sample( 1594): [system_server,1,Binder:1594_1F,8,ActivityManagerService.java,14962,void com.android.server.am.ActivityManagerService.unregisterReceiver(android.content.IIntentReceiver),-,14463,boolean com.android.server.am.ActivityManagerService.unbindService(android.app.IServiceConnection),1]
10-13 22:05:01.237 I/dvm_lock_sample( 1594): [system_server,0,Binder:1594_1B,12,ActivityManagerService.java,14494,void com.android.server.am.ActivityManagerService.serviceDoneExecuting(android.os.IBinder, int, int, int),-,14450,int com.android.server.am.ActivityManagerService.bindIsolatedService(android.app.IApplicationThread, android.os.IBinder, android.content.Intent, java.lang.String, android.app.IServiceConnection, int, java.lang.String, java.lang.String, int),2]
10-13 22:05:01.994 I/dvm_lock_sample( 1594): [system_server,1,NetworkPolicy.uid,11,ActivityManagerService.java,18347,void com.android.server.am.ActivityManagerService$LocalService.notifyNetworkPolicyRulesUpdated(int, long),-,14488,void com.android.server.am.ActivityManagerService.unbindFinished(android.os.IBinder, android.content.Intent, boolean),2]
10-13 22:05:02.689 I/dvm_lock_sample( 1594): [system_server,1,NetworkPolicy.uid,11,ActivityManagerService.java,18347,void com.android.server.am.ActivityManagerService$LocalService.notifyNetworkPolicyRulesUpdated(int, long),-,14450,int com.android.server.am.ActivityManagerService.bindIsolatedService(android.app.IApplicationThread, android.os.IBinder, android.content.Intent, java.lang.String, android.app.IServiceConnection, int, java.lang.String, java.lang.String, int),2]
10-13 22:05:06.041 W/PowerKeeper-ReflectionUtils(  930): failed to callStaticMethod class com.miui.whetstone.WhetstoneActivityManager.enableMiuiStandby
10-13 22:05:06.041 W/PowerKeeper-ReflectionUtils(  930): java.lang.NoSuchMethodException: com.miui.whetstone.WhetstoneActivityManager.enableMiuiStandby [boolean]
10-13 22:05:12.330 I/dvm_lock_sample( 1594): [system_server,1,Binder:1594_C,11,ActivityManagerService.java,14463,boolean com.android.server.am.ActivityManagerService.unbindService(android.app.IServiceConnection),-,14450,int com.android.server.am.ActivityManagerService.bindIsolatedService(android.app.IApplicationThread, android.os.IBinder, android.content.Intent, java.lang.String, android.app.IServiceConnection, int, java.lang.String, java.lang.String, int),2]
10-13 22:05:15.936 I/dvm_lock_sample( 1594): [system_server,1,Binder:1594_1B,8,ActivityManagerService.java,14474,void com.android.server.am.ActivityManagerService.publishService(android.os.IBinder, android.content.Intent, android.os.IBinder),-,14450,int com.android.server.am.ActivityManagerService.bindIsolatedService(android.app.IApplicationThread, android.os.IBinder, android.content.Intent, java.lang.String, android.app.IServiceConnection, int, java.lang.String, java.lang.String, int),1]
10-13 22:05:16.025 I/dvm_lock_sample( 1594): [system_server,1,Binder:1594_1B,23,ActivityManagerService.java,14791,android.content.Intent com.android.server.am.ActivityManagerService.registerReceiver(android.app.IApplicationThread, java.lang.String, android.content.IIntentReceiver, android.content.IntentFilter, java.lang.String, int, int),-,14450,int com.android.server.am.ActivityManagerService.bindIsolatedService(android.app.IApplicationThread, android.os.IBinder, android.content.Intent, java.lang.String, android.app.IServiceConnection, int, java.lang.String, java.lang.String, int),4]
10-13 22:05:16.251 I/dvm_lock_sample( 1594): [system_server,1,Binder:1594_A,8,ActivityManagerService.java,14474,void com.android.server.am.ActivityManagerService.publishService(android.os.IBinder, android.content.Intent, android.os.IBinder),-,14450,int com.android.server.am.ActivityManagerService.bindIsolatedService(android.app.IApplicationThread, android.os.IBinder, android.content.Intent, java.lang.String, android.app.IServiceConnection, int, java.lang.String, java.lang.String, int),1]
10-13 22:05:16.835 I/dvm_lock_sample( 1594): [system_server,1,android.ui,7,ActivityManagerService.java,3432,void com.android.server.am.ActivityManagerService.dispatchUidsChanged(),-,14463,boolean com.android.server.am.ActivityManagerService.unbindService(android.app.IServiceConnection),1]
10-13 22:05:17.753 I/dvm_lock_sample( 1594): [system_server,1,NetworkPolicy.uid,5,ActivityManagerService.java,18347,void com.android.server.am.ActivityManagerService$LocalService.notifyNetworkPolicyRulesUpdated(int, long),-,14450,int com.android.server.am.ActivityManagerService.bindIsolatedService(android.app.IApplicationThread, android.os.IBinder, android.content.Intent, java.lang.String, android.app.IServiceConnection, int, java.lang.String, java.lang.String, int),1]
10-13 22:06:23.174 W/ActivityManager( 1594): Sending non-protected broadcast android.intent.action.KEYCODE_POWER_UP from system 1594:system/1000 pkg android. Callers=com.android.server.am.ActivityManagerService.broadcastIntentLocked:15855 com.android.server.am.ActivityManagerService.broadcastIntentLocked:15209 com.android.server.am.ActivityManagerService.broadcastIntent:15998 android.app.ContextImpl.sendBroadcastAsUser:1234 com.android.server.policy.BaseMiuiPhoneWindowManager$13.run:2362 
10-13 22:06:23.319 W/ActivityManager( 1594): Sending non-protected broadcast com.android.systemui.SCREEN_ON from system 2131:com.android.systemui/1000 pkg com.android.systemui. Callers=
10-13 22:06:24.592 W/PowerKeeper-ReflectionUtils(  930): failed to callStaticMethod class com.miui.whetstone.WhetstoneActivityManager.enableMiuiStandby
10-13 22:06:24.592 W/PowerKeeper-ReflectionUtils(  930): java.lang.NoSuchMethodException: com.miui.whetstone.WhetstoneActivityManager.enableMiuiStandby [boolean]
10-13 22:06:28.761 W/ActivityManager( 1594): Sending non-protected broadcast android.intent.action.APPLICATION_MESSAGE_UPDATE from system 2131:com.android.systemui/1000 pkg com.android.systemui. Callers=
10-13 22:08:15.235 W/Binder  ( 1594): 	at com.android.server.wm.ActivityTaskManagerServiceInjector.requestSplashScreen(ActivityTaskManagerServiceInjector.java:218)
10-13 22:08:15.235 W/Binder  ( 1594): 	at com.android.server.wm.ActivityTaskManagerService.startActivityAsUser(ActivityTaskManagerService.java:1095)
10-13 22:08:15.235 W/Binder  ( 1594): 	at com.android.server.wm.ActivityTaskManagerService.startActivityAsUser(ActivityTaskManagerService.java:1067)
10-13 22:08:15.235 W/Binder  ( 1594): 	at com.android.server.am.ActivityManagerService.startActivityAsUser(ActivityManagerService.java:3579)
10-13 22:08:15.235 W/Binder  ( 1594): 	at com.android.commands.pm.IActivityManagerCompat.startActivity(IActivityManagerCompat.java:15)
10-13 22:08:15.385 W/System.err(29729): 	at d.c.a.b.f.b.a(ActivityManagerCompat.java:11)
10-13 22:08:15.386 W/System.err(29729): 	at android.app.IActivityTaskManager$Stub$Proxy.getStackInfo(IActivityTaskManager.java:6398)
10-13 22:08:15.386 W/System.err(29729): 	at com.android.server.am.ActivityManagerService.enforceCallingPermission(ActivityManagerService.java:6163)
10-13 22:08:15.386 W/System.err(29729): 	at com.android.server.am.ActivityManagerService$LocalService.enforceCallingPermission(ActivityManagerService.java:18443)
10-13 22:08:15.386 W/System.err(29729): 	at com.android.server.wm.ActivityTaskManagerService.enforceCallerIsRecentsOrHasPermission(ActivityTaskManagerService.java:3666)
10-13 22:08:15.386 W/System.err(29729): 	at com.android.server.wm.ActivityTaskManagerService.getStackInfo(ActivityTaskManagerService.java:2910)
10-13 22:08:15.386 W/System.err(29729): 	at android.app.IActivityTaskManager$Stub.onTransact(IActivityTaskManager.java:3003)
10-13 22:08:17.727 D/MiuiNetworkPolicyAppBuckets( 1594): updateAppPN packageName=com.idealinspecao.perueiroapp,uid=11370,installed=false
10-13 22:08:17.753 E/InstallApkReceiver( 2404): uninstall:package:com.idealinspecao.perueiroapp
10-13 22:08:17.754 D/BluetoothMapAppObserver(25473): The removed package is: com.idealinspecao.perueiroapp
10-13 22:08:17.857 I/notification_cancel_all( 1594): [1000,1594,com.idealinspecao.perueiroapp,0,0,0,5,NULL]
10-13 22:08:17.923 D/MiuiNetworkPolicyAppBuckets( 1594): updateAppPN packageName=com.idealinspecao.perueiroapp,uid=11370,installed=true
10-13 22:08:17.926 E/InstallApkReceiver( 2404): install:package:com.idealinspecao.perueiroapp
10-13 22:08:17.937 E/Recents ( 2131): packageMonitor   onPackageModified  packageName=com.idealinspecao.perueiroapp   mIsRecentsWithinLauncher=true
10-13 22:08:17.947 D/AppInstalledReceiver(13735): packageName: com.idealinspecao.perueiroapp
10-13 22:08:17.951 D/ImsResolver( 2395): maybeAddedImsService, packageName: com.idealinspecao.perueiroapp
10-13 22:08:17.965 D/Avrcp_ext(25473): AvrcpServiceBroadcastReceiver-> packageName: com.idealinspecao.perueiroapp
10-13 22:08:17.965 D/Avrcp_ext(25473): packageName: com.idealinspecao.perueiroapp removed: false
10-13 22:08:17.969 I/dvm_lock_sample( 1594): [system_server,0,PackageManager,78,ActivityManagerService.java,15989,int com.android.server.am.ActivityManagerService.broadcastIntent(android.app.IApplicationThread, android.content.Intent, java.lang.String, android.content.IIntentReceiver, int, java.lang.String, android.os.Bundle, java.lang.String[], int, android.os.Bundle, boolean, boolean, int),ProcessList.java,1687,void com.android.server.am.ProcessList.lambda$startProcessLocked$0$ProcessList(com.android.server.am.ProcessRecord, java.lang.String, int[], int, int, java.lang.String, java.lang.String, java.lang.String, long),15]
10-13 22:08:17.980 D/BluetoothMapAppObserver(25473): The installed package is: com.idealinspecao.perueiroapp
10-13 22:08:17.986 I/dvm_lock_sample( 1594): [system_server,1,ActivityManager,12,BroadcastQueue.java,984,void com.android.server.am.BroadcastQueue.processNextBroadcast(boolean, boolean),ActivityManagerService.java,6181,boolean com.android.server.am.ActivityManagerService.isAppStartModeDisabled(int, java.lang.String),2]
10-13 22:08:18.070 I/dvm_lock_sample( 1594): [system_server,1,ActivityManager,42,BroadcastQueue.java,984,void com.android.server.am.BroadcastQueue.processNextBroadcast(boolean, boolean),ActivityManagerService.java,14494,void com.android.server.am.ActivityManagerService.serviceDoneExecuting(android.os.IBinder, int, int, int),8]
10-13 22:08:18.174 I/sysui_multi_action( 1594): [757,147,758,4,759,1,806,com.idealinspecao.perueiroapp]
10-13 22:08:18.181 I/dvm_lock_sample( 1594): [system_server,1,Binder:1594_10,16,ActivityManagerService.java,8605,boolean com.android.server.am.ActivityManagerService.isUidActive(int, java.lang.String),BroadcastQueue.java,984,void com.android.server.am.BroadcastQueue.processNextBroadcast(boolean, boolean),3]
10-13 22:08:18.514 I/dvm_lock_sample( 1594): [system_server,1,Binder:1594_10,51,ActivityManagerService.java,14285,android.content.ComponentName com.android.server.am.ActivityManagerService.startService(android.app.IApplicationThread, android.content.Intent, java.lang.String, boolean, java.lang.String, int),-,14285,android.content.ComponentName com.android.server.am.ActivityManagerService.startService(android.app.IApplicationThread, android.content.Intent, java.lang.String, boolean, java.lang.String, int),10]
10-13 22:08:18.760 I/am_create_activity( 1594): [0,187922038,1357,com.idealinspecao.perueiroapp/.MainActivity,NULL,NULL,NULL,268435456]
10-13 22:08:18.941 I/am_proc_start( 1594): [0,4518,11370,com.idealinspecao.perueiroapp,activity,{com.idealinspecao.perueiroapp/com.idealinspecao.perueiroapp.MainActivity}]
10-13 22:08:18.942 D/OemNetd (  518): setPidForPackage: packageName=com.idealinspecao.perueiroapp, pid=4518, pid=11370
10-13 22:08:19.044 I/PI-ScanDispatch( 4386): service bind, pkgName = com.idealinspecao.perueiroapp, installer = null, isReplace = true, firstGoogleTime = 1614890563430
10-13 22:08:19.064 I/notification_cancel_all( 1594): [1000,1594,com.idealinspecao.perueiroapp,0,0,0,5,NULL]
10-13 22:08:19.110 I/am_proc_bound( 1594): [0,4518,com.idealinspecao.perueiroapp]
10-13 22:08:19.115 I/am_restart_activity( 1594): [0,187922038,1357,com.idealinspecao.perueiroapp/.MainActivity,4518]
10-13 22:08:19.117 I/am_set_resumed_activity( 1594): [0,com.idealinspecao.perueiroapp/.MainActivity,minimalResumeActivityLocked]
10-13 22:08:19.118 I/ProcessMonitor(13735): onForegroundInfoChanged: ForegroundInfo{mForegroundPackageName='com.idealinspecao.perueiroapp', mForegroundUid=11370, mForegroundPid=4518, mLastForegroundPackageName='com.miui.home', mLastForegroundUid=10064, mLastForegroundPid=2404, mMultiWindowForegroundPackageName='null', mMultiWindowForegroundUid=-1, mFlags=1}
10-13 22:08:19.118 I/GST     (10006): forePkg: com.idealinspecao.perueiroapp, preForePkg: com.miui.home
10-13 22:08:19.119 D/AutoInstallService(32213): onForegroundInfoChanged: com.idealinspecao.perueiroapp
10-13 22:08:19.119 D/PerfEngineController(  930): ForegroundInfo{mForegroundPackageName='com.idealinspecao.perueiroapp', mForegroundUid=11370, mForegroundPid=4518, mLastForegroundPackageName='com.miui.home', mLastForegroundUid=10064, mLastForegroundPid=2404, mMultiWindowForegroundPackageName='null', mMultiWindowForegroundUid=-1, mFlags=1}
10-13 22:08:19.219 D/Launcher.Model( 2404): LauncherAppsCallback onPackageChanged|com.idealinspecao.perueiroapp|UserHandle{0}
10-13 22:08:19.220 D/Launcher.Model( 2404): Got broadcast:Intent { act=android.intent.action.PACKAGE_CHANGED dat=package:com.idealinspecao.perueiroapp (has extras) }
10-13 22:08:19.341 D/Launcher.AllAppsList( 2404): updatePackage, packageName=com.idealinspecao.perueiroapp, loadMissing=false, user=UserHandle{0}, matchedSize=1
10-13 22:08:19.352 D/Launcher.AllAppsList( 2404): updatePackage, find appInfo=AppInfo, id=-1, itemType=0, user=UserHandle{0}, mIconType=0, pkgName=com.idealinspecao.perueiroapp, className=com.idealinspecao.perueiroapp.MainActivity, screenId=-1, container=-1, cellX=-1, cellY=-1, spanX=1, spanY=1, isLandscapePos=false from ComponentInfo{com.idealinspecao.perueiroapp/com.idealinspecao.perueiroapp.MainActivity}
10-13 22:08:19.363 D/Launcher.Model( 2404): onReceiveBackground, mAllAppsList=add=[], remove=[], modified=[(0, AppInfo, id=-1, itemType=0, user=UserHandle{0}, mIconType=0, pkgName=com.idealinspecao.perueiroapp, className=com.idealinspecao.perueiroapp.MainActivity, screenId=-1, container=-1, cellX=-1, cellY=-1, spanX=1, spanY=1, isLandscapePos=false)]
10-13 22:08:19.629 I/dvm_lock_sample( 1594): [system_server,1,Binder:1594_9,22,ActivityManagerService.java,14791,android.content.Intent com.android.server.am.ActivityManagerService.registerReceiver(android.app.IApplicationThread, java.lang.String, android.content.IIntentReceiver, android.content.IntentFilter, java.lang.String, int, int),-,14450,int com.android.server.am.ActivityManagerService.bindIsolatedService(android.app.IApplicationThread, android.os.IBinder, android.content.Intent, java.lang.String, android.app.IServiceConnection, int, java.lang.String, java.lang.String, int),4]
10-13 22:08:20.695 I/Finsky  ( 4411): [2] AIM: AppInfoCacheUpdater -> invalidating apps: [com.idealinspecao.perueiroapp]
10-13 22:08:20.762 I/Finsky  ( 4411): [53128] AIM: AppInfoManager-Perf > OnDeviceAppInfo > cacheHitCount=0, cacheMissCount=1. Missed  in cache (limit 10) : [com.idealinspecao.perueiroapp]
10-13 22:08:20.811 I/dvm_lock_sample( 1594): [system_server,1,Binder:1594_16,26,ProcessManagerService.java,1704,java.util.List com.android.server.am.ProcessManagerService.getRunningProcessInfo(int, int, java.lang.String, java.lang.String, int),ActivityManagerService.java,1537,void com.android.server.am.ActivityManagerService$AppDeathRecipient.binderDied(),5]
10-13 22:08:21.442 I/Finsky  ( 4411): [53124] AIM: AppInfoManager-Perf > OnDeviceAppInfo > cacheHitCount=0, cacheMissCount=1. Missed  in cache (limit 10) : [com.idealinspecao.perueiroapp]
10-13 22:08:22.185 W/BroadcastQueue( 1594): Background execution not allowed: receiving Intent { act=android.intent.action.PACKAGE_REPLACED dat=package:com.idealinspecao.perueiroapp flg=0x4000010 (has extras) } to com.facebook.appmanager/com.facebook.oxygen.common.packages.event.manifest.ManifestPackageEventReceiver
10-13 22:08:22.188 W/BroadcastQueue( 1594): Background execution not allowed: receiving Intent { act=android.intent.action.PACKAGE_REPLACED dat=package:com.idealinspecao.perueiroapp flg=0x4000010 (has extras) } to com.google.android.gms/.chimera.GmsIntentOperationService$PersistentTrustedReceiver
10-13 22:08:22.188 W/BroadcastQueue( 1594): Background execution not allowed: receiving Intent { act=android.intent.action.PACKAGE_REPLACED dat=package:com.idealinspecao.perueiroapp flg=0x4000010 (has extras) } to com.google.android.gms/.gass.chimera.PackageChangeBroadcastReceiver
10-13 22:08:22.189 W/BroadcastQueue( 1594): Background execution not allowed: receiving Intent { act=android.intent.action.PACKAGE_REPLACED dat=package:com.idealinspecao.perueiroapp flg=0x4000010 (has extras) } to com.miui.audioeffect/com.android.musicfx.Compatibility$Receiver
10-13 22:08:22.189 W/BroadcastQueue( 1594): Background execution not allowed: receiving Intent { act=android.intent.action.PACKAGE_REPLACED dat=package:com.idealinspecao.perueiroapp flg=0x4000010 (has extras) } to com.miui.notes/com.miui.floatwindow.BootBroadcastReceiver
10-13 22:08:22.189 W/BroadcastQueue( 1594): Background execution not allowed: receiving Intent { act=android.intent.action.PACKAGE_REPLACED dat=package:com.idealinspecao.perueiroapp flg=0x4000010 (has extras) } to com.google.android.apps.photos/.account.full.FetchAccountPropertiesAppUpgradeBroadcastReceiver
10-13 22:08:22.189 W/BroadcastQueue( 1594): Background execution not allowed: receiving Intent { act=android.intent.action.PACKAGE_REPLACED dat=package:com.idealinspecao.perueiroapp flg=0x4000010 (has extras) } to com.google.android.apps.photos/.account.full.SyncAccountsForLoginBroadcastReceiver
10-13 22:08:22.189 W/BroadcastQueue( 1594): Background execution not allowed: receiving Intent { act=android.intent.action.PACKAGE_REPLACED dat=package:com.idealinspecao.perueiroapp flg=0x4000010 (has extras) } to com.google.android.apps.photos/.notificationchannels.AppUpdateBroadcastReceiver
10-13 22:08:22.372 I/ActivityManager( 1594): Process com.qualcomm.qti.qdma (pid 30216) has died: svcb SVC 
10-13 22:08:22.385 W/ActivityManager( 1594): Scheduling restart of crashed service com.qualcomm.qti.qdma/.job.QDMAJobService in 18122ms
10-13 22:08:22.385 W/ActivityManager( 1594): Scheduling restart of crashed service com.qualcomm.qti.qdma/.uploader.UploaderService in 28121ms
10-13 22:08:22.464 I/ActivityManager( 1594): Process android.process.acore (pid 2172) has died: cch+95 CEM 
10-13 22:08:22.662 I/ActivityManager( 1594): Process com.google.android.gms.learning (pid 3078) has died: cch+85 CEM 
10-13 22:08:22.751 I/ActivityManager( 1594): Process com.miui.weather2 (pid 3802) has died: cch+65 CEM 
10-13 22:08:22.772 I/ActivityManager( 1594): Process com.google.android.apps.photos (pid 2597) has died: cch+65 CEM 
10-13 22:08:22.963 I/ActivityManager( 1594): Process com.google.android.projection.gearhead:car (pid 1787) has died: cch+55 CEM 
10-13 22:08:23.552 I/ActivityManager( 1594): Process com.miui.securitycenter (pid 4255) has died: cch+45 CEM 
10-13 22:08:23.567 W/ActivityManager( 1594): setHasOverlayUi called on unknown pid: 4255
10-13 22:08:24.235 I/am_lifecycle_sample( 4518): [0,com.idealinspecao.perueiroapp,110,5080]
10-13 22:08:24.241 E/Perf    ( 4518): Fail to get file list com.idealinspecao.perueiroapp
10-13 22:08:24.241 E/Perf    ( 4518): Fail to get file list com.idealinspecao.perueiroapp
10-13 22:08:24.441 D/ForceDarkHelper( 4518): updateByCheckExcludeList: pkg: com.idealinspecao.perueiroapp activity: com.idealinspecao.perueiroapp.MainActivity@894484a
10-13 22:08:24.509 I/am_on_create_called( 4518): [0,com.idealinspecao.perueiroapp.MainActivity,performCreate,148]
10-13 22:08:24.524 I/am_on_start_called( 4518): [0,com.idealinspecao.perueiroapp.MainActivity,handleStartActivity,0]
10-13 22:08:24.530 I/am_on_resume_called( 4518): [0,com.idealinspecao.perueiroapp.MainActivity,RESUME_ACTIVITY,2]
10-13 22:08:24.563 W/Looper  ( 4518): Slow Looper main: Activity com.idealinspecao.perueiroapp/.MainActivity is 5086ms late (wall=322ms running=0ms ClientTransaction{ callbacks=[android.app.servertransaction.LaunchActivityItem] lifecycleRequest=android.app.servertransaction.ResumeActivityItem }) because of 2 msg, msg 2 took 5081ms (seq=2 late=4ms h=android.app.ActivityThread$H w=110)
10-13 22:08:24.564 I/am_on_top_resumed_gained_called( 4518): [0,com.idealinspecao.perueiroapp.MainActivity,topStateChangedWhenResumed]
10-13 22:08:24.564 W/Looper  ( 4518): Slow Looper main: Activity com.idealinspecao.perueiroapp/.MainActivity is 5409ms late (wall=0ms running=0ms ClientTransaction{ callbacks=[android.app.servertransaction.TopResumedActivityChangeItem] }) because of 3 msg, msg 2 took 5081ms (seq=2 late=4ms h=android.app.ActivityThread$H w=110), msg 3 took 322ms (seq=3 late=5086ms h=android.app.ActivityThread$H w=159)
10-13 22:08:24.456 I/chatty  ( 4518): uid=11370(com.idealinspecao.perueiroapp) identical 2 lines
10-13 22:08:24.834 D/ForceDarkHelper( 4518): updateByCheckExcludeList: pkg: com.idealinspecao.perueiroapp activity: com.idealinspecao.perueiroapp.MainActivity@894484a
10-13 22:08:26.496 D/ForceDarkHelper( 4518): updateByCheckExcludeList: pkg: com.idealinspecao.perueiroapp activity: com.idealinspecao.perueiroapp.MainActivity@894484a
10-13 22:08:26.496 I/sysui_multi_action( 1594): [319,415,321,367,322,7770,325,764769,757,761,758,7,759,1,806,com.idealinspecao.perueiroapp,871,com.idealinspecao.perueiroapp.MainActivity,904,com.android.shell,905,0,945,386,1320,12,1321,1]
10-13 22:08:26.496 I/Timeline( 1594): Timeline: Activity_windows_visible id: ActivityRecord{b337676 u0 com.idealinspecao.perueiroapp/.MainActivity t1357} time:764776887
10-13 22:08:26.500 I/am_activity_launch_time( 1594): [0,187922038,com.idealinspecao.perueiroapp/.MainActivity,7770]
10-13 22:08:26.506 I/ActivityTaskManager( 1594): Displayed com.idealinspecao.perueiroapp/.MainActivity: +7s770ms
10-13 22:08:26.648 I/GoogleInputMethodService(15542): GoogleInputMethodService.onStartInput():1346 onStartInput(EditorInfo{EditorInfo{packageName=com.idealinspecao.perueiroapp, inputType=0, inputTypeString=NULL, enableLearning=false, autoCorrection=false, autoComplete=false, imeOptions=0, privateImeOptions=null, actionName=UNSPECIFIED, actionLabel=null, initialSelStart=-1, initialSelEnd=-1, initialCapsMode=0, label=null, fieldId=-1, fieldName=null, extras=null, hintText=null, hintLocales=[]}}, false)
10-13 22:08:26.662 I/ActivityManager( 1594): Process com.android.keychain (pid 4357) has died: cch+35 CEM 
10-13 22:08:26.719 I/ActivityManager( 1594): Process com.miui.global.packageinstaller (pid 4386) has died: cch+25 CEM 
10-13 22:08:26.748 I/ActivityManager( 1594): Killing 4907:com.google.android.webview:sandboxed_process0:org.chromium.content.app.SandboxedProcessService0:0/u0a121i558 (adj 0): isolated not needed
===== END SNAPSHOT =====
