10-14 02:51:29.386 I/dvm_lock_sample( 1594): [system_server,1,android.ui,728,ActivityManagerService.java,3378,void com.android.server.am.ActivityManagerService.dispatchUidsChanged(),-,14450,int com.android.server.am.ActivityManagerService.bindIsolatedService(android.app.IApplicationThread, android.os.IBinder, android.content.Intent, java.lang.String, android.app.IServiceConnection, int, java.lang.String, java.lang.String, int),100]
10-14 02:51:29.388 I/dvm_lock_sample( 1594): [system_server,0,Binder:1594_E,607,ActivityManagerService.java,16095,void com.android.server.am.ActivityManagerService.finishReceiver(android.os.IBinder, int, java.lang.String, android.os.Bundle, boolean, int),-,14450,int com.android.server.am.ActivityManagerService.bindIsolatedService(android.app.IApplicationThread, android.os.IBinder, android.content.Intent, java.lang.String, android.app.IServiceConnection, int, java.lang.String, java.lang.String, int),100]
10-14 02:51:29.388 I/dvm_lock_sample( 1594): [system_server,1,Binder:1594_1B,596,ActivityManagerService.java,14450,int com.android.server.am.ActivityManagerService.bindIsolatedService(android.app.IApplicationThread, android.os.IBinder, android.content.Intent, java.lang.String, android.app.IServiceConnection, int, java.lang.String, java.lang.String, int),-,14450,int com.android.server.am.ActivityManagerService.bindIsolatedService(android.app.IApplicationThread, android.os.IBinder, android.content.Intent, java.lang.String, android.app.IServiceConnection, int, java.lang.String, java.lang.String, int),100]
10-14 02:51:29.389 I/dvm_lock_sample( 1594): [system_server,1,Binder:1594_1F,674,ActivityManagerService.java,14450,int com.android.server.am.ActivityManagerService.bindIsolatedService(android.app.IApplicationThread, android.os.IBinder, android.content.Intent, java.lang.String, android.app.IServiceConnection, int, java.lang.String, java.lang.String, int),-,14450,int com.android.server.am.ActivityManagerService.bindIsolatedService(android.app.IApplicationThread, android.os.IBinder, android.content.Intent, java.lang.String, android.app.IServiceConnection, int, java.lang.String, java.lang.String, int),100]
10-14 02:51:29.394 I/dvm_lock_sample( 1594): [system_server,1,Binder:1594_F,596,ActivityManagerService.java,10076,void com.android.server.am.ActivityManagerService.getMyMemoryState(android.app.ActivityManager$RunningAppProcessInfo),-,14450,int com.android.server.am.ActivityManagerService.bindIsolatedService(android.app.IApplicationThread, android.os.IBinder, android.content.Intent, java.lang.String, android.app.IServiceConnection, int, java.lang.String, java.lang.String, int),100]
10-14 02:51:29.396 I/dvm_lock_sample( 1594): [system_server,1,Binder:1594_17,576,ActivityManagerService.java,14463,boolean com.android.server.am.ActivityManagerService.unbindService(android.app.IServiceConnection),-,14450,int com.android.server.am.ActivityManagerService.bindIsolatedService(android.app.IApplicationThread, android.os.IBinder, android.content.Intent, java.lang.String, android.app.IServiceConnection, int, java.lang.String, java.lang.String, int),100]
10-14 02:51:29.401 I/dvm_lock_sample( 1594): [system_server,1,Binder:1594_1A,547,ActivityManagerService.java,14450,int com.android.server.am.ActivityManagerService.bindIsolatedService(android.app.IApplicationThread, android.os.IBinder, android.content.Intent, java.lang.String, android.app.IServiceConnection, int, java.lang.String, java.lang.String, int),-,14450,int com.android.server.am.ActivityManagerService.bindIsolatedService(android.app.IApplicationThread, android.os.IBinder, android.content.Intent, java.lang.String, android.app.IServiceConnection, int, java.lang.String, java.lang.String, int),100]
10-14 02:51:29.401 I/binder_sample(32609): [android.app.IActivityManager,29,582,com.google.android.apps.turbo,100]
10-14 02:51:29.415 I/dvm_lock_sample( 1594): [system_server,1,Binder:1594_D,549,ActivityManagerService.java,6978,android.app.ContentProviderHolder com.android.server.am.ActivityManagerService.getContentProviderImpl(android.app.IApplicationThread, java.lang.String, android.os.IBinder, int, java.lang.String, java.lang.String, boolean, int),-,14450,int com.android.server.am.ActivityManagerService.bindIsolatedService(android.app.IApplicationThread, android.os.IBinder, android.content.Intent, java.lang.String, android.app.IServiceConnection, int, java.lang.String, java.lang.String, int),100]
10-14 02:51:29.418 I/dvm_lock_sample( 1594): [system_server,1,Binder:1594_C,538,ActivityManagerService.java,14450,int com.android.server.am.ActivityManagerService.bindIsolatedService(android.app.IApplicationThread, android.os.IBinder, android.content.Intent, java.lang.String, android.app.IServiceConnection, int, java.lang.String, java.lang.String, int),-,14450,int com.android.server.am.ActivityManagerService.bindIsolatedService(android.app.IApplicationThread, android.os.IBinder, android.content.Intent, java.lang.String, android.app.IServiceConnection, int, java.lang.String, java.lang.String, int),100]
10-14 02:51:29.433 I/dvm_lock_sample( 1594): [system_server,1,Binder:1594_1E,536,ActivityManagerService.java,14791,android.content.Intent com.android.server.am.ActivityManagerService.registerReceiver(android.app.IApplicationThread, java.lang.String, android.content.IIntentReceiver, android.content.IntentFilter, java.lang.String, int, int),-,14450,int com.android.server.am.ActivityManagerService.bindIsolatedService(android.app.IApplicationThread, android.os.IBinder, android.content.Intent, java.lang.String, android.app.IServiceConnection, int, java.lang.String, java.lang.String, int),100]
10-14 02:51:29.433 I/dvm_lock_sample( 1594): [system_server,1,Binder:1594_16,498,ActivityManagerService.java,7717,boolean com.android.server.am.ActivityManagerService.refContentProvider(android.os.IBinder, int, int),-,14450,int com.android.server.am.ActivityManagerService.bindIsolatedService(android.app.IApplicationThread, android.os.IBinder, android.content.Intent, java.lang.String, android.app.IServiceConnection, int, java.lang.String, java.lang.String, int),99]
10-14 02:51:29.435 I/dvm_lock_sample( 1594): [system_server,1,Binder:1594_18,374,ActivityManagerService.java,14463,boolean com.android.server.am.ActivityManagerService.unbindService(android.app.IServiceConnection),-,14450,int com.android.server.am.ActivityManagerService.bindIsolatedService(android.app.IApplicationThread, android.os.IBinder, android.content.Intent, java.lang.String, android.app.IServiceConnection, int, java.lang.String, java.lang.String, int),74]
10-14 02:51:29.439 I/dvm_lock_sample( 1594): [system_server,1,Binder:1594_5,106,ActivityManagerService.java,14791,android.content.Intent com.android.server.am.ActivityManagerService.registerReceiver(android.app.IApplicationThread, java.lang.String, android.content.IIntentReceiver, android.content.IntentFilter, java.lang.String, int, int),-,14450,int com.android.server.am.ActivityManagerService.bindIsolatedService(android.app.IApplicationThread, android.os.IBinder, android.content.Intent, java.lang.String, android.app.IServiceConnection, int, java.lang.String, java.lang.String, int),21]
10-14 02:51:29.440 I/dvm_lock_sample( 1594): [system_server,1,Binder:1594_1B,51,ActivityManagerService.java,14450,int com.android.server.am.ActivityManagerService.bindIsolatedService(android.app.IApplicationThread, android.os.IBinder, android.content.Intent, java.lang.String, android.app.IServiceConnection, int, java.lang.String, java.lang.String, int),-,16095,void com.android.server.am.ActivityManagerService.finishReceiver(android.os.IBinder, int, java.lang.String, android.os.Bundle, boolean, int),10]
10-14 02:51:29.449 I/dvm_lock_sample( 1594): [system_server,0,PackageManager,244,ActivityManagerService.java,15989,int com.android.server.am.ActivityManagerService.broadcastIntent(android.app.IApplicationThread, android.content.Intent, java.lang.String, android.content.IIntentReceiver, int, java.lang.String, android.os.Bundle, java.lang.String[], int, android.os.Bundle, boolean, boolean, int),-,14450,int com.android.server.am.ActivityManagerService.bindIsolatedService(android.app.IApplicationThread, android.os.IBinder, android.content.Intent, java.lang.String, android.app.IServiceConnection, int, java.lang.String, java.lang.String, int),48]
10-14 02:51:29.524 I/dvm_lock_sample( 1594): [system_server,0,Binder:1594_F,14,ActivityManagerService.java,14494,void com.android.server.am.ActivityManagerService.serviceDoneExecuting(android.os.IBinder, int, int, int),-,14450,int com.android.server.am.ActivityManagerService.bindIsolatedService(android.app.IApplicationThread, android.os.IBinder, android.content.Intent, java.lang.String, android.app.IServiceConnection, int, java.lang.String, java.lang.String, int),2]
10-14 02:51:29.598 I/dvm_lock_sample( 1594): [system_server,1,Binder:1594_1E,10,ActivityManagerService.java,14450,int com.android.server.am.ActivityManagerService.bindIsolatedService(android.app.IApplicationThread, android.os.IBinder, android.content.Intent, java.lang.String, android.app.IServiceConnection, int, java.lang.String, java.lang.String, int),-,14450,int com.android.server.am.ActivityManagerService.bindIsolatedService(android.app.IApplicationThread, android.os.IBinder, android.content.Intent, java.lang.String, android.app.IServiceConnection, int, java.lang.String, java.lang.String, int),2]
10-14 02:51:29.641 I/dvm_lock_sample( 1594): [system_server,1,Binder:1594_A,13,ActivityManagerService.java,14463,boolean com.android.server.am.ActivityManagerService.unbindService(android.app.IServiceConnection),-,14450,int com.android.server.am.ActivityManagerService.bindIsolatedService(android.app.IApplicationThread, android.os.IBinder, android.content.Intent, java.lang.String, android.app.IServiceConnection, int, java.lang.String, java.lang.String, int),2]
10-14 02:51:31.856 I/dvm_lock_sample( 1594): [system_server,1,android.ui,490,ActivityManagerService.java,3378,void com.android.server.am.ActivityManagerService.dispatchUidsChanged(),-,14450,int com.android.server.am.ActivityManagerService.bindIsolatedService(android.app.IApplicationThread, android.os.IBinder, android.content.Intent, java.lang.String, android.app.IServiceConnection, int, java.lang.String, java.lang.String, int),98]
10-14 02:51:31.856 I/dvm_lock_sample( 1594): [system_server,1,ActivityManager,488,ActivityManagerService.java,1777,void com.android.server.am.ActivityManagerService$MainHandler.handleMessage(android.os.Message),-,14450,int com.android.server.am.ActivityManagerService.bindIsolatedService(android.app.IApplicationThread, android.os.IBinder, android.content.Intent, java.lang.String, android.app.IServiceConnection, int, java.lang.String, java.lang.String, int),97]
10-14 02:51:31.882 I/dvm_lock_sample( 1594): [system_server,1,Binder:1594_13,471,ActivityManagerService.java,14791,android.content.Intent com.android.server.am.ActivityManagerService.registerReceiver(android.app.IApplicationThread, java.lang.String, android.content.IIntentReceiver, android.content.IntentFilter, java.lang.String, int, int),-,14450,int com.android.server.am.ActivityManagerService.bindIsolatedService(android.app.IApplicationThread, android.os.IBinder, android.content.Intent, java.lang.String, android.app.IServiceConnection, int, java.lang.String, java.lang.String, int),94]
10-14 02:51:31.883 I/binder_sample(  546): [android.app.IActivityManager,10,472,com.miui.global.packageinstaller,94]
10-14 02:53:09.416 I/dvm_lock_sample( 1594): [system_server,1,Binder:1594_D,364,ActivityManagerService.java,14450,int com.android.server.am.ActivityManagerService.bindIsolatedService(android.app.IApplicationThread, android.os.IBinder, android.content.Intent, java.lang.String, android.app.IServiceConnection, int, java.lang.String, java.lang.String, int),-,14450,int com.android.server.am.ActivityManagerService.bindIsolatedService(android.app.IApplicationThread, android.os.IBinder, android.content.Intent, java.lang.String, android.app.IServiceConnection, int, java.lang.String, java.lang.String, int),72]
10-14 02:53:09.417 I/dvm_lock_sample( 1594): [system_server,1,android.ui,364,ActivityManagerService.java,3378,void com.android.server.am.ActivityManagerService.dispatchUidsChanged(),-,14450,int com.android.server.am.ActivityManagerService.bindIsolatedService(android.app.IApplicationThread, android.os.IBinder, android.content.Intent, java.lang.String, android.app.IServiceConnection, int, java.lang.String, java.lang.String, int),72]
10-14 02:53:09.424 I/dvm_lock_sample( 1594): [system_server,1,Binder:1594_4,327,ActivityManagerService.java,14285,android.content.ComponentName com.android.server.am.ActivityManagerService.startService(android.app.IApplicationThread, android.content.Intent, java.lang.String, boolean, java.lang.String, int),-,14450,int com.android.server.am.ActivityManagerService.bindIsolatedService(android.app.IApplicationThread, android.os.IBinder, android.content.Intent, java.lang.String, android.app.IServiceConnection, int, java.lang.String, java.lang.String, int),65]
10-14 02:53:09.442 I/dvm_lock_sample( 1594): [system_server,1,Binder:1594_17,261,ActivityManagerService.java,14450,int com.android.server.am.ActivityManagerService.bindIsolatedService(android.app.IApplicationThread, android.os.IBinder, android.content.Intent, java.lang.String, android.app.IServiceConnection, int, java.lang.String, java.lang.String, int),-,14450,int com.android.server.am.ActivityManagerService.bindIsolatedService(android.app.IApplicationThread, android.os.IBinder, android.content.Intent, java.lang.String, android.app.IServiceConnection, int, java.lang.String, java.lang.String, int),52]
10-14 02:53:09.449 I/dvm_lock_sample( 1594): [system_server,1,Binder:1594_3,44,ActivityManagerService.java,14285,android.content.ComponentName com.android.server.am.ActivityManagerService.startService(android.app.IApplicationThread, android.content.Intent, java.lang.String, boolean, java.lang.String, int),-,14450,int com.android.server.am.ActivityManagerService.bindIsolatedService(android.app.IApplicationThread, android.os.IBinder, android.content.Intent, java.lang.String, android.app.IServiceConnection, int, java.lang.String, java.lang.String, int),8]
10-14 02:53:09.470 I/dvm_lock_sample( 1594): [system_server,0,miui.fg,8,ActivityManagerService.java,5955,boolean com.android.server.am.ActivityManagerService.isAppBad(android.content.pm.ApplicationInfo),-,14450,int com.android.server.am.ActivityManagerService.bindIsolatedService(android.app.IApplicationThread, android.os.IBinder, android.content.Intent, java.lang.String, android.app.IServiceConnection, int, java.lang.String, java.lang.String, int),1]
10-14 02:53:09.545 I/dvm_lock_sample( 1594): [system_server,1,NetworkPolicy.uid,20,ActivityManagerService.java,18347,void com.android.server.am.ActivityManagerService$LocalService.notifyNetworkPolicyRulesUpdated(int, long),-,5395,void com.android.server.am.ActivityManagerService.attachApplication(android.app.IApplicationThread, long),4]
10-14 02:53:11.865 I/dvm_lock_sample( 1594): [system_server,1,Binder:1594_4,14,ActivityManagerService.java,5955,boolean com.android.server.am.ActivityManagerService.isAppBad(android.content.pm.ApplicationInfo),-,14450,int com.android.server.am.ActivityManagerService.bindIsolatedService(android.app.IApplicationThread, android.os.IBinder, android.content.Intent, java.lang.String, android.app.IServiceConnection, int, java.lang.String, java.lang.String, int),2]
10-14 02:54:47.406 I/dvm_lock_sample( 1594): [system_server,1,android.ui,445,ActivityManagerService.java,3378,void com.android.server.am.ActivityManagerService.dispatchUidsChanged(),-,14463,boolean com.android.server.am.ActivityManagerService.unbindService(android.app.IServiceConnection),89]
10-14 02:54:49.794 I/dvm_lock_sample( 1594): [system_server,1,Binder:1594_18,6,ActivityManagerService.java,14463,boolean com.android.server.am.ActivityManagerService.unbindService(android.app.IServiceConnection),-,7564,void com.android.server.am.ActivityManagerService.removeContentProvider(android.os.IBinder, boolean),1]
10-14 03:00:54.713 I/binder_sample( 2953): [android.app.IActivityManager,85,578,com.miui.powerkeeper,100]
10-14 03:14:46.804 I/dvm_lock_sample( 1594): [system_server,1,Binder:1594_5,22,ProcessManagerService.java,1704,java.util.List com.android.server.am.ProcessManagerService.getRunningProcessInfo(int, int, java.lang.String, java.lang.String, int),ActivityManagerService.java,1537,void com.android.server.am.ActivityManagerService$AppDeathRecipient.binderDied(),4]
10-14 03:14:46.947 I/dvm_lock_sample( 1594): [system_server,1,Binder:1594_A,57,ActivityManagerService.java,1537,void com.android.server.am.ActivityManagerService$AppDeathRecipient.binderDied(),-,1537,void com.android.server.am.ActivityManagerService$AppDeathRecipient.binderDied(),11]
10-14 03:14:46.981 I/dvm_lock_sample( 1594): [system_server,1,android.ui,89,ActivityManagerService.java,3378,void com.android.server.am.ActivityManagerService.dispatchUidsChanged(),-,1537,void com.android.server.am.ActivityManagerService$AppDeathRecipient.binderDied(),17]
10-14 03:14:47.013 I/dvm_lock_sample( 1594): [system_server,1,Binder:1594_D,119,ActivityManagerService.java,1537,void com.android.server.am.ActivityManagerService$AppDeathRecipient.binderDied(),-,1537,void com.android.server.am.ActivityManagerService$AppDeathRecipient.binderDied(),23]
10-14 03:14:47.029 I/dvm_lock_sample( 1594): [system_server,1,Binder:1594_1F,47,ActivityManagerService.java,8605,boolean com.android.server.am.ActivityManagerService.isUidActive(int, java.lang.String),-,14463,boolean com.android.server.am.ActivityManagerService.unbindService(android.app.IServiceConnection),9]
10-14 03:14:51.695 I/dvm_lock_sample( 1594): [system_server,0,miui.fg,496,ActivityManagerService.java,5955,boolean com.android.server.am.ActivityManagerService.isAppBad(android.content.pm.ApplicationInfo),-,14463,boolean com.android.server.am.ActivityManagerService.unbindService(android.app.IServiceConnection),99]
10-14 03:15:18.498 I/dvm_lock_sample( 1594): [system_server,0,Binder:1594_1D,6,ActivityManagerService.java,14494,void com.android.server.am.ActivityManagerService.serviceDoneExecuting(android.os.IBinder, int, int, int),-,14450,int com.android.server.am.ActivityManagerService.bindIsolatedService(android.app.IApplicationThread, android.os.IBinder, android.content.Intent, java.lang.String, android.app.IServiceConnection, int, java.lang.String, java.lang.String, int),1]
10-14 03:19:14.288 I/dvm_lock_sample( 1594): [system_server,1,Binder:1594_2,12,ActivityManagerService.java,14463,boolean com.android.server.am.ActivityManagerService.unbindService(android.app.IServiceConnection),-,5395,void com.android.server.am.ActivityManagerService.attachApplication(android.app.IApplicationThread, long),2]
10-14 04:30:57.521 I/dvm_lock_sample( 1594): [system_server,1,Binder:1594_1D,9,ActivityManagerService.java,14450,int com.android.server.am.ActivityManagerService.bindIsolatedService(android.app.IApplicationThread, android.os.IBinder, android.content.Intent, java.lang.String, android.app.IServiceConnection, int, java.lang.String, java.lang.String, int),-,14494,void com.android.server.am.ActivityManagerService.serviceDoneExecuting(android.os.IBinder, int, int, int),1]
10-14 04:30:57.586 I/dvm_lock_sample( 1594): [system_server,1,Binder:1594_B,6,ActivityManagerService.java,8605,boolean com.android.server.am.ActivityManagerService.isUidActive(int, java.lang.String),-,6752,java.lang.String com.android.server.am.ActivityManagerService.checkContentProviderAccess(java.lang.String, int),1]
10-14 04:30:57.856 I/dvm_lock_sample( 1594): [system_server,1,Binder:1594_7,21,ActivityManagerService.java,14450,int com.android.server.am.ActivityManagerService.bindIsolatedService(android.app.IApplicationThread, android.os.IBinder, android.content.Intent, java.lang.String, android.app.IServiceConnection, int, java.lang.String, java.lang.String, int),-,1537,void com.android.server.am.ActivityManagerService$AppDeathRecipient.binderDied(),4]
10-14 04:30:58.693 I/dvm_lock_sample( 1594): [system_server,1,Binder:1594_10,10,ActivityManagerService.java,10031,java.util.List com.android.server.am.ActivityManagerService.getRunningAppProcesses(),-,5395,void com.android.server.am.ActivityManagerService.attachApplication(android.app.IApplicationThread, long),2]
10-14 04:30:58.823 I/dvm_lock_sample( 1594): [system_server,1,Binder:1594_1D,18,ActivityManagerService.java,14791,android.content.Intent com.android.server.am.ActivityManagerService.registerReceiver(android.app.IApplicationThread, java.lang.String, android.content.IIntentReceiver, android.content.IntentFilter, java.lang.String, int, int),-,14450,int com.android.server.am.ActivityManagerService.bindIsolatedService(android.app.IApplicationThread, android.os.IBinder, android.content.Intent, java.lang.String, android.app.IServiceConnection, int, java.lang.String, java.lang.String, int),3]
10-14 04:30:58.841 I/dvm_lock_sample( 1594): [system_server,1,Binder:1594_7,26,ActivityManagerService.java,10031,java.util.List com.android.server.am.ActivityManagerService.getRunningAppProcesses(),-,14450,int com.android.server.am.ActivityManagerService.bindIsolatedService(android.app.IApplicationThread, android.os.IBinder, android.content.Intent, java.lang.String, android.app.IServiceConnection, int, java.lang.String, java.lang.String, int),5]
10-14 04:31:00.537 I/dvm_lock_sample( 1594): [system_server,1,Binder:1594_5,8,ActivityManagerService.java,5955,boolean com.android.server.am.ActivityManagerService.isAppBad(android.content.pm.ApplicationInfo),-,1537,void com.android.server.am.ActivityManagerService$AppDeathRecipient.binderDied(),1]
10-14 04:31:00.662 I/dvm_lock_sample( 1594): [system_server,0,miui.fg,10,ActivityManagerService.java,5955,boolean com.android.server.am.ActivityManagerService.isAppBad(android.content.pm.ApplicationInfo),-,14474,void com.android.server.am.ActivityManagerService.publishService(android.os.IBinder, android.content.Intent, android.os.IBinder),2]
10-14 04:31:00.891 I/dvm_lock_sample( 1594): [system_server,1,Binder:1594_5,33,ActivityManagerService.java,5955,boolean com.android.server.am.ActivityManagerService.isAppBad(android.content.pm.ApplicationInfo),-,14494,void com.android.server.am.ActivityManagerService.serviceDoneExecuting(android.os.IBinder, int, int, int),6]
10-14 04:31:00.892 I/dvm_lock_sample( 1594): [system_server,0,Binder:1594_17,35,ActivityManagerService.java,14494,void com.android.server.am.ActivityManagerService.serviceDoneExecuting(android.os.IBinder, int, int, int),-,1537,void com.android.server.am.ActivityManagerService$AppDeathRecipient.binderDied(),7]
10-14 04:31:08.649 I/dvm_lock_sample( 1594): [system_server,1,Binder:1594_3,5,ActivityManagerService.java,14463,boolean com.android.server.am.ActivityManagerService.unbindService(android.app.IServiceConnection),-,7564,void com.android.server.am.ActivityManagerService.removeContentProvider(android.os.IBinder, boolean),1]
10-14 04:32:09.055 I/dvm_lock_sample( 1594): [system_server,1,Binder:1594_19,8,ActivityManagerService.java,14285,android.content.ComponentName com.android.server.am.ActivityManagerService.startService(android.app.IApplicationThread, android.content.Intent, java.lang.String, boolean, java.lang.String, int),-,1537,void com.android.server.am.ActivityManagerService$AppDeathRecipient.binderDied(),1]
10-14 04:32:10.749 I/dvm_lock_sample( 1594): [system_server,1,android.ui,6,ActivityManagerService.java,3378,void com.android.server.am.ActivityManagerService.dispatchUidsChanged(),-,14450,int com.android.server.am.ActivityManagerService.bindIsolatedService(android.app.IApplicationThread, android.os.IBinder, android.content.Intent, java.lang.String, android.app.IServiceConnection, int, java.lang.String, java.lang.String, int),1]
10-14 04:51:06.527 I/binder_sample(16878): [android.app.IActivityManager,60,492,com.google.android.gms.persistent,98]
10-14 04:55:01.523 I/binder_sample( 7729): [android.app.IActivityManager,10,427,com.qualcomm.qti.qdma,85]
10-14 04:55:02.019 I/dvm_lock_sample( 1594): [system_server,1,android.ui,6,ActivityManagerService.java,3378,void com.android.server.am.ActivityManagerService.dispatchUidsChanged(),-,5395,void com.android.server.am.ActivityManagerService.attachApplication(android.app.IApplicationThread, long),1]
10-14 05:01:29.945 I/dvm_lock_sample( 1594): [system_server,1,android.ui,25,ActivityManagerService.java,3378,void com.android.server.am.ActivityManagerService.dispatchUidsChanged(),-,14285,android.content.ComponentName com.android.server.am.ActivityManagerService.startService(android.app.IApplicationThread, android.content.Intent, java.lang.String, boolean, java.lang.String, int),5]
10-14 05:01:30.531 I/dvm_lock_sample( 1594): [system_server,1,Binder:1594_11,445,ActivityTaskManagerService.java,6715,android.content.res.CompatibilityInfo com.android.server.wm.ActivityTaskManagerService$LocalService.compatibilityInfoForPackage(android.content.pm.ApplicationInfo),WindowSurfacePlacer.java,61,void com.android.server.wm.WindowSurfacePlacer.lambda$new$0$WindowSurfacePlacer(),89]
10-14 05:01:30.532 I/dvm_lock_sample( 1594): [system_server,1,Binder:1594_1F,375,WindowProcessUtils.java,405,java.lang.String com.android.server.wm.WindowProcessUtils.getCallerPackageName(com.android.server.wm.ActivityTaskManagerService, android.app.IApplicationThread),WindowSurfacePlacer.java,61,void com.android.server.wm.WindowSurfacePlacer.lambda$new$0$WindowSurfacePlacer(),75]
10-14 05:01:30.552 I/dvm_lock_sample( 1594): [system_server,1,Binder:1594_14,481,ActivityManagerService.java,14791,android.content.Intent com.android.server.am.ActivityManagerService.registerReceiver(android.app.IApplicationThread, java.lang.String, android.content.IIntentReceiver, android.content.IntentFilter, java.lang.String, int, int),-,14450,int com.android.server.am.ActivityManagerService.bindIsolatedService(android.app.IApplicationThread, android.os.IBinder, android.content.Intent, java.lang.String, android.app.IServiceConnection, int, java.lang.String, java.lang.String, int),96]
10-14 05:01:30.554 I/dvm_lock_sample( 1594): [system_server,0,Binder:1594_1B,476,ActivityManagerService.java,14494,void com.android.server.am.ActivityManagerService.serviceDoneExecuting(android.os.IBinder, int, int, int),-,14450,int com.android.server.am.ActivityManagerService.bindIsolatedService(android.app.IApplicationThread, android.os.IBinder, android.content.Intent, java.lang.String, android.app.IServiceConnection, int, java.lang.String, java.lang.String, int),95]
10-14 05:01:30.555 I/binder_sample(13735): [android.app.IActivityManager,10,551,com.miui.securitycenter.remote,100]
10-14 05:01:30.552 I/binder_sample( 8582): [android.app.IActivityManager,15,532,<pre-initialized>,100]
10-14 05:01:30.556 I/dvm_lock_sample( 1594): [system_server,1,android.ui,476,ActivityManagerService.java,3378,void com.android.server.am.ActivityManagerService.dispatchUidsChanged(),-,8177,void com.android.server.am.ActivityManagerService.onWakefulnessChanged(int),95]
10-14 05:01:30.557 I/dvm_lock_sample( 1594): [system_server,1,Binder:1594_4,476,ActivityManagerService.java,14474,void com.android.server.am.ActivityManagerService.publishService(android.os.IBinder, android.content.Intent, android.os.IBinder),-,8177,void com.android.server.am.ActivityManagerService.onWakefulnessChanged(int),95]
10-14 05:01:30.558 I/dvm_lock_sample( 1594): [system_server,0,android.bg,416,ActivityManagerService.java,15989,int com.android.server.am.ActivityManagerService.broadcastIntent(android.app.IApplicationThread, android.content.Intent, java.lang.String, android.content.IIntentReceiver, int, java.lang.String, android.os.Bundle, java.lang.String[], int, android.os.Bundle, boolean, boolean, int),-,5395,void com.android.server.am.ActivityManagerService.attachApplication(android.app.IApplicationThread, long),83]
10-14 05:01:30.559 I/dvm_lock_sample( 1594): [system_server,1,Binder:1594_D,324,ActivityManagerService.java,6752,java.lang.String com.android.server.am.ActivityManagerService.checkContentProviderAccess(java.lang.String, int),-,5395,void com.android.server.am.ActivityManagerService.attachApplication(android.app.IApplicationThread, long),64]
10-14 05:01:30.559 I/dvm_lock_sample( 1594): [system_server,1,Binder:1594_17,464,ActivityManagerService.java,14791,android.content.Intent com.android.server.am.ActivityManagerService.registerReceiver(android.app.IApplicationThread, java.lang.String, android.content.IIntentReceiver, android.content.IntentFilter, java.lang.String, int, int),-,5395,void com.android.server.am.ActivityManagerService.attachApplication(android.app.IApplicationThread, long),92]
10-14 05:01:30.562 I/dvm_lock_sample( 1594): [system_server,1,Binder:1594_12,482,ActivityManagerService.java,14335,boolean com.android.server.am.ActivityManagerService.stopServiceToken(android.content.ComponentName, android.os.IBinder, int),-,8177,void com.android.server.am.ActivityManagerService.onWakefulnessChanged(int),96]
10-14 05:01:30.562 I/dvm_lock_sample( 1594): [system_server,1,Binder:1594_1D,473,ActivityManagerService.java,14791,android.content.Intent com.android.server.am.ActivityManagerService.registerReceiver(android.app.IApplicationThread, java.lang.String, android.content.IIntentReceiver, android.content.IntentFilter, java.lang.String, int, int),-,5395,void com.android.server.am.ActivityManagerService.attachApplication(android.app.IApplicationThread, long),94]
10-14 05:01:30.563 I/binder_sample( 7709): [android.app.IActivityManager,30,485,com.xiaomi.mipicks,97]
10-14 05:01:30.565 I/dvm_lock_sample( 1594): [system_server,1,Binder:1594_10,25,ActivityManagerService.java,14450,int com.android.server.am.ActivityManagerService.bindIsolatedService(android.app.IApplicationThread, android.os.IBinder, android.content.Intent, java.lang.String, android.app.IServiceConnection, int, java.lang.String, java.lang.String, int),-,5395,void com.android.server.am.ActivityManagerService.attachApplication(android.app.IApplicationThread, long),5]
10-14 05:01:30.589 I/dvm_lock_sample( 1594): [system_server,1,Binder:1594_17,31,ActivityManagerService.java,14791,android.content.Intent com.android.server.am.ActivityManagerService.registerReceiver(android.app.IApplicationThread, java.lang.String, android.content.IIntentReceiver, android.content.IntentFilter, java.lang.String, int, int),BroadcastQueue.java,984,void com.android.server.am.BroadcastQueue.processNextBroadcast(boolean, boolean),6]
10-14 05:01:32.228 I/dvm_lock_sample( 1594): [system_server,1,Binder:1594_F,9,ActivityManagerService.java,14450,int com.android.server.am.ActivityManagerService.bindIsolatedService(android.app.IApplicationThread, android.os.IBinder, android.content.Intent, java.lang.String, android.app.IServiceConnection, int, java.lang.String, java.lang.String, int),-,14494,void com.android.server.am.ActivityManagerService.serviceDoneExecuting(android.os.IBinder, int, int, int),1]
10-14 05:01:32.658 I/dvm_lock_sample( 1594): [system_server,1,ActivityManager,9,ActiveServices.java,1099,void com.android.server.am.ActiveServices.updateForegroundApps(com.android.server.am.ActiveServices$ServiceMap),ActivityManagerService.java,14343,void com.android.server.am.ActivityManagerService.setServiceForeground(android.content.ComponentName, android.os.IBinder, int, android.app.Notification, int, int),1]
10-14 05:01:34.102 I/dvm_lock_sample( 1594): [system_server,1,Binder:1594_1B,15,ActivityManagerService.java,14474,void com.android.server.am.ActivityManagerService.publishService(android.os.IBinder, android.content.Intent, android.os.IBinder),-,10031,java.util.List com.android.server.am.ActivityManagerService.getRunningAppProcesses(),3]
10-14 05:01:34.535 I/dvm_lock_sample( 1594): [system_server,1,Binder:1594_18,11,ActivityManagerService.java,5955,boolean com.android.server.am.ActivityManagerService.isAppBad(android.content.pm.ApplicationInfo),-,14474,void com.android.server.am.ActivityManagerService.publishService(android.os.IBinder, android.content.Intent, android.os.IBinder),2]
10-14 05:01:34.759 I/dvm_lock_sample( 1594): [system_server,1,Binder:1594_12,62,ActivityManagerService.java,14474,void com.android.server.am.ActivityManagerService.publishService(android.os.IBinder, android.content.Intent, android.os.IBinder),-,14450,int com.android.server.am.ActivityManagerService.bindIsolatedService(android.app.IApplicationThread, android.os.IBinder, android.content.Intent, java.lang.String, android.app.IServiceConnection, int, java.lang.String, java.lang.String, int),12]
10-14 05:01:34.761 I/dvm_lock_sample( 1594): [system_server,1,Binder:1594_11,55,ActivityManagerService.java,15989,int com.android.server.am.ActivityManagerService.broadcastIntent(android.app.IApplicationThread, android.content.Intent, java.lang.String, android.content.IIntentReceiver, int, java.lang.String, android.os.Bundle, java.lang.String[], int, android.os.Bundle, boolean, boolean, int),-,14450,int com.android.server.am.ActivityManagerService.bindIsolatedService(android.app.IApplicationThread, android.os.IBinder, android.content.Intent, java.lang.String, android.app.IServiceConnection, int, java.lang.String, java.lang.String, int),11]
10-14 05:01:34.931 I/dvm_lock_sample( 1594): [system_server,1,Binder:1594_5,21,ActivityManagerService.java,18411,boolean com.android.server.am.ActivityManagerService$LocalService.isUidActive(int),-,5955,boolean com.android.server.am.ActivityManagerService.isAppBad(android.content.pm.ApplicationInfo),4]
10-14 05:01:35.375 I/dvm_lock_sample( 1594): [system_server,1,Binder:1594_7,12,ActivityManagerService.java,6181,boolean com.android.server.am.ActivityManagerService.isAppStartModeDisabled(int, java.lang.String),-,16095,void com.android.server.am.ActivityManagerService.finishReceiver(android.os.IBinder, int, java.lang.String, android.os.Bundle, boolean, int),2]
10-14 05:01:36.377 I/dvm_lock_sample( 1594): [system_server,0,AlarmManager,22,ActivityManagerService.java,5827,java.lang.String com.android.server.am.ActivityManagerService.getTagForIntentSender(android.content.IIntentSender, java.lang.String),-,16095,void com.android.server.am.ActivityManagerService.finishReceiver(android.os.IBinder, int, java.lang.String, android.os.Bundle, boolean, int),4]
10-14 05:01:36.767 I/dvm_lock_sample( 1594): [system_server,0,miui.fg,29,ActivityManagerService.java,5955,boolean com.android.server.am.ActivityManagerService.isAppBad(android.content.pm.ApplicationInfo),-,14450,int com.android.server.am.ActivityManagerService.bindIsolatedService(android.app.IApplicationThread, android.os.IBinder, android.content.Intent, java.lang.String, android.app.IServiceConnection, int, java.lang.String, java.lang.String, int),5]
10-14 05:01:37.033 I/dvm_lock_sample( 1594): [system_server,1,Binder:1594_6,20,ActivityManagerService.java,14474,void com.android.server.am.ActivityManagerService.publishService(android.os.IBinder, android.content.Intent, android.os.IBinder),-,5395,void com.android.server.am.ActivityManagerService.attachApplication(android.app.IApplicationThread, long),4]
10-14 05:01:40.163 I/dvm_lock_sample( 1594): [system_server,0,miui.fg,5,ActivityManagerService.java,5955,boolean com.android.server.am.ActivityManagerService.isAppBad(android.content.pm.ApplicationInfo),-,16095,void com.android.server.am.ActivityManagerService.finishReceiver(android.os.IBinder, int, java.lang.String, android.os.Bundle, boolean, int),1]
10-14 05:01:40.271 I/dvm_lock_sample( 1594): [system_server,1,Binder:1594_9,29,ActivityManagerService.java,14791,android.content.Intent com.android.server.am.ActivityManagerService.registerReceiver(android.app.IApplicationThread, java.lang.String, android.content.IIntentReceiver, android.content.IntentFilter, java.lang.String, int, int),-,14450,int com.android.server.am.ActivityManagerService.bindIsolatedService(android.app.IApplicationThread, android.os.IBinder, android.content.Intent, java.lang.String, android.app.IServiceConnection, int, java.lang.String, java.lang.String, int),5]
10-14 05:01:40.772 I/dvm_lock_sample( 1594): [system_server,0,Binder:1594_3,12,ActivityManagerService.java,14494,void com.android.server.am.ActivityManagerService.serviceDoneExecuting(android.os.IBinder, int, int, int),-,14463,boolean com.android.server.am.ActivityManagerService.unbindService(android.app.IServiceConnection),2]
10-14 05:01:43.294 I/dvm_lock_sample( 1594): [system_server,1,Binder:1594_18,14,ActivityManagerService.java,6181,boolean com.android.server.am.ActivityManagerService.isAppStartModeDisabled(int, java.lang.String),-,14450,int com.android.server.am.ActivityManagerService.bindIsolatedService(android.app.IApplicationThread, android.os.IBinder, android.content.Intent, java.lang.String, android.app.IServiceConnection, int, java.lang.String, java.lang.String, int),2]
10-14 05:01:43.376 I/dvm_lock_sample( 1594): [system_server,1,Binder:1594_8,22,ActivityManagerService.java,7717,boolean com.android.server.am.ActivityManagerService.refContentProvider(android.os.IBinder, int, int),-,14450,int com.android.server.am.ActivityManagerService.bindIsolatedService(android.app.IApplicationThread, android.os.IBinder, android.content.Intent, java.lang.String, android.app.IServiceConnection, int, java.lang.String, java.lang.String, int),4]
10-14 05:01:47.557 I/dvm_lock_sample( 1594): [system_server,1,ActivityManager,6,BroadcastQueue.java,984,void com.android.server.am.BroadcastQueue.processNextBroadcast(boolean, boolean),ActivityManagerService.java,16095,void com.android.server.am.ActivityManagerService.finishReceiver(android.os.IBinder, int, java.lang.String, android.os.Bundle, boolean, int),1]
10-14 05:01:47.836 I/dvm_lock_sample( 1594): [system_server,1,Binder:1594_1F,19,ActivityManagerService.java,5827,java.lang.String com.android.server.am.ActivityManagerService.getTagForIntentSender(android.content.IIntentSender, java.lang.String),-,14450,int com.android.server.am.ActivityManagerService.bindIsolatedService(android.app.IApplicationThread, android.os.IBinder, android.content.Intent, java.lang.String, android.app.IServiceConnection, int, java.lang.String, java.lang.String, int),3]
10-14 05:01:51.548 I/dvm_lock_sample( 1594): [system_server,1,NetworkPolicy.uid,16,ActivityManagerService.java,18347,void com.android.server.am.ActivityManagerService$LocalService.notifyNetworkPolicyRulesUpdated(int, long),-,14450,int com.android.server.am.ActivityManagerService.bindIsolatedService(android.app.IApplicationThread, android.os.IBinder, android.content.Intent, java.lang.String, android.app.IServiceConnection, int, java.lang.String, java.lang.String, int),3]
10-14 05:01:53.377 I/dvm_lock_sample( 1594): [system_server,1,android.ui,5,ActivityManagerService.java,3432,void com.android.server.am.ActivityManagerService.dispatchUidsChanged(),-,14450,int com.android.server.am.ActivityManagerService.bindIsolatedService(android.app.IApplicationThread, android.os.IBinder, android.content.Intent, java.lang.String, android.app.IServiceConnection, int, java.lang.String, java.lang.String, int),1]
10-14 05:02:08.719 I/dvm_lock_sample( 1594): [system_server,1,Binder:1594_12,6,ActivityManagerService.java,14488,void com.android.server.am.ActivityManagerService.unbindFinished(android.os.IBinder, android.content.Intent, boolean),-,14463,boolean com.android.server.am.ActivityManagerService.unbindService(android.app.IServiceConnection),1]
10-14 05:04:31.028 I/dvm_lock_sample( 1594): [system_server,1,NetworkPolicy.uid,41,ActivityManagerService.java,18347,void com.android.server.am.ActivityManagerService$LocalService.notifyNetworkPolicyRulesUpdated(int, long),-,16095,void com.android.server.am.ActivityManagerService.finishReceiver(android.os.IBinder, int, java.lang.String, android.os.Bundle, boolean, int),8]
10-14 05:04:32.090 I/dvm_lock_sample( 1594): [system_server,1,android.display,21,WindowProcessController.java,542,boolean com.android.server.wm.WindowProcessController.hasActivitiesOrRecentTasks(),ActivityTaskManagerService.java,4006,void com.android.server.wm.ActivityTaskManagerService.keyguardGoingAway(int),4]
10-14 05:04:32.696 I/dvm_lock_sample( 1594): [system_server,1,Binder:1594_19,306,WindowProcessUtils.java,405,java.lang.String com.android.server.wm.WindowProcessUtils.getCallerPackageName(com.android.server.wm.ActivityTaskManagerService, android.app.IApplicationThread),ActivityStarter.java,1313,int com.android.server.wm.ActivityStarter.startActivityMayWait(android.app.IApplicationThread, int, java.lang.String, int, int, android.content.Intent, java.lang.String, android.service.voice.IVoiceInteractionSession, com.android.internal.app.IVoiceInteractor, android.os.IBinder, java.lang.String, int, int, android.app.ProfilerInfo, android.app.WaitResult, android.content.res.Configuration, com.android.server.wm.SafeActivityOptions, boolean, int, com.android.server.wm.TaskRecord, java.lang.String, boolean, com.android.server.am.PendingIntentRecord, boolean),61]
10-14 05:04:32.698 I/binder_sample(15661): [android.app.IActivityTaskManager,1,313,com.android.settings,62]
10-14 05:07:36.618 I/sysui_multi_action( 1594): [757,147,758,4,759,1,806,com.idealinspecao.perueiroapp]
10-14 05:07:37.350 I/am_create_activity( 1594): [0,206748307,1374,com.idealinspecao.perueiroapp/.MainActivity,NULL,NULL,NULL,268435456]
10-14 05:07:37.382 I/dvm_lock_sample( 1594): [system_server,1,Binder:1594_17,22,ActivityManagerService.java,6752,java.lang.String com.android.server.am.ActivityManagerService.checkContentProviderAccess(java.lang.String, int),-,7639,void com.android.server.am.ActivityManagerService.publishContentProviders(android.app.IApplicationThread, java.util.List),4]
10-14 05:07:37.420 I/am_proc_start( 1594): [0,11664,11370,com.idealinspecao.perueiroapp,activity,{com.idealinspecao.perueiroapp/com.idealinspecao.perueiroapp.MainActivity}]
10-14 05:07:37.538 I/PI-ScanDispatch(11571): service bind, pkgName = com.idealinspecao.perueiroapp, installer = null, isReplace = true, firstGoogleTime = 1614890563430
10-14 05:07:37.608 I/am_proc_bound( 1594): [0,11664,com.idealinspecao.perueiroapp]
10-14 05:07:37.614 I/am_restart_activity( 1594): [0,206748307,1374,com.idealinspecao.perueiroapp/.MainActivity,11664]
10-14 05:07:37.616 I/GST     (10006): forePkg: com.idealinspecao.perueiroapp, preForePkg: com.miui.home
10-14 05:07:37.616 D/AutoInstallService(10860): onForegroundInfoChanged: com.idealinspecao.perueiroapp
10-14 05:07:37.616 D/PerfEngineController(10131): ForegroundInfo{mForegroundPackageName='com.idealinspecao.perueiroapp', mForegroundUid=11370, mForegroundPid=11664, mLastForegroundPackageName='com.miui.home', mLastForegroundUid=10064, mLastForegroundPid=2404, mMultiWindowForegroundPackageName='null', mMultiWindowForegroundUid=-1, mFlags=1}
10-14 05:07:37.616 I/ProcessMonitor(13735): onForegroundInfoChanged: ForegroundInfo{mForegroundPackageName='com.idealinspecao.perueiroapp', mForegroundUid=11370, mForegroundPid=11664, mLastForegroundPackageName='com.miui.home', mLastForegroundUid=10064, mLastForegroundPid=2404, mMultiWindowForegroundPackageName='null', mMultiWindowForegroundUid=-1, mFlags=1}
10-14 05:07:37.618 I/am_set_resumed_activity( 1594): [0,com.idealinspecao.perueiroapp/.MainActivity,minimalResumeActivityLocked]
10-14 05:07:37.626 I/dvm_lock_sample( 1594): [system_server,1,Binder:1594_1A,25,ActivityManagerService.java,7717,boolean com.android.server.am.ActivityManagerService.refContentProvider(android.os.IBinder, int, int),-,14310,int com.android.server.am.ActivityManagerService.stopService(android.app.IApplicationThread, android.content.Intent, java.lang.String, int),5]
10-14 05:07:37.632 I/dvm_lock_sample( 1594): [system_server,1,Binder:1594_17,16,ActivityManagerService.java,14875,android.content.Intent com.android.server.am.ActivityManagerService.registerReceiver(android.app.IApplicationThread, java.lang.String, android.content.IIntentReceiver, android.content.IntentFilter, java.lang.String, int, int),-,5395,void com.android.server.am.ActivityManagerService.attachApplication(android.app.IApplicationThread, long),3]
10-14 05:07:37.786 I/ActivityManager( 1594): Process com.qualcomm.qti.qdma (pid 7729) has died: svcb SVC 
10-14 05:07:37.789 W/ActivityManager( 1594): Scheduling restart of crashed service com.qualcomm.qti.qdma/.job.QDMAJobService in 1000ms
10-14 05:07:37.789 W/ActivityManager( 1594): Scheduling restart of crashed service com.qualcomm.qti.qdma/.uploader.UploaderService in 11000ms
10-14 05:07:37.821 I/ActivityManager( 1594): Process com.google.android.webview:sandboxed_process0:org.chromium.content.app.SandboxedProcessService0:0 (pid 10486) has died: cch+75 CEM 
10-14 05:07:37.824 W/ActivityManager( 1594): Scheduling restart of crashed service com.google.android.googlequicksearchbox/org.chromium.content.app.SandboxedProcessService0:0 in 20964ms
10-14 05:07:37.907 I/dvm_lock_sample( 1594): [system_server,0,Binder:1594_14,15,ActivityManagerService.java,14494,void com.android.server.am.ActivityManagerService.serviceDoneExecuting(android.os.IBinder, int, int, int),-,14450,int com.android.server.am.ActivityManagerService.bindIsolatedService(android.app.IApplicationThread, android.os.IBinder, android.content.Intent, java.lang.String, android.app.IServiceConnection, int, java.lang.String, java.lang.String, int),3]
10-14 05:07:37.916 I/ActivityManager( 1594): Process com.google.android.gm (pid 10199) has died: cch+85 CEM 
10-14 05:07:38.058 I/ActivityManager( 1594): Process com.android.providers.calendar (pid 10316) has died: cch+75 CEM 
10-14 05:07:38.354 I/ActivityManager( 1594): Process com.miui.msa.global:ui (pid 10465) has died: cch+75 CEM 
10-14 05:07:38.368 I/ActivityManager( 1594): Process com.google.android.webview:webview_service (pid 10446) has died: cch+65 CEM 
10-14 05:07:38.475 I/ActivityManager( 1594): Process com.google.android.projection.gearhead:shared (pid 9862) has died: cch+65 CEM 
10-14 05:07:38.623 I/ActivityManager( 1594): Process com.google.android.apps.photos (pid 10049) has died: cch+85 CEM 
10-14 05:07:38.808 I/ActivityManager( 1594): Process com.google.android.projection.gearhead:projection (pid 9781) has died: cch+95 CEM 
10-14 05:07:38.877 I/ActivityManager( 1594): Start proc 11913:com.qualcomm.qti.qdma/1000 for service {com.qualcomm.qti.qdma/com.qualcomm.qti.qdma.job.QDMAJobService} caller=com.qualcomm.qti.qdma
10-14 05:07:38.984 W/ActivityManager( 1594): Slow operation: 113ms so far, now at startProcess: done updating battery stats
10-14 05:07:38.985 W/ActivityManager( 1594): Slow operation: 114ms so far, now at startProcess: building log message
10-14 05:07:38.985 I/ActivityManager( 1594): Start proc 11951:com.google.process.gapps/u0a29 for content provider {com.google.android.gsf/com.google.android.gsf.settings.GoogleSettingsProvider} caller=com.android.vending
10-14 05:07:38.985 W/ActivityManager( 1594): Slow operation: 114ms so far, now at startProcess: starting to update pids map
10-14 05:07:38.985 W/ActivityManager( 1594): Slow operation: 115ms so far, now at startProcess: done updating pids map
10-14 05:07:38.986 I/notification_cancel_all( 1594): [1000,1594,com.idealinspecao.perueiroapp,0,0,0,5,NULL]
10-14 05:07:38.994 I/dvm_lock_sample( 1594): [system_server,1,Binder:1594_1C,7,ActivityManagerService.java,4467,void com.android.server.am.ActivityManagerService.addPackageDependency(java.lang.String),ActiveServices.java,2189,void com.android.server.am.ActiveServices$ServiceRestarter.run(),1]
10-14 05:07:39.058 I/notification_cancel_all( 1594): [1000,1594,com.idealinspecao.perueiroapp,0,0,0,5,NULL]
10-14 05:07:39.136 I/ActivityManager( 1594): Process com.google.android.apps.messaging (pid 9347) has died: cch+85 CEM 
10-14 05:07:39.346 I/ActivityManager( 1594): Start proc 12047:com.google.android.webview:webview_service/u0a112 for service {com.google.android.webview/org.chromium.android_webview.services.VariationsSeedServer} caller=com.miui.global.packageinstaller
10-14 05:07:39.359 W/BpBinder(11550): Slow Binder: BpBinder transact took 511ms, interface=android.app.IActivityManager, code=20 oneway=false
10-14 05:07:39.545 D/Launcher.Model( 2404): LauncherAppsCallback onPackageChanged|com.idealinspecao.perueiroapp|UserHandle{0}
10-14 05:07:39.553 D/Launcher.Model( 2404): Got broadcast:Intent { act=android.intent.action.PACKAGE_CHANGED dat=package:com.idealinspecao.perueiroapp (has extras) }
10-14 05:07:39.605 I/ActivityManager( 1594): Start proc 12089:com.google.android.webview:sandboxed_process0:org.chromium.content.app.SandboxedProcessService0:0/u0i572 for  {com.miui.global.packageinstaller/org.chromium.content.app.SandboxedProcessService0:0} caller=com.miui.global.packageinstaller
10-14 05:07:39.686 D/Launcher.AllAppsList( 2404): updatePackage, packageName=com.idealinspecao.perueiroapp, loadMissing=false, user=UserHandle{0}, matchedSize=1
10-14 05:07:39.690 D/Launcher.AllAppsList( 2404): updatePackage, find appInfo=AppInfo, id=-1, itemType=0, user=UserHandle{0}, mIconType=0, pkgName=com.idealinspecao.perueiroapp, className=com.idealinspecao.perueiroapp.MainActivity, screenId=-1, container=-1, cellX=-1, cellY=-1, spanX=1, spanY=1, isLandscapePos=false from ComponentInfo{com.idealinspecao.perueiroapp/com.idealinspecao.perueiroapp.MainActivity}
10-14 05:07:39.697 D/Launcher.Model( 2404): onReceiveBackground, mAllAppsList=add=[], remove=[], modified=[(0, AppInfo, id=-1, itemType=0, user=UserHandle{0}, mIconType=0, pkgName=com.idealinspecao.perueiroapp, className=com.idealinspecao.perueiroapp.MainActivity, screenId=-1, container=-1, cellX=-1, cellY=-1, spanX=1, spanY=1, isLandscapePos=false)]
10-14 05:07:39.744 I/ActivityManager( 1594): Start proc 12120:com.android.vending:background/u0a54 for broadcast {com.android.vending/com.google.android.finsky.packagemonitor.backgroundimpl.BackgroundPackageMonitorReceiverImpl$RegisteredReceiver} caller=null
