===== SNAPSHOT (pre-run) Wed Oct 15 17:35:06 -03 2025 =====
10-14 18:00:00.541 I/binder_sample(14622): [android.app.IActivityManager,20,306,com.mi.android.globalminusscreen,61]
10-14 18:02:39.830 I/dvm_lock_sample( 1594): [system_server,0,miui.fg,5,ActivityManagerService.java,5955,boolean com.android.server.am.ActivityManagerService.isAppBad(android.content.pm.ApplicationInfo),-,14494,void com.android.server.am.ActivityManagerService.serviceDoneExecuting(android.os.IBinder, int, int, int),1]
10-14 18:02:41.139 I/dvm_lock_sample( 1594): [system_server,1,Binder:1594_5,5,ActivityManagerService.java,5955,boolean com.android.server.am.ActivityManagerService.isAppBad(android.content.pm.ApplicationInfo),-,14494,void com.android.server.am.ActivityManagerService.serviceDoneExecuting(android.os.IBinder, int, int, int),1]
10-14 18:05:58.306 I/dvm_lock_sample( 1594): [system_server,1,android.ui,22,ActivityManagerService.java,3378,void com.android.server.am.ActivityManagerService.dispatchUidsChanged(),-,5395,void com.android.server.am.ActivityManagerService.attachApplication(android.app.IApplicationThread, long),4]
10-14 18:11:58.696 I/auditd  ( 1594): type=1400 audit(0.0:135117): avc: denied { getpgid } for comm="ActivityManager" scontext=u:r:system_server:s0 tcontext=u:r:app_zygote:s0:c512,c768 tclass=process permissive=0
10-14 18:11:58.716 I/auditd  ( 1594): type=1400 audit(0.0:135124): avc: denied { getpgid } for comm="ActivityManager" scontext=u:r:system_server:s0 tcontext=u:r:app_zygote:s0:c512,c768 tclass=process permissive=0
10-14 18:14:49.426 I/dvm_lock_sample( 1594): [system_server,1,Binder:1594_1D,13,ActivityManagerService.java,8605,boolean com.android.server.am.ActivityManagerService.isUidActive(int, java.lang.String),-,14450,int com.android.server.am.ActivityManagerService.bindIsolatedService(android.app.IApplicationThread, android.os.IBinder, android.content.Intent, java.lang.String, android.app.IServiceConnection, int, java.lang.String, java.lang.String, int),2]
10-14 18:16:22.526 I/dvm_lock_sample( 1594): [system_server,1,android.ui,26,ActivityManagerService.java,3378,void com.android.server.am.ActivityManagerService.dispatchUidsChanged(),-,14450,int com.android.server.am.ActivityManagerService.bindIsolatedService(android.app.IApplicationThread, android.os.IBinder, android.content.Intent, java.lang.String, android.app.IServiceConnection, int, java.lang.String, java.lang.String, int),5]
10-14 18:25:46.325 I/dvm_lock_sample( 1594): [system_server,1,Binder:1594_B,15,ActivityManagerService.java,14791,android.content.Intent com.android.server.am.ActivityManagerService.registerReceiver(android.app.IApplicationThread, java.lang.String, android.content.IIntentReceiver, android.content.IntentFilter, java.lang.String, int, int),-,14450,int com.android.server.am.ActivityManagerService.bindIsolatedService(android.app.IApplicationThread, android.os.IBinder, android.content.Intent, java.lang.String, android.app.IServiceConnection, int, java.lang.String, java.lang.String, int),3]
10-14 18:25:46.362 I/dvm_lock_sample( 1594): [system_server,0,Binder:1594_17,11,ActivityManagerService.java,14494,void com.android.server.am.ActivityManagerService.serviceDoneExecuting(android.os.IBinder, int, int, int),-,14463,boolean com.android.server.am.ActivityManagerService.unbindService(android.app.IServiceConnection),2]
10-14 18:25:48.204 I/dvm_lock_sample( 1594): [system_server,1,Binder:1594_16,7,ProcessManagerService.java,1704,java.util.List com.android.server.am.ProcessManagerService.getRunningProcessInfo(int, int, java.lang.String, java.lang.String, int),ActivityManagerService.java,1537,void com.android.server.am.ActivityManagerService$AppDeathRecipient.binderDied(),1]
10-14 18:25:50.449 I/dvm_lock_sample( 1594): [system_server,1,android.ui,77,ActivityManagerService.java,3378,void com.android.server.am.ActivityManagerService.dispatchUidsChanged(),-,14450,int com.android.server.am.ActivityManagerService.bindIsolatedService(android.app.IApplicationThread, android.os.IBinder, android.content.Intent, java.lang.String, android.app.IServiceConnection, int, java.lang.String, java.lang.String, int),15]
10-14 18:25:50.449 I/dvm_lock_sample( 1594): [system_server,1,Binder:1594_9,79,ActivityManagerService.java,14791,android.content.Intent com.android.server.am.ActivityManagerService.registerReceiver(android.app.IApplicationThread, java.lang.String, android.content.IIntentReceiver, android.content.IntentFilter, java.lang.String, int, int),-,14450,int com.android.server.am.ActivityManagerService.bindIsolatedService(android.app.IApplicationThread, android.os.IBinder, android.content.Intent, java.lang.String, android.app.IServiceConnection, int, java.lang.String, java.lang.String, int),15]
10-14 18:25:50.451 I/dvm_lock_sample( 1594): [system_server,0,Binder:1594_4,67,ActivityManagerService.java,7564,void com.android.server.am.ActivityManagerService.removeContentProvider(android.os.IBinder, boolean),-,14450,int com.android.server.am.ActivityManagerService.bindIsolatedService(android.app.IApplicationThread, android.os.IBinder, android.content.Intent, java.lang.String, android.app.IServiceConnection, int, java.lang.String, java.lang.String, int),13]
10-14 18:25:50.507 I/dvm_lock_sample( 1594): [system_server,1,Binder:1594_17,41,ActivityManagerService.java,6752,java.lang.String com.android.server.am.ActivityManagerService.checkContentProviderAccess(java.lang.String, int),-,14474,void com.android.server.am.ActivityManagerService.publishService(android.os.IBinder, android.content.Intent, android.os.IBinder),8]
10-14 18:25:51.705 I/dvm_lock_sample( 1594): [system_server,1,android.ui,5,ActivityManagerService.java,3272,void com.android.server.am.ActivityManagerService.dispatchProcessesChanged(),-,16095,void com.android.server.am.ActivityManagerService.finishReceiver(android.os.IBinder, int, java.lang.String, android.os.Bundle, boolean, int),1]
10-14 18:35:36.691 I/dvm_lock_sample( 1594): [system_server,1,Binder:1594_7,21,ActivityManagerService.java,14450,int com.android.server.am.ActivityManagerService.bindIsolatedService(android.app.IApplicationThread, android.os.IBinder, android.content.Intent, java.lang.String, android.app.IServiceConnection, int, java.lang.String, java.lang.String, int),-,14450,int com.android.server.am.ActivityManagerService.bindIsolatedService(android.app.IApplicationThread, android.os.IBinder, android.content.Intent, java.lang.String, android.app.IServiceConnection, int, java.lang.String, java.lang.String, int),4]
10-14 18:35:36.974 I/dvm_lock_sample( 1594): [system_server,1,Binder:1594_18,23,ActivityManagerService.java,7717,boolean com.android.server.am.ActivityManagerService.refContentProvider(android.os.IBinder, int, int),ProcessRecord.java,1358,void com.android.server.am.ProcessRecord.updateProcessInfo(boolean, boolean, boolean),4]
10-14 18:35:37.086 I/dvm_lock_sample( 1594): [system_server,1,Binder:1594_19,30,ActivityManagerService.java,14450,int com.android.server.am.ActivityManagerService.bindIsolatedService(android.app.IApplicationThread, android.os.IBinder, android.content.Intent, java.lang.String, android.app.IServiceConnection, int, java.lang.String, java.lang.String, int),-,14463,boolean com.android.server.am.ActivityManagerService.unbindService(android.app.IServiceConnection),6]
10-14 18:35:37.175 I/dvm_lock_sample( 1594): [system_server,1,ActivityManager:procStart,83,ProcessList.java,1687,void com.android.server.am.ProcessList.lambda$startProcessLocked$0$ProcessList(com.android.server.am.ProcessRecord, java.lang.String, int[], int, int, java.lang.String, java.lang.String, java.lang.String, long),ActivityManagerService.java,14450,int com.android.server.am.ActivityManagerService.bindIsolatedService(android.app.IApplicationThread, android.os.IBinder, android.content.Intent, java.lang.String, android.app.IServiceConnection, int, java.lang.String, java.lang.String, int),16]
10-14 18:35:37.188 I/dvm_lock_sample( 1594): [system_server,1,Binder:1594_E,62,ActivityManagerService.java,14474,void com.android.server.am.ActivityManagerService.publishService(android.os.IBinder, android.content.Intent, android.os.IBinder),-,14450,int com.android.server.am.ActivityManagerService.bindIsolatedService(android.app.IApplicationThread, android.os.IBinder, android.content.Intent, java.lang.String, android.app.IServiceConnection, int, java.lang.String, java.lang.String, int),12]
10-14 18:35:37.223 I/dvm_lock_sample( 1594): [system_server,1,ActivityManager:procStart,49,ProcessList.java,1687,void com.android.server.am.ProcessList.lambda$startProcessLocked$0$ProcessList(com.android.server.am.ProcessRecord, java.lang.String, int[], int, int, java.lang.String, java.lang.String, java.lang.String, long),ActivityManagerService.java,14463,boolean com.android.server.am.ActivityManagerService.unbindService(android.app.IServiceConnection),9]
10-14 18:35:37.238 I/dvm_lock_sample( 1594): [system_server,1,android.ui,53,ActivityManagerService.java,3378,void com.android.server.am.ActivityManagerService.dispatchUidsChanged(),-,14463,boolean com.android.server.am.ActivityManagerService.unbindService(android.app.IServiceConnection),10]
10-14 18:35:37.242 I/dvm_lock_sample( 1594): [system_server,1,Binder:1594_13,50,ActivityManagerService.java,14474,void com.android.server.am.ActivityManagerService.publishService(android.os.IBinder, android.content.Intent, android.os.IBinder),-,1537,void com.android.server.am.ActivityManagerService$AppDeathRecipient.binderDied(),10]
10-14 18:35:37.560 I/dvm_lock_sample( 1594): [system_server,0,Binder:1594_10,67,ActivityManagerService.java,14494,void com.android.server.am.ActivityManagerService.serviceDoneExecuting(android.os.IBinder, int, int, int),-,5395,void com.android.server.am.ActivityManagerService.attachApplication(android.app.IApplicationThread, long),13]
10-14 18:35:40.811 I/am_create_activity( 1594): [0,185606035,1415,com.idealinspecao.perueiroapp/.MainActivity,android.intent.action.MAIN,NULL,NULL,270532608]
10-14 18:35:40.862 I/am_proc_start( 1594): [0,5983,11373,com.idealinspecao.perueiroapp,activity,{com.idealinspecao.perueiroapp/com.idealinspecao.perueiroapp.MainActivity}]
10-14 18:35:40.979 I/am_proc_bound( 1594): [0,5983,com.idealinspecao.perueiroapp]
10-14 18:35:40.984 I/am_restart_activity( 1594): [0,185606035,1415,com.idealinspecao.perueiroapp/.MainActivity,5983]
10-14 18:35:40.985 I/am_set_resumed_activity( 1594): [0,com.idealinspecao.perueiroapp/.MainActivity,minimalResumeActivityLocked]
10-14 18:35:41.421 I/am_on_create_called( 5983): [0,com.idealinspecao.perueiroapp.MainActivity,performCreate,70]
10-14 18:35:41.431 I/am_on_start_called( 5983): [0,com.idealinspecao.perueiroapp.MainActivity,handleStartActivity,1]
10-14 18:35:41.436 I/am_on_resume_called( 5983): [0,com.idealinspecao.perueiroapp.MainActivity,RESUME_ACTIVITY,2]
10-14 18:35:41.468 I/am_on_top_resumed_gained_called( 5983): [0,com.idealinspecao.perueiroapp.MainActivity,topStateChangedWhenResumed]
10-14 18:35:42.099 I/sysui_multi_action( 1594): [319,221,321,113,322,1315,325,832124,757,761,758,7,759,1,806,com.idealinspecao.perueiroapp,871,com.idealinspecao.perueiroapp.MainActivity,904,com.miui.home,905,0,945,200,1320,5,1321,5]
10-14 18:35:42.102 I/am_activity_launch_time( 1594): [0,185606035,com.idealinspecao.perueiroapp/.MainActivity,1315]
10-14 18:35:51.233 I/am_pss  ( 1594): [5983,11373,com.idealinspecao.perueiroapp,92633088,81555456,189440,185585664,0,2,16]
10-14 18:36:01.240 I/am_pss  ( 1594): [5983,11373,com.idealinspecao.perueiroapp,96571392,85512192,189440,189927424,0,2,16]
10-14 18:37:01.719 I/am_pss  ( 1594): [5983,11373,com.idealinspecao.perueiroapp,94436352,83537920,187392,187875328,0,2,16]
10-14 18:39:10.873 I/am_pss  ( 1594): [5983,11373,com.idealinspecao.perueiroapp,95144960,84168704,186368,188645376,0,2,15]
10-14 18:43:11.565 I/am_pss  ( 1594): [5983,11373,com.idealinspecao.perueiroapp,96611328,85614592,186368,190132224,0,2,17]
10-14 18:45:12.399 I/am_pss  ( 1594): [5983,11373,com.idealinspecao.perueiroapp,94851072,84676608,181248,189218816,1,2,11]
10-14 18:45:13.396 I/dvm_lock_sample( 1594): [system_server,1,Binder:1594_B,5,ActivityManagerService.java,8605,boolean com.android.server.am.ActivityManagerService.isUidActive(int, java.lang.String),-,14494,void com.android.server.am.ActivityManagerService.serviceDoneExecuting(android.os.IBinder, int, int, int),1]
10-14 18:45:26.033 I/dvm_lock_sample( 1594): [system_server,1,android.ui,7,ActivityManagerService.java,3378,void com.android.server.am.ActivityManagerService.dispatchUidsChanged(),-,14488,void com.android.server.am.ActivityManagerService.unbindFinished(android.os.IBinder, android.content.Intent, boolean),1]
10-14 18:50:15.924 I/am_pss  ( 1594): [5983,11373,com.idealinspecao.perueiroapp,82817024,74985472,174080,167100416,0,2,18]
10-14 18:59:58.479 I/am_pss  ( 1594): [5983,11373,com.idealinspecao.perueiroapp,85256192,78196736,166912,166207488,0,2,17]
10-14 19:11:50.363 I/am_pss  ( 1594): [5983,11373,com.idealinspecao.perueiroapp,65760256,58736640,169984,146284544,0,2,11]
10-14 19:11:50.896 I/am_on_top_resumed_lost_called( 5983): [0,com.idealinspecao.perueiroapp.MainActivity,topStateChangedWhenResumed]
10-14 19:11:50.913 I/am_pause_activity( 1594): [5983,185606035,com.idealinspecao.perueiroapp/.MainActivity,userLeaving=true]
10-14 19:11:50.918 I/dvm_lock_sample( 1594): [system_server,0,Binder:1594_E,312,ActivityTaskManagerService.java,6551,int com.android.server.wm.ActivityTaskManagerService$LocalService.getTopProcessState(),ActivityStarter.java,1313,int com.android.server.wm.ActivityStarter.startActivityMayWait(android.app.IApplicationThread, int, java.lang.String, int, int, android.content.Intent, java.lang.String, android.service.voice.IVoiceInteractionSession, com.android.internal.app.IVoiceInteractor, android.os.IBinder, java.lang.String, int, int, android.app.ProfilerInfo, android.app.WaitResult, android.content.res.Configuration, com.android.server.wm.SafeActivityOptions, boolean, int, com.android.server.wm.TaskRecord, java.lang.String, boolean, com.android.server.am.PendingIntentRecord, boolean),62]
10-14 19:11:50.926 I/dvm_lock_sample( 1594): [system_server,1,Binder:1594_18,287,ActivityManagerService.java,14791,android.content.Intent com.android.server.am.ActivityManagerService.registerReceiver(android.app.IApplicationThread, java.lang.String, android.content.IIntentReceiver, android.content.IntentFilter, java.lang.String, int, int),-,16095,void com.android.server.am.ActivityManagerService.finishReceiver(android.os.IBinder, int, java.lang.String, android.os.Bundle, boolean, int),57]
10-14 19:11:50.926 I/dvm_lock_sample( 1594): [system_server,1,Binder:1594_19,321,ActivityManagerService.java,8605,boolean com.android.server.am.ActivityManagerService.isUidActive(int, java.lang.String),-,16095,void com.android.server.am.ActivityManagerService.finishReceiver(android.os.IBinder, int, java.lang.String, android.os.Bundle, boolean, int),64]
10-14 19:11:50.962 I/am_on_paused_called( 5983): [0,com.idealinspecao.perueiroapp.MainActivity,performPause,0]
10-14 19:15:13.508 I/am_set_resumed_activity( 1594): [0,com.idealinspecao.perueiroapp/.MainActivity,finishActivity]
10-14 19:15:13.531 I/am_set_resumed_activity( 1594): [0,com.idealinspecao.perueiroapp/.MainActivity,resumeTopActivityInnerLocked]
10-14 19:15:13.531 I/am_resume_activity( 1594): [0,185606035,1415,com.idealinspecao.perueiroapp/.MainActivity,5983]
10-14 19:15:13.606 I/am_on_resume_called( 5983): [0,com.idealinspecao.perueiroapp.MainActivity,RESUME_ACTIVITY,2]
10-14 19:15:13.608 I/am_on_top_resumed_gained_called( 5983): [0,com.idealinspecao.perueiroapp.MainActivity,topWhenResuming]
10-14 19:15:15.111 I/am_on_top_resumed_lost_called( 5983): [0,com.idealinspecao.perueiroapp.MainActivity,topStateChangedWhenResumed]
10-14 19:15:15.114 I/am_pause_activity( 1594): [5983,185606035,com.idealinspecao.perueiroapp/.MainActivity,userLeaving=true]
10-14 19:15:15.115 I/am_add_to_stopping( 1594): [0,185606035,com.idealinspecao.perueiroapp/.MainActivity,makeInvisible]
10-14 19:15:15.131 I/am_on_paused_called( 5983): [0,com.idealinspecao.perueiroapp.MainActivity,performPause,0]
10-14 19:15:15.535 I/am_stop_activity( 1594): [0,185606035,com.idealinspecao.perueiroapp/.MainActivity]
10-14 19:15:15.598 I/am_on_stop_called( 5983): [0,com.idealinspecao.perueiroapp.MainActivity,STOP_ACTIVITY_ITEM,0]
10-14 19:15:16.592 I/am_set_resumed_activity( 1594): [0,com.idealinspecao.perueiroapp/.MainActivity,bringingFoundTaskToFront]
10-14 19:15:16.611 I/am_set_resumed_activity( 1594): [0,com.idealinspecao.perueiroapp/.MainActivity,resumeTopActivityInnerLocked]
10-14 19:15:16.613 I/am_resume_activity( 1594): [0,185606035,1415,com.idealinspecao.perueiroapp/.MainActivity,5983]
10-14 19:15:16.640 I/am_on_restart_called( 5983): [0,com.idealinspecao.perueiroapp.MainActivity,performRestartActivity,0]
10-14 19:15:16.641 I/am_on_start_called( 5983): [0,com.idealinspecao.perueiroapp.MainActivity,handleStartActivity,0]
10-14 19:15:16.647 I/am_on_resume_called( 5983): [0,com.idealinspecao.perueiroapp.MainActivity,RESUME_ACTIVITY,1]
10-14 19:15:16.648 I/am_on_top_resumed_gained_called( 5983): [0,com.idealinspecao.perueiroapp.MainActivity,topWhenResuming]
10-14 19:15:16.707 I/sysui_multi_action( 1594): [319,44,321,35,322,118,325,834500,757,761,758,9,759,4,806,com.idealinspecao.perueiroapp,871,com.idealinspecao.perueiroapp.MainActivity,904,com.miui.home,905,0,1320,5,1321,5]
10-14 19:15:18.386 I/am_on_top_resumed_lost_called( 5983): [0,com.idealinspecao.perueiroapp.MainActivity,topStateChangedWhenResumed]
10-14 19:15:18.389 I/am_pause_activity( 1594): [5983,185606035,com.idealinspecao.perueiroapp/.MainActivity,userLeaving=true]
10-14 19:15:18.391 I/am_add_to_stopping( 1594): [0,185606035,com.idealinspecao.perueiroapp/.MainActivity,makeInvisible]
10-14 19:15:18.402 I/am_on_paused_called( 5983): [0,com.idealinspecao.perueiroapp.MainActivity,performPause,0]
10-14 19:15:18.840 I/am_stop_activity( 1594): [0,185606035,com.idealinspecao.perueiroapp/.MainActivity]
10-14 19:15:18.881 I/am_on_stop_called( 5983): [0,com.idealinspecao.perueiroapp.MainActivity,STOP_ACTIVITY_ITEM,0]
10-14 19:15:19.419 I/sysui_multi_action( 2131): [757,289,758,4,806,ComponentInfo{com.idealinspecao.perueiroapp/com.idealinspecao.perueiroapp.MainActivity}]
10-14 19:15:19.421 I/am_finish_activity( 1594): [5983,185606035,1415,com.idealinspecao.perueiroapp/.MainActivity,remove-task]
10-14 19:15:19.422 I/am_destroy_activity( 1594): [5983,185606035,1415,com.idealinspecao.perueiroapp/.MainActivity,finish-imm:finishActivityLocked]
10-14 19:15:19.429 I/am_kill ( 1594): [0,5983,com.idealinspecao.perueiroapp,700,SwipeUpClean]
10-14 19:15:19.524 I/am_proc_died( 1594): [0,5983,com.idealinspecao.perueiroapp,700,16]
10-14 19:15:26.083 I/dvm_lock_sample( 1594): [system_server,0,PackageManager,41,ActivityManagerService.java,15989,int com.android.server.am.ActivityManagerService.broadcastIntent(android.app.IApplicationThread, android.content.Intent, java.lang.String, android.content.IIntentReceiver, int, java.lang.String, android.os.Bundle, java.lang.String[], int, android.os.Bundle, boolean, boolean, int),BroadcastQueue.java,984,void com.android.server.am.BroadcastQueue.processNextBroadcast(boolean, boolean),8]
10-14 19:15:28.035 I/notification_cancel_all( 1594): [1000,1594,com.idealinspecao.perueiroapp,0,0,0,5,NULL]
10-14 19:15:28.159 I/am_wtf  ( 1594): [0,1594,system_server,-1,PasspointManager,No app ops listener found for com.idealinspecao.perueiroapp]
10-14 19:15:42.371 I/dvm_lock_sample( 1594): [system_server,1,android.ui,13,ActivityManagerService.java,3432,void com.android.server.am.ActivityManagerService.dispatchUidsChanged(),-,14494,void com.android.server.am.ActivityManagerService.serviceDoneExecuting(android.os.IBinder, int, int, int),2]
10-14 19:25:00.779 I/dvm_lock_sample( 1594): [system_server,1,Binder:1594_8,7,ProcessManagerService.java,1704,java.util.List com.android.server.am.ProcessManagerService.getRunningProcessInfo(int, int, java.lang.String, java.lang.String, int),ActivityManagerService.java,1537,void com.android.server.am.ActivityManagerService$AppDeathRecipient.binderDied(),1]
10-14 19:26:18.079 I/dvm_lock_sample( 1594): [system_server,0,Binder:1594_19,14,ActivityManagerService.java,14494,void com.android.server.am.ActivityManagerService.serviceDoneExecuting(android.os.IBinder, int, int, int),-,14463,boolean com.android.server.am.ActivityManagerService.unbindService(android.app.IServiceConnection),2]
10-14 19:32:01.145 I/dvm_lock_sample( 1594): [system_server,0,Binder:1594_13,34,ActivityTaskManagerService.java,6551,int com.android.server.wm.ActivityTaskManagerService$LocalService.getTopProcessState(),WindowSurfacePlacer.java,61,void com.android.server.wm.WindowSurfacePlacer.lambda$new$0$WindowSurfacePlacer(),6]
10-14 19:32:03.695 I/dvm_lock_sample( 1594): [system_server,1,android.ui,5,ActivityManagerService.java,3272,void com.android.server.am.ActivityManagerService.dispatchProcessesChanged(),ProcessRecord.java,1358,void com.android.server.am.ProcessRecord.updateProcessInfo(boolean, boolean, boolean),1]
10-14 19:32:04.449 I/dvm_lock_sample( 1594): [system_server,1,Binder:1594_5,16,ActivityManagerService.java,8605,boolean com.android.server.am.ActivityManagerService.isUidActive(int, java.lang.String),-,14285,android.content.ComponentName com.android.server.am.ActivityManagerService.startService(android.app.IApplicationThread, android.content.Intent, java.lang.String, boolean, java.lang.String, int),3]
10-14 19:32:04.658 I/sysui_multi_action( 1594): [757,147,758,4,759,1,806,com.idealinspecao.perueiroapp]
10-14 19:32:04.907 I/notification_cancel_all( 1594): [1000,1594,com.idealinspecao.perueiroapp,0,0,0,5,NULL]
10-14 19:32:05.152 I/dvm_lock_sample( 1594): [system_server,1,Binder:1594_12,30,ProcessManagerService.java,1704,java.util.List com.android.server.am.ProcessManagerService.getRunningProcessInfo(int, int, java.lang.String, java.lang.String, int),ActivityManagerService.java,14285,android.content.ComponentName com.android.server.am.ActivityManagerService.startService(android.app.IApplicationThread, android.content.Intent, java.lang.String, boolean, java.lang.String, int),6]
10-14 19:32:05.673 I/am_create_activity( 1594): [0,198244302,1418,com.idealinspecao.perueiroapp/.MainActivity,NULL,NULL,NULL,268435456]
10-14 19:32:05.720 I/dvm_lock_sample( 1594): [system_server,1,Binder:1594_1A,65,ActivityManagerService.java,6752,java.lang.String com.android.server.am.ActivityManagerService.checkContentProviderAccess(java.lang.String, int),-,1537,void com.android.server.am.ActivityManagerService$AppDeathRecipient.binderDied(),13]
10-14 19:32:05.817 I/dvm_lock_sample( 1594): [system_server,1,Binder:1594_E,42,ActivityManagerService.java,14450,int com.android.server.am.ActivityManagerService.bindIsolatedService(android.app.IApplicationThread, android.os.IBinder, android.content.Intent, java.lang.String, android.app.IServiceConnection, int, java.lang.String, java.lang.String, int),-,18535,void com.android.server.am.ActivityManagerService$LocalService.updateActivityUsageStats(android.content.ComponentName, int, int, android.os.IBinder, android.content.ComponentName),8]
10-14 19:32:05.848 I/am_proc_start( 1594): [0,9678,11374,com.idealinspecao.perueiroapp,activity,{com.idealinspecao.perueiroapp/com.idealinspecao.perueiroapp.MainActivity}]
10-14 19:32:06.158 I/am_proc_bound( 1594): [0,9678,com.idealinspecao.perueiroapp]
10-14 19:32:06.167 I/am_restart_activity( 1594): [0,198244302,1418,com.idealinspecao.perueiroapp/.MainActivity,9678]
10-14 19:32:06.173 I/am_set_resumed_activity( 1594): [0,com.idealinspecao.perueiroapp/.MainActivity,minimalResumeActivityLocked]
10-14 19:32:06.914 I/dvm_lock_sample( 1594): [system_server,0,Binder:1594_12,21,ActivityManagerService.java,16095,void com.android.server.am.ActivityManagerService.finishReceiver(android.os.IBinder, int, java.lang.String, android.os.Bundle, boolean, int),-,14450,int com.android.server.am.ActivityManagerService.bindIsolatedService(android.app.IApplicationThread, android.os.IBinder, android.content.Intent, java.lang.String, android.app.IServiceConnection, int, java.lang.String, java.lang.String, int),4]
10-14 19:32:07.741 I/sysui_multi_action( 1594): [757,147,758,4,759,1,806,com.idealinspecao.perueiroapp]
10-14 19:32:07.821 I/dvm_lock_sample( 1594): [system_server,1,Binder:1594_2,35,ActivityManagerService.java,10076,void com.android.server.am.ActivityManagerService.getMyMemoryState(android.app.ActivityManager$RunningAppProcessInfo),-,14450,int com.android.server.am.ActivityManagerService.bindIsolatedService(android.app.IApplicationThread, android.os.IBinder, android.content.Intent, java.lang.String, android.app.IServiceConnection, int, java.lang.String, java.lang.String, int),7]
10-14 19:32:08.731 I/dvm_lock_sample( 1594): [system_server,1,Binder:1594_20,5,ActivityManagerService.java,1537,void com.android.server.am.ActivityManagerService$AppDeathRecipient.binderDied(),-,14450,int com.android.server.am.ActivityManagerService.bindIsolatedService(android.app.IApplicationThread, android.os.IBinder, android.content.Intent, java.lang.String, android.app.IServiceConnection, int, java.lang.String, java.lang.String, int),1]
10-14 19:32:08.746 I/dvm_lock_sample( 1594): [system_server,0,android.bg,19,ActivityManagerService.java,2043,void com.android.server.am.ActivityManagerService$5.handleMessage(android.os.Message),-,14450,int com.android.server.am.ActivityManagerService.bindIsolatedService(android.app.IApplicationThread, android.os.IBinder, android.content.Intent, java.lang.String, android.app.IServiceConnection, int, java.lang.String, java.lang.String, int),3]
10-14 19:32:11.717 I/am_lifecycle_sample( 9678): [0,com.idealinspecao.perueiroapp,110,5433]
10-14 19:32:11.922 I/am_on_create_called( 9678): [0,com.idealinspecao.perueiroapp.MainActivity,performCreate,95]
10-14 19:32:11.935 I/am_on_start_called( 9678): [0,com.idealinspecao.perueiroapp.MainActivity,handleStartActivity,0]
10-14 19:32:11.940 I/am_on_resume_called( 9678): [0,com.idealinspecao.perueiroapp.MainActivity,RESUME_ACTIVITY,2]
10-14 19:32:11.967 I/am_on_top_resumed_gained_called( 9678): [0,com.idealinspecao.perueiroapp.MainActivity,topStateChangedWhenResumed]
10-14 19:32:13.873 I/sysui_multi_action( 1594): [319,586,321,196,322,8262,325,835509,757,761,758,7,759,1,806,com.idealinspecao.perueiroapp,871,com.idealinspecao.perueiroapp.MainActivity,904,com.android.shell,905,0,945,551,1320,12,1321,1]
10-14 19:32:13.875 I/am_activity_launch_time( 1594): [0,198244302,com.idealinspecao.perueiroapp/.MainActivity,8262]
10-14 19:32:17.055 I/am_pss  ( 1594): [9678,11374,com.idealinspecao.perueiroapp,132166656,121274368,209920,217649152,0,2,19]
10-14 19:32:28.268 I/am_pss  ( 1594): [9678,11374,com.idealinspecao.perueiroapp,136302592,126701568,195584,226009088,0,2,15]
10-14 19:32:35.544 I/dvm_lock_sample( 1594): [system_server,0,Binder:1594_D,6,ActivityManagerService.java,14494,void com.android.server.am.ActivityManagerService.serviceDoneExecuting(android.os.IBinder, int, int, int),-,14463,boolean com.android.server.am.ActivityManagerService.unbindService(android.app.IServiceConnection),1]
10-14 19:32:45.381 I/dvm_lock_sample( 1594): [system_server,0,android.bg,10,ActivityManagerService.java,1964,void com.android.server.am.ActivityManagerService$5.handleMessage(android.os.Message),-,14463,boolean com.android.server.am.ActivityManagerService.unbindService(android.app.IServiceConnection),2]
10-14 19:33:29.448 I/am_pss  ( 1594): [9678,11374,com.idealinspecao.perueiroapp,133815296,124243968,195584,223842304,0,2,21]
10-14 19:33:36.527 I/dvm_lock_sample( 1594): [system_server,0,Binder:1594_D,6,ActivityManagerService.java,14494,void com.android.server.am.ActivityManagerService.serviceDoneExecuting(android.os.IBinder, int, int, int),-,14463,boolean com.android.server.am.ActivityManagerService.unbindService(android.app.IServiceConnection),1]
10-14 19:33:36.536 I/dvm_lock_sample( 1594): [system_server,1,Binder:1594_13,6,ActivityManagerService.java,8605,boolean com.android.server.am.ActivityManagerService.isUidActive(int, java.lang.String),-,14494,void com.android.server.am.ActivityManagerService.serviceDoneExecuting(android.os.IBinder, int, int, int),1]
10-14 19:36:01.610 I/am_pss  ( 1594): [9678,11374,com.idealinspecao.perueiroapp,133746688,124198912,195584,223821824,0,2,20]
10-14 19:38:11.660 I/dvm_lock_sample( 1594): [system_server,0,miui.fg,6,ActivityManagerService.java,10090,int com.android.server.am.ActivityManagerService.getMemoryTrimLevel(),-,14474,void com.android.server.am.ActivityManagerService.publishService(android.os.IBinder, android.content.Intent, android.os.IBinder),1]
10-14 19:38:18.538 I/am_pss  ( 1594): [9678,11374,com.idealinspecao.perueiroapp,131528704,122769408,187392,223432704,0,2,22]
10-14 19:38:26.711 I/dvm_lock_sample( 1594): [system_server,1,android.ui,8,ActivityManagerService.java,3378,void com.android.server.am.ActivityManagerService.dispatchUidsChanged(),-,14463,boolean com.android.server.am.ActivityManagerService.unbindService(android.app.IServiceConnection),1]
10-14 19:40:18.753 I/dvm_lock_sample( 1594): [system_server,1,Binder:1594_1A,14,ActivityManagerService.java,14474,void com.android.server.am.ActivityManagerService.publishService(android.os.IBinder, android.content.Intent, android.os.IBinder),-,14450,int com.android.server.am.ActivityManagerService.bindIsolatedService(android.app.IApplicationThread, android.os.IBinder, android.content.Intent, java.lang.String, android.app.IServiceConnection, int, java.lang.String, java.lang.String, int),2]
10-14 19:41:22.415 I/dvm_lock_sample( 1594): [system_server,1,Binder:1594_1,16,ActivityManagerService.java,5955,boolean com.android.server.am.ActivityManagerService.isAppBad(android.content.pm.ApplicationInfo),-,5395,void com.android.server.am.ActivityManagerService.attachApplication(android.app.IApplicationThread, long),3]
10-14 19:41:23.707 I/am_pss  ( 1594): [9678,11374,com.idealinspecao.perueiroapp,128513024,119148544,205824,218836992,1,2,12]
10-14 19:44:00.546 I/dvm_lock_sample( 1594): [system_server,1,Binder:1594_E,8,ActivityManagerService.java,5955,boolean com.android.server.am.ActivityManagerService.isAppBad(android.content.pm.ApplicationInfo),-,14494,void com.android.server.am.ActivityManagerService.serviceDoneExecuting(android.os.IBinder, int, int, int),1]
10-14 19:44:04.847 I/am_on_top_resumed_lost_called( 9678): [0,com.idealinspecao.perueiroapp.MainActivity,topStateChangedWhenResumed]
10-14 19:44:04.852 I/am_pause_activity( 1594): [9678,198244302,com.idealinspecao.perueiroapp/.MainActivity,userLeaving=true]
10-14 19:44:04.860 I/am_on_paused_called( 9678): [0,com.idealinspecao.perueiroapp.MainActivity,performPause,0]
10-14 19:44:09.246 I/am_set_resumed_activity( 1594): [0,com.idealinspecao.perueiroapp/.MainActivity,finishActivity]
10-14 19:44:09.277 I/am_set_resumed_activity( 1594): [0,com.idealinspecao.perueiroapp/.MainActivity,resumeTopActivityInnerLocked]
10-14 19:44:09.278 I/am_resume_activity( 1594): [0,198244302,1418,com.idealinspecao.perueiroapp/.MainActivity,9678]
10-14 19:44:09.334 I/am_on_resume_called( 9678): [0,com.idealinspecao.perueiroapp.MainActivity,RESUME_ACTIVITY,1]
10-14 19:44:09.336 I/am_on_top_resumed_gained_called( 9678): [0,com.idealinspecao.perueiroapp.MainActivity,topWhenResuming]
10-14 19:44:35.978 I/dvm_lock_sample( 1594): [system_server,1,Binder:1594_1C,17,ActivityManagerService.java,14474,void com.android.server.am.ActivityManagerService.publishService(android.os.IBinder, android.content.Intent, android.os.IBinder),-,14450,int com.android.server.am.ActivityManagerService.bindIsolatedService(android.app.IApplicationThread, android.os.IBinder, android.content.Intent, java.lang.String, android.app.IServiceConnection, int, java.lang.String, java.lang.String, int),3]
10-14 19:46:33.753 I/am_pss  ( 1594): [9678,11374,com.idealinspecao.perueiroapp,137106432,127963136,184320,233840640,0,2,21]
10-14 19:51:46.626 I/am_pss  ( 1594): [9678,11374,com.idealinspecao.perueiroapp,127680512,118476800,181248,224272384,1,2,12]
10-14 19:52:48.594 I/dvm_lock_sample( 1594): [system_server,0,Binder:1594_12,7,ActivityManagerService.java,14494,void com.android.server.am.ActivityManagerService.serviceDoneExecuting(android.os.IBinder, int, int, int),-,14463,boolean com.android.server.am.ActivityManagerService.unbindService(android.app.IServiceConnection),1]
10-14 19:56:54.287 I/dvm_lock_sample( 1594): [system_server,0,android.bg,8,ActivityManagerService.java,1964,void com.android.server.am.ActivityManagerService$5.handleMessage(android.os.Message),-,14450,int com.android.server.am.ActivityManagerService.bindIsolatedService(android.app.IApplicationThread, android.os.IBinder, android.content.Intent, java.lang.String, android.app.IServiceConnection, int, java.lang.String, java.lang.String, int),1]
10-14 20:03:12.544 I/am_pss  ( 1594): [9678,11374,com.idealinspecao.perueiroapp,127616000,119812096,166912,219996160,0,2,17]
10-14 20:05:40.214 I/am_pss  ( 1594): [9678,11374,com.idealinspecao.perueiroapp,127375360,120393728,166912,215990272,2,2,13]
10-14 20:26:02.684 I/am_pss  ( 1594): [9678,11374,com.idealinspecao.perueiroapp,122272768,116051968,168960,206659584,0,2,22]
10-14 20:32:00.868 I/dvm_lock_sample( 1594): [system_server,1,Binder:1594_1,14,ActivityManagerService.java,8605,boolean com.android.server.am.ActivityManagerService.isUidActive(int, java.lang.String),-,14450,int com.android.server.am.ActivityManagerService.bindIsolatedService(android.app.IApplicationThread, android.os.IBinder, android.content.Intent, java.lang.String, android.app.IServiceConnection, int, java.lang.String, java.lang.String, int),2]
10-14 20:36:12.736 I/dvm_lock_sample( 1594): [system_server,1,android.ui,5,ActivityManagerService.java,3378,void com.android.server.am.ActivityManagerService.dispatchUidsChanged(),-,1537,void com.android.server.am.ActivityManagerService$AppDeathRecipient.binderDied(),1]
10-14 20:42:15.838 I/dvm_lock_sample( 1594): [system_server,1,android.ui,13,ActivityManagerService.java,3378,void com.android.server.am.ActivityManagerService.dispatchUidsChanged(),-,14450,int com.android.server.am.ActivityManagerService.bindIsolatedService(android.app.IApplicationThread, android.os.IBinder, android.content.Intent, java.lang.String, android.app.IServiceConnection, int, java.lang.String, java.lang.String, int),2]
10-14 20:59:59.298 I/dvm_lock_sample( 1594): [system_server,1,Binder:1594_12,10,ActivityManagerService.java,6752,java.lang.String com.android.server.am.ActivityManagerService.checkContentProviderAccess(java.lang.String, int),-,14450,int com.android.server.am.ActivityManagerService.bindIsolatedService(android.app.IApplicationThread, android.os.IBinder, android.content.Intent, java.lang.String, android.app.IServiceConnection, int, java.lang.String, java.lang.String, int),2]
10-14 21:04:30.521 I/am_pss  ( 1594): [9678,11374,com.idealinspecao.perueiroapp,120802304,116256768,166912,191889408,0,2,14]
10-14 21:14:44.863 I/dvm_lock_sample( 1594): [system_server,1,main,7,BroadcastDispatcher.java,186,void com.android.server.am.BroadcastDispatcher$1.broadcastAlarmComplete(int),ActivityManagerService.java,16095,void com.android.server.am.ActivityManagerService.finishReceiver(android.os.IBinder, int, java.lang.String, android.os.Bundle, boolean, int),1]
10-14 21:21:41.794 I/dvm_lock_sample( 1594): [system_server,1,Binder:1594_F,12,ActivityManagerService.java,10031,java.util.List com.android.server.am.ActivityManagerService.getRunningAppProcesses(),-,14450,int com.android.server.am.ActivityManagerService.bindIsolatedService(android.app.IApplicationThread, android.os.IBinder, android.content.Intent, java.lang.String, android.app.IServiceConnection, int, java.lang.String, java.lang.String, int),2]
10-14 21:27:16.323 I/dvm_lock_sample( 1594): [system_server,1,Binder:1594_13,14,ActivityManagerService.java,14791,android.content.Intent com.android.server.am.ActivityManagerService.registerReceiver(android.app.IApplicationThread, java.lang.String, android.content.IIntentReceiver, android.content.IntentFilter, java.lang.String, int, int),-,14450,int com.android.server.am.ActivityManagerService.bindIsolatedService(android.app.IApplicationThread, android.os.IBinder, android.content.Intent, java.lang.String, android.app.IServiceConnection, int, java.lang.String, java.lang.String, int),2]
10-14 21:36:22.458 I/dvm_lock_sample( 1594): [system_server,1,android.ui,18,ActivityManagerService.java,3378,void com.android.server.am.ActivityManagerService.dispatchUidsChanged(),-,5395,void com.android.server.am.ActivityManagerService.attachApplication(android.app.IApplicationThread, long),3]
10-14 21:36:23.163 I/dvm_lock_sample( 1594): [system_server,0,miui.fg,17,ActivityManagerService.java,5963,int com.android.server.am.ActivityManagerService.getUidState(int),-,14450,int com.android.server.am.ActivityManagerService.bindIsolatedService(android.app.IApplicationThread, android.os.IBinder, android.content.Intent, java.lang.String, android.app.IServiceConnection, int, java.lang.String, java.lang.String, int),3]
10-14 21:42:19.555 I/dvm_lock_sample( 1594): [system_server,1,Binder:1594_1B,5,ActivityManagerService.java,8605,boolean com.android.server.am.ActivityManagerService.isUidActive(int, java.lang.String),-,14474,void com.android.server.am.ActivityManagerService.publishService(android.os.IBinder, android.content.Intent, android.os.IBinder),1]
10-14 21:43:19.251 I/dvm_lock_sample( 1594): [system_server,1,Binder:1594_E,12,ProcessManagerService.java,1704,java.util.List com.android.server.am.ProcessManagerService.getRunningProcessInfo(int, int, java.lang.String, java.lang.String, int),ActivityManagerService.java,1537,void com.android.server.am.ActivityManagerService$AppDeathRecipient.binderDied(),2]
10-14 21:49:01.016 I/binder_sample(19390): [android.app.IActivityManager,20,305,com.google.android.gms.unstable,61]
10-14 22:02:18.112 I/am_pss  ( 1594): [9678,11374,com.idealinspecao.perueiroapp,113545216,109957120,166912,180195328,0,2,15]
10-14 22:14:44.876 I/dvm_lock_sample( 1594): [system_server,1,main,14,BroadcastDispatcher.java,186,void com.android.server.am.BroadcastDispatcher$1.broadcastAlarmComplete(int),ActivityManagerService.java,16095,void com.android.server.am.ActivityManagerService.finishReceiver(android.os.IBinder, int, java.lang.String, android.os.Bundle, boolean, int),2]
10-14 22:15:11.141 I/dvm_lock_sample( 1594): [system_server,1,android.ui,8,ActivityManagerService.java,3378,void com.android.server.am.ActivityManagerService.dispatchUidsChanged(),-,14450,int com.android.server.am.ActivityManagerService.bindIsolatedService(android.app.IApplicationThread, android.os.IBinder, android.content.Intent, java.lang.String, android.app.IServiceConnection, int, java.lang.String, java.lang.String, int),1]
10-14 22:24:49.036 I/dvm_lock_sample( 1594): [system_server,1,Binder:1594_C,10,ActivityManagerService.java,14463,boolean com.android.server.am.ActivityManagerService.unbindService(android.app.IServiceConnection),-,14450,int com.android.server.am.ActivityManagerService.bindIsolatedService(android.app.IApplicationThread, android.os.IBinder, android.content.Intent, java.lang.String, android.app.IServiceConnection, int, java.lang.String, java.lang.String, int),2]
10-14 22:25:00.252 I/dvm_lock_sample( 1594): [system_server,1,Binder:1594_15,5,ActivityManagerService.java,14450,int com.android.server.am.ActivityManagerService.bindIsolatedService(android.app.IApplicationThread, android.os.IBinder, android.content.Intent, java.lang.String, android.app.IServiceConnection, int, java.lang.String, java.lang.String, int),-,14463,boolean com.android.server.am.ActivityManagerService.unbindService(android.app.IServiceConnection),1]
10-14 22:25:00.460 I/dvm_lock_sample( 1594): [system_server,1,Binder:1594_C,7,ActivityManagerService.java,14450,int com.android.server.am.ActivityManagerService.bindIsolatedService(android.app.IApplicationThread, android.os.IBinder, android.content.Intent, java.lang.String, android.app.IServiceConnection, int, java.lang.String, java.lang.String, int),-,16095,void com.android.server.am.ActivityManagerService.finishReceiver(android.os.IBinder, int, java.lang.String, android.os.Bundle, boolean, int),1]
10-14 22:27:08.798 I/dvm_lock_sample( 1594): [system_server,1,android.ui,10,ActivityManagerService.java,3378,void com.android.server.am.ActivityManagerService.dispatchUidsChanged(),-,14463,boolean com.android.server.am.ActivityManagerService.unbindService(android.app.IServiceConnection),2]
10-14 22:36:01.737 I/dvm_lock_sample( 1594): [system_server,1,main,7,BroadcastDispatcher.java,186,void com.android.server.am.BroadcastDispatcher$1.broadcastAlarmComplete(int),ActivityManagerService.java,16095,void com.android.server.am.ActivityManagerService.finishReceiver(android.os.IBinder, int, java.lang.String, android.os.Bundle, boolean, int),1]
10-14 22:39:06.588 I/dvm_lock_sample( 1594): [system_server,0,Binder:1594_16,12,ActivityManagerService.java,14494,void com.android.server.am.ActivityManagerService.serviceDoneExecuting(android.os.IBinder, int, int, int),-,14450,int com.android.server.am.ActivityManagerService.bindIsolatedService(android.app.IApplicationThread, android.os.IBinder, android.content.Intent, java.lang.String, android.app.IServiceConnection, int, java.lang.String, java.lang.String, int),2]
10-14 22:43:13.784 I/dvm_lock_sample( 1594): [system_server,1,Binder:1594_A,20,ActivityManagerService.java,14450,int com.android.server.am.ActivityManagerService.bindIsolatedService(android.app.IApplicationThread, android.os.IBinder, android.content.Intent, java.lang.String, android.app.IServiceConnection, int, java.lang.String, java.lang.String, int),-,14450,int com.android.server.am.ActivityManagerService.bindIsolatedService(android.app.IApplicationThread, android.os.IBinder, android.content.Intent, java.lang.String, android.app.IServiceConnection, int, java.lang.String, java.lang.String, int),4]
10-14 22:43:25.461 I/dvm_lock_sample( 1594): [system_server,1,Binder:1594_1D,5,ActivityManagerService.java,8605,boolean com.android.server.am.ActivityManagerService.isUidActive(int, java.lang.String),-,14494,void com.android.server.am.ActivityManagerService.serviceDoneExecuting(android.os.IBinder, int, int, int),1]
10-14 22:43:35.501 I/dvm_lock_sample( 1594): [system_server,1,android.ui,13,ActivityManagerService.java,3378,void com.android.server.am.ActivityManagerService.dispatchUidsChanged(),-,14450,int com.android.server.am.ActivityManagerService.bindIsolatedService(android.app.IApplicationThread, android.os.IBinder, android.content.Intent, java.lang.String, android.app.IServiceConnection, int, java.lang.String, java.lang.String, int),2]
10-14 22:43:45.085 I/dvm_lock_sample( 1594): [system_server,1,android.ui,7,ActivityManagerService.java,3378,void com.android.server.am.ActivityManagerService.dispatchUidsChanged(),-,14285,android.content.ComponentName com.android.server.am.ActivityManagerService.startService(android.app.IApplicationThread, android.content.Intent, java.lang.String, boolean, java.lang.String, int),1]
10-14 22:43:57.170 I/dvm_lock_sample( 1594): [system_server,0,Binder:1594_11,7,ActivityManagerService.java,14494,void com.android.server.am.ActivityManagerService.serviceDoneExecuting(android.os.IBinder, int, int, int),-,14463,boolean com.android.server.am.ActivityManagerService.unbindService(android.app.IServiceConnection),1]
10-14 22:58:33.604 I/dvm_lock_sample( 1594): [system_server,1,Binder:1594_18,27,ActivityManagerService.java,7717,boolean com.android.server.am.ActivityManagerService.refContentProvider(android.os.IBinder, int, int),-,14463,boolean com.android.server.am.ActivityManagerService.unbindService(android.app.IServiceConnection),5]
10-14 22:58:35.153 I/dvm_lock_sample( 1594): [system_server,1,Binder:1594_20,10,ActivityManagerService.java,14450,int com.android.server.am.ActivityManagerService.bindIsolatedService(android.app.IApplicationThread, android.os.IBinder, android.content.Intent, java.lang.String, android.app.IServiceConnection, int, java.lang.String, java.lang.String, int),-,14450,int com.android.server.am.ActivityManagerService.bindIsolatedService(android.app.IApplicationThread, android.os.IBinder, android.content.Intent, java.lang.String, android.app.IServiceConnection, int, java.lang.String, java.lang.String, int),2]
10-14 23:02:37.361 I/am_pss  ( 1594): [9678,11374,com.idealinspecao.perueiroapp,113430528,109916160,168960,178483200,0,2,17]
10-14 23:02:37.594 I/dvm_lock_sample( 1594): [system_server,1,android.ui,23,ActivityManagerService.java,3378,void com.android.server.am.ActivityManagerService.dispatchUidsChanged(),-,14450,int com.android.server.am.ActivityManagerService.bindIsolatedService(android.app.IApplicationThread, android.os.IBinder, android.content.Intent, java.lang.String, android.app.IServiceConnection, int, java.lang.String, java.lang.String, int),4]
10-14 23:02:39.833 I/dvm_lock_sample( 1594): [system_server,0,Binder:1594_C,5,ActivityManagerService.java,14494,void com.android.server.am.ActivityManagerService.serviceDoneExecuting(android.os.IBinder, int, int, int),-,14463,boolean com.android.server.am.ActivityManagerService.unbindService(android.app.IServiceConnection),1]
10-14 23:02:40.994 I/dvm_lock_sample( 1594): [system_server,1,android.ui,11,ActivityManagerService.java,3378,void com.android.server.am.ActivityManagerService.dispatchUidsChanged(),-,1537,void com.android.server.am.ActivityManagerService$AppDeathRecipient.binderDied(),2]
10-14 23:02:41.466 I/dvm_lock_sample( 1594): [system_server,1,Binder:1594_17,10,ActivityManagerService.java,8605,boolean com.android.server.am.ActivityManagerService.isUidActive(int, java.lang.String),-,14450,int com.android.server.am.ActivityManagerService.bindIsolatedService(android.app.IApplicationThread, android.os.IBinder, android.content.Intent, java.lang.String, android.app.IServiceConnection, int, java.lang.String, java.lang.String, int),2]
10-14 23:02:52.863 I/dvm_lock_sample( 1594): [system_server,0,Binder:1594_C,7,ActivityManagerService.java,14494,void com.android.server.am.ActivityManagerService.serviceDoneExecuting(android.os.IBinder, int, int, int),-,14463,boolean com.android.server.am.ActivityManagerService.unbindService(android.app.IServiceConnection),1]
10-14 23:06:03.037 I/am_pss  ( 1594): [9678,11374,com.idealinspecao.perueiroapp,114558976,111149056,166912,179286016,2,2,11]
10-14 23:34:12.341 I/dvm_lock_sample( 1594): [system_server,0,Binder:1594_18,6,ActivityManagerService.java,14494,void com.android.server.am.ActivityManagerService.serviceDoneExecuting(android.os.IBinder, int, int, int),-,14463,boolean com.android.server.am.ActivityManagerService.unbindService(android.app.IServiceConnection),1]
10-14 23:37:00.036 I/dvm_lock_sample( 1594): [system_server,1,Binder:1594_5,11,ActivityManagerService.java,6181,boolean com.android.server.am.ActivityManagerService.isAppStartModeDisabled(int, java.lang.String),-,14450,int com.android.server.am.ActivityManagerService.bindIsolatedService(android.app.IApplicationThread, android.os.IBinder, android.content.Intent, java.lang.String, android.app.IServiceConnection, int, java.lang.String, java.lang.String, int),2]
10-14 23:57:27.386 I/dvm_lock_sample( 1594): [system_server,0,Binder:1594_17,7,ActivityManagerService.java,14494,void com.android.server.am.ActivityManagerService.serviceDoneExecuting(android.os.IBinder, int, int, int),-,14450,int com.android.server.am.ActivityManagerService.bindIsolatedService(android.app.IApplicationThread, android.os.IBinder, android.content.Intent, java.lang.String, android.app.IServiceConnection, int, java.lang.String, java.lang.String, int),1]
10-15 00:00:00.043 I/dvm_lock_sample( 1594): [system_server,1,android.ui,12,ActivityManagerService.java,3378,void com.android.server.am.ActivityManagerService.dispatchUidsChanged(),-,18684,android.content.ComponentName com.android.server.am.ActivityManagerService$LocalService.startServiceInPackage(int, android.content.Intent, java.lang.String, boolean, java.lang.String, int, boolean),2]
10-15 00:03:42.357 I/dvm_lock_sample( 1594): [system_server,0,miui.fg,11,ActivityManagerService.java,5955,boolean com.android.server.am.ActivityManagerService.isAppBad(android.content.pm.ApplicationInfo),BroadcastQueue.java,984,void com.android.server.am.BroadcastQueue.processNextBroadcast(boolean, boolean),2]
10-15 00:06:02.921 I/am_pss  ( 1594): [9678,11374,com.idealinspecao.perueiroapp,115193856,111706112,166912,179781632,0,2,19]
10-15 00:06:16.970 I/dvm_lock_sample( 1594): [system_server,0,miui.fg,11,ActivityManagerService.java,10090,int com.android.server.am.ActivityManagerService.getMemoryTrimLevel(),-,14494,void com.android.server.am.ActivityManagerService.serviceDoneExecuting(android.os.IBinder, int, int, int),2]
10-15 00:13:01.792 I/dvm_lock_sample( 1594): [system_server,1,Binder:1594_13,10,ActivityManagerService.java,14450,int com.android.server.am.ActivityManagerService.bindIsolatedService(android.app.IApplicationThread, android.os.IBinder, android.content.Intent, java.lang.String, android.app.IServiceConnection, int, java.lang.String, java.lang.String, int),-,1537,void com.android.server.am.ActivityManagerService$AppDeathRecipient.binderDied(),2]
10-15 00:13:30.900 I/dvm_lock_sample( 1594): [system_server,1,android.ui,7,ActivityManagerService.java,3378,void com.android.server.am.ActivityManagerService.dispatchUidsChanged(),-,14463,boolean com.android.server.am.ActivityManagerService.unbindService(android.app.IServiceConnection),1]
