10-27 20:50:37.788 I/dvm_lock_sample( 1594): [system_server,0,Binder:1594_1E,18,ActivityManagerService.java,14494,void com.android.server.am.ActivityManagerService.serviceDoneExecuting(android.os.IBinder, int, int, int),-,14463,boolean com.android.server.am.ActivityManagerService.unbindService(android.app.IServiceConnection),3]
10-27 20:50:37.840 I/dvm_lock_sample( 1594): [system_server,1,Binder:1594_17,10,ActivityManagerService.java,7717,boolean com.android.server.am.ActivityManagerService.refContentProvider(android.os.IBinder, int, int),-,14285,android.content.ComponentName com.android.server.am.ActivityManagerService.startService(android.app.IApplicationThread, android.content.Intent, java.lang.String, boolean, java.lang.String, int),2]
10-27 20:50:39.849 I/dvm_lock_sample( 1594): [system_server,1,Binder:1594_1C,9,ActivityManagerService.java,6752,java.lang.String com.android.server.am.ActivityManagerService.checkContentProviderAccess(java.lang.String, int),-,14791,android.content.Intent com.android.server.am.ActivityManagerService.registerReceiver(android.app.IApplicationThread, java.lang.String, android.content.IIntentReceiver, android.content.IntentFilter, java.lang.String, int, int),1]
10-27 20:50:41.198 W/ActivityManager( 1594): Sending non-protected broadcast com.miui.gallery.SAVE_TO_CLOUD from system 31360:com.android.systemui:screenshot/1000 pkg com.android.systemui. Callers=
10-27 20:50:41.204 W/MiuiGallery2_MiuiCameraCaptureReceiver(31417): [main] - ACTION_SAVE_TO_CLOUD start, path [/storage/emulated/0/DCIM/Screenshots/Screenshot_2025-10-27-20-50-38-939_com.idealinspecao.perueiroapp.jpg], mediaId [-1], temp [false], usingGaussian [false], length [-1], supportSharedBitmap [false], needTriggerScan [true]
10-27 20:50:41.214 I/dvm_lock_sample( 1594): [system_server,1,Binder:1594_D,7,ActivityManagerService.java,6978,android.app.ContentProviderHolder com.android.server.am.ActivityManagerService.getContentProviderImpl(android.app.IApplicationThread, java.lang.String, android.os.IBinder, int, java.lang.String, java.lang.String, boolean, int),BroadcastQueue.java,984,void com.android.server.am.BroadcastQueue.processNextBroadcast(boolean, boolean),1]
10-27 20:50:41.256 D/RecentsImpl( 3049): startRecentsActivity runningTask: ComponentInfo{com.idealinspecao.perueiroapp/com.idealinspecao.perueiroapp.MainActivity}
10-27 20:50:41.340 I/am_on_top_resumed_lost_called(30615): [0,com.idealinspecao.perueiroapp.MainActivity,topStateChangedWhenResumed]
10-27 20:50:41.348 I/am_pause_activity( 1594): [30615,82447999,com.idealinspecao.perueiroapp/.MainActivity,userLeaving=true]
10-27 20:50:41.351 I/am_add_to_stopping( 1594): [0,82447999,com.idealinspecao.perueiroapp/.MainActivity,makeInvisible]
10-27 20:50:41.352 I/GST     (10006): forePkg: com.android.systemui, preForePkg: com.idealinspecao.perueiroapp
10-27 20:50:41.353 I/ProcessMonitor(17776): onForegroundInfoChanged: ForegroundInfo{mForegroundPackageName='com.android.systemui', mForegroundUid=1000, mForegroundPid=3049, mLastForegroundPackageName='com.idealinspecao.perueiroapp', mLastForegroundUid=11398, mLastForegroundPid=30615, mMultiWindowForegroundPackageName='null', mMultiWindowForegroundUid=-1, mFlags=0}
10-27 20:50:41.353 D/PerfEngineController(31708): ForegroundInfo{mForegroundPackageName='com.android.systemui', mForegroundUid=1000, mForegroundPid=3049, mLastForegroundPackageName='com.idealinspecao.perueiroapp', mLastForegroundUid=11398, mLastForegroundPid=30615, mMultiWindowForegroundPackageName='null', mMultiWindowForegroundUid=-1, mFlags=0}
10-27 20:50:41.370 I/am_on_paused_called(30615): [0,com.idealinspecao.perueiroapp.MainActivity,performPause,0]
10-27 20:50:42.137 I/am_stop_activity( 1594): [0,82447999,com.idealinspecao.perueiroapp/.MainActivity]
10-27 20:50:42.186 I/am_on_stop_called(30615): [0,com.idealinspecao.perueiroapp.MainActivity,STOP_ACTIVITY_ITEM,0]
10-27 20:50:42.281 W/PowerKeeper-ReflectionUtils(31708): failed to callStaticMethod class com.miui.whetstone.WhetstoneActivityManager.enableMiuiStandby
10-27 20:50:42.281 W/PowerKeeper-ReflectionUtils(31708): java.lang.NoSuchMethodException: com.miui.whetstone.WhetstoneActivityManager.enableMiuiStandby [boolean]
10-27 20:50:43.050 I/sysui_multi_action( 3049): [757,289,758,4,806,ComponentInfo{com.idealinspecao.perueiroapp/com.idealinspecao.perueiroapp.MainActivity}]
10-27 20:50:43.052 I/am_finish_activity( 1594): [30615,82447999,1990,com.idealinspecao.perueiroapp/.MainActivity,remove-task]
10-27 20:50:43.052 I/am_destroy_activity( 1594): [30615,82447999,1990,com.idealinspecao.perueiroapp/.MainActivity,finish-imm:finishActivityLocked]
10-27 20:50:43.058 D/WindowProcessUtils( 1594): remove task: TaskRecord{57618ec #1990 A=com.idealinspecao.perueiroapp U=0 StackId=1226 sz=1}
10-27 20:50:43.068 I/am_kill ( 1594): [0,30615,com.idealinspecao.perueiroapp,700,SwipeUpClean]
10-27 20:50:43.161 W/InputDispatcher( 1594): channel 'd6f15f5 com.idealinspecao.perueiroapp/com.idealinspecao.perueiroapp.MainActivity (server)' ~ Consumer closed input channel or an error occurred.  events=0x9
10-27 20:50:43.161 E/InputDispatcher( 1594): channel 'd6f15f5 com.idealinspecao.perueiroapp/com.idealinspecao.perueiroapp.MainActivity (server)' ~ Channel is unrecoverably broken and will be disposed!
10-27 20:50:43.167 W/InputDispatcher( 1594): Attempted to unregister already unregistered input channel 'd6f15f5 com.idealinspecao.perueiroapp/com.idealinspecao.perueiroapp.MainActivity (server)'
10-27 20:50:43.175 I/am_proc_died( 1594): [0,30615,com.idealinspecao.perueiroapp,700,16]
10-27 20:51:03.917 W/ActivityManager( 1594): Sending non-protected broadcast action_temp_state_change from system 32105:com.miui.powerkeeper/1000 pkg com.miui.powerkeeper. Callers=
10-27 20:51:03.918 W/ActivityManager( 1594): Sending non-protected broadcast action_temp_state_change from system 32105:com.miui.powerkeeper/1000 pkg com.miui.powerkeeper. Callers=
10-27 20:51:06.043 W/PowerKeeper-ReflectionUtils(32105): failed to callStaticMethod class com.miui.whetstone.WhetstoneActivityManager.enableMiuiStandby
10-27 20:51:06.043 W/PowerKeeper-ReflectionUtils(32105): java.lang.NoSuchMethodException: com.miui.whetstone.WhetstoneActivityManager.enableMiuiStandby [boolean]
10-27 20:52:21.043 W/FastPrintWriter( 1594): 	at com.android.server.am.ActivityManagerService.dumpDbInfo(ActivityManagerService.java:12358)
10-27 20:52:21.043 W/FastPrintWriter( 1594): 	at com.android.server.am.ActivityManagerService$DbBinder.dump(ActivityManagerService.java:2228)
10-27 20:52:27.571 I/dvm_lock_sample( 1594): [system_server,1,ActivityManager,1898,PackageManagerService.java,25144,boolean com.android.server.pm.PackageManagerService$PackageManagerInternalImpl.isPermissionsReviewRequired(java.lang.String, int),-,22660,void com.android.server.pm.PackageManagerService.dump(java.io.FileDescriptor, java.io.PrintWriter, java.lang.String[]),100]
10-27 20:52:27.573 W/system_server( 1594): Long monitor contention with owner ActivityManager (1651) at void com.android.server.am.BroadcastQueue.processNextBroadcast(boolean, boolean)(BroadcastQueue.java:984) waiters=0 in int com.android.server.am.ActivityManagerService.getMemoryTrimLevel() for 1.900s
10-27 20:52:27.574 I/dvm_lock_sample( 1594): [system_server,0,miui.fg,1900,ActivityManagerService.java,10090,int com.android.server.am.ActivityManagerService.getMemoryTrimLevel(),BroadcastQueue.java,984,void com.android.server.am.BroadcastQueue.processNextBroadcast(boolean, boolean),100]
10-27 20:52:58.417 I/binder_sample( 2404): [android.app.IActivityManager,20,491,com.miui.home,98]
10-27 20:53:01.103 D/sysopt_manager( 3486): mActivityManager dump...
10-27 20:53:12.221 W/ActivityManager( 1594): Sending non-protected broadcast android.intent.action.APPLICATION_MESSAGE_UPDATE from system 3049:com.android.systemui/1000 pkg com.android.systemui. Callers=
10-27 21:02:20.265 W/ActivityManager( 1594): Sending non-protected broadcast android.intent.action.APPLICATION_MESSAGE_UPDATE from system 3049:com.android.systemui/1000 pkg com.android.systemui. Callers=
10-27 21:02:32.736 I/dvm_lock_sample( 1594): [system_server,1,android.ui,10,ActivityManagerService.java,3378,void com.android.server.am.ActivityManagerService.dispatchUidsChanged(),-,14450,int com.android.server.am.ActivityManagerService.bindIsolatedService(android.app.IApplicationThread, android.os.IBinder, android.content.Intent, java.lang.String, android.app.IServiceConnection, int, java.lang.String, java.lang.String, int),2]
10-27 21:02:51.896 W/Binder  ( 1594): 	at com.android.server.am.ActivityManagerService.getProviderMimeType(ActivityManagerService.java:7973)
10-27 21:02:51.896 W/Binder  ( 1594): 	at android.app.IActivityManager$Stub.onTransact(IActivityManager.java:3308)
10-27 21:02:51.896 W/Binder  ( 1594): 	at com.android.server.am.ActivityManagerService.onTransact(ActivityManagerService.java:2800)
10-27 21:05:29.784 I/dvm_lock_sample( 1594): [system_server,1,Binder:1594_8,9,ActivityManagerService.java,6752,java.lang.String com.android.server.am.ActivityManagerService.checkContentProviderAccess(java.lang.String, int),-,14450,int com.android.server.am.ActivityManagerService.bindIsolatedService(android.app.IApplicationThread, android.os.IBinder, android.content.Intent, java.lang.String, android.app.IServiceConnection, int, java.lang.String, java.lang.String, int),1]
10-27 21:05:30.620 I/dvm_lock_sample( 1594): [system_server,1,Binder:1594_1B,18,ActivityManagerService.java,8605,boolean com.android.server.am.ActivityManagerService.isUidActive(int, java.lang.String),-,5395,void com.android.server.am.ActivityManagerService.attachApplication(android.app.IApplicationThread, long),3]
10-27 21:05:30.629 I/dvm_lock_sample( 1594): [system_server,1,Binder:1594_C,8,ActivityManagerService.java,8605,boolean com.android.server.am.ActivityManagerService.isUidActive(int, java.lang.String),-,14450,int com.android.server.am.ActivityManagerService.bindIsolatedService(android.app.IApplicationThread, android.os.IBinder, android.content.Intent, java.lang.String, android.app.IServiceConnection, int, java.lang.String, java.lang.String, int),1]
10-27 21:05:30.724 I/AndroidRuntime( 1977): VM exiting with result code 0, cleanup skipped.
10-27 21:06:14.342 I/dvm_lock_sample( 1594): [system_server,1,ActivityManager,11,ActiveServices.java,1099,void com.android.server.am.ActiveServices.updateForegroundApps(com.android.server.am.ActiveServices$ServiceMap),ActivityManagerService.java,14343,void com.android.server.am.ActivityManagerService.setServiceForeground(android.content.ComponentName, android.os.IBinder, int, android.app.Notification, int, int),2]
10-27 21:06:15.799 W/ActivityManager( 1594): Sending non-protected broadcast action_temp_state_change from system 4324:com.miui.powerkeeper/1000 pkg com.miui.powerkeeper. Callers=
10-27 21:06:15.799 W/ActivityManager( 1594): Sending non-protected broadcast action_temp_state_change from system 4324:com.miui.powerkeeper/1000 pkg com.miui.powerkeeper. Callers=
10-27 21:06:17.972 W/PowerKeeper-ReflectionUtils( 4324): failed to callStaticMethod class com.miui.whetstone.WhetstoneActivityManager.enableMiuiStandby
10-27 21:06:17.972 W/PowerKeeper-ReflectionUtils( 4324): java.lang.NoSuchMethodException: com.miui.whetstone.WhetstoneActivityManager.enableMiuiStandby [boolean]
10-27 21:12:33.875 I/dvm_lock_sample( 1594): [system_server,1,android.ui,39,ActivityManagerService.java,3378,void com.android.server.am.ActivityManagerService.dispatchUidsChanged(),-,1537,void com.android.server.am.ActivityManagerService$AppDeathRecipient.binderDied(),7]
10-27 21:25:20.681 I/dvm_lock_sample( 1594): [system_server,1,android.ui,8,ActivityManagerService.java,3378,void com.android.server.am.ActivityManagerService.dispatchUidsChanged(),-,14494,void com.android.server.am.ActivityManagerService.serviceDoneExecuting(android.os.IBinder, int, int, int),1]
10-27 21:25:23.689 W/ActivityManager( 1594): Sending non-protected broadcast action_temp_state_change from system 5839:com.miui.powerkeeper/1000 pkg com.miui.powerkeeper. Callers=
10-27 21:25:23.690 W/ActivityManager( 1594): Sending non-protected broadcast action_temp_state_change from system 5839:com.miui.powerkeeper/1000 pkg com.miui.powerkeeper. Callers=
10-27 21:25:26.255 W/PowerKeeper-ReflectionUtils( 5839): failed to callStaticMethod class com.miui.whetstone.WhetstoneActivityManager.enableMiuiStandby
10-27 21:25:26.255 W/PowerKeeper-ReflectionUtils( 5839): java.lang.NoSuchMethodException: com.miui.whetstone.WhetstoneActivityManager.enableMiuiStandby [boolean]
10-27 21:26:02.083 I/dvm_lock_sample( 1594): [system_server,1,Binder:1594_1,5,ActivityManagerService.java,8605,boolean com.android.server.am.ActivityManagerService.isUidActive(int, java.lang.String),-,14875,android.content.Intent com.android.server.am.ActivityManagerService.registerReceiver(android.app.IApplicationThread, java.lang.String, android.content.IIntentReceiver, android.content.IntentFilter, java.lang.String, int, int),1]
10-27 21:26:46.209 I/dvm_lock_sample( 1594): [system_server,0,android.bg,8,ActivityManagerService.java,1964,void com.android.server.am.ActivityManagerService$5.handleMessage(android.os.Message),-,14463,boolean com.android.server.am.ActivityManagerService.unbindService(android.app.IServiceConnection),1]
10-27 21:38:31.972 I/dvm_lock_sample( 1594): [system_server,0,Binder:1594_3,11,ActivityManagerService.java,14494,void com.android.server.am.ActivityManagerService.serviceDoneExecuting(android.os.IBinder, int, int, int),-,14463,boolean com.android.server.am.ActivityManagerService.unbindService(android.app.IServiceConnection),2]
10-27 21:38:53.878 I/dvm_lock_sample( 1594): [system_server,1,android.ui,10,ActivityManagerService.java,3378,void com.android.server.am.ActivityManagerService.dispatchUidsChanged(),-,14450,int com.android.server.am.ActivityManagerService.bindIsolatedService(android.app.IApplicationThread, android.os.IBinder, android.content.Intent, java.lang.String, android.app.IServiceConnection, int, java.lang.String, java.lang.String, int),2]
10-27 21:38:54.540 I/dvm_lock_sample( 1594): [system_server,1,Binder:1594_1D,8,ActivityManagerService.java,7717,boolean com.android.server.am.ActivityManagerService.refContentProvider(android.os.IBinder, int, int),-,14450,int com.android.server.am.ActivityManagerService.bindIsolatedService(android.app.IApplicationThread, android.os.IBinder, android.content.Intent, java.lang.String, android.app.IServiceConnection, int, java.lang.String, java.lang.String, int),1]
10-27 21:39:04.982 I/dvm_lock_sample( 1594): [system_server,1,Binder:1594_14,8,ActivityManagerService.java,6752,java.lang.String com.android.server.am.ActivityManagerService.checkContentProviderAccess(java.lang.String, int),-,14450,int com.android.server.am.ActivityManagerService.bindIsolatedService(android.app.IApplicationThread, android.os.IBinder, android.content.Intent, java.lang.String, android.app.IServiceConnection, int, java.lang.String, java.lang.String, int),1]
10-27 22:02:01.076 W/ActivityManager( 1594): Sending non-protected broadcast action_temp_state_change from system 8304:com.miui.powerkeeper/1000 pkg com.miui.powerkeeper. Callers=
10-27 22:02:01.076 W/ActivityManager( 1594): Sending non-protected broadcast action_temp_state_change from system 8304:com.miui.powerkeeper/1000 pkg com.miui.powerkeeper. Callers=
10-27 22:02:02.016 W/System.err(10795): 	at d.c.a.b.f.b.a(ActivityManagerCompat.java:11)
10-27 22:02:02.017 W/System.err(10795): 	at android.app.IActivityTaskManager$Stub$Proxy.getStackInfo(IActivityTaskManager.java:6398)
10-27 22:02:03.241 I/dvm_lock_sample( 1594): [system_server,1,ActivityManager:procStart,16,PackageManagerService.java,4817,android.content.pm.ApplicationInfo com.android.server.pm.PackageManagerService.getApplicationInfoInternal(java.lang.String, int, int, int),-,8752,android.content.pm.ParceledListSlice com.android.server.pm.PackageManagerService.getInstalledPackages(int, int),3]
10-27 22:02:04.736 W/system_server( 1594): Long monitor contention with owner android.fg (1639) at int com.android.server.am.ActivityManagerService.broadcastIntent(android.app.IApplicationThread, android.content.Intent, java.lang.String, android.content.IIntentReceiver, int, java.lang.String, android.os.Bundle, java.lang.String[], int, android.os.Bundle, boolean, boolean, int)(ActivityManagerService.java:15989) waiters=0 in void com.android.server.am.ActivityManagerService.removeContentProvider(android.os.IBinder, boolean) for 289ms
10-27 22:02:04.736 I/dvm_lock_sample( 1594): [system_server,0,Binder:1594_2,289,ActivityManagerService.java,7564,void com.android.server.am.ActivityManagerService.removeContentProvider(android.os.IBinder, boolean),-,15989,int com.android.server.am.ActivityManagerService.broadcastIntent(android.app.IApplicationThread, android.content.Intent, java.lang.String, android.content.IIntentReceiver, int, java.lang.String, android.os.Bundle, java.lang.String[], int, android.os.Bundle, boolean, boolean, int),57]
10-27 22:02:04.783 D/MiuiNetworkPolicyAppBuckets( 1594): updateAppPN packageName=com.idealinspecao.perueiroapp,uid=11398,installed=false
10-27 22:02:04.785 D/BluetoothMapAppObserver(30467): The removed package is: com.idealinspecao.perueiroapp
10-27 22:02:04.788 E/InstallApkReceiver( 2404): uninstall:package:com.idealinspecao.perueiroapp
10-27 22:02:04.844 D/MiuiNetworkPolicyAppBuckets( 1594): updateAppPN packageName=com.idealinspecao.perueiroapp,uid=11398,installed=true
10-27 22:02:04.845 E/InstallApkReceiver( 2404): install:package:com.idealinspecao.perueiroapp
10-27 22:02:04.847 D/Avrcp_ext(30467): AvrcpServiceBroadcastReceiver-> packageName: com.idealinspecao.perueiroapp
10-27 22:02:04.847 D/Avrcp_ext(30467): packageName: com.idealinspecao.perueiroapp removed: false
10-27 22:02:04.849 D/BluetoothMapAppObserver(30467): The installed package is: com.idealinspecao.perueiroapp
10-27 22:02:04.851 D/ImsResolver( 2395): maybeAddedImsService, packageName: com.idealinspecao.perueiroapp
10-27 22:02:04.880 D/AppInstalledReceiver(17776): packageName: com.idealinspecao.perueiroapp
10-27 22:02:04.887 E/Recents ( 3049): packageMonitor   onPackageModified  packageName=com.idealinspecao.perueiroapp   mIsRecentsWithinLauncher=true
10-27 22:02:04.890 I/MiPicks-LocalAppManager( 6303): add package to list: com.idealinspecao.perueiroapp
10-27 22:02:05.110 I/dvm_lock_sample( 1594): [system_server,1,ActivityManager,88,BroadcastQueue.java,984,void com.android.server.am.BroadcastQueue.processNextBroadcast(boolean, boolean),ActivityManagerService.java,14285,android.content.ComponentName com.android.server.am.ActivityManagerService.startService(android.app.IApplicationThread, android.content.Intent, java.lang.String, boolean, java.lang.String, int),17]
10-27 22:02:05.112 I/dvm_lock_sample( 1594): [system_server,0,Binder:1594_2,80,ActivityManagerService.java,14494,void com.android.server.am.ActivityManagerService.serviceDoneExecuting(android.os.IBinder, int, int, int),-,5395,void com.android.server.am.ActivityManagerService.attachApplication(android.app.IApplicationThread, long),16]
10-27 22:02:05.130 I/sysui_multi_action( 1594): [757,147,758,4,759,1,806,com.idealinspecao.perueiroapp]
10-27 22:02:05.459 W/PowerKeeper-ReflectionUtils( 8304): failed to callStaticMethod class com.miui.whetstone.WhetstoneActivityManager.enableMiuiStandby
10-27 22:02:05.459 W/PowerKeeper-ReflectionUtils( 8304): java.lang.NoSuchMethodException: com.miui.whetstone.WhetstoneActivityManager.enableMiuiStandby [boolean]
10-27 22:02:05.566 I/am_create_activity( 1594): [0,148224768,1992,com.idealinspecao.perueiroapp/.MainActivity,NULL,NULL,NULL,268435456]
10-27 22:02:05.632 W/system_server( 1594): Long monitor contention with owner Binder:1594_13 (3467) at android.content.ComponentName com.android.server.am.ActivityManagerService.startService(android.app.IApplicationThread, android.content.Intent, java.lang.String, boolean, java.lang.String, int)(ActivityManagerService.java:14285) waiters=1 in java.util.List com.android.server.am.ProcessManagerService.getRunningProcessInfo(int, int, java.lang.String, java.lang.String, int) for 204ms
10-27 22:02:05.632 I/dvm_lock_sample( 1594): [system_server,1,Binder:1594_F,204,ProcessManagerService.java,1704,java.util.List com.android.server.am.ProcessManagerService.getRunningProcessInfo(int, int, java.lang.String, java.lang.String, int),ActivityManagerService.java,14285,android.content.ComponentName com.android.server.am.ActivityManagerService.startService(android.app.IApplicationThread, android.content.Intent, java.lang.String, boolean, java.lang.String, int),40]
10-27 22:02:05.661 W/system_server( 1594): Long monitor contention with owner Binder:1594_13 (3467) at android.content.ComponentName com.android.server.am.ActivityManagerService.startService(android.app.IApplicationThread, android.content.Intent, java.lang.String, boolean, java.lang.String, int)(ActivityManagerService.java:14285) waiters=4 in android.content.Intent com.android.server.am.ActivityManagerService.registerReceiver(android.app.IApplicationThread, java.lang.String, android.content.IIntentReceiver, android.content.IntentFilter, java.lang.String, int, int) for 209ms
10-27 22:02:05.661 I/dvm_lock_sample( 1594): [system_server,1,Binder:1594_15,209,ActivityManagerService.java,14791,android.content.Intent com.android.server.am.ActivityManagerService.registerReceiver(android.app.IApplicationThread, java.lang.String, android.content.IIntentReceiver, android.content.IntentFilter, java.lang.String, int, int),-,14285,android.content.ComponentName com.android.server.am.ActivityManagerService.startService(android.app.IApplicationThread, android.content.Intent, java.lang.String, boolean, java.lang.String, int),41]
10-27 22:02:05.766 W/system_server( 1594): Long monitor contention with owner Binder:1594_13 (3467) at android.content.ComponentName com.android.server.am.ActivityManagerService.startService(android.app.IApplicationThread, android.content.Intent, java.lang.String, boolean, java.lang.String, int)(ActivityManagerService.java:14285) waiters=8 in void com.android.server.am.ActivityManagerService$LocalService.updateCpuStats() for 137ms
10-27 22:02:05.766 I/dvm_lock_sample( 1594): [system_server,1,android.display,137,ActivityManagerService.java,18519,void com.android.server.am.ActivityManagerService$LocalService.updateCpuStats(),-,14285,android.content.ComponentName com.android.server.am.ActivityManagerService.startService(android.app.IApplicationThread, android.content.Intent, java.lang.String, boolean, java.lang.String, int),27]
10-27 22:02:05.774 W/system_server( 1594): Long monitor contention with owner Binder:1594_20 (7549) at int com.android.server.am.ActivityManagerService.bindIsolatedService(android.app.IApplicationThread, android.os.IBinder, android.content.Intent, java.lang.String, android.app.IServiceConnection, int, java.lang.String, java.lang.String, int)(ActivityManagerService.java:14450) waiters=8 in void com.android.server.am.ActivityManagerService.publishService(android.os.IBinder, android.content.Intent, android.os.IBinder) for 115ms
10-27 22:02:05.774 I/dvm_lock_sample( 1594): [system_server,1,Binder:1594_19,115,ActivityManagerService.java,14474,void com.android.server.am.ActivityManagerService.publishService(android.os.IBinder, android.content.Intent, android.os.IBinder),-,14450,int com.android.server.am.ActivityManagerService.bindIsolatedService(android.app.IApplicationThread, android.os.IBinder, android.content.Intent, java.lang.String, android.app.IServiceConnection, int, java.lang.String, java.lang.String, int),23]
10-27 22:02:05.775 W/system_server( 1594): Long monitor contention with owner Binder:1594_15 (3492) at android.content.Intent com.android.server.am.ActivityManagerService.registerReceiver(android.app.IApplicationThread, java.lang.String, android.content.IIntentReceiver, android.content.IntentFilter, java.lang.String, int, int)(ActivityManagerService.java:14875) waiters=7 in int com.android.server.am.ActivityManagerService.stopService(android.app.IApplicationThread, android.content.Intent, java.lang.String, int) for 113ms
10-27 22:02:05.775 I/dvm_lock_sample( 1594): [system_server,1,Binder:1594_1A,113,ActivityManagerService.java,14310,int com.android.server.am.ActivityManagerService.stopService(android.app.IApplicationThread, android.content.Intent, java.lang.String, int),-,14875,android.content.Intent com.android.server.am.ActivityManagerService.registerReceiver(android.app.IApplicationThread, java.lang.String, android.content.IIntentReceiver, android.content.IntentFilter, java.lang.String, int, int),22]
10-27 22:02:05.780 W/system_server( 1594): Long monitor contention with owner Binder:1594_16 (3493) at int com.android.server.am.ActivityManagerService.bindIsolatedService(android.app.IApplicationThread, android.os.IBinder, android.content.Intent, java.lang.String, android.app.IServiceConnection, int, java.lang.String, java.lang.String, int)(ActivityManagerService.java:14450) waiters=7 in void com.android.server.am.ActivityManagerService$AppDeathRecipient.binderDied() for 108ms
10-27 22:02:05.780 I/dvm_lock_sample( 1594): [system_server,1,Binder:1594_15,108,ActivityManagerService.java,1537,void com.android.server.am.ActivityManagerService$AppDeathRecipient.binderDied(),-,14450,int com.android.server.am.ActivityManagerService.bindIsolatedService(android.app.IApplicationThread, android.os.IBinder, android.content.Intent, java.lang.String, android.app.IServiceConnection, int, java.lang.String, java.lang.String, int),21]
10-27 22:02:05.866 I/am_proc_start( 1594): [0,8626,11398,com.idealinspecao.perueiroapp,activity,{com.idealinspecao.perueiroapp/com.idealinspecao.perueiroapp.MainActivity}]
10-27 22:02:05.867 D/OemNetd (  518): setPidForPackage: packageName=com.idealinspecao.perueiroapp, pid=8626, pid=11398
10-27 22:02:05.977 I/am_proc_bound( 1594): [0,8626,com.idealinspecao.perueiroapp]
10-27 22:02:05.988 I/am_restart_activity( 1594): [0,148224768,1992,com.idealinspecao.perueiroapp/.MainActivity,8626]
10-27 22:02:05.990 I/GST     (10006): forePkg: com.idealinspecao.perueiroapp, preForePkg: com.miui.home
10-27 22:02:05.991 D/PerfEngineController( 8304): ForegroundInfo{mForegroundPackageName='com.idealinspecao.perueiroapp', mForegroundUid=11398, mForegroundPid=8626, mLastForegroundPackageName='com.miui.home', mLastForegroundUid=10064, mLastForegroundPid=2404, mMultiWindowForegroundPackageName='null', mMultiWindowForegroundUid=-1, mFlags=1}
10-27 22:02:05.991 I/am_set_resumed_activity( 1594): [0,com.idealinspecao.perueiroapp/.MainActivity,minimalResumeActivityLocked]
10-27 22:02:05.994 I/ProcessMonitor(17776): onForegroundInfoChanged: ForegroundInfo{mForegroundPackageName='com.idealinspecao.perueiroapp', mForegroundUid=11398, mForegroundPid=8626, mLastForegroundPackageName='com.miui.home', mLastForegroundUid=10064, mLastForegroundPid=2404, mMultiWindowForegroundPackageName='null', mMultiWindowForegroundUid=-1, mFlags=1}
10-27 22:02:06.251 I/PI-ScanDispatch( 8529): service bind, pkgName = com.idealinspecao.perueiroapp, installer = null, isReplace = true, firstGoogleTime = 1614890563430
10-27 22:02:06.926 I/notification_cancel_all( 1594): [1000,1594,com.idealinspecao.perueiroapp,0,0,0,5,NULL]
10-27 22:02:07.110 I/notification_cancel_all( 1594): [1000,1594,com.idealinspecao.perueiroapp,0,0,0,5,NULL]
10-27 22:02:07.601 D/Launcher.Model( 2404): LauncherAppsCallback onPackageChanged|com.idealinspecao.perueiroapp|UserHandle{0}
10-27 22:02:07.602 D/Launcher.Model( 2404): Got broadcast:Intent { act=android.intent.action.PACKAGE_CHANGED dat=package:com.idealinspecao.perueiroapp (has extras) }
10-27 22:02:07.727 D/Launcher.AllAppsList( 2404): updatePackage, packageName=com.idealinspecao.perueiroapp, loadMissing=false, user=UserHandle{0}, matchedSize=1
10-27 22:02:07.728 D/Launcher.AllAppsList( 2404): updatePackage, find appInfo=AppInfo, id=-1, itemType=0, user=UserHandle{0}, mIconType=0, pkgName=com.idealinspecao.perueiroapp, className=com.idealinspecao.perueiroapp.MainActivity, screenId=-1, container=-1, cellX=-1, cellY=-1, spanX=1, spanY=1, isLandscapePos=false from ComponentInfo{com.idealinspecao.perueiroapp/com.idealinspecao.perueiroapp.MainActivity}
10-27 22:02:07.748 D/Launcher.Model( 2404): onReceiveBackground, mAllAppsList=add=[], remove=[], modified=[(0, AppInfo, id=-1, itemType=0, user=UserHandle{0}, mIconType=0, pkgName=com.idealinspecao.perueiroapp, className=com.idealinspecao.perueiroapp.MainActivity, screenId=-1, container=-1, cellX=-1, cellY=-1, spanX=1, spanY=1, isLandscapePos=false)]
10-27 22:02:08.410 I/Finsky  ( 8567): [2] AIM: AppInfoCacheUpdater -> invalidating apps: [com.idealinspecao.perueiroapp]
10-27 22:02:08.487 I/Finsky  ( 8567): [167675] AIM: AppInfoManager-Perf > OnDeviceAppInfo > cacheHitCount=0, cacheMissCount=1. Missed  in cache (limit 10) : [com.idealinspecao.perueiroapp]
10-27 22:02:09.371 I/ActivityManager( 1594): Process com.miui.weather2 (pid 7970) has died: cch+65 CEM 
10-27 22:02:09.407 W/BroadcastQueue( 1594): Background execution not allowed: receiving Intent { act=android.intent.action.PACKAGE_REPLACED dat=package:com.idealinspecao.perueiroapp flg=0x4000010 (has extras) } to com.facebook.appmanager/com.facebook.oxygen.common.packages.event.manifest.ManifestPackageEventReceiver
10-27 22:02:09.411 W/BroadcastQueue( 1594): Background execution not allowed: receiving Intent { act=android.intent.action.PACKAGE_REPLACED dat=package:com.idealinspecao.perueiroapp flg=0x4000010 (has extras) } to com.google.android.gms/.chimera.GmsIntentOperationService$PersistentTrustedReceiver
10-27 22:02:09.412 W/BroadcastQueue( 1594): Background execution not allowed: receiving Intent { act=android.intent.action.PACKAGE_REPLACED dat=package:com.idealinspecao.perueiroapp flg=0x4000010 (has extras) } to com.google.android.gms/.gass.chimera.PackageChangeBroadcastReceiver
10-27 22:02:09.412 W/BroadcastQueue( 1594): Background execution not allowed: receiving Intent { act=android.intent.action.PACKAGE_REPLACED dat=package:com.idealinspecao.perueiroapp flg=0x4000010 (has extras) } to com.miui.audioeffect/com.android.musicfx.Compatibility$Receiver
10-27 22:02:09.415 W/BroadcastQueue( 1594): Background execution not allowed: receiving Intent { act=android.intent.action.PACKAGE_REPLACED dat=package:com.idealinspecao.perueiroapp flg=0x4000010 (has extras) } to com.miui.notes/com.miui.floatwindow.BootBroadcastReceiver
10-27 22:02:09.415 W/BroadcastQueue( 1594): Background execution not allowed: receiving Intent { act=android.intent.action.PACKAGE_REPLACED dat=package:com.idealinspecao.perueiroapp flg=0x4000010 (has extras) } to com.google.android.apps.photos/.account.full.FetchAccountPropertiesAppUpgradeBroadcastReceiver
10-27 22:02:09.416 W/BroadcastQueue( 1594): Background execution not allowed: receiving Intent { act=android.intent.action.PACKAGE_REPLACED dat=package:com.idealinspecao.perueiroapp flg=0x4000010 (has extras) } to com.google.android.apps.photos/.account.full.SyncAccountsForLoginBroadcastReceiver
10-27 22:02:09.418 W/BroadcastQueue( 1594): Background execution not allowed: receiving Intent { act=android.intent.action.PACKAGE_REPLACED dat=package:com.idealinspecao.perueiroapp flg=0x4000010 (has extras) } to com.google.android.apps.photos/.notificationchannels.AppUpdateBroadcastReceiver
10-27 22:02:09.436 I/ActivityManager( 1594): Process com.android.keychain (pid 8504) has died: cch+35 CEM 
10-27 22:02:09.459 I/ActivityManager( 1594): Process com.miui.securitycenter (pid 8395) has died: cch+35 CEM 
10-27 22:02:09.475 W/ActivityManager( 1594): setHasOverlayUi called on unknown pid: 8395
10-27 22:02:09.986 I/ActivityManager( 1594): Process com.miui.global.packageinstaller (pid 8529) has died: cch+25 CEM 
10-27 22:02:09.996 W/ActivityManager( 1594): Exception when unbinding service com.miui.global.packageinstaller/org.chromium.content.app.SandboxedProcessService0:0
10-27 22:02:09.996 W/ActivityManager( 1594): android.os.DeadObjectException
10-27 22:02:09.996 W/ActivityManager( 1594): 	at android.os.BinderProxy.transactNative(Native Method)
10-27 22:02:09.996 W/ActivityManager( 1594): 	at android.os.BinderProxy.transact(BinderProxy.java:511)
10-27 22:02:09.996 W/ActivityManager( 1594): 	at android.app.IApplicationThread$Stub$Proxy.scheduleUnbindService(IApplicationThread.java:1627)
10-27 22:02:09.996 W/ActivityManager( 1594): 	at com.android.server.am.ActiveServices.removeConnectionLocked(ActiveServices.java:3432)
10-27 22:02:09.996 W/ActivityManager( 1594): 	at com.android.server.am.ActiveServices.killServicesLocked(ActiveServices.java:3851)
10-27 22:02:09.996 W/ActivityManager( 1594): 	at com.android.server.am.ActivityManagerService.cleanUpApplicationRecordLocked(ActivityManagerService.java:14064)
10-27 22:02:09.996 W/ActivityManager( 1594): 	at com.android.server.am.ActivityManagerService.handleAppDiedLocked(ActivityManagerService.java:3722)
10-27 22:02:09.996 W/ActivityManager( 1594): 	at com.android.server.am.ActivityManagerService.appDiedLocked(ActivityManagerService.java:3893)
10-27 22:02:09.996 W/ActivityManager( 1594): 	at com.android.server.am.ActivityManagerService$AppDeathRecipient.binderDied(ActivityManagerService.java:1538)
10-27 22:02:09.996 W/ActivityManager( 1594): 	at android.os.BinderProxy.sendDeathNotice(BinderProxy.java:621)
10-27 22:02:10.005 I/ActivityManager( 1594): Killing 9055:com.google.android.webview:sandboxed_process0:org.chromium.content.app.SandboxedProcessService0:0/u0a121i422 (adj 915): isolated not needed
10-27 22:02:11.606 I/am_lifecycle_sample( 8626): [0,com.idealinspecao.perueiroapp,110,5589]
10-27 22:02:11.617 E/Perf    ( 8626): Fail to get file list com.idealinspecao.perueiroapp
10-27 22:02:11.618 E/Perf    ( 8626): Fail to get file list com.idealinspecao.perueiroapp
10-27 22:02:11.766 D/ForceDarkHelper( 8626): updateByCheckExcludeList: pkg: com.idealinspecao.perueiroapp activity: com.idealinspecao.perueiroapp.MainActivity@894484a
10-27 22:02:11.771 I/chatty  ( 8626): uid=11398(com.idealinspecao.perueiroapp) identical 1 line
10-27 22:02:11.781 D/ForceDarkHelper( 8626): updateByCheckExcludeList: pkg: com.idealinspecao.perueiroapp activity: com.idealinspecao.perueiroapp.MainActivity@894484a
10-27 22:02:11.830 I/am_on_create_called( 8626): [0,com.idealinspecao.perueiroapp.MainActivity,performCreate,100]
10-27 22:02:11.843 I/am_on_start_called( 8626): [0,com.idealinspecao.perueiroapp.MainActivity,handleStartActivity,1]
10-27 22:02:11.847 I/am_on_resume_called( 8626): [0,com.idealinspecao.perueiroapp.MainActivity,RESUME_ACTIVITY,1]
10-27 22:02:11.874 W/Looper  ( 8626): Slow Looper main: Activity com.idealinspecao.perueiroapp/.MainActivity is 5558ms late (wall=262ms running=0ms ClientTransaction{ callbacks=[android.app.servertransaction.LaunchActivityItem] lifecycleRequest=android.app.servertransaction.ResumeActivityItem }) because of 1 msg, msg 1 took 5591ms (seq=2 late=2ms h=android.app.ActivityThread$H w=110)
10-27 22:02:11.875 I/am_on_top_resumed_gained_called( 8626): [0,com.idealinspecao.perueiroapp.MainActivity,topStateChangedWhenResumed]
10-27 22:02:11.876 W/Looper  ( 8626): Slow Looper main: Activity com.idealinspecao.perueiroapp/.MainActivity is 5821ms late (wall=1ms running=0ms ClientTransaction{ callbacks=[android.app.servertransaction.TopResumedActivityChangeItem] }) because of 2 msg, msg 1 took 5591ms (seq=2 late=2ms h=android.app.ActivityThread$H w=110), msg 2 took 262ms (seq=3 late=5558ms h=android.app.ActivityThread$H w=159)
10-27 22:02:12.164 D/ForceDarkHelper( 8626): updateByCheckExcludeList: pkg: com.idealinspecao.perueiroapp activity: com.idealinspecao.perueiroapp.MainActivity@894484a
10-27 22:02:13.893 I/Timeline( 1594): Timeline: Activity_windows_visible id: ActivityRecord{8d5bb00 u0 com.idealinspecao.perueiroapp/.MainActivity t1992} time:1961161506
10-27 22:02:13.896 I/sysui_multi_action( 1594): [319,590,321,530,322,8462,325,1961153,757,761,758,7,759,1,806,com.idealinspecao.perueiroapp,871,com.idealinspecao.perueiroapp.MainActivity,904,com.android.shell,905,0,945,548,1320,12,1321,1]
10-27 22:02:13.896 D/ForceDarkHelper( 8626): updateByCheckExcludeList: pkg: com.idealinspecao.perueiroapp activity: com.idealinspecao.perueiroapp.MainActivity@894484a
10-27 22:02:13.900 I/am_activity_launch_time( 1594): [0,148224768,com.idealinspecao.perueiroapp/.MainActivity,8462]
10-27 22:02:13.901 I/ActivityTaskManager( 1594): Displayed com.idealinspecao.perueiroapp/.MainActivity: +8s462ms
10-27 22:02:14.040 I/GoogleInputMethodService(19187): GoogleInputMethodService.onStartInput():1347 onStartInput(EditorInfo{EditorInfo{packageName=com.idealinspecao.perueiroapp, inputType=0, inputTypeString=NULL, enableLearning=false, autoCorrection=false, autoComplete=false, imeOptions=0, privateImeOptions=null, actionName=UNSPECIFIED, actionLabel=null, initialSelStart=-1, initialSelEnd=-1, initialCapsMode=0, label=null, fieldId=-1, fieldName=null, extras=null, hintText=null, hintLocales=[]}}, false)
10-27 22:02:14.053 I/dvm_lock_sample( 8626): [com.idealinspecao.perueiroapp,0,arch_disk_io_1,9,SQLiteConnectionPool.java,684,android.database.sqlite.SQLiteConnection android.database.sqlite.SQLiteConnectionPool.waitForConnection(java.lang.String, int, android.os.CancellationSignal),SystemProperties.java,-2,int android.os.SystemProperties.native_get_int(java.lang.String, int),1]
===== END SNAPSHOT =====
