11-06 20:29:05.266 I/dvm_lock_sample( 1594): [system_server,0,Binder:1594_1C,37,ActivityManagerService.java,14494,void com.android.server.am.ActivityManagerService.serviceDoneExecuting(android.os.IBinder, int, int, int),-,14450,int com.android.server.am.ActivityManagerService.bindIsolatedService(android.app.IApplicationThread, android.os.IBinder, android.content.Intent, java.lang.String, android.app.IServiceConnection, int, java.lang.String, java.lang.String, int),7]
11-06 20:29:05.315 W/ActivityManager( 1594): Slow operation: 110ms so far, now at startProcess: returned from zygote!
11-06 20:29:05.315 W/ActivityManager( 1594): Slow operation: 110ms so far, now at startProcess: done updating battery stats
11-06 20:29:05.316 W/ActivityManager( 1594): Slow operation: 111ms so far, now at startProcess: building log message
11-06 20:29:05.316 I/ActivityManager( 1594): Start proc 7162:com.xiaomi.discover/u0a133 for broadcast {com.xiaomi.discover/com.xiaomi.market.receiver.AppActiveReceiver} caller=null
11-06 20:29:05.316 W/ActivityManager( 1594): Slow operation: 111ms so far, now at startProcess: starting to update pids map
11-06 20:29:05.316 W/ActivityManager( 1594): Slow operation: 111ms so far, now at startProcess: done updating pids map
11-06 20:29:05.396 I/ActivityManager( 1594): Process com.milink.service (pid 2795) has died: cch+55 CEM 
11-06 20:29:05.405 W/ActivityManager( 1594): Slow operation: 183ms so far, now at startProcess: returned from zygote!
11-06 20:29:05.411 W/ActivityManager( 1594): Slow operation: 189ms so far, now at startProcess: done updating battery stats
11-06 20:29:05.411 I/am_proc_start( 1594): [0,7181,11407,com.idealinspecao.perueiroapp,activity,{com.idealinspecao.perueiroapp/com.idealinspecao.perueiroapp.MainActivity}]
11-06 20:29:05.412 D/OemNetd (  518): setPidForPackage: packageName=com.idealinspecao.perueiroapp, pid=7181, pid=11407
11-06 20:29:05.413 W/ActivityManager( 1594): Slow operation: 191ms so far, now at startProcess: building log message
11-06 20:29:05.413 I/ActivityManager( 1594): Start proc 7181:com.idealinspecao.perueiroapp/u0a1407 for activity {com.idealinspecao.perueiroapp/com.idealinspecao.perueiroapp.MainActivity} caller=com.android.shell
11-06 20:29:05.413 W/ActivityManager( 1594): Slow operation: 191ms so far, now at startProcess: starting to update pids map
11-06 20:29:05.413 W/ActivityManager( 1594): Slow operation: 191ms so far, now at startProcess: done updating pids map
11-06 20:29:05.443 I/ActivityManager( 1594): Process com.qualcomm.qti.workloadclassifier (pid 4402) has died: svcb SVC 
11-06 20:29:05.450 W/ActivityManager( 1594): Scheduling restart of crashed service com.qualcomm.qti.workloadclassifier/.WLCService in 10726ms
11-06 20:29:05.696 I/ActivityManager( 1594): Process com.android.providers.calendar (pid 3471) has died: cch+55 CEM 
11-06 20:29:05.713 I/am_proc_bound( 1594): [0,7181,com.idealinspecao.perueiroapp]
11-06 20:29:05.724 I/am_restart_activity( 1594): [0,79358483,2180,com.idealinspecao.perueiroapp/.MainActivity,7181]
11-06 20:29:05.725 I/am_set_resumed_activity( 1594): [0,com.idealinspecao.perueiroapp/.MainActivity,minimalResumeActivityLocked]
11-06 20:29:05.726 W/ActivityTaskManager( 1594): Request to remove task ignored for non-existent task 2179
11-06 20:29:05.727 I/GST     (10006): forePkg: com.idealinspecao.perueiroapp, preForePkg: com.miui.home
11-06 20:29:05.727 I/ProcessMonitor( 6042): onForegroundInfoChanged: ForegroundInfo{mForegroundPackageName='com.idealinspecao.perueiroapp', mForegroundUid=11407, mForegroundPid=7181, mLastForegroundPackageName='com.miui.home', mLastForegroundUid=10064, mLastForegroundPid=2404, mMultiWindowForegroundPackageName='null', mMultiWindowForegroundUid=-1, mFlags=1}
11-06 20:29:05.727 D/PerfEngineController( 5507): ForegroundInfo{mForegroundPackageName='com.idealinspecao.perueiroapp', mForegroundUid=11407, mForegroundPid=7181, mLastForegroundPackageName='com.miui.home', mLastForegroundUid=10064, mLastForegroundPid=2404, mMultiWindowForegroundPackageName='null', mMultiWindowForegroundUid=-1, mFlags=1}
11-06 20:29:05.812 I/dvm_lock_sample( 1594): [system_server,1,Binder:1594_8,27,ActivityManagerService.java,14463,boolean com.android.server.am.ActivityManagerService.unbindService(android.app.IServiceConnection),-,7564,void com.android.server.am.ActivityManagerService.removeContentProvider(android.os.IBinder, boolean),5]
11-06 20:29:05.847 I/dvm_lock_sample( 1594): [system_server,1,android.display,10,ProcessRecord.java,1330,void com.android.server.am.ProcessRecord.updateServiceConnectionActivities(),ActivityManagerService.java,6978,android.app.ContentProviderHolder com.android.server.am.ActivityManagerService.getContentProviderImpl(android.app.IApplicationThread, java.lang.String, android.os.IBinder, int, java.lang.String, java.lang.String, boolean, int),2]
11-06 20:29:05.868 I/PI-ScanDispatch( 7032): service bind, pkgName = com.idealinspecao.perueiroapp, installer = null, isReplace = false, firstGoogleTime = 1614890563430
11-06 20:29:06.034 I/ActivityManager( 1594): Process com.miui.videoplayer (pid 32728) has died: cch+85 CEM 
11-06 20:29:06.158 I/ActivityManager( 1594): Process com.xiaomi.finddevice:securitypush (pid 3799) has died: cch+85 CEM 
11-06 20:29:06.248 I/ActivityManager( 1594): Start proc 7291:com.miui.core/u0a75 for service {com.miui.core/miui.autoinstall.config.service.AutoInstallService} caller=com.miui.core
11-06 20:29:06.355 D/AppActiveReceiver( 7162): receive app active broadcast for: com.idealinspecao.perueiroapp, install from: null
11-06 20:29:06.386 D/AppActiveReceiver(32713): receive app active broadcast for: com.idealinspecao.perueiroapp, install from: null
11-06 20:29:06.492 I/ActivityManager( 1594): Process com.xiaomi.glgm (pid 3498) has died: cch+85 CEM 
11-06 20:29:06.765 I/ActivityManager( 1594): Process com.google.android.apps.turbo (pid 5439) has died: cch+35 CEM 
11-06 20:29:06.780 I/ActivityManager( 1594): Process android.process.acore (pid 5991) has died: cch+45 CEM 
11-06 20:29:06.789 I/ActivityManager( 1594): Process com.google.android.apps.photos (pid 31352) has died: cch+35 CEM 
11-06 20:29:06.835 I/ActivityManager( 1594): Process com.google.process.gservices (pid 5704) has died: cch+35 CEM 
11-06 20:29:06.895 I/ActivityManager( 1594): Process com.google.android.packageinstaller (pid 7015) has died: cch+15 CEM 
11-06 20:29:06.967 I/ActivityManager( 1594): Process com.google.android.apps.photos:mediametadataservice (pid 5889) has died: cch+25 CEM 
11-06 20:29:07.013 I/ThumbnailBlurUtils( 6042): loadPrivacyThumbnailBlurMonthly successd{"com.anydesk.anydeskandroid":5,"com.miui.player":27,"com.xiaomi.mipicks":5,"videoeditor.videorecorder.screenrecorder":5,"com.miui.compass":5,"com.otimiza.samplelivenessapp.xamarin":-1,"com.miui.calculator":5,"com.android.deskclock":5,"com.xiaomi.scanner":5,"com.xiaomi.midrop":5,"com.ozforensics.liveness.demo":-1,"com.miui.securitycenter":5,"com.google.android.apps.meetings":-1,"com.android.vending":5,"com.android.chrome":-1,"com.google.android.apps.photos":-1,"com.mi.android.globalFileexplorer":5,"com.google.android.apps.docs":5,"br.com.otimizaugc.vistosoftapp":-1,"com.duokan.phone.remotecontroller":5,"com.miui.gallery":6,"com.ypcc.otgcamera":-1,"com.google.android.youtube":-1,"com.idealinspecao.perueiroapp":-1,"com.miui.screenrecorder":5,"com.google.android.apps.maps":-1,"com.google.android.apps.tachyon":5,"com.miui.videoplayer":27,"net.sourceforge.opencamera":5,"com.mi.globalbrowser":5,"com.google.android.apps.messaging":5,"com.miui.notes":5,"com.google.android.videos":-1,"com.google.android.googlequicksearchbox":-1,"com.miui.miservice":5,"com.google.ar.lens":5,"com.google.android.contacts":-1,"net.openvpn.openvpn":5,"com.mi.android.globalminusscreen":5,"com.airbeat.device.inspector":5,"com.miui.weather2":5,"com.miui.fm":27,"com.android.providers.downloads.ui":5,"com.android.thememanager":5,"com.xiaomi.calendar":-1,"com.google.android.dialer":-1,"com.android.camera":6,"com.google.android.gm":5,"com.tony.molink.howifi":-1,"com.android.settings":-1,"com.xiaomi.glgm":5,"com.google.android.music":5,"com.google.android.apps.authenticator2":-1,"com.android.soundrecorder":5}
11-06 20:29:07.180 I/notification_cancel_all( 1594): [1000,1594,com.idealinspecao.perueiroapp,0,0,0,5,NULL]
11-06 20:29:07.330 I/ActivityManager( 1594): Process com.miui.securitycenter (pid 6908) has died: cch+25 CEM 
11-06 20:29:07.347 W/ActivityManager( 1594): setHasOverlayUi called on unknown pid: 6908
11-06 20:29:07.376 I/ActivityManager( 1594): Process com.miui.global.packageinstaller (pid 7032) has died: cch+5 CEM 
11-06 20:29:07.454 I/ActivityManager( 1594): Start proc 7457:android.process.acore/u0a41 for content provider {com.android.providers.contacts/com.android.providers.contacts.ContactsProvider2} caller=android
11-06 20:29:07.535 I/ActivityManager( 1594): Process com.huaqin.sarcontroller:controller (pid 5473) has died: svcb SVC 
11-06 20:29:07.540 W/ActivityManager( 1594): Scheduling restart of crashed service com.huaqin.sarcontroller/.SarControllerService in 0ms
11-06 20:29:07.598 I/ActivityManager( 1594): Process com.xiaomi.discover (pid 7162) has died: cch+5 CEM 
11-06 20:29:07.644 I/ActivityManager( 1594): Start proc 7496:com.huaqin.sarcontroller:controller/1000 for service {com.huaqin.sarcontroller/com.huaqin.sarcontroller.SarControllerService} caller=com.huaqin.sarcontroller
11-06 20:29:07.938 I/ActivityManager( 1594): Process com.miui.powerkeeper (pid 5507) has died: svcb BTOP
11-06 20:29:07.946 W/ActivityManager( 1594): Scheduling restart of crashed service com.miui.powerkeeper/.feedbackcontrol.FeedbackControlService in 18230ms
11-06 20:29:07.947 W/ActivityManager( 1594): Scheduling restart of crashed service com.miui.powerkeeper/.PowerKeeperBackgroundService in 28229ms
11-06 20:29:07.947 W/ActivityManager( 1594): Scheduling restart of crashed service com.miui.powerkeeper/.powerchecker.PowerCheckerService in 38229ms
11-06 20:29:07.948 W/ActivityManager( 1594): Scheduling restart of crashed service com.miui.powerkeeper/.statemachine.PowerStateMachineService in 48228ms
11-06 20:29:07.948 W/ActivityManager( 1594): Scheduling restart of crashed service com.miui.powerkeeper/.stepsprovider.StepsService in 58228ms
11-06 20:29:07.948 W/ActivityManager( 1594): Scheduling restart of crashed service com.xiaomi.powerchecker/.PowerCheckerService in 68228ms
11-06 20:29:07.961 I/ActivityManager( 1594): Process com.android.settings:remote (pid 6021) has died: svcb SVC 
11-06 20:29:07.967 W/ActivityManager( 1594): Scheduling restart of crashed service com.android.settings/.dangerousoptions.DangerousOptionsWarningService in 78209ms
11-06 20:29:08.066 I/ActivityManager( 1594): Process com.qualcomm.qti.qdma (pid 5748) has died: svcb SVC 
11-06 20:29:08.071 W/ActivityManager( 1594): Scheduling restart of crashed service com.qualcomm.qti.qdma/.job.QDMAJobService in 88106ms
11-06 20:29:08.071 W/ActivityManager( 1594): Scheduling restart of crashed service com.qualcomm.qti.qdma/.uploader.UploaderService in 98106ms
11-06 20:29:08.126 I/ActivityManager( 1594): Process com.qualcomm.telephony (pid 5825) has died: svcb SVC 
11-06 20:29:08.132 W/ActivityManager( 1594): Scheduling restart of crashed service com.qualcomm.atfwd/.AtFwdService in 108045ms
11-06 20:29:08.558 W/XSpaceManagerService( 1594): update XSpace App: packageName:com.idealinspecao.perueiroapp, user:UserHandle{0}, action:android.intent.action.PACKAGE_ADDED
11-06 20:29:08.559 D/Launcher.Model( 2404): LauncherAppsCallback onPackageAdded|com.idealinspecao.perueiroapp|UserHandle{0}
11-06 20:29:08.560 D/Launcher.Model( 2404): Got broadcast:Intent { act=android.intent.action.PACKAGE_ADDED dat=package:com.idealinspecao.perueiroapp (has extras) }
11-06 20:29:08.633 E/Launcher.AllAppsList( 2404): Can't load postion for packageName: com.idealinspecao.perueiroapp activityName: com.idealinspecao.perueiroapp.MainActivity
11-06 20:29:08.637 I/ActivityManager( 1594): Killing 32713:com.xiaomi.mipicks/u0a135 (adj 905): PeriodicCleaner(8)
11-06 20:29:08.649 D/AutoInstallsParser( 2404): isPAIPackageName: com.idealinspecao.perueiroapp
11-06 20:29:08.663 D/Launcher.Model( 2404): onReceiveBackground, mAllAppsList=add=[(0, AppInfo, id=-1, itemType=0, user=UserHandle{0}, mIconType=0, pkgName=com.idealinspecao.perueiroapp, className=com.idealinspecao.perueiroapp.MainActivity, screenId=-1, container=-1, cellX=-1, cellY=-1, spanX=1, spanY=1, isLandscapePos=false)], remove=[], modified=[]
11-06 20:29:08.664 D/Launcher( 2404): add item to launcher when bind apps added, info=ShortcutInfo, id=-1, itemType=0, user=UserHandle{0}, mIconType=0, pkgName=com.idealinspecao.perueiroapp, className=com.idealinspecao.perueiroapp.MainActivity, screenId=-1, container=-1, cellX=-1, cellY=-1, spanX=1, spanY=1, isLandscapePos=false
11-06 20:29:08.666 D/Launcher( 2404): addItemToWorkspace, add item into db, item=ShortcutInfo, id=-1, itemType=0, user=UserHandle{0}, mIconType=0, pkgName=com.idealinspecao.perueiroapp, className=com.idealinspecao.perueiroapp.MainActivity, screenId=2, container=-100, cellX=3, cellY=4, spanX=1, spanY=1, isLandscapePos=false
11-06 20:29:08.666 D/Launcher.Model( 2404): Insert item com.idealinspecao.perueiroapp to database (3, 4) of screen 2
11-06 20:29:08.667 D/Launcher.ShortcutInfo( 2404): onAddToDatabase, this=ShortcutInfo, id=1351, itemType=0, user=UserHandle{0}, mIconType=0, pkgName=com.idealinspecao.perueiroapp, className=com.idealinspecao.perueiroapp.MainActivity, screenId=2, container=-100, cellX=3, cellY=4, spanX=1, spanY=1, isLandscapePos=false
11-06 20:29:08.667 D/Launcher.CellLayout( 2404): updateCellOccupiedMarks, update, ShortcutInfo, id=1351, itemType=0, user=UserHandle{0}, mIconType=0, pkgName=com.idealinspecao.perueiroapp, className=com.idealinspecao.perueiroapp.MainActivity, screenId=2, container=-100, cellX=3, cellY=4, spanX=1, spanY=1, isLandscapePos=false
11-06 20:29:08.762 D/Launcher.CellLayout( 2404): updateCellOccupiedMarks, update, ShortcutInfo, id=1351, itemType=0, user=UserHandle{0}, mIconType=0, pkgName=com.idealinspecao.perueiroapp, className=com.idealinspecao.perueiroapp.MainActivity, screenId=2, container=-100, cellX=3, cellY=4, spanX=1, spanY=1, isLandscapePos=false
11-06 20:29:09.255 I/ActivityManager( 1594): Process com.miui.core (pid 7291) has died: svcb SVC 
11-06 20:29:09.261 W/ActivityManager( 1594): Scheduling restart of crashed service com.miui.core/miui.autoinstall.config.service.AutoInstallService in 116916ms
11-06 20:29:09.566 I/ActivityManager( 1594): Process com.xiaomi.bluetooth (pid 5637) has died: svcb SVC 
11-06 20:29:09.573 W/ActivityManager( 1594): Scheduling restart of crashed service com.xiaomi.bluetooth/com.android.bluetooth.ble.app.MiuiBleAppService in 126604ms
11-06 20:29:09.575 W/ActivityManager( 1594): Scheduling restart of crashed service com.xiaomi.bluetooth/com.android.bluetooth.ble.app.MiuiFastConnectService in 136603ms
11-06 20:29:09.576 W/ActivityManager( 1594): Scheduling restart of crashed service com.xiaomi.bluetooth/com.android.bluetooth.ble.app.MiuiNearbyService in 146601ms
11-06 20:29:09.696 I/ActivityManager( 1594): Process com.huaqin.diaglogger (pid 5926) has died: svcb SVC 
11-06 20:29:09.701 W/ActivityManager( 1594): Scheduling restart of crashed service com.huaqin.diaglogger/.DiagLogService in 156476ms
11-06 20:29:10.045 I/ActivityManager( 1594): Process com.huaqin.sarcontroller:controller (pid 7496) has died: svcb SVC 
11-06 20:29:10.050 W/ActivityManager( 1594): Scheduling restart of crashed service com.huaqin.sarcontroller/.SarControllerService in 0ms
11-06 20:29:10.081 I/ActivityManager( 1594): Start proc 7577:com.huaqin.sarcontroller:controller/1000 for service {com.huaqin.sarcontroller/com.huaqin.sarcontroller.SarControllerService} caller=com.huaqin.sarcontroller
11-06 20:29:10.122 I/ActivityManager( 1594): Process android.process.acore (pid 7457) has died: prev LAST
11-06 20:29:10.939 I/am_lifecycle_sample( 7181): [0,com.idealinspecao.perueiroapp,110,5130]
11-06 20:29:10.940 E/Perf    ( 7181): Fail to get file list com.idealinspecao.perueiroapp
11-06 20:29:10.941 E/Perf    ( 7181): Fail to get file list com.idealinspecao.perueiroapp
11-06 20:29:11.156 D/ForceDarkHelper( 7181): updateByCheckExcludeList: pkg: com.idealinspecao.perueiroapp activity: com.idealinspecao.perueiroapp.MainActivity@894484a
11-06 20:29:11.161 I/chatty  ( 7181): uid=11407(com.idealinspecao.perueiroapp) identical 1 line
11-06 20:29:11.172 D/ForceDarkHelper( 7181): updateByCheckExcludeList: pkg: com.idealinspecao.perueiroapp activity: com.idealinspecao.perueiroapp.MainActivity@894484a
11-06 20:29:11.239 I/am_on_create_called( 7181): [0,com.idealinspecao.perueiroapp.MainActivity,performCreate,133]
11-06 20:29:11.256 I/am_on_start_called( 7181): [0,com.idealinspecao.perueiroapp.MainActivity,handleStartActivity,0]
11-06 20:29:11.261 I/am_on_resume_called( 7181): [0,com.idealinspecao.perueiroapp.MainActivity,RESUME_ACTIVITY,1]
11-06 20:29:11.286 W/Looper  ( 7181): Slow Looper main: Activity com.idealinspecao.perueiroapp/.MainActivity is 5150ms late (wall=341ms running=0ms ClientTransaction{ callbacks=[android.app.servertransaction.LaunchActivityItem] lifecycleRequest=android.app.servertransaction.ResumeActivityItem }) because of 1 msg, msg 1 took 5131ms (seq=2 late=21ms h=android.app.ActivityThread$H w=110)
11-06 20:29:11.287 I/am_on_top_resumed_gained_called( 7181): [0,com.idealinspecao.perueiroapp.MainActivity,topStateChangedWhenResumed]
11-06 20:29:11.287 W/Looper  ( 7181): Slow Looper main: Activity com.idealinspecao.perueiroapp/.MainActivity is 5481ms late (wall=1ms running=0ms ClientTransaction{ callbacks=[android.app.servertransaction.TopResumedActivityChangeItem] }) because of 2 msg, msg 1 took 5131ms (seq=2 late=21ms h=android.app.ActivityThread$H w=110), msg 2 took 341ms (seq=3 late=5150ms h=android.app.ActivityThread$H w=159)
11-06 20:29:11.544 D/ForceDarkHelper( 7181): updateByCheckExcludeList: pkg: com.idealinspecao.perueiroapp activity: com.idealinspecao.perueiroapp.MainActivity@894484a
11-06 20:29:11.817 I/ActivityManager( 1594): Process com.miui.cleaner (pid 7064) has died: cch+5 CEM 
===== END SNAPSHOT =====
