10-13 23:26:28.757 I/am_pss  ( 1594): [11409,11370,com.idealinspecao.perueiroapp,136065024,129052672,172032,218116096,0,2,20]
10-13 23:27:28.213 I/dvm_lock_sample( 1594): [system_server,1,android.display,10,ActivityManagerService.java,18317,void com.android.server.am.ActivityManagerService$LocalService.setHasOverlayUi(int, boolean),-,1537,void com.android.server.am.ActivityManagerService$AppDeathRecipient.binderDied(),2]
10-13 23:28:52.229 W/System.err(29729): 	at d.c.a.b.f.b.a(ActivityManagerCompat.java:11)
10-13 23:28:52.229 W/System.err(29729): 	at android.app.IActivityTaskManager$Stub$Proxy.getStackInfo(IActivityTaskManager.java:6398)
10-13 23:28:52.229 W/System.err(29729): 	at com.android.server.am.ActivityManagerService.enforceCallingPermission(ActivityManagerService.java:6163)
10-13 23:28:52.229 W/System.err(29729): 	at com.android.server.am.ActivityManagerService$LocalService.enforceCallingPermission(ActivityManagerService.java:18443)
10-13 23:28:52.229 W/System.err(29729): 	at com.android.server.wm.ActivityTaskManagerService.enforceCallerIsRecentsOrHasPermission(ActivityTaskManagerService.java:3666)
10-13 23:28:52.229 W/System.err(29729): 	at com.android.server.wm.ActivityTaskManagerService.getStackInfo(ActivityTaskManagerService.java:2910)
10-13 23:28:52.229 W/System.err(29729): 	at android.app.IActivityTaskManager$Stub.onTransact(IActivityTaskManager.java:3003)
10-13 23:28:52.350 I/am_on_top_resumed_lost_called(11409): [0,com.idealinspecao.perueiroapp.MainActivity,topStateChangedWhenResumed]
10-13 23:28:52.355 I/am_pause_activity( 1594): [11409,110880533,com.idealinspecao.perueiroapp/.MainActivity,userLeaving=true]
10-13 23:28:52.361 I/am_on_paused_called(11409): [0,com.idealinspecao.perueiroapp.MainActivity,performPause,0]
10-13 23:28:52.436 D/PerfEngineController(12757): ForegroundInfo{mForegroundPackageName='com.miui.securitycenter', mForegroundUid=1000, mForegroundPid=14893, mLastForegroundPackageName='com.idealinspecao.perueiroapp', mLastForegroundUid=11370, mLastForegroundPid=11409, mMultiWindowForegroundPackageName='null', mMultiWindowForegroundUid=-1, mFlags=1}
10-13 23:28:52.436 I/GST     (10006): forePkg: com.miui.securitycenter, preForePkg: com.idealinspecao.perueiroapp
10-13 23:28:52.436 I/ProcessMonitor(13735): onForegroundInfoChanged: ForegroundInfo{mForegroundPackageName='com.miui.securitycenter', mForegroundUid=1000, mForegroundPid=14893, mLastForegroundPackageName='com.idealinspecao.perueiroapp', mLastForegroundUid=11370, mLastForegroundPid=11409, mMultiWindowForegroundPackageName='null', mMultiWindowForegroundUid=-1, mFlags=1}
10-13 23:28:53.097 I/am_set_resumed_activity( 1594): [0,com.idealinspecao.perueiroapp/.MainActivity,finishActivity]
10-13 23:28:53.278 I/am_set_resumed_activity( 1594): [0,com.idealinspecao.perueiroapp/.MainActivity,resumeTopActivityInnerLocked]
10-13 23:28:53.279 I/am_resume_activity( 1594): [0,110880533,1366,com.idealinspecao.perueiroapp/.MainActivity,11409]
10-13 23:28:53.280 D/PerfEngineController(12757): ForegroundInfo{mForegroundPackageName='com.idealinspecao.perueiroapp', mForegroundUid=11370, mForegroundPid=11409, mLastForegroundPackageName='com.miui.securitycenter', mLastForegroundUid=1000, mLastForegroundPid=14893, mMultiWindowForegroundPackageName='null', mMultiWindowForegroundUid=-1, mFlags=0}
10-13 23:28:53.281 I/GST     (10006): forePkg: com.idealinspecao.perueiroapp, preForePkg: com.miui.securitycenter
10-13 23:28:53.281 D/AutoInstallService(14191): onForegroundInfoChanged: com.idealinspecao.perueiroapp
10-13 23:28:53.281 I/am_on_resume_called(11409): [0,com.idealinspecao.perueiroapp.MainActivity,RESUME_ACTIVITY,1]
10-13 23:28:53.283 I/am_on_top_resumed_gained_called(11409): [0,com.idealinspecao.perueiroapp.MainActivity,topWhenResuming]
10-13 23:28:53.283 I/ProcessMonitor(13735): onForegroundInfoChanged: ForegroundInfo{mForegroundPackageName='com.idealinspecao.perueiroapp', mForegroundUid=11370, mForegroundPid=11409, mLastForegroundPackageName='com.miui.securitycenter', mLastForegroundUid=1000, mLastForegroundPid=14893, mMultiWindowForegroundPackageName='null', mMultiWindowForegroundUid=-1, mFlags=0}
10-13 23:28:54.188 I/am_kill ( 1594): [0,11409,com.idealinspecao.perueiroapp,0,stop com.idealinspecao.perueiroapp: installPackageLI]
10-13 23:28:54.191 I/am_finish_activity( 1594): [0,110880533,1366,com.idealinspecao.perueiroapp/.MainActivity,proc died without state saved]
10-13 23:28:55.030 I/dvm_lock_sample( 1594): [system_server,1,ActivityManager,819,PackageManagerService.java,7389,java.lang.String com.android.server.pm.PackageManagerService.getInstantAppPackageName(int),-,17551,void com.android.server.pm.PackageManagerService.installPackagesLI(java.util.List),100]
10-13 23:28:55.039 D/PerfEngineController(12757): ForegroundInfo{mForegroundPackageName='com.miui.home', mForegroundUid=10064, mForegroundPid=2404, mLastForegroundPackageName='com.idealinspecao.perueiroapp', mLastForegroundUid=11370, mLastForegroundPid=11409, mMultiWindowForegroundPackageName='null', mMultiWindowForegroundUid=-1, mFlags=0}
10-13 23:28:55.039 I/GST     (10006): forePkg: com.miui.home, preForePkg: com.idealinspecao.perueiroapp
10-13 23:28:55.040 I/ProcessMonitor(13735): onForegroundInfoChanged: ForegroundInfo{mForegroundPackageName='com.miui.home', mForegroundUid=10064, mForegroundPid=2404, mLastForegroundPackageName='com.idealinspecao.perueiroapp', mLastForegroundUid=11370, mLastForegroundPid=11409, mMultiWindowForegroundPackageName='null', mMultiWindowForegroundUid=-1, mFlags=0}
10-13 23:28:55.046 W/system_server( 1594): Long monitor contention with owner ActivityManager (1651) at void com.android.server.wm.ActivityTaskManagerService$LocalService.handleAppDied(com.android.server.wm.WindowProcessController, boolean, java.lang.Runnable)(ActivityTaskManagerService.java:6942) waiters=0 in void com.android.server.wm.TaskChangeNotificationController$MainHandler.handleMessage(android.os.Message) for 855ms
10-13 23:28:55.046 I/dvm_lock_sample( 1594): [system_server,1,android.display,855,TaskChangeNotificationController.java,176,void com.android.server.wm.TaskChangeNotificationController$MainHandler.handleMessage(android.os.Message),ActivityTaskManagerService.java,6942,void com.android.server.wm.ActivityTaskManagerService$LocalService.handleAppDied(com.android.server.wm.WindowProcessController, boolean, java.lang.Runnable),100]
10-13 23:28:55.047 W/system_server( 1594): Long monitor contention with owner ActivityManager (1651) at void com.android.server.wm.ActivityTaskManagerService$LocalService.handleAppDied(com.android.server.wm.WindowProcessController, boolean, java.lang.Runnable)(ActivityTaskManagerService.java:6942) waiters=1 in void com.android.server.wm.InputMonitor$1.run() for 854ms
10-13 23:28:55.048 I/dvm_lock_sample( 1594): [system_server,1,android.anim,854,InputMonitor.java,120,void com.android.server.wm.InputMonitor$1.run(),ActivityTaskManagerService.java,6942,void com.android.server.wm.ActivityTaskManagerService$LocalService.handleAppDied(com.android.server.wm.WindowProcessController, boolean, java.lang.Runnable),100]
10-13 23:28:55.049 W/system_server( 1594): Long monitor contention with owner ActivityManager (1651) at void com.android.server.wm.ActivityTaskManagerService$LocalService.handleAppDied(com.android.server.wm.WindowProcessController, boolean, java.lang.Runnable)(ActivityTaskManagerService.java:6942) waiters=2 in void com.android.server.wm.Session.binderDied() for 689ms
10-13 23:28:55.050 I/dvm_lock_sample( 1594): [system_server,1,Binder:1594_4,689,Session.java,146,void com.android.server.wm.Session.binderDied(),ActivityTaskManagerService.java,6942,void com.android.server.wm.ActivityTaskManagerService$LocalService.handleAppDied(com.android.server.wm.WindowProcessController, boolean, java.lang.Runnable),100]
10-13 23:28:55.092 W/system_server( 1594): Long monitor contention with owner ActivityManager (1651) at void com.android.server.am.ActivityManagerService$MainHandler.handleMessage(android.os.Message)(ActivityManagerService.java:1777) waiters=0 in void com.android.server.am.ActivityManagerService.dispatchUidsChanged() for 892ms
10-13 23:28:55.092 I/dvm_lock_sample( 1594): [system_server,1,android.ui,892,ActivityManagerService.java,3378,void com.android.server.am.ActivityManagerService.dispatchUidsChanged(),-,1777,void com.android.server.am.ActivityManagerService$MainHandler.handleMessage(android.os.Message),100]
10-13 23:28:55.112 D/MiuiNetworkPolicyAppBuckets( 1594): updateAppPN packageName=com.idealinspecao.perueiroapp,uid=11370,installed=false
10-13 23:28:55.117 D/BluetoothMapAppObserver(25473): The removed package is: com.idealinspecao.perueiroapp
10-13 23:28:55.146 I/dvm_lock_sample( 1594): [system_server,0,PackageManager,13,ActivityManagerService.java,15989,int com.android.server.am.ActivityManagerService.broadcastIntent(android.app.IApplicationThread, android.content.Intent, java.lang.String, android.content.IIntentReceiver, int, java.lang.String, android.os.Bundle, java.lang.String[], int, android.os.Bundle, boolean, boolean, int),-,18291,void com.android.server.am.ActivityManagerService$LocalService.updateDeviceIdleTempWhitelist(int[], int, boolean),2]
10-13 23:28:55.148 I/notification_cancel_all( 1594): [1000,1594,com.idealinspecao.perueiroapp,0,0,0,5,NULL]
10-13 23:28:55.184 D/MiuiNetworkPolicyAppBuckets( 1594): updateAppPN packageName=com.idealinspecao.perueiroapp,uid=11370,installed=true
10-13 23:28:55.194 D/AppInstalledReceiver(13735): packageName: com.idealinspecao.perueiroapp
10-13 23:28:55.195 D/Avrcp_ext(25473): AvrcpServiceBroadcastReceiver-> packageName: com.idealinspecao.perueiroapp
10-13 23:28:55.195 D/Avrcp_ext(25473): packageName: com.idealinspecao.perueiroapp removed: false
10-13 23:28:55.199 D/BluetoothMapAppObserver(25473): The installed package is: com.idealinspecao.perueiroapp
10-13 23:28:55.221 D/ImsResolver( 2395): maybeAddedImsService, packageName: com.idealinspecao.perueiroapp
10-13 23:28:55.221 I/dvm_lock_sample( 1594): [system_server,1,ActivityManager,14,BroadcastQueue.java,984,void com.android.server.am.BroadcastQueue.processNextBroadcast(boolean, boolean),ActivityManagerService.java,15989,int com.android.server.am.ActivityManagerService.broadcastIntent(android.app.IApplicationThread, android.content.Intent, java.lang.String, android.content.IIntentReceiver, int, java.lang.String, android.os.Bundle, java.lang.String[], int, android.os.Bundle, boolean, boolean, int),2]
10-13 23:28:55.226 I/MiPicks-LocalAppManager(14534): add package to list: com.idealinspecao.perueiroapp
10-13 23:28:55.276 E/Recents ( 2131): packageMonitor   onPackageModified  packageName=com.idealinspecao.perueiroapp   mIsRecentsWithinLauncher=true
10-13 23:28:55.350 I/dvm_lock_sample( 1594): [system_server,1,android.ui,64,ActivityManagerService.java,3378,void com.android.server.am.ActivityManagerService.dispatchUidsChanged(),-,14285,android.content.ComponentName com.android.server.am.ActivityManagerService.startService(android.app.IApplicationThread, android.content.Intent, java.lang.String, boolean, java.lang.String, int),12]
10-13 23:28:55.360 I/dvm_lock_sample( 1594): [system_server,1,Binder:1594_14,69,ActivityManagerService.java,5395,void com.android.server.am.ActivityManagerService.attachApplication(android.app.IApplicationThread, long),-,14285,android.content.ComponentName com.android.server.am.ActivityManagerService.startService(android.app.IApplicationThread, android.content.Intent, java.lang.String, boolean, java.lang.String, int),13]
10-13 23:28:55.451 I/sysui_multi_action( 1594): [757,147,758,4,759,1,806,com.idealinspecao.perueiroapp]
10-13 23:28:55.479 I/Finsky:background(13716): [2] IQ: onPackageRemoved com.idealinspecao.perueiroapp, replacing=true, uninstallingFromPlay=false
10-13 23:28:56.040 E/InstallApkReceiver( 2404): uninstall:package:com.idealinspecao.perueiroapp
10-13 23:28:56.040 E/InstallApkReceiver( 2404): install:package:com.idealinspecao.perueiroapp
10-13 23:28:56.107 I/PI-ScanDispatch(15029): service bind, pkgName = com.idealinspecao.perueiroapp, installer = null, isReplace = true, firstGoogleTime = 1614890563430
10-13 23:28:56.146 I/am_create_activity( 1594): [0,251469373,1369,com.idealinspecao.perueiroapp/.MainActivity,NULL,NULL,NULL,268435456]
10-13 23:28:56.186 W/system_server( 1594): Long monitor contention with owner Binder:1594_E (3456) at android.app.ContentProviderHolder com.android.server.am.ActivityManagerService.getContentProviderImpl(android.app.IApplicationThread, java.lang.String, android.os.IBinder, int, java.lang.String, java.lang.String, boolean, int)(ActivityManagerService.java:6978) waiters=0 in java.lang.String com.android.server.am.ActivityManagerService.checkContentProviderAccess(java.lang.String, int) for 104ms
10-13 23:28:56.186 I/dvm_lock_sample( 1594): [system_server,1,Binder:1594_C,104,ActivityManagerService.java,6752,java.lang.String com.android.server.am.ActivityManagerService.checkContentProviderAccess(java.lang.String, int),-,6978,android.app.ContentProviderHolder com.android.server.am.ActivityManagerService.getContentProviderImpl(android.app.IApplicationThread, java.lang.String, android.os.IBinder, int, java.lang.String, java.lang.String, boolean, int),20]
10-13 23:28:56.198 W/system_server( 1594): Long monitor contention with owner Binder:1594_E (3456) at android.app.ContentProviderHolder com.android.server.am.ActivityManagerService.getContentProviderImpl(android.app.IApplicationThread, java.lang.String, android.os.IBinder, int, java.lang.String, java.lang.String, boolean, int)(ActivityManagerService.java:6978) waiters=1 in android.content.Intent com.android.server.am.ActivityManagerService.registerReceiver(android.app.IApplicationThread, java.lang.String, android.content.IIntentReceiver, android.content.IntentFilter, java.lang.String, int, int) for 101ms
10-13 23:28:56.198 I/dvm_lock_sample( 1594): [system_server,1,Binder:1594_1,101,ActivityManagerService.java,14791,android.content.Intent com.android.server.am.ActivityManagerService.registerReceiver(android.app.IApplicationThread, java.lang.String, android.content.IIntentReceiver, android.content.IntentFilter, java.lang.String, int, int),-,6978,android.app.ContentProviderHolder com.android.server.am.ActivityManagerService.getContentProviderImpl(android.app.IApplicationThread, java.lang.String, android.os.IBinder, int, java.lang.String, java.lang.String, boolean, int),20]
10-13 23:28:56.248 I/dvm_lock_sample( 1594): [system_server,1,Binder:1594_14,40,ActivityManagerService.java,14791,android.content.Intent com.android.server.am.ActivityManagerService.registerReceiver(android.app.IApplicationThread, java.lang.String, android.content.IIntentReceiver, android.content.IntentFilter, java.lang.String, int, int),-,14450,int com.android.server.am.ActivityManagerService.bindIsolatedService(android.app.IApplicationThread, android.os.IBinder, android.content.Intent, java.lang.String, android.app.IServiceConnection, int, java.lang.String, java.lang.String, int),8]
10-13 23:28:56.303 I/am_proc_start( 1594): [0,15210,11370,com.idealinspecao.perueiroapp,activity,{com.idealinspecao.perueiroapp/com.idealinspecao.perueiroapp.MainActivity}]
10-13 23:28:56.303 D/OemNetd (  518): setPidForPackage: packageName=com.idealinspecao.perueiroapp, pid=15210, pid=11370
10-13 23:28:56.429 I/am_proc_bound( 1594): [0,15210,com.idealinspecao.perueiroapp]
10-13 23:28:56.436 I/am_restart_activity( 1594): [0,251469373,1369,com.idealinspecao.perueiroapp/.MainActivity,15210]
10-13 23:28:56.437 D/PerfEngineController(12757): ForegroundInfo{mForegroundPackageName='com.idealinspecao.perueiroapp', mForegroundUid=11370, mForegroundPid=15210, mLastForegroundPackageName='com.miui.home', mLastForegroundUid=10064, mLastForegroundPid=2404, mMultiWindowForegroundPackageName='null', mMultiWindowForegroundUid=-1, mFlags=1}
10-13 23:28:56.437 I/GST     (10006): forePkg: com.idealinspecao.perueiroapp, preForePkg: com.miui.home
10-13 23:28:56.438 I/am_set_resumed_activity( 1594): [0,com.idealinspecao.perueiroapp/.MainActivity,minimalResumeActivityLocked]
10-13 23:28:56.438 D/AutoInstallService(14191): onForegroundInfoChanged: com.idealinspecao.perueiroapp
10-13 23:28:56.438 I/ProcessMonitor(13735): onForegroundInfoChanged: ForegroundInfo{mForegroundPackageName='com.idealinspecao.perueiroapp', mForegroundUid=11370, mForegroundPid=15210, mLastForegroundPackageName='com.miui.home', mLastForegroundUid=10064, mLastForegroundPid=2404, mMultiWindowForegroundPackageName='null', mMultiWindowForegroundUid=-1, mFlags=1}
10-13 23:28:56.986 I/dvm_lock_sample( 1594): [system_server,0,Binder:1594_7,74,ActivityManagerService.java,14494,void com.android.server.am.ActivityManagerService.serviceDoneExecuting(android.os.IBinder, int, int, int),-,14450,int com.android.server.am.ActivityManagerService.bindIsolatedService(android.app.IApplicationThread, android.os.IBinder, android.content.Intent, java.lang.String, android.app.IServiceConnection, int, java.lang.String, java.lang.String, int),14]
10-13 23:28:57.583 I/notification_cancel_all( 1594): [1000,1594,com.idealinspecao.perueiroapp,0,0,0,5,NULL]
10-13 23:28:57.589 I/dvm_lock_sample( 1594): [system_server,0,Binder:1594_1D,19,ActivityManagerService.java,14494,void com.android.server.am.ActivityManagerService.serviceDoneExecuting(android.os.IBinder, int, int, int),-,14450,int com.android.server.am.ActivityManagerService.bindIsolatedService(android.app.IApplicationThread, android.os.IBinder, android.content.Intent, java.lang.String, android.app.IServiceConnection, int, java.lang.String, java.lang.String, int),3]
10-13 23:28:57.973 D/Launcher.Model( 2404): LauncherAppsCallback onPackageChanged|com.idealinspecao.perueiroapp|UserHandle{0}
10-13 23:28:57.973 D/Launcher.Model( 2404): Got broadcast:Intent { act=android.intent.action.PACKAGE_CHANGED dat=package:com.idealinspecao.perueiroapp (has extras) }
10-13 23:28:58.045 D/Launcher.AllAppsList( 2404): updatePackage, packageName=com.idealinspecao.perueiroapp, loadMissing=false, user=UserHandle{0}, matchedSize=1
10-13 23:28:58.053 D/Launcher.AllAppsList( 2404): updatePackage, find appInfo=AppInfo, id=-1, itemType=0, user=UserHandle{0}, mIconType=0, pkgName=com.idealinspecao.perueiroapp, className=com.idealinspecao.perueiroapp.MainActivity, screenId=-1, container=-1, cellX=-1, cellY=-1, spanX=1, spanY=1, isLandscapePos=false from ComponentInfo{com.idealinspecao.perueiroapp/com.idealinspecao.perueiroapp.MainActivity}
10-13 23:28:58.059 D/Launcher.Model( 2404): onReceiveBackground, mAllAppsList=add=[], remove=[], modified=[(0, AppInfo, id=-1, itemType=0, user=UserHandle{0}, mIconType=0, pkgName=com.idealinspecao.perueiroapp, className=com.idealinspecao.perueiroapp.MainActivity, screenId=-1, container=-1, cellX=-1, cellY=-1, spanX=1, spanY=1, isLandscapePos=false)]
10-13 23:28:58.065 I/Finsky  (15054): [2] AIM: AppInfoCacheUpdater -> invalidating apps: [com.idealinspecao.perueiroapp]
10-13 23:28:58.130 I/Finsky  (15054): [53694] AIM: AppInfoManager-Perf > OnDeviceAppInfo > cacheHitCount=0, cacheMissCount=1. Missed  in cache (limit 10) : [com.idealinspecao.perueiroapp]
10-13 23:29:01.110 I/am_lifecycle_sample(15210): [0,com.idealinspecao.perueiroapp,110,4637]
10-13 23:29:01.123 E/Perf    (15210): Fail to get file list com.idealinspecao.perueiroapp
10-13 23:29:01.123 E/Perf    (15210): Fail to get file list com.idealinspecao.perueiroapp
10-13 23:29:01.299 D/ForceDarkHelper(15210): updateByCheckExcludeList: pkg: com.idealinspecao.perueiroapp activity: com.idealinspecao.perueiroapp.MainActivity@894484a
10-13 23:29:01.362 I/am_on_create_called(15210): [0,com.idealinspecao.perueiroapp.MainActivity,performCreate,110]
10-13 23:29:01.377 I/am_on_start_called(15210): [0,com.idealinspecao.perueiroapp.MainActivity,handleStartActivity,0]
10-13 23:29:01.380 I/am_on_resume_called(15210): [0,com.idealinspecao.perueiroapp.MainActivity,RESUME_ACTIVITY,1]
10-13 23:29:01.420 W/Looper  (15210): Slow Looper main: Activity com.idealinspecao.perueiroapp/.MainActivity is 4587ms late (wall=302ms running=0ms ClientTransaction{ callbacks=[android.app.servertransaction.LaunchActivityItem] lifecycleRequest=android.app.servertransaction.ResumeActivityItem }) because of 1 msg, msg 1 took 4638ms (seq=2 late=3ms h=android.app.ActivityThread$H w=110)
10-13 23:29:01.421 I/am_on_top_resumed_gained_called(15210): [0,com.idealinspecao.perueiroapp.MainActivity,topStateChangedWhenResumed]
10-13 23:29:01.421 W/Looper  (15210): Slow Looper main: Activity com.idealinspecao.perueiroapp/.MainActivity is 4889ms late (wall=0ms running=0ms ClientTransaction{ callbacks=[android.app.servertransaction.TopResumedActivityChangeItem] }) because of 2 msg, msg 1 took 4638ms (seq=2 late=3ms h=android.app.ActivityThread$H w=110), msg 2 took 302ms (seq=3 late=4587ms h=android.app.ActivityThread$H w=159)
10-13 23:29:01.314 I/chatty  (15210): uid=11370(com.idealinspecao.perueiroapp) identical 2 lines
10-13 23:29:01.698 D/ForceDarkHelper(15210): updateByCheckExcludeList: pkg: com.idealinspecao.perueiroapp activity: com.idealinspecao.perueiroapp.MainActivity@894484a
10-13 23:29:03.409 I/sysui_multi_action( 1594): [319,430,321,236,322,7364,325,769606,757,761,758,7,759,1,806,com.idealinspecao.perueiroapp,871,com.idealinspecao.perueiroapp.MainActivity,904,com.android.shell,905,0,945,387,1320,12,1321,1]
10-13 23:29:03.409 I/Timeline( 1594): Timeline: Activity_windows_visible id: ActivityRecord{efd1e3d u0 com.idealinspecao.perueiroapp/.MainActivity t1369} time:769613799
10-13 23:29:03.411 I/am_activity_launch_time( 1594): [0,251469373,com.idealinspecao.perueiroapp/.MainActivity,7364]
10-13 23:29:03.412 I/ActivityTaskManager( 1594): Displayed com.idealinspecao.perueiroapp/.MainActivity: +7s364ms
10-13 23:29:03.413 D/ForceDarkHelper(15210): updateByCheckExcludeList: pkg: com.idealinspecao.perueiroapp activity: com.idealinspecao.perueiroapp.MainActivity@894484a
10-13 23:29:03.536 I/ActivityManager( 1594): Start proc 15666:com.qualcomm.qti.qdma/1000 for service {com.qualcomm.qti.qdma/com.qualcomm.qti.qdma.job.QDMAJobService} caller=com.qualcomm.qti.qdma
10-13 23:29:03.586 I/GoogleInputMethodService(15542): GoogleInputMethodService.onStartInput():1346 onStartInput(EditorInfo{EditorInfo{packageName=com.idealinspecao.perueiroapp, inputType=0, inputTypeString=NULL, enableLearning=false, autoCorrection=false, autoComplete=false, imeOptions=0, privateImeOptions=null, actionName=UNSPECIFIED, actionLabel=null, initialSelStart=-1, initialSelEnd=-1, initialCapsMode=0, label=null, fieldId=-1, fieldName=null, extras=null, hintText=null, hintLocales=[]}}, false)
===== END SNAPSHOT =====
