10-27 21:02:32.736 I/dvm_lock_sample( 1594): [system_server,1,android.ui,10,ActivityManagerService.java,3378,void com.android.server.am.ActivityManagerService.dispatchUidsChanged(),-,14450,int com.android.server.am.ActivityManagerService.bindIsolatedService(android.app.IApplicationThread, android.os.IBinder, android.content.Intent, java.lang.String, android.app.IServiceConnection, int, java.lang.String, java.lang.String, int),2]
10-27 21:05:29.784 I/dvm_lock_sample( 1594): [system_server,1,Binder:1594_8,9,ActivityManagerService.java,6752,java.lang.String com.android.server.am.ActivityManagerService.checkContentProviderAccess(java.lang.String, int),-,14450,int com.android.server.am.ActivityManagerService.bindIsolatedService(android.app.IApplicationThread, android.os.IBinder, android.content.Intent, java.lang.String, android.app.IServiceConnection, int, java.lang.String, java.lang.String, int),1]
10-27 21:05:30.620 I/dvm_lock_sample( 1594): [system_server,1,Binder:1594_1B,18,ActivityManagerService.java,8605,boolean com.android.server.am.ActivityManagerService.isUidActive(int, java.lang.String),-,5395,void com.android.server.am.ActivityManagerService.attachApplication(android.app.IApplicationThread, long),3]
10-27 21:05:30.629 I/dvm_lock_sample( 1594): [system_server,1,Binder:1594_C,8,ActivityManagerService.java,8605,boolean com.android.server.am.ActivityManagerService.isUidActive(int, java.lang.String),-,14450,int com.android.server.am.ActivityManagerService.bindIsolatedService(android.app.IApplicationThread, android.os.IBinder, android.content.Intent, java.lang.String, android.app.IServiceConnection, int, java.lang.String, java.lang.String, int),1]
10-27 21:06:14.342 I/dvm_lock_sample( 1594): [system_server,1,ActivityManager,11,ActiveServices.java,1099,void com.android.server.am.ActiveServices.updateForegroundApps(com.android.server.am.ActiveServices$ServiceMap),ActivityManagerService.java,14343,void com.android.server.am.ActivityManagerService.setServiceForeground(android.content.ComponentName, android.os.IBinder, int, android.app.Notification, int, int),2]
10-27 21:12:33.875 I/dvm_lock_sample( 1594): [system_server,1,android.ui,39,ActivityManagerService.java,3378,void com.android.server.am.ActivityManagerService.dispatchUidsChanged(),-,1537,void com.android.server.am.ActivityManagerService$AppDeathRecipient.binderDied(),7]
10-27 21:25:20.681 I/dvm_lock_sample( 1594): [system_server,1,android.ui,8,ActivityManagerService.java,3378,void com.android.server.am.ActivityManagerService.dispatchUidsChanged(),-,14494,void com.android.server.am.ActivityManagerService.serviceDoneExecuting(android.os.IBinder, int, int, int),1]
10-27 21:26:02.083 I/dvm_lock_sample( 1594): [system_server,1,Binder:1594_1,5,ActivityManagerService.java,8605,boolean com.android.server.am.ActivityManagerService.isUidActive(int, java.lang.String),-,14875,android.content.Intent com.android.server.am.ActivityManagerService.registerReceiver(android.app.IApplicationThread, java.lang.String, android.content.IIntentReceiver, android.content.IntentFilter, java.lang.String, int, int),1]
10-27 21:26:46.209 I/dvm_lock_sample( 1594): [system_server,0,android.bg,8,ActivityManagerService.java,1964,void com.android.server.am.ActivityManagerService$5.handleMessage(android.os.Message),-,14463,boolean com.android.server.am.ActivityManagerService.unbindService(android.app.IServiceConnection),1]
10-27 21:38:31.972 I/dvm_lock_sample( 1594): [system_server,0,Binder:1594_3,11,ActivityManagerService.java,14494,void com.android.server.am.ActivityManagerService.serviceDoneExecuting(android.os.IBinder, int, int, int),-,14463,boolean com.android.server.am.ActivityManagerService.unbindService(android.app.IServiceConnection),2]
10-27 21:38:53.878 I/dvm_lock_sample( 1594): [system_server,1,android.ui,10,ActivityManagerService.java,3378,void com.android.server.am.ActivityManagerService.dispatchUidsChanged(),-,14450,int com.android.server.am.ActivityManagerService.bindIsolatedService(android.app.IApplicationThread, android.os.IBinder, android.content.Intent, java.lang.String, android.app.IServiceConnection, int, java.lang.String, java.lang.String, int),2]
10-27 21:38:54.540 I/dvm_lock_sample( 1594): [system_server,1,Binder:1594_1D,8,ActivityManagerService.java,7717,boolean com.android.server.am.ActivityManagerService.refContentProvider(android.os.IBinder, int, int),-,14450,int com.android.server.am.ActivityManagerService.bindIsolatedService(android.app.IApplicationThread, android.os.IBinder, android.content.Intent, java.lang.String, android.app.IServiceConnection, int, java.lang.String, java.lang.String, int),1]
10-27 21:39:04.982 I/dvm_lock_sample( 1594): [system_server,1,Binder:1594_14,8,ActivityManagerService.java,6752,java.lang.String com.android.server.am.ActivityManagerService.checkContentProviderAccess(java.lang.String, int),-,14450,int com.android.server.am.ActivityManagerService.bindIsolatedService(android.app.IApplicationThread, android.os.IBinder, android.content.Intent, java.lang.String, android.app.IServiceConnection, int, java.lang.String, java.lang.String, int),1]
10-27 22:02:03.241 I/dvm_lock_sample( 1594): [system_server,1,ActivityManager:procStart,16,PackageManagerService.java,4817,android.content.pm.ApplicationInfo com.android.server.pm.PackageManagerService.getApplicationInfoInternal(java.lang.String, int, int, int),-,8752,android.content.pm.ParceledListSlice com.android.server.pm.PackageManagerService.getInstalledPackages(int, int),3]
10-27 22:02:04.736 I/dvm_lock_sample( 1594): [system_server,0,Binder:1594_2,289,ActivityManagerService.java,7564,void com.android.server.am.ActivityManagerService.removeContentProvider(android.os.IBinder, boolean),-,15989,int com.android.server.am.ActivityManagerService.broadcastIntent(android.app.IApplicationThread, android.content.Intent, java.lang.String, android.content.IIntentReceiver, int, java.lang.String, android.os.Bundle, java.lang.String[], int, android.os.Bundle, boolean, boolean, int),57]
10-27 22:02:05.110 I/dvm_lock_sample( 1594): [system_server,1,ActivityManager,88,BroadcastQueue.java,984,void com.android.server.am.BroadcastQueue.processNextBroadcast(boolean, boolean),ActivityManagerService.java,14285,android.content.ComponentName com.android.server.am.ActivityManagerService.startService(android.app.IApplicationThread, android.content.Intent, java.lang.String, boolean, java.lang.String, int),17]
10-27 22:02:05.112 I/dvm_lock_sample( 1594): [system_server,0,Binder:1594_2,80,ActivityManagerService.java,14494,void com.android.server.am.ActivityManagerService.serviceDoneExecuting(android.os.IBinder, int, int, int),-,5395,void com.android.server.am.ActivityManagerService.attachApplication(android.app.IApplicationThread, long),16]
10-27 22:02:05.130 I/sysui_multi_action( 1594): [757,147,758,4,759,1,806,com.idealinspecao.perueiroapp]
10-27 22:02:05.566 I/am_create_activity( 1594): [0,148224768,1992,com.idealinspecao.perueiroapp/.MainActivity,NULL,NULL,NULL,268435456]
10-27 22:02:05.632 I/dvm_lock_sample( 1594): [system_server,1,Binder:1594_F,204,ProcessManagerService.java,1704,java.util.List com.android.server.am.ProcessManagerService.getRunningProcessInfo(int, int, java.lang.String, java.lang.String, int),ActivityManagerService.java,14285,android.content.ComponentName com.android.server.am.ActivityManagerService.startService(android.app.IApplicationThread, android.content.Intent, java.lang.String, boolean, java.lang.String, int),40]
10-27 22:02:05.661 I/dvm_lock_sample( 1594): [system_server,1,Binder:1594_15,209,ActivityManagerService.java,14791,android.content.Intent com.android.server.am.ActivityManagerService.registerReceiver(android.app.IApplicationThread, java.lang.String, android.content.IIntentReceiver, android.content.IntentFilter, java.lang.String, int, int),-,14285,android.content.ComponentName com.android.server.am.ActivityManagerService.startService(android.app.IApplicationThread, android.content.Intent, java.lang.String, boolean, java.lang.String, int),41]
10-27 22:02:05.766 I/dvm_lock_sample( 1594): [system_server,1,android.display,137,ActivityManagerService.java,18519,void com.android.server.am.ActivityManagerService$LocalService.updateCpuStats(),-,14285,android.content.ComponentName com.android.server.am.ActivityManagerService.startService(android.app.IApplicationThread, android.content.Intent, java.lang.String, boolean, java.lang.String, int),27]
10-27 22:02:05.774 I/dvm_lock_sample( 1594): [system_server,1,Binder:1594_19,115,ActivityManagerService.java,14474,void com.android.server.am.ActivityManagerService.publishService(android.os.IBinder, android.content.Intent, android.os.IBinder),-,14450,int com.android.server.am.ActivityManagerService.bindIsolatedService(android.app.IApplicationThread, android.os.IBinder, android.content.Intent, java.lang.String, android.app.IServiceConnection, int, java.lang.String, java.lang.String, int),23]
10-27 22:02:05.775 I/dvm_lock_sample( 1594): [system_server,1,Binder:1594_1A,113,ActivityManagerService.java,14310,int com.android.server.am.ActivityManagerService.stopService(android.app.IApplicationThread, android.content.Intent, java.lang.String, int),-,14875,android.content.Intent com.android.server.am.ActivityManagerService.registerReceiver(android.app.IApplicationThread, java.lang.String, android.content.IIntentReceiver, android.content.IntentFilter, java.lang.String, int, int),22]
10-27 22:02:05.780 I/dvm_lock_sample( 1594): [system_server,1,Binder:1594_15,108,ActivityManagerService.java,1537,void com.android.server.am.ActivityManagerService$AppDeathRecipient.binderDied(),-,14450,int com.android.server.am.ActivityManagerService.bindIsolatedService(android.app.IApplicationThread, android.os.IBinder, android.content.Intent, java.lang.String, android.app.IServiceConnection, int, java.lang.String, java.lang.String, int),21]
10-27 22:02:05.866 I/am_proc_start( 1594): [0,8626,11398,com.idealinspecao.perueiroapp,activity,{com.idealinspecao.perueiroapp/com.idealinspecao.perueiroapp.MainActivity}]
10-27 22:02:05.977 I/am_proc_bound( 1594): [0,8626,com.idealinspecao.perueiroapp]
10-27 22:02:05.988 I/am_restart_activity( 1594): [0,148224768,1992,com.idealinspecao.perueiroapp/.MainActivity,8626]
10-27 22:02:05.991 I/am_set_resumed_activity( 1594): [0,com.idealinspecao.perueiroapp/.MainActivity,minimalResumeActivityLocked]
10-27 22:02:06.926 I/notification_cancel_all( 1594): [1000,1594,com.idealinspecao.perueiroapp,0,0,0,5,NULL]
10-27 22:02:07.110 I/notification_cancel_all( 1594): [1000,1594,com.idealinspecao.perueiroapp,0,0,0,5,NULL]
10-27 22:02:11.606 I/am_lifecycle_sample( 8626): [0,com.idealinspecao.perueiroapp,110,5589]
10-27 22:02:11.830 I/am_on_create_called( 8626): [0,com.idealinspecao.perueiroapp.MainActivity,performCreate,100]
10-27 22:02:11.843 I/am_on_start_called( 8626): [0,com.idealinspecao.perueiroapp.MainActivity,handleStartActivity,1]
10-27 22:02:11.847 I/am_on_resume_called( 8626): [0,com.idealinspecao.perueiroapp.MainActivity,RESUME_ACTIVITY,1]
10-27 22:02:11.875 I/am_on_top_resumed_gained_called( 8626): [0,com.idealinspecao.perueiroapp.MainActivity,topStateChangedWhenResumed]
10-27 22:02:13.896 I/sysui_multi_action( 1594): [319,590,321,530,322,8462,325,1961153,757,761,758,7,759,1,806,com.idealinspecao.perueiroapp,871,com.idealinspecao.perueiroapp.MainActivity,904,com.android.shell,905,0,945,548,1320,12,1321,1]
10-27 22:02:13.900 I/am_activity_launch_time( 1594): [0,148224768,com.idealinspecao.perueiroapp/.MainActivity,8462]
10-27 22:02:14.053 I/dvm_lock_sample( 8626): [com.idealinspecao.perueiroapp,0,arch_disk_io_1,9,SQLiteConnectionPool.java,684,android.database.sqlite.SQLiteConnection android.database.sqlite.SQLiteConnectionPool.waitForConnection(java.lang.String, int, android.os.CancellationSignal),SystemProperties.java,-2,int android.os.SystemProperties.native_get_int(java.lang.String, int),1]
10-27 22:02:16.156 I/am_pss  ( 1594): [8626,11398,com.idealinspecao.perueiroapp,127934464,119795712,267264,215023616,0,2,17]
10-27 22:02:26.235 I/am_pss  ( 1594): [8626,11398,com.idealinspecao.perueiroapp,147627008,139116544,250880,236363776,0,2,15]
10-27 22:03:23.228 I/am_on_top_resumed_lost_called( 8626): [0,com.idealinspecao.perueiroapp.MainActivity,topStateChangedWhenResumed]
10-27 22:03:23.232 I/am_pause_activity( 1594): [8626,148224768,com.idealinspecao.perueiroapp/.MainActivity,userLeaving=true]
10-27 22:03:23.235 I/am_add_to_stopping( 1594): [0,148224768,com.idealinspecao.perueiroapp/.MainActivity,makeInvisible]
10-27 22:03:23.244 I/am_on_paused_called( 8626): [0,com.idealinspecao.perueiroapp.MainActivity,performPause,0]
10-27 22:03:23.658 I/am_stop_activity( 1594): [0,148224768,com.idealinspecao.perueiroapp/.MainActivity]
10-27 22:03:23.709 I/am_on_stop_called( 8626): [0,com.idealinspecao.perueiroapp.MainActivity,STOP_ACTIVITY_ITEM,0]
10-27 22:03:24.238 I/sysui_multi_action( 3049): [757,289,758,4,806,ComponentInfo{com.idealinspecao.perueiroapp/com.idealinspecao.perueiroapp.MainActivity}]
10-27 22:03:24.243 I/am_finish_activity( 1594): [8626,148224768,1992,com.idealinspecao.perueiroapp/.MainActivity,remove-task]
10-27 22:03:24.243 I/am_destroy_activity( 1594): [8626,148224768,1992,com.idealinspecao.perueiroapp/.MainActivity,finish-imm:finishActivityLocked]
10-27 22:03:24.291 I/am_on_destroy_called( 8626): [0,com.idealinspecao.perueiroapp.MainActivity,performDestroy,1]
10-27 22:03:24.327 I/am_kill ( 1594): [0,8626,com.idealinspecao.perueiroapp,905,SwipeUpClean]
10-27 22:03:24.460 I/am_proc_died( 1594): [0,8626,com.idealinspecao.perueiroapp,905,20]
10-27 22:13:06.315 I/dvm_lock_sample( 1594): [system_server,1,android.ui,8,ActivityManagerService.java,3378,void com.android.server.am.ActivityManagerService.dispatchUidsChanged(),-,14450,int com.android.server.am.ActivityManagerService.bindIsolatedService(android.app.IApplicationThread, android.os.IBinder, android.content.Intent, java.lang.String, android.app.IServiceConnection, int, java.lang.String, java.lang.String, int),1]
10-27 22:13:23.976 I/dvm_lock_sample( 1594): [system_server,1,Binder:1594_1A,29,ActivityManagerService.java,14450,int com.android.server.am.ActivityManagerService.bindIsolatedService(android.app.IApplicationThread, android.os.IBinder, android.content.Intent, java.lang.String, android.app.IServiceConnection, int, java.lang.String, java.lang.String, int),-,14494,void com.android.server.am.ActivityManagerService.serviceDoneExecuting(android.os.IBinder, int, int, int),5]
10-27 22:14:55.968 I/dvm_lock_sample( 1594): [system_server,0,Binder:1594_C,7,ActivityManagerService.java,14494,void com.android.server.am.ActivityManagerService.serviceDoneExecuting(android.os.IBinder, int, int, int),-,14463,boolean com.android.server.am.ActivityManagerService.unbindService(android.app.IServiceConnection),1]
10-27 22:15:20.458 I/dvm_lock_sample( 1594): [system_server,0,Binder:1594_14,24,ActivityManagerService.java,14494,void com.android.server.am.ActivityManagerService.serviceDoneExecuting(android.os.IBinder, int, int, int),-,14450,int com.android.server.am.ActivityManagerService.bindIsolatedService(android.app.IApplicationThread, android.os.IBinder, android.content.Intent, java.lang.String, android.app.IServiceConnection, int, java.lang.String, java.lang.String, int),4]
10-27 22:15:22.200 I/dvm_lock_sample( 1594): [system_server,1,Binder:1594_17,5,ActivityManagerService.java,8605,boolean com.android.server.am.ActivityManagerService.isUidActive(int, java.lang.String),-,14494,void com.android.server.am.ActivityManagerService.serviceDoneExecuting(android.os.IBinder, int, int, int),1]
10-27 22:28:25.106 I/dvm_lock_sample( 1594): [system_server,1,android.ui,7,ActivityManagerService.java,3378,void com.android.server.am.ActivityManagerService.dispatchUidsChanged(),-,14463,boolean com.android.server.am.ActivityManagerService.unbindService(android.app.IServiceConnection),1]
10-27 22:28:25.306 I/dvm_lock_sample( 1594): [system_server,1,Binder:1594_12,9,ActivityManagerService.java,14791,android.content.Intent com.android.server.am.ActivityManagerService.registerReceiver(android.app.IApplicationThread, java.lang.String, android.content.IIntentReceiver, android.content.IntentFilter, java.lang.String, int, int),-,5395,void com.android.server.am.ActivityManagerService.attachApplication(android.app.IApplicationThread, long),1]
10-27 22:28:26.133 I/dvm_lock_sample( 1594): [system_server,1,Binder:1594_15,5,ActivityManagerService.java,14474,void com.android.server.am.ActivityManagerService.publishService(android.os.IBinder, android.content.Intent, android.os.IBinder),-,14450,int com.android.server.am.ActivityManagerService.bindIsolatedService(android.app.IApplicationThread, android.os.IBinder, android.content.Intent, java.lang.String, android.app.IServiceConnection, int, java.lang.String, java.lang.String, int),1]
10-27 22:36:01.452 I/dvm_lock_sample( 1594): [system_server,1,Binder:1594_5,11,ActivityManagerService.java,14450,int com.android.server.am.ActivityManagerService.bindIsolatedService(android.app.IApplicationThread, android.os.IBinder, android.content.Intent, java.lang.String, android.app.IServiceConnection, int, java.lang.String, java.lang.String, int),-,14450,int com.android.server.am.ActivityManagerService.bindIsolatedService(android.app.IApplicationThread, android.os.IBinder, android.content.Intent, java.lang.String, android.app.IServiceConnection, int, java.lang.String, java.lang.String, int),2]
10-27 22:43:30.023 I/dvm_lock_sample( 1594): [system_server,1,Binder:1594_10,5,ActivityManagerService.java,6752,java.lang.String com.android.server.am.ActivityManagerService.checkContentProviderAccess(java.lang.String, int),-,14494,void com.android.server.am.ActivityManagerService.serviceDoneExecuting(android.os.IBinder, int, int, int),1]
10-27 22:46:04.084 I/dvm_lock_sample( 1594): [system_server,0,AsyncTask #7,35,ActivityManagerService.java,10090,int com.android.server.am.ActivityManagerService.getMemoryTrimLevel(),-,1537,void com.android.server.am.ActivityManagerService$AppDeathRecipient.binderDied(),7]
10-27 22:46:05.066 I/dvm_lock_sample( 1594): [system_server,1,main,67,ActivityManagerService.java,18291,void com.android.server.am.ActivityManagerService$LocalService.updateDeviceIdleTempWhitelist(int[], int, boolean),BroadcastQueue.java,984,void com.android.server.am.BroadcastQueue.processNextBroadcast(boolean, boolean),13]
10-27 22:46:05.134 I/dvm_lock_sample( 1594): [system_server,0,PackageManager,54,ActivityManagerService.java,15989,int com.android.server.am.ActivityManagerService.broadcastIntent(android.app.IApplicationThread, android.content.Intent, java.lang.String, android.content.IIntentReceiver, int, java.lang.String, android.os.Bundle, java.lang.String[], int, android.os.Bundle, boolean, boolean, int),ActiveServices.java,2189,void com.android.server.am.ActiveServices$ServiceRestarter.run(),10]
10-27 22:46:05.264 I/dvm_lock_sample( 1594): [system_server,0,Binder:1594_19,18,ActivityManagerService.java,14494,void com.android.server.am.ActivityManagerService.serviceDoneExecuting(android.os.IBinder, int, int, int),-,14285,android.content.ComponentName com.android.server.am.ActivityManagerService.startService(android.app.IApplicationThread, android.content.Intent, java.lang.String, boolean, java.lang.String, int),3]
10-27 22:46:05.265 I/sysui_multi_action( 1594): [757,147,758,4,759,1,806,com.idealinspecao.perueiroapp]
10-27 22:46:05.310 I/dvm_lock_sample( 1594): [system_server,1,Binder:1594_7,14,ActivityManagerService.java,14285,android.content.ComponentName com.android.server.am.ActivityManagerService.startService(android.app.IApplicationThread, android.content.Intent, java.lang.String, boolean, java.lang.String, int),-,15989,int com.android.server.am.ActivityManagerService.broadcastIntent(android.app.IApplicationThread, android.content.Intent, java.lang.String, android.content.IIntentReceiver, int, java.lang.String, android.os.Bundle, java.lang.String[], int, android.os.Bundle, boolean, boolean, int),2]
10-27 22:46:05.444 I/dvm_lock_sample( 1594): [system_server,0,Binder:1594_16,64,ActivityManagerService.java,14494,void com.android.server.am.ActivityManagerService.serviceDoneExecuting(android.os.IBinder, int, int, int),-,14285,android.content.ComponentName com.android.server.am.ActivityManagerService.startService(android.app.IApplicationThread, android.content.Intent, java.lang.String, boolean, java.lang.String, int),12]
10-27 22:46:05.488 I/dvm_lock_sample( 1594): [system_server,1,ActivityManager:procStart,89,ProcessList.java,1687,void com.android.server.am.ProcessList.lambda$startProcessLocked$0$ProcessList(com.android.server.am.ProcessRecord, java.lang.String, int[], int, int, java.lang.String, java.lang.String, java.lang.String, long),ActivityManagerService.java,14285,android.content.ComponentName com.android.server.am.ActivityManagerService.startService(android.app.IApplicationThread, android.content.Intent, java.lang.String, boolean, java.lang.String, int),17]
10-27 22:46:05.528 I/dvm_lock_sample( 1594): [system_server,1,Binder:1594_1C,102,ActivityManagerService.java,14285,android.content.ComponentName com.android.server.am.ActivityManagerService.startService(android.app.IApplicationThread, android.content.Intent, java.lang.String, boolean, java.lang.String, int),-,1537,void com.android.server.am.ActivityManagerService$AppDeathRecipient.binderDied(),20]
10-27 22:46:05.790 I/am_create_activity( 1594): [0,8927428,1994,com.idealinspecao.perueiroapp/.MainActivity,NULL,NULL,NULL,268435456]
10-27 22:46:05.986 I/dvm_lock_sample( 1594): [system_server,1,Binder:1594_7,389,ActivityTaskManagerService.java,6715,android.content.res.CompatibilityInfo com.android.server.wm.ActivityTaskManagerService$LocalService.compatibilityInfoForPackage(android.content.pm.ApplicationInfo),ActivityStarter.java,1313,int com.android.server.wm.ActivityStarter.startActivityMayWait(android.app.IApplicationThread, int, java.lang.String, int, int, android.content.Intent, java.lang.String, android.service.voice.IVoiceInteractionSession, com.android.internal.app.IVoiceInteractor, android.os.IBinder, java.lang.String, int, int, android.app.ProfilerInfo, android.app.WaitResult, android.content.res.Configuration, com.android.server.wm.SafeActivityOptions, boolean, int, com.android.server.wm.TaskRecord, java.lang.String, boolean, com.android.server.am.PendingIntentRecord, boolean),77]
10-27 22:46:05.987 I/dvm_lock_sample( 1594): [system_server,1,Binder:1594_15,357,WindowProcessUtils.java,405,java.lang.String com.android.server.wm.WindowProcessUtils.getCallerPackageName(com.android.server.wm.ActivityTaskManagerService, android.app.IApplicationThread),ActivityStarter.java,1313,int com.android.server.wm.ActivityStarter.startActivityMayWait(android.app.IApplicationThread, int, java.lang.String, int, int, android.content.Intent, java.lang.String, android.service.voice.IVoiceInteractionSession, com.android.internal.app.IVoiceInteractor, android.os.IBinder, java.lang.String, int, int, android.app.ProfilerInfo, android.app.WaitResult, android.content.res.Configuration, com.android.server.wm.SafeActivityOptions, boolean, int, com.android.server.wm.TaskRecord, java.lang.String, boolean, com.android.server.am.PendingIntentRecord, boolean),71]
10-27 22:46:05.988 I/dvm_lock_sample( 1594): [system_server,1,Binder:1594_13,352,WindowProcessUtils.java,405,java.lang.String com.android.server.wm.WindowProcessUtils.getCallerPackageName(com.android.server.wm.ActivityTaskManagerService, android.app.IApplicationThread),ActivityStarter.java,1313,int com.android.server.wm.ActivityStarter.startActivityMayWait(android.app.IApplicationThread, int, java.lang.String, int, int, android.content.Intent, java.lang.String, android.service.voice.IVoiceInteractionSession, com.android.internal.app.IVoiceInteractor, android.os.IBinder, java.lang.String, int, int, android.app.ProfilerInfo, android.app.WaitResult, android.content.res.Configuration, com.android.server.wm.SafeActivityOptions, boolean, int, com.android.server.wm.TaskRecord, java.lang.String, boolean, com.android.server.am.PendingIntentRecord, boolean),70]
10-27 22:46:06.027 I/dvm_lock_sample( 1594): [system_server,1,Binder:1594_16,436,ActivityManagerService.java,14450,int com.android.server.am.ActivityManagerService.bindIsolatedService(android.app.IApplicationThread, android.os.IBinder, android.content.Intent, java.lang.String, android.app.IServiceConnection, int, java.lang.String, java.lang.String, int),-,14450,int com.android.server.am.ActivityManagerService.bindIsolatedService(android.app.IApplicationThread, android.os.IBinder, android.content.Intent, java.lang.String, android.app.IServiceConnection, int, java.lang.String, java.lang.String, int),87]
10-27 22:46:06.031 I/dvm_lock_sample( 1594): [system_server,1,Binder:1594_1C,418,ActivityManagerService.java,5395,void com.android.server.am.ActivityManagerService.attachApplication(android.app.IApplicationThread, long),-,14450,int com.android.server.am.ActivityManagerService.bindIsolatedService(android.app.IApplicationThread, android.os.IBinder, android.content.Intent, java.lang.String, android.app.IServiceConnection, int, java.lang.String, java.lang.String, int),83]
10-27 22:46:06.046 I/dvm_lock_sample( 1594): [system_server,1,Binder:1594_11,339,ActivityManagerService.java,7639,void com.android.server.am.ActivityManagerService.publishContentProviders(android.app.IApplicationThread, java.util.List),-,14450,int com.android.server.am.ActivityManagerService.bindIsolatedService(android.app.IApplicationThread, android.os.IBinder, android.content.Intent, java.lang.String, android.app.IServiceConnection, int, java.lang.String, java.lang.String, int),67]
10-27 22:46:06.047 I/dvm_lock_sample( 1594): [system_server,0,Binder:1594_18,301,ActivityManagerService.java,14494,void com.android.server.am.ActivityManagerService.serviceDoneExecuting(android.os.IBinder, int, int, int),-,14450,int com.android.server.am.ActivityManagerService.bindIsolatedService(android.app.IApplicationThread, android.os.IBinder, android.content.Intent, java.lang.String, android.app.IServiceConnection, int, java.lang.String, java.lang.String, int),60]
10-27 22:46:06.047 I/binder_sample(13614): [android.app.IActivityManager,15,435,<pre-initialized>,87]
10-27 22:46:06.050 I/binder_sample(13529): [android.app.IActivityManager,21,348,com.xiaomi.bluetooth,69]
10-27 22:46:06.055 I/dvm_lock_sample( 1594): [system_server,1,Binder:1594_8,298,ActivityManagerService.java,6978,android.app.ContentProviderHolder com.android.server.am.ActivityManagerService.getContentProviderImpl(android.app.IApplicationThread, java.lang.String, android.os.IBinder, int, java.lang.String, java.lang.String, boolean, int),-,14450,int com.android.server.am.ActivityManagerService.bindIsolatedService(android.app.IApplicationThread, android.os.IBinder, android.content.Intent, java.lang.String, android.app.IServiceConnection, int, java.lang.String, java.lang.String, int),59]
10-27 22:46:06.163 I/am_proc_start( 1594): [0,13658,11398,com.idealinspecao.perueiroapp,activity,{com.idealinspecao.perueiroapp/com.idealinspecao.perueiroapp.MainActivity}]
10-27 22:46:06.277 I/am_proc_bound( 1594): [0,13658,com.idealinspecao.perueiroapp]
10-27 22:46:06.282 I/am_restart_activity( 1594): [0,8927428,1994,com.idealinspecao.perueiroapp/.MainActivity,13658]
10-27 22:46:06.283 I/am_set_resumed_activity( 1594): [0,com.idealinspecao.perueiroapp/.MainActivity,minimalResumeActivityLocked]
10-27 22:46:07.832 I/notification_cancel_all( 1594): [1000,1594,com.idealinspecao.perueiroapp,0,0,0,5,NULL]
10-27 22:46:07.943 I/notification_cancel_all( 1594): [1000,1594,com.idealinspecao.perueiroapp,0,0,0,5,NULL]
10-27 22:46:08.675 I/dvm_lock_sample( 1594): [system_server,1,android.ui,85,ActivityManagerService.java,3378,void com.android.server.am.ActivityManagerService.dispatchUidsChanged(),-,1537,void com.android.server.am.ActivityManagerService$AppDeathRecipient.binderDied(),17]
10-27 22:46:09.643 I/dvm_lock_sample( 1594): [system_server,1,Binder:1594_B,24,ActivityManagerService.java,14791,android.content.Intent com.android.server.am.ActivityManagerService.registerReceiver(android.app.IApplicationThread, java.lang.String, android.content.IIntentReceiver, android.content.IntentFilter, java.lang.String, int, int),-,14494,void com.android.server.am.ActivityManagerService.serviceDoneExecuting(android.os.IBinder, int, int, int),4]
10-27 22:46:09.938 I/dvm_lock_sample( 1594): [system_server,1,Binder:1594_5,9,ActivityManagerService.java,18411,boolean com.android.server.am.ActivityManagerService$LocalService.isUidActive(int),-,14474,void com.android.server.am.ActivityManagerService.publishService(android.os.IBinder, android.content.Intent, android.os.IBinder),1]
10-27 22:46:10.054 I/dvm_lock_sample( 1594): [system_server,1,Binder:1594_18,27,ActivityManagerService.java,14450,int com.android.server.am.ActivityManagerService.bindIsolatedService(android.app.IApplicationThread, android.os.IBinder, android.content.Intent, java.lang.String, android.app.IServiceConnection, int, java.lang.String, java.lang.String, int),-,1537,void com.android.server.am.ActivityManagerService$AppDeathRecipient.binderDied(),5]
10-27 22:46:11.466 I/am_lifecycle_sample(13658): [0,com.idealinspecao.perueiroapp,110,5157]
10-27 22:46:11.694 I/am_on_create_called(13658): [0,com.idealinspecao.perueiroapp.MainActivity,performCreate,96]
10-27 22:46:11.708 I/am_on_start_called(13658): [0,com.idealinspecao.perueiroapp.MainActivity,handleStartActivity,0]
10-27 22:46:11.711 I/am_on_resume_called(13658): [0,com.idealinspecao.perueiroapp.MainActivity,RESUME_ACTIVITY,1]
10-27 22:46:11.738 I/am_on_top_resumed_gained_called(13658): [0,com.idealinspecao.perueiroapp.MainActivity,topStateChangedWhenResumed]
10-27 22:46:13.753 I/sysui_multi_action( 1594): [319,709,321,635,322,8151,325,1963793,757,761,758,7,759,1,806,com.idealinspecao.perueiroapp,871,com.idealinspecao.perueiroapp.MainActivity,904,com.android.shell,905,0,945,686,1320,12,1321,1]
10-27 22:46:13.757 I/am_activity_launch_time( 1594): [0,8927428,com.idealinspecao.perueiroapp/.MainActivity,8151]
10-27 22:46:17.271 I/am_pss  ( 1594): [13658,11398,com.idealinspecao.perueiroapp,129512448,120586240,268288,216387584,0,2,14]
10-27 22:46:21.479 I/am_pss  ( 1594): [13658,11398,com.idealinspecao.perueiroapp,138710016,129527808,252928,227807232,1,2,13]
10-27 22:47:22.101 I/am_pss  ( 1594): [13658,11398,com.idealinspecao.perueiroapp,155667456,140042240,250880,252510208,0,2,15]
10-27 22:48:11.968 I/am_on_top_resumed_lost_called(13658): [0,com.idealinspecao.perueiroapp.MainActivity,topStateChangedWhenResumed]
10-27 22:48:11.973 I/am_pause_activity( 1594): [13658,8927428,com.idealinspecao.perueiroapp/.MainActivity,userLeaving=true]
10-27 22:48:11.976 I/am_add_to_stopping( 1594): [0,8927428,com.idealinspecao.perueiroapp/.MainActivity,makeInvisible]
10-27 22:48:11.984 I/am_on_paused_called(13658): [0,com.idealinspecao.perueiroapp.MainActivity,performPause,1]
10-27 22:48:12.394 I/am_stop_activity( 1594): [0,8927428,com.idealinspecao.perueiroapp/.MainActivity]
10-27 22:48:12.448 I/am_on_stop_called(13658): [0,com.idealinspecao.perueiroapp.MainActivity,STOP_ACTIVITY_ITEM,0]
10-27 22:48:12.941 I/sysui_multi_action( 3049): [757,289,758,4,806,ComponentInfo{com.idealinspecao.perueiroapp/com.idealinspecao.perueiroapp.MainActivity}]
10-27 22:48:12.943 I/am_finish_activity( 1594): [13658,8927428,1994,com.idealinspecao.perueiroapp/.MainActivity,remove-task]
10-27 22:48:12.943 I/am_destroy_activity( 1594): [13658,8927428,1994,com.idealinspecao.perueiroapp/.MainActivity,finish-imm:finishActivityLocked]
10-27 22:48:12.980 I/am_on_destroy_called(13658): [0,com.idealinspecao.perueiroapp.MainActivity,performDestroy,0]
10-27 22:48:13.013 I/am_kill ( 1594): [0,13658,com.idealinspecao.perueiroapp,700,SwipeUpClean]
10-27 22:48:13.201 I/am_proc_died( 1594): [0,13658,com.idealinspecao.perueiroapp,700,16]
10-27 22:48:50.707 I/dvm_lock_sample( 1594): [system_server,1,Binder:1594_14,5,ActivityManagerService.java,8605,boolean com.android.server.am.ActivityManagerService.isUidActive(int, java.lang.String),-,14494,void com.android.server.am.ActivityManagerService.serviceDoneExecuting(android.os.IBinder, int, int, int),1]
10-27 22:51:18.964 I/am_create_activity( 1594): [0,146374948,1995,com.idealinspecao.perueiroapp/.MainActivity,android.intent.action.MAIN,NULL,NULL,270532608]
10-27 22:51:19.028 I/am_proc_start( 1594): [0,15082,11398,com.idealinspecao.perueiroapp,activity,{com.idealinspecao.perueiroapp/com.idealinspecao.perueiroapp.MainActivity}]
10-27 22:51:19.086 I/am_proc_bound( 1594): [0,15082,com.idealinspecao.perueiroapp]
10-27 22:51:19.091 I/am_restart_activity( 1594): [0,146374948,1995,com.idealinspecao.perueiroapp/.MainActivity,15082]
10-27 22:51:19.092 I/am_set_resumed_activity( 1594): [0,com.idealinspecao.perueiroapp/.MainActivity,minimalResumeActivityLocked]
10-27 22:51:23.105 I/am_lifecycle_sample(15082): [0,com.idealinspecao.perueiroapp,110,3998]
10-27 22:51:23.300 I/am_on_create_called(15082): [0,com.idealinspecao.perueiroapp.MainActivity,performCreate,91]
10-27 22:51:23.314 I/am_on_start_called(15082): [0,com.idealinspecao.perueiroapp.MainActivity,handleStartActivity,0]
10-27 22:51:23.317 I/am_on_resume_called(15082): [0,com.idealinspecao.perueiroapp.MainActivity,RESUME_ACTIVITY,1]
10-27 22:51:23.339 I/am_on_top_resumed_gained_called(15082): [0,com.idealinspecao.perueiroapp.MainActivity,topStateChangedWhenResumed]
10-27 22:51:24.989 I/sysui_multi_action( 1594): [319,153,321,77,322,6034,325,1964106,757,761,758,7,759,1,806,com.idealinspecao.perueiroapp,871,com.idealinspecao.perueiroapp.MainActivity,904,com.miui.home,905,0,945,134,1320,12,1321,1]
10-27 22:51:24.993 I/am_activity_launch_time( 1594): [0,146374948,com.idealinspecao.perueiroapp/.MainActivity,6034]
10-27 22:51:33.450 I/am_pss  ( 1594): [15082,11398,com.idealinspecao.perueiroapp,140993536,131772416,243712,233021440,0,2,21]
10-27 22:53:24.881 I/am_pss  ( 1594): [15082,11398,com.idealinspecao.perueiroapp,139455488,129777664,243712,231763968,0,2,19]
10-27 22:53:30.792 I/am_pss  ( 1594): [15082,11398,com.idealinspecao.perueiroapp,139642880,129626112,256000,231424000,1,2,13]
10-27 22:55:26.222 I/am_pss  ( 1594): [15082,11398,com.idealinspecao.perueiroapp,139108352,129069056,249856,231264256,0,2,17]
10-27 22:56:57.119 I/am_pss  ( 1594): [15082,11398,com.idealinspecao.perueiroapp,138030080,128221184,238592,231256064,2,2,13]
10-27 22:58:33.513 I/dvm_lock_sample( 1594): [system_server,1,Binder:1594_9,22,ActivityManagerService.java,7717,boolean com.android.server.am.ActivityManagerService.refContentProvider(android.os.IBinder, int, int),-,14463,boolean com.android.server.am.ActivityManagerService.unbindService(android.app.IServiceConnection),4]
10-27 22:58:33.778 I/dvm_lock_sample( 1594): [system_server,1,android.ui,14,ActivityManagerService.java,3378,void com.android.server.am.ActivityManagerService.dispatchUidsChanged(),-,1537,void com.android.server.am.ActivityManagerService$AppDeathRecipient.binderDied(),2]
10-27 22:58:33.979 I/dvm_lock_sample( 1594): [system_server,1,Binder:1594_11,7,ActivityManagerService.java,14450,int com.android.server.am.ActivityManagerService.bindIsolatedService(android.app.IApplicationThread, android.os.IBinder, android.content.Intent, java.lang.String, android.app.IServiceConnection, int, java.lang.String, java.lang.String, int),-,14450,int com.android.server.am.ActivityManagerService.bindIsolatedService(android.app.IApplicationThread, android.os.IBinder, android.content.Intent, java.lang.String, android.app.IServiceConnection, int, java.lang.String, java.lang.String, int),1]
10-27 23:00:30.257 I/am_pss  ( 1594): [15082,11398,com.idealinspecao.perueiroapp,138369024,128720896,250880,230981632,0,2,21]
10-27 23:05:45.150 I/am_pss  ( 1594): [15082,11398,com.idealinspecao.perueiroapp,138344448,128708608,250880,230969344,0,2,21]
10-27 23:08:39.023 I/am_pss  ( 1594): [15082,11398,com.idealinspecao.perueiroapp,138686464,128679936,256000,230875136,1,2,13]
10-27 23:08:54.338 I/dvm_lock_sample( 1594): [system_server,1,android.ui,9,ActivityManagerService.java,3378,void com.android.server.am.ActivityManagerService.dispatchUidsChanged(),-,14450,int com.android.server.am.ActivityManagerService.bindIsolatedService(android.app.IApplicationThread, android.os.IBinder, android.content.Intent, java.lang.String, android.app.IServiceConnection, int, java.lang.String, java.lang.String, int),1]
10-27 23:13:34.768 I/dvm_lock_sample( 1594): [system_server,1,Binder:1594_18,11,ActivityManagerService.java,7717,boolean com.android.server.am.ActivityManagerService.refContentProvider(android.os.IBinder, int, int),-,5395,void com.android.server.am.ActivityManagerService.attachApplication(android.app.IApplicationThread, long),2]
10-27 23:13:35.297 I/am_pss  ( 1594): [15082,11398,com.idealinspecao.perueiroapp,130668544,125415424,202752,205479936,0,2,14]
10-27 23:16:34.646 I/dvm_lock_sample( 1594): [system_server,0,miui.fg,10,ActivityManagerService.java,5955,boolean com.android.server.am.ActivityManagerService.isAppBad(android.content.pm.ApplicationInfo),-,14450,int com.android.server.am.ActivityManagerService.bindIsolatedService(android.app.IApplicationThread, android.os.IBinder, android.content.Intent, java.lang.String, android.app.IServiceConnection, int, java.lang.String, java.lang.String, int),2]
10-27 23:16:35.951 I/dvm_lock_sample( 1594): [system_server,1,Binder:1594_C,15,ActivityManagerService.java,14474,void com.android.server.am.ActivityManagerService.publishService(android.os.IBinder, android.content.Intent, android.os.IBinder),-,14450,int com.android.server.am.ActivityManagerService.bindIsolatedService(android.app.IApplicationThread, android.os.IBinder, android.content.Intent, java.lang.String, android.app.IServiceConnection, int, java.lang.String, java.lang.String, int),3]
10-27 23:30:44.863 I/am_pss  ( 1594): [15082,11398,com.idealinspecao.perueiroapp,128822272,124436480,202752,199090176,0,2,20]
10-27 23:37:22.620 I/dvm_lock_sample( 1594): [system_server,0,Binder:1594_10,11,ActivityManagerService.java,14494,void com.android.server.am.ActivityManagerService.serviceDoneExecuting(android.os.IBinder, int, int, int),-,14463,boolean com.android.server.am.ActivityManagerService.unbindService(android.app.IServiceConnection),2]
10-27 23:44:25.312 I/dvm_lock_sample( 1594): [system_server,1,main,18,BroadcastDispatcher.java,186,void com.android.server.am.BroadcastDispatcher$1.broadcastAlarmComplete(int),ActivityManagerService.java,14450,int com.android.server.am.ActivityManagerService.bindIsolatedService(android.app.IApplicationThread, android.os.IBinder, android.content.Intent, java.lang.String, android.app.IServiceConnection, int, java.lang.String, java.lang.String, int),3]
10-27 23:45:29.590 I/dvm_lock_sample( 1594): [system_server,1,android.ui,18,ActivityManagerService.java,3432,void com.android.server.am.ActivityManagerService.dispatchUidsChanged(),-,5955,boolean com.android.server.am.ActivityManagerService.isAppBad(android.content.pm.ApplicationInfo),3]
10-27 23:56:55.446 I/am_pss  ( 1594): [15082,11398,com.idealinspecao.perueiroapp,128535552,124338176,215040,195444736,0,2,20]
10-28 00:09:14.447 I/dvm_lock_sample( 1594): [system_server,0,android.bg,7,ActivityManagerService.java,1964,void com.android.server.am.ActivityManagerService$5.handleMessage(android.os.Message),-,14450,int com.android.server.am.ActivityManagerService.bindIsolatedService(android.app.IApplicationThread, android.os.IBinder, android.content.Intent, java.lang.String, android.app.IServiceConnection, int, java.lang.String, java.lang.String, int),1]
10-28 00:19:38.099 I/dvm_lock_sample( 1594): [system_server,1,Binder:1594_3,5,ActivityManagerService.java,6181,boolean com.android.server.am.ActivityManagerService.isAppStartModeDisabled(int, java.lang.String),-,14494,void com.android.server.am.ActivityManagerService.serviceDoneExecuting(android.os.IBinder, int, int, int),1]
10-28 00:25:19.771 I/dvm_lock_sample( 1594): [system_server,1,Binder:1594_F,10,ActivityManagerService.java,6181,boolean com.android.server.am.ActivityManagerService.isAppStartModeDisabled(int, java.lang.String),-,14450,int com.android.server.am.ActivityManagerService.bindIsolatedService(android.app.IApplicationThread, android.os.IBinder, android.content.Intent, java.lang.String, android.app.IServiceConnection, int, java.lang.String, java.lang.String, int),2]
10-28 00:27:28.215 I/dvm_lock_sample( 1594): [system_server,0,Binder:1594_1A,6,ActivityManagerService.java,14494,void com.android.server.am.ActivityManagerService.serviceDoneExecuting(android.os.IBinder, int, int, int),-,14463,boolean com.android.server.am.ActivityManagerService.unbindService(android.app.IServiceConnection),1]
10-28 00:36:08.162 I/am_pss  ( 1594): [15082,11398,com.idealinspecao.perueiroapp,127579136,123793408,202752,193396736,0,2,13]
10-28 00:59:38.163 I/dvm_lock_sample( 1594): [system_server,1,Binder:1594_16,13,ActivityManagerService.java,5955,boolean com.android.server.am.ActivityManagerService.isAppBad(android.content.pm.ApplicationInfo),-,14450,int com.android.server.am.ActivityManagerService.bindIsolatedService(android.app.IApplicationThread, android.os.IBinder, android.content.Intent, java.lang.String, android.app.IServiceConnection, int, java.lang.String, java.lang.String, int),2]
10-28 01:12:56.004 I/dvm_lock_sample( 1594): [system_server,1,Binder:1594_D,5,ProcessManagerService.java,1704,java.util.List com.android.server.am.ProcessManagerService.getRunningProcessInfo(int, int, java.lang.String, java.lang.String, int),ActivityManagerService.java,1537,void com.android.server.am.ActivityManagerService$AppDeathRecipient.binderDied(),1]
10-28 01:13:13.505 I/dvm_lock_sample( 1594): [system_server,0,Binder:1594_15,5,ActivityManagerService.java,14494,void com.android.server.am.ActivityManagerService.serviceDoneExecuting(android.os.IBinder, int, int, int),-,14463,boolean com.android.server.am.ActivityManagerService.unbindService(android.app.IServiceConnection),1]
10-28 01:29:38.128 I/dvm_lock_sample( 1594): [system_server,0,miui.fg,8,ActivityManagerService.java,5955,boolean com.android.server.am.ActivityManagerService.isAppBad(android.content.pm.ApplicationInfo),-,16095,void com.android.server.am.ActivityManagerService.finishReceiver(android.os.IBinder, int, java.lang.String, android.os.Bundle, boolean, int),1]
10-28 01:29:54.333 I/dvm_lock_sample( 1594): [system_server,1,Binder:1594_15,12,ActivityManagerService.java,15989,int com.android.server.am.ActivityManagerService.broadcastIntent(android.app.IApplicationThread, android.content.Intent, java.lang.String, android.content.IIntentReceiver, int, java.lang.String, android.os.Bundle, java.lang.String[], int, android.os.Bundle, boolean, boolean, int),-,1537,void com.android.server.am.ActivityManagerService$AppDeathRecipient.binderDied(),2]
10-28 01:30:00.568 I/dvm_lock_sample( 1594): [system_server,0,Binder:1594_18,5,ActivityManagerService.java,14494,void com.android.server.am.ActivityManagerService.serviceDoneExecuting(android.os.IBinder, int, int, int),-,14463,boolean com.android.server.am.ActivityManagerService.unbindService(android.app.IServiceConnection),1]
10-28 01:33:54.059 I/am_pss  ( 1594): [15082,11398,com.idealinspecao.perueiroapp,127448064,123727872,206848,192581632,0,2,15]
10-28 01:37:41.676 I/dvm_lock_sample( 1594): [system_server,1,Binder:1594_C,11,ActivityManagerService.java,14474,void com.android.server.am.ActivityManagerService.publishService(android.os.IBinder, android.content.Intent, android.os.IBinder),-,1537,void com.android.server.am.ActivityManagerService$AppDeathRecipient.binderDied(),2]
10-28 01:41:29.258 I/dvm_lock_sample( 1594): [system_server,1,android.ui,13,ActivityManagerService.java,3378,void com.android.server.am.ActivityManagerService.dispatchUidsChanged(),-,5395,void com.android.server.am.ActivityManagerService.attachApplication(android.app.IApplicationThread, long),2]
10-28 01:41:30.573 I/dvm_lock_sample( 1594): [system_server,1,Binder:1594_F,26,ActivityManagerService.java,14791,android.content.Intent com.android.server.am.ActivityManagerService.registerReceiver(android.app.IApplicationThread, java.lang.String, android.content.IIntentReceiver, android.content.IntentFilter, java.lang.String, int, int),-,14450,int com.android.server.am.ActivityManagerService.bindIsolatedService(android.app.IApplicationThread, android.os.IBinder, android.content.Intent, java.lang.String, android.app.IServiceConnection, int, java.lang.String, java.lang.String, int),5]
10-28 01:50:55.065 I/dvm_lock_sample( 1594): [system_server,1,android.ui,8,ActivityManagerService.java,3378,void com.android.server.am.ActivityManagerService.dispatchUidsChanged(),-,14450,int com.android.server.am.ActivityManagerService.bindIsolatedService(android.app.IApplicationThread, android.os.IBinder, android.content.Intent, java.lang.String, android.app.IServiceConnection, int, java.lang.String, java.lang.String, int),1]
10-28 01:51:30.041 I/dvm_lock_sample( 1594): [system_server,1,Binder:1594_F,8,ActivityManagerService.java,8605,boolean com.android.server.am.ActivityManagerService.isUidActive(int, java.lang.String),-,5395,void com.android.server.am.ActivityManagerService.attachApplication(android.app.IApplicationThread, long),1]
10-28 01:57:29.127 I/am_pss  ( 1594): [15082,11398,com.idealinspecao.perueiroapp,127590400,123736064,219136,192389120,2,2,13]
10-28 02:03:24.070 I/am_pss  ( 1594): [15082,11398,com.idealinspecao.perueiroapp,128100352,124071936,228352,193585152,1,2,12]
10-28 02:04:05.130 I/dvm_lock_sample( 1594): [system_server,0,android.bg,5,ActivityManagerService.java,1964,void com.android.server.am.ActivityManagerService$5.handleMessage(android.os.Message),-,5395,void com.android.server.am.ActivityManagerService.attachApplication(android.app.IApplicationThread, long),1]
10-28 02:04:05.131 I/dvm_lock_sample( 1594): [system_server,1,ActivityManager,54,ActiveServices.java,2189,void com.android.server.am.ActiveServices$ServiceRestarter.run(),ActivityManagerService.java,5395,void com.android.server.am.ActivityManagerService.attachApplication(android.app.IApplicationThread, long),10]
10-28 02:15:19.347 I/dvm_lock_sample( 1594): [system_server,1,Binder:1594_D,8,ActivityManagerService.java,5827,java.lang.String com.android.server.am.ActivityManagerService.getTagForIntentSender(android.content.IIntentSender, java.lang.String),-,14450,int com.android.server.am.ActivityManagerService.bindIsolatedService(android.app.IApplicationThread, android.os.IBinder, android.content.Intent, java.lang.String, android.app.IServiceConnection, int, java.lang.String, java.lang.String, int),1]
10-28 02:15:47.584 I/dvm_lock_sample( 1594): [system_server,1,android.ui,7,ActivityManagerService.java,3378,void com.android.server.am.ActivityManagerService.dispatchUidsChanged(),-,14450,int com.android.server.am.ActivityManagerService.bindIsolatedService(android.app.IApplicationThread, android.os.IBinder, android.content.Intent, java.lang.String, android.app.IServiceConnection, int, java.lang.String, java.lang.String, int),1]
10-28 02:16:17.980 I/dvm_lock_sample( 1594): [system_server,1,android.ui,70,ActivityManagerService.java,3378,void com.android.server.am.ActivityManagerService.dispatchUidsChanged(),-,14463,boolean com.android.server.am.ActivityManagerService.unbindService(android.app.IServiceConnection),14]
10-28 02:20:09.672 I/dvm_lock_sample( 1594): [system_server,1,android.ui,5,ActivityManagerService.java,3378,void com.android.server.am.ActivityManagerService.dispatchUidsChanged(),-,14450,int com.android.server.am.ActivityManagerService.bindIsolatedService(android.app.IApplicationThread, android.os.IBinder, android.content.Intent, java.lang.String, android.app.IServiceConnection, int, java.lang.String, java.lang.String, int),1]
10-28 02:28:31.737 I/dvm_lock_sample( 1594): [system_server,1,Binder:1594_7,8,ActivityManagerService.java,6181,boolean com.android.server.am.ActivityManagerService.isAppStartModeDisabled(int, java.lang.String),-,14450,int com.android.server.am.ActivityManagerService.bindIsolatedService(android.app.IApplicationThread, android.os.IBinder, android.content.Intent, java.lang.String, android.app.IServiceConnection, int, java.lang.String, java.lang.String, int),1]
10-28 02:31:12.924 I/am_pss  ( 1594): [15082,11398,com.idealinspecao.perueiroapp,128169984,124018688,243712,193101824,1,2,14]
10-28 02:37:44.747 I/dvm_lock_sample( 1594): [system_server,1,Binder:1594_1F,12,ActivityManagerService.java,14463,boolean com.android.server.am.ActivityManagerService.unbindService(android.app.IServiceConnection),-,1537,void com.android.server.am.ActivityManagerService$AppDeathRecipient.binderDied(),2]
10-28 02:37:44.790 I/dvm_lock_sample( 1594): [system_server,1,Binder:1594_2,12,ActivityManagerService.java,14450,int com.android.server.am.ActivityManagerService.bindIsolatedService(android.app.IApplicationThread, android.os.IBinder, android.content.Intent, java.lang.String, android.app.IServiceConnection, int, java.lang.String, java.lang.String, int),-,14494,void com.android.server.am.ActivityManagerService.serviceDoneExecuting(android.os.IBinder, int, int, int),2]
10-28 02:38:09.136 I/am_pss  ( 1594): [15082,11398,com.idealinspecao.perueiroapp,128203776,124006400,244736,193089536,1,2,11]
10-28 02:48:11.016 I/am_pss  ( 1594): [15082,11398,com.idealinspecao.perueiroapp,128014336,123936768,238592,192655360,1,2,11]
10-28 02:51:53.477 I/dvm_lock_sample( 1594): [system_server,0,Binder:1594_1D,5,ActivityManagerService.java,14494,void com.android.server.am.ActivityManagerService.serviceDoneExecuting(android.os.IBinder, int, int, int),-,14450,int com.android.server.am.ActivityManagerService.bindIsolatedService(android.app.IApplicationThread, android.os.IBinder, android.content.Intent, java.lang.String, android.app.IServiceConnection, int, java.lang.String, java.lang.String, int),1]
