10-14 03:14:46.947 I/dvm_lock_sample( 1594): [system_server,1,Binder:1594_A,57,ActivityManagerService.java,1537,void com.android.server.am.ActivityManagerService$AppDeathRecipient.binderDied(),-,1537,void com.android.server.am.ActivityManagerService$AppDeathRecipient.binderDied(),11]
10-14 03:14:46.981 I/dvm_lock_sample( 1594): [system_server,1,android.ui,89,ActivityManagerService.java,3378,void com.android.server.am.ActivityManagerService.dispatchUidsChanged(),-,1537,void com.android.server.am.ActivityManagerService$AppDeathRecipient.binderDied(),17]
10-14 03:14:47.013 I/dvm_lock_sample( 1594): [system_server,1,Binder:1594_D,119,ActivityManagerService.java,1537,void com.android.server.am.ActivityManagerService$AppDeathRecipient.binderDied(),-,1537,void com.android.server.am.ActivityManagerService$AppDeathRecipient.binderDied(),23]
10-14 03:14:47.029 I/dvm_lock_sample( 1594): [system_server,1,Binder:1594_1F,47,ActivityManagerService.java,8605,boolean com.android.server.am.ActivityManagerService.isUidActive(int, java.lang.String),-,14463,boolean com.android.server.am.ActivityManagerService.unbindService(android.app.IServiceConnection),9]
10-14 03:14:51.695 I/dvm_lock_sample( 1594): [system_server,0,miui.fg,496,ActivityManagerService.java,5955,boolean com.android.server.am.ActivityManagerService.isAppBad(android.content.pm.ApplicationInfo),-,14463,boolean com.android.server.am.ActivityManagerService.unbindService(android.app.IServiceConnection),99]
10-14 03:15:18.498 I/dvm_lock_sample( 1594): [system_server,0,Binder:1594_1D,6,ActivityManagerService.java,14494,void com.android.server.am.ActivityManagerService.serviceDoneExecuting(android.os.IBinder, int, int, int),-,14450,int com.android.server.am.ActivityManagerService.bindIsolatedService(android.app.IApplicationThread, android.os.IBinder, android.content.Intent, java.lang.String, android.app.IServiceConnection, int, java.lang.String, java.lang.String, int),1]
10-14 03:19:14.288 I/dvm_lock_sample( 1594): [system_server,1,Binder:1594_2,12,ActivityManagerService.java,14463,boolean com.android.server.am.ActivityManagerService.unbindService(android.app.IServiceConnection),-,5395,void com.android.server.am.ActivityManagerService.attachApplication(android.app.IApplicationThread, long),2]
10-14 04:30:57.521 I/dvm_lock_sample( 1594): [system_server,1,Binder:1594_1D,9,ActivityManagerService.java,14450,int com.android.server.am.ActivityManagerService.bindIsolatedService(android.app.IApplicationThread, android.os.IBinder, android.content.Intent, java.lang.String, android.app.IServiceConnection, int, java.lang.String, java.lang.String, int),-,14494,void com.android.server.am.ActivityManagerService.serviceDoneExecuting(android.os.IBinder, int, int, int),1]
10-14 04:30:57.586 I/dvm_lock_sample( 1594): [system_server,1,Binder:1594_B,6,ActivityManagerService.java,8605,boolean com.android.server.am.ActivityManagerService.isUidActive(int, java.lang.String),-,6752,java.lang.String com.android.server.am.ActivityManagerService.checkContentProviderAccess(java.lang.String, int),1]
10-14 04:30:57.856 I/dvm_lock_sample( 1594): [system_server,1,Binder:1594_7,21,ActivityManagerService.java,14450,int com.android.server.am.ActivityManagerService.bindIsolatedService(android.app.IApplicationThread, android.os.IBinder, android.content.Intent, java.lang.String, android.app.IServiceConnection, int, java.lang.String, java.lang.String, int),-,1537,void com.android.server.am.ActivityManagerService$AppDeathRecipient.binderDied(),4]
10-14 04:30:58.693 I/dvm_lock_sample( 1594): [system_server,1,Binder:1594_10,10,ActivityManagerService.java,10031,java.util.List com.android.server.am.ActivityManagerService.getRunningAppProcesses(),-,5395,void com.android.server.am.ActivityManagerService.attachApplication(android.app.IApplicationThread, long),2]
10-14 04:30:58.823 I/dvm_lock_sample( 1594): [system_server,1,Binder:1594_1D,18,ActivityManagerService.java,14791,android.content.Intent com.android.server.am.ActivityManagerService.registerReceiver(android.app.IApplicationThread, java.lang.String, android.content.IIntentReceiver, android.content.IntentFilter, java.lang.String, int, int),-,14450,int com.android.server.am.ActivityManagerService.bindIsolatedService(android.app.IApplicationThread, android.os.IBinder, android.content.Intent, java.lang.String, android.app.IServiceConnection, int, java.lang.String, java.lang.String, int),3]
10-14 04:30:58.841 I/dvm_lock_sample( 1594): [system_server,1,Binder:1594_7,26,ActivityManagerService.java,10031,java.util.List com.android.server.am.ActivityManagerService.getRunningAppProcesses(),-,14450,int com.android.server.am.ActivityManagerService.bindIsolatedService(android.app.IApplicationThread, android.os.IBinder, android.content.Intent, java.lang.String, android.app.IServiceConnection, int, java.lang.String, java.lang.String, int),5]
10-14 04:31:00.537 I/dvm_lock_sample( 1594): [system_server,1,Binder:1594_5,8,ActivityManagerService.java,5955,boolean com.android.server.am.ActivityManagerService.isAppBad(android.content.pm.ApplicationInfo),-,1537,void com.android.server.am.ActivityManagerService$AppDeathRecipient.binderDied(),1]
10-14 04:31:00.662 I/dvm_lock_sample( 1594): [system_server,0,miui.fg,10,ActivityManagerService.java,5955,boolean com.android.server.am.ActivityManagerService.isAppBad(android.content.pm.ApplicationInfo),-,14474,void com.android.server.am.ActivityManagerService.publishService(android.os.IBinder, android.content.Intent, android.os.IBinder),2]
10-14 04:31:00.891 I/dvm_lock_sample( 1594): [system_server,1,Binder:1594_5,33,ActivityManagerService.java,5955,boolean com.android.server.am.ActivityManagerService.isAppBad(android.content.pm.ApplicationInfo),-,14494,void com.android.server.am.ActivityManagerService.serviceDoneExecuting(android.os.IBinder, int, int, int),6]
10-14 04:31:00.892 I/dvm_lock_sample( 1594): [system_server,0,Binder:1594_17,35,ActivityManagerService.java,14494,void com.android.server.am.ActivityManagerService.serviceDoneExecuting(android.os.IBinder, int, int, int),-,1537,void com.android.server.am.ActivityManagerService$AppDeathRecipient.binderDied(),7]
10-14 04:31:08.649 I/dvm_lock_sample( 1594): [system_server,1,Binder:1594_3,5,ActivityManagerService.java,14463,boolean com.android.server.am.ActivityManagerService.unbindService(android.app.IServiceConnection),-,7564,void com.android.server.am.ActivityManagerService.removeContentProvider(android.os.IBinder, boolean),1]
10-14 04:32:09.055 I/dvm_lock_sample( 1594): [system_server,1,Binder:1594_19,8,ActivityManagerService.java,14285,android.content.ComponentName com.android.server.am.ActivityManagerService.startService(android.app.IApplicationThread, android.content.Intent, java.lang.String, boolean, java.lang.String, int),-,1537,void com.android.server.am.ActivityManagerService$AppDeathRecipient.binderDied(),1]
10-14 04:32:10.749 I/dvm_lock_sample( 1594): [system_server,1,android.ui,6,ActivityManagerService.java,3378,void com.android.server.am.ActivityManagerService.dispatchUidsChanged(),-,14450,int com.android.server.am.ActivityManagerService.bindIsolatedService(android.app.IApplicationThread, android.os.IBinder, android.content.Intent, java.lang.String, android.app.IServiceConnection, int, java.lang.String, java.lang.String, int),1]
10-14 04:51:06.527 I/binder_sample(16878): [android.app.IActivityManager,60,492,com.google.android.gms.persistent,98]
10-14 04:55:01.523 I/binder_sample( 7729): [android.app.IActivityManager,10,427,com.qualcomm.qti.qdma,85]
10-14 04:55:02.019 I/dvm_lock_sample( 1594): [system_server,1,android.ui,6,ActivityManagerService.java,3378,void com.android.server.am.ActivityManagerService.dispatchUidsChanged(),-,5395,void com.android.server.am.ActivityManagerService.attachApplication(android.app.IApplicationThread, long),1]
10-14 05:01:29.945 I/dvm_lock_sample( 1594): [system_server,1,android.ui,25,ActivityManagerService.java,3378,void com.android.server.am.ActivityManagerService.dispatchUidsChanged(),-,14285,android.content.ComponentName com.android.server.am.ActivityManagerService.startService(android.app.IApplicationThread, android.content.Intent, java.lang.String, boolean, java.lang.String, int),5]
10-14 05:01:30.531 I/dvm_lock_sample( 1594): [system_server,1,Binder:1594_11,445,ActivityTaskManagerService.java,6715,android.content.res.CompatibilityInfo com.android.server.wm.ActivityTaskManagerService$LocalService.compatibilityInfoForPackage(android.content.pm.ApplicationInfo),WindowSurfacePlacer.java,61,void com.android.server.wm.WindowSurfacePlacer.lambda$new$0$WindowSurfacePlacer(),89]
10-14 05:01:30.532 I/dvm_lock_sample( 1594): [system_server,1,Binder:1594_1F,375,WindowProcessUtils.java,405,java.lang.String com.android.server.wm.WindowProcessUtils.getCallerPackageName(com.android.server.wm.ActivityTaskManagerService, android.app.IApplicationThread),WindowSurfacePlacer.java,61,void com.android.server.wm.WindowSurfacePlacer.lambda$new$0$WindowSurfacePlacer(),75]
10-14 05:01:30.552 I/dvm_lock_sample( 1594): [system_server,1,Binder:1594_14,481,ActivityManagerService.java,14791,android.content.Intent com.android.server.am.ActivityManagerService.registerReceiver(android.app.IApplicationThread, java.lang.String, android.content.IIntentReceiver, android.content.IntentFilter, java.lang.String, int, int),-,14450,int com.android.server.am.ActivityManagerService.bindIsolatedService(android.app.IApplicationThread, android.os.IBinder, android.content.Intent, java.lang.String, android.app.IServiceConnection, int, java.lang.String, java.lang.String, int),96]
10-14 05:01:30.554 I/dvm_lock_sample( 1594): [system_server,0,Binder:1594_1B,476,ActivityManagerService.java,14494,void com.android.server.am.ActivityManagerService.serviceDoneExecuting(android.os.IBinder, int, int, int),-,14450,int com.android.server.am.ActivityManagerService.bindIsolatedService(android.app.IApplicationThread, android.os.IBinder, android.content.Intent, java.lang.String, android.app.IServiceConnection, int, java.lang.String, java.lang.String, int),95]
10-14 05:01:30.555 I/binder_sample(13735): [android.app.IActivityManager,10,551,com.miui.securitycenter.remote,100]
10-14 05:01:30.552 I/binder_sample( 8582): [android.app.IActivityManager,15,532,<pre-initialized>,100]
10-14 05:01:30.556 I/dvm_lock_sample( 1594): [system_server,1,android.ui,476,ActivityManagerService.java,3378,void com.android.server.am.ActivityManagerService.dispatchUidsChanged(),-,8177,void com.android.server.am.ActivityManagerService.onWakefulnessChanged(int),95]
10-14 05:01:30.557 I/dvm_lock_sample( 1594): [system_server,1,Binder:1594_4,476,ActivityManagerService.java,14474,void com.android.server.am.ActivityManagerService.publishService(android.os.IBinder, android.content.Intent, android.os.IBinder),-,8177,void com.android.server.am.ActivityManagerService.onWakefulnessChanged(int),95]
10-14 05:01:30.558 I/dvm_lock_sample( 1594): [system_server,0,android.bg,416,ActivityManagerService.java,15989,int com.android.server.am.ActivityManagerService.broadcastIntent(android.app.IApplicationThread, android.content.Intent, java.lang.String, android.content.IIntentReceiver, int, java.lang.String, android.os.Bundle, java.lang.String[], int, android.os.Bundle, boolean, boolean, int),-,5395,void com.android.server.am.ActivityManagerService.attachApplication(android.app.IApplicationThread, long),83]
10-14 05:01:30.559 I/dvm_lock_sample( 1594): [system_server,1,Binder:1594_D,324,ActivityManagerService.java,6752,java.lang.String com.android.server.am.ActivityManagerService.checkContentProviderAccess(java.lang.String, int),-,5395,void com.android.server.am.ActivityManagerService.attachApplication(android.app.IApplicationThread, long),64]
10-14 05:01:30.559 I/dvm_lock_sample( 1594): [system_server,1,Binder:1594_17,464,ActivityManagerService.java,14791,android.content.Intent com.android.server.am.ActivityManagerService.registerReceiver(android.app.IApplicationThread, java.lang.String, android.content.IIntentReceiver, android.content.IntentFilter, java.lang.String, int, int),-,5395,void com.android.server.am.ActivityManagerService.attachApplication(android.app.IApplicationThread, long),92]
10-14 05:01:30.562 I/dvm_lock_sample( 1594): [system_server,1,Binder:1594_12,482,ActivityManagerService.java,14335,boolean com.android.server.am.ActivityManagerService.stopServiceToken(android.content.ComponentName, android.os.IBinder, int),-,8177,void com.android.server.am.ActivityManagerService.onWakefulnessChanged(int),96]
10-14 05:01:30.562 I/dvm_lock_sample( 1594): [system_server,1,Binder:1594_1D,473,ActivityManagerService.java,14791,android.content.Intent com.android.server.am.ActivityManagerService.registerReceiver(android.app.IApplicationThread, java.lang.String, android.content.IIntentReceiver, android.content.IntentFilter, java.lang.String, int, int),-,5395,void com.android.server.am.ActivityManagerService.attachApplication(android.app.IApplicationThread, long),94]
10-14 05:01:30.563 I/binder_sample( 7709): [android.app.IActivityManager,30,485,com.xiaomi.mipicks,97]
10-14 05:01:30.565 I/dvm_lock_sample( 1594): [system_server,1,Binder:1594_10,25,ActivityManagerService.java,14450,int com.android.server.am.ActivityManagerService.bindIsolatedService(android.app.IApplicationThread, android.os.IBinder, android.content.Intent, java.lang.String, android.app.IServiceConnection, int, java.lang.String, java.lang.String, int),-,5395,void com.android.server.am.ActivityManagerService.attachApplication(android.app.IApplicationThread, long),5]
10-14 05:01:30.589 I/dvm_lock_sample( 1594): [system_server,1,Binder:1594_17,31,ActivityManagerService.java,14791,android.content.Intent com.android.server.am.ActivityManagerService.registerReceiver(android.app.IApplicationThread, java.lang.String, android.content.IIntentReceiver, android.content.IntentFilter, java.lang.String, int, int),BroadcastQueue.java,984,void com.android.server.am.BroadcastQueue.processNextBroadcast(boolean, boolean),6]
10-14 05:01:32.228 I/dvm_lock_sample( 1594): [system_server,1,Binder:1594_F,9,ActivityManagerService.java,14450,int com.android.server.am.ActivityManagerService.bindIsolatedService(android.app.IApplicationThread, android.os.IBinder, android.content.Intent, java.lang.String, android.app.IServiceConnection, int, java.lang.String, java.lang.String, int),-,14494,void com.android.server.am.ActivityManagerService.serviceDoneExecuting(android.os.IBinder, int, int, int),1]
10-14 05:01:32.658 I/dvm_lock_sample( 1594): [system_server,1,ActivityManager,9,ActiveServices.java,1099,void com.android.server.am.ActiveServices.updateForegroundApps(com.android.server.am.ActiveServices$ServiceMap),ActivityManagerService.java,14343,void com.android.server.am.ActivityManagerService.setServiceForeground(android.content.ComponentName, android.os.IBinder, int, android.app.Notification, int, int),1]
10-14 05:01:34.102 I/dvm_lock_sample( 1594): [system_server,1,Binder:1594_1B,15,ActivityManagerService.java,14474,void com.android.server.am.ActivityManagerService.publishService(android.os.IBinder, android.content.Intent, android.os.IBinder),-,10031,java.util.List com.android.server.am.ActivityManagerService.getRunningAppProcesses(),3]
10-14 05:01:34.535 I/dvm_lock_sample( 1594): [system_server,1,Binder:1594_18,11,ActivityManagerService.java,5955,boolean com.android.server.am.ActivityManagerService.isAppBad(android.content.pm.ApplicationInfo),-,14474,void com.android.server.am.ActivityManagerService.publishService(android.os.IBinder, android.content.Intent, android.os.IBinder),2]
10-14 05:01:34.759 I/dvm_lock_sample( 1594): [system_server,1,Binder:1594_12,62,ActivityManagerService.java,14474,void com.android.server.am.ActivityManagerService.publishService(android.os.IBinder, android.content.Intent, android.os.IBinder),-,14450,int com.android.server.am.ActivityManagerService.bindIsolatedService(android.app.IApplicationThread, android.os.IBinder, android.content.Intent, java.lang.String, android.app.IServiceConnection, int, java.lang.String, java.lang.String, int),12]
10-14 05:01:34.761 I/dvm_lock_sample( 1594): [system_server,1,Binder:1594_11,55,ActivityManagerService.java,15989,int com.android.server.am.ActivityManagerService.broadcastIntent(android.app.IApplicationThread, android.content.Intent, java.lang.String, android.content.IIntentReceiver, int, java.lang.String, android.os.Bundle, java.lang.String[], int, android.os.Bundle, boolean, boolean, int),-,14450,int com.android.server.am.ActivityManagerService.bindIsolatedService(android.app.IApplicationThread, android.os.IBinder, android.content.Intent, java.lang.String, android.app.IServiceConnection, int, java.lang.String, java.lang.String, int),11]
10-14 05:01:34.931 I/dvm_lock_sample( 1594): [system_server,1,Binder:1594_5,21,ActivityManagerService.java,18411,boolean com.android.server.am.ActivityManagerService$LocalService.isUidActive(int),-,5955,boolean com.android.server.am.ActivityManagerService.isAppBad(android.content.pm.ApplicationInfo),4]
10-14 05:01:35.375 I/dvm_lock_sample( 1594): [system_server,1,Binder:1594_7,12,ActivityManagerService.java,6181,boolean com.android.server.am.ActivityManagerService.isAppStartModeDisabled(int, java.lang.String),-,16095,void com.android.server.am.ActivityManagerService.finishReceiver(android.os.IBinder, int, java.lang.String, android.os.Bundle, boolean, int),2]
10-14 05:01:36.377 I/dvm_lock_sample( 1594): [system_server,0,AlarmManager,22,ActivityManagerService.java,5827,java.lang.String com.android.server.am.ActivityManagerService.getTagForIntentSender(android.content.IIntentSender, java.lang.String),-,16095,void com.android.server.am.ActivityManagerService.finishReceiver(android.os.IBinder, int, java.lang.String, android.os.Bundle, boolean, int),4]
10-14 05:01:36.767 I/dvm_lock_sample( 1594): [system_server,0,miui.fg,29,ActivityManagerService.java,5955,boolean com.android.server.am.ActivityManagerService.isAppBad(android.content.pm.ApplicationInfo),-,14450,int com.android.server.am.ActivityManagerService.bindIsolatedService(android.app.IApplicationThread, android.os.IBinder, android.content.Intent, java.lang.String, android.app.IServiceConnection, int, java.lang.String, java.lang.String, int),5]
10-14 05:01:37.033 I/dvm_lock_sample( 1594): [system_server,1,Binder:1594_6,20,ActivityManagerService.java,14474,void com.android.server.am.ActivityManagerService.publishService(android.os.IBinder, android.content.Intent, android.os.IBinder),-,5395,void com.android.server.am.ActivityManagerService.attachApplication(android.app.IApplicationThread, long),4]
10-14 05:01:40.163 I/dvm_lock_sample( 1594): [system_server,0,miui.fg,5,ActivityManagerService.java,5955,boolean com.android.server.am.ActivityManagerService.isAppBad(android.content.pm.ApplicationInfo),-,16095,void com.android.server.am.ActivityManagerService.finishReceiver(android.os.IBinder, int, java.lang.String, android.os.Bundle, boolean, int),1]
10-14 05:01:40.271 I/dvm_lock_sample( 1594): [system_server,1,Binder:1594_9,29,ActivityManagerService.java,14791,android.content.Intent com.android.server.am.ActivityManagerService.registerReceiver(android.app.IApplicationThread, java.lang.String, android.content.IIntentReceiver, android.content.IntentFilter, java.lang.String, int, int),-,14450,int com.android.server.am.ActivityManagerService.bindIsolatedService(android.app.IApplicationThread, android.os.IBinder, android.content.Intent, java.lang.String, android.app.IServiceConnection, int, java.lang.String, java.lang.String, int),5]
10-14 05:01:40.772 I/dvm_lock_sample( 1594): [system_server,0,Binder:1594_3,12,ActivityManagerService.java,14494,void com.android.server.am.ActivityManagerService.serviceDoneExecuting(android.os.IBinder, int, int, int),-,14463,boolean com.android.server.am.ActivityManagerService.unbindService(android.app.IServiceConnection),2]
10-14 05:01:43.294 I/dvm_lock_sample( 1594): [system_server,1,Binder:1594_18,14,ActivityManagerService.java,6181,boolean com.android.server.am.ActivityManagerService.isAppStartModeDisabled(int, java.lang.String),-,14450,int com.android.server.am.ActivityManagerService.bindIsolatedService(android.app.IApplicationThread, android.os.IBinder, android.content.Intent, java.lang.String, android.app.IServiceConnection, int, java.lang.String, java.lang.String, int),2]
10-14 05:01:43.376 I/dvm_lock_sample( 1594): [system_server,1,Binder:1594_8,22,ActivityManagerService.java,7717,boolean com.android.server.am.ActivityManagerService.refContentProvider(android.os.IBinder, int, int),-,14450,int com.android.server.am.ActivityManagerService.bindIsolatedService(android.app.IApplicationThread, android.os.IBinder, android.content.Intent, java.lang.String, android.app.IServiceConnection, int, java.lang.String, java.lang.String, int),4]
10-14 05:01:47.557 I/dvm_lock_sample( 1594): [system_server,1,ActivityManager,6,BroadcastQueue.java,984,void com.android.server.am.BroadcastQueue.processNextBroadcast(boolean, boolean),ActivityManagerService.java,16095,void com.android.server.am.ActivityManagerService.finishReceiver(android.os.IBinder, int, java.lang.String, android.os.Bundle, boolean, int),1]
10-14 05:01:47.836 I/dvm_lock_sample( 1594): [system_server,1,Binder:1594_1F,19,ActivityManagerService.java,5827,java.lang.String com.android.server.am.ActivityManagerService.getTagForIntentSender(android.content.IIntentSender, java.lang.String),-,14450,int com.android.server.am.ActivityManagerService.bindIsolatedService(android.app.IApplicationThread, android.os.IBinder, android.content.Intent, java.lang.String, android.app.IServiceConnection, int, java.lang.String, java.lang.String, int),3]
10-14 05:01:51.548 I/dvm_lock_sample( 1594): [system_server,1,NetworkPolicy.uid,16,ActivityManagerService.java,18347,void com.android.server.am.ActivityManagerService$LocalService.notifyNetworkPolicyRulesUpdated(int, long),-,14450,int com.android.server.am.ActivityManagerService.bindIsolatedService(android.app.IApplicationThread, android.os.IBinder, android.content.Intent, java.lang.String, android.app.IServiceConnection, int, java.lang.String, java.lang.String, int),3]
10-14 05:01:53.377 I/dvm_lock_sample( 1594): [system_server,1,android.ui,5,ActivityManagerService.java,3432,void com.android.server.am.ActivityManagerService.dispatchUidsChanged(),-,14450,int com.android.server.am.ActivityManagerService.bindIsolatedService(android.app.IApplicationThread, android.os.IBinder, android.content.Intent, java.lang.String, android.app.IServiceConnection, int, java.lang.String, java.lang.String, int),1]
10-14 05:02:08.719 I/dvm_lock_sample( 1594): [system_server,1,Binder:1594_12,6,ActivityManagerService.java,14488,void com.android.server.am.ActivityManagerService.unbindFinished(android.os.IBinder, android.content.Intent, boolean),-,14463,boolean com.android.server.am.ActivityManagerService.unbindService(android.app.IServiceConnection),1]
10-14 05:04:31.028 I/dvm_lock_sample( 1594): [system_server,1,NetworkPolicy.uid,41,ActivityManagerService.java,18347,void com.android.server.am.ActivityManagerService$LocalService.notifyNetworkPolicyRulesUpdated(int, long),-,16095,void com.android.server.am.ActivityManagerService.finishReceiver(android.os.IBinder, int, java.lang.String, android.os.Bundle, boolean, int),8]
10-14 05:04:32.090 I/dvm_lock_sample( 1594): [system_server,1,android.display,21,WindowProcessController.java,542,boolean com.android.server.wm.WindowProcessController.hasActivitiesOrRecentTasks(),ActivityTaskManagerService.java,4006,void com.android.server.wm.ActivityTaskManagerService.keyguardGoingAway(int),4]
10-14 05:04:32.696 I/dvm_lock_sample( 1594): [system_server,1,Binder:1594_19,306,WindowProcessUtils.java,405,java.lang.String com.android.server.wm.WindowProcessUtils.getCallerPackageName(com.android.server.wm.ActivityTaskManagerService, android.app.IApplicationThread),ActivityStarter.java,1313,int com.android.server.wm.ActivityStarter.startActivityMayWait(android.app.IApplicationThread, int, java.lang.String, int, int, android.content.Intent, java.lang.String, android.service.voice.IVoiceInteractionSession, com.android.internal.app.IVoiceInteractor, android.os.IBinder, java.lang.String, int, int, android.app.ProfilerInfo, android.app.WaitResult, android.content.res.Configuration, com.android.server.wm.SafeActivityOptions, boolean, int, com.android.server.wm.TaskRecord, java.lang.String, boolean, com.android.server.am.PendingIntentRecord, boolean),61]
10-14 05:04:32.698 I/binder_sample(15661): [android.app.IActivityTaskManager,1,313,com.android.settings,62]
10-14 05:07:36.618 I/sysui_multi_action( 1594): [757,147,758,4,759,1,806,com.idealinspecao.perueiroapp]
10-14 05:07:37.350 I/am_create_activity( 1594): [0,206748307,1374,com.idealinspecao.perueiroapp/.MainActivity,NULL,NULL,NULL,268435456]
10-14 05:07:37.382 I/dvm_lock_sample( 1594): [system_server,1,Binder:1594_17,22,ActivityManagerService.java,6752,java.lang.String com.android.server.am.ActivityManagerService.checkContentProviderAccess(java.lang.String, int),-,7639,void com.android.server.am.ActivityManagerService.publishContentProviders(android.app.IApplicationThread, java.util.List),4]
10-14 05:07:37.420 I/am_proc_start( 1594): [0,11664,11370,com.idealinspecao.perueiroapp,activity,{com.idealinspecao.perueiroapp/com.idealinspecao.perueiroapp.MainActivity}]
10-14 05:07:37.608 I/am_proc_bound( 1594): [0,11664,com.idealinspecao.perueiroapp]
10-14 05:07:37.614 I/am_restart_activity( 1594): [0,206748307,1374,com.idealinspecao.perueiroapp/.MainActivity,11664]
10-14 05:07:37.618 I/am_set_resumed_activity( 1594): [0,com.idealinspecao.perueiroapp/.MainActivity,minimalResumeActivityLocked]
10-14 05:07:37.626 I/dvm_lock_sample( 1594): [system_server,1,Binder:1594_1A,25,ActivityManagerService.java,7717,boolean com.android.server.am.ActivityManagerService.refContentProvider(android.os.IBinder, int, int),-,14310,int com.android.server.am.ActivityManagerService.stopService(android.app.IApplicationThread, android.content.Intent, java.lang.String, int),5]
10-14 05:07:37.632 I/dvm_lock_sample( 1594): [system_server,1,Binder:1594_17,16,ActivityManagerService.java,14875,android.content.Intent com.android.server.am.ActivityManagerService.registerReceiver(android.app.IApplicationThread, java.lang.String, android.content.IIntentReceiver, android.content.IntentFilter, java.lang.String, int, int),-,5395,void com.android.server.am.ActivityManagerService.attachApplication(android.app.IApplicationThread, long),3]
10-14 05:07:37.907 I/dvm_lock_sample( 1594): [system_server,0,Binder:1594_14,15,ActivityManagerService.java,14494,void com.android.server.am.ActivityManagerService.serviceDoneExecuting(android.os.IBinder, int, int, int),-,14450,int com.android.server.am.ActivityManagerService.bindIsolatedService(android.app.IApplicationThread, android.os.IBinder, android.content.Intent, java.lang.String, android.app.IServiceConnection, int, java.lang.String, java.lang.String, int),3]
10-14 05:07:38.986 I/notification_cancel_all( 1594): [1000,1594,com.idealinspecao.perueiroapp,0,0,0,5,NULL]
10-14 05:07:38.994 I/dvm_lock_sample( 1594): [system_server,1,Binder:1594_1C,7,ActivityManagerService.java,4467,void com.android.server.am.ActivityManagerService.addPackageDependency(java.lang.String),ActiveServices.java,2189,void com.android.server.am.ActiveServices$ServiceRestarter.run(),1]
10-14 05:07:39.058 I/notification_cancel_all( 1594): [1000,1594,com.idealinspecao.perueiroapp,0,0,0,5,NULL]
10-14 05:07:40.050 I/am_pss  ( 1594): [11664,11370,com.idealinspecao.perueiroapp,65169408,61722624,287744,130048000,1,2,9]
10-14 05:07:43.078 I/am_lifecycle_sample(11664): [0,com.idealinspecao.perueiroapp,110,5427]
10-14 05:07:43.288 I/am_on_create_called(11664): [0,com.idealinspecao.perueiroapp.MainActivity,performCreate,97]
10-14 05:07:43.301 I/am_on_start_called(11664): [0,com.idealinspecao.perueiroapp.MainActivity,handleStartActivity,0]
10-14 05:07:43.305 I/am_on_resume_called(11664): [0,com.idealinspecao.perueiroapp.MainActivity,RESUME_ACTIVITY,1]
10-14 05:07:43.333 I/am_on_top_resumed_gained_called(11664): [0,com.idealinspecao.perueiroapp.MainActivity,topStateChangedWhenResumed]
10-14 05:07:45.143 I/sysui_multi_action( 1594): [319,428,321,404,322,7832,325,783641,757,761,758,7,759,1,806,com.idealinspecao.perueiroapp,871,com.idealinspecao.perueiroapp.MainActivity,904,com.android.shell,905,0,945,299,1320,12,1321,1]
10-14 05:07:45.148 I/am_activity_launch_time( 1594): [0,206748307,com.idealinspecao.perueiroapp/.MainActivity,7832]
10-14 05:07:49.509 I/am_pss  ( 1594): [11664,11370,com.idealinspecao.perueiroapp,144366592,133881856,218112,234168320,0,2,21]
10-14 05:08:51.897 I/am_pss  ( 1594): [11664,11370,com.idealinspecao.perueiroapp,142204928,131796992,222208,232775680,0,2,21]
10-14 05:10:34.465 I/am_pss  ( 1594): [11664,11370,com.idealinspecao.perueiroapp,140488704,130613248,222208,231874560,0,2,20]
10-14 05:13:35.428 I/am_pss  ( 1594): [11664,11370,com.idealinspecao.perueiroapp,140736512,130908160,222208,232472576,0,2,20]
10-14 05:16:50.275 I/am_pss  ( 1594): [11664,11370,com.idealinspecao.perueiroapp,146977792,136982528,214016,239239168,1,2,12]
10-14 05:17:04.958 I/dvm_lock_sample( 1594): [system_server,1,Binder:1594_14,9,ActivityManagerService.java,8605,boolean com.android.server.am.ActivityManagerService.isUidActive(int, java.lang.String),-,14450,int com.android.server.am.ActivityManagerService.bindIsolatedService(android.app.IApplicationThread, android.os.IBinder, android.content.Intent, java.lang.String, android.app.IServiceConnection, int, java.lang.String, java.lang.String, int),1]
10-14 05:18:44.783 I/dvm_lock_sample( 1594): [system_server,0,Binder:1594_14,20,ActivityManagerService.java,14494,void com.android.server.am.ActivityManagerService.serviceDoneExecuting(android.os.IBinder, int, int, int),-,5395,void com.android.server.am.ActivityManagerService.attachApplication(android.app.IApplicationThread, long),4]
10-14 05:18:49.184 I/dvm_lock_sample( 1594): [system_server,1,Binder:1594_15,5,ProcessManagerService.java,1704,java.util.List com.android.server.am.ProcessManagerService.getRunningProcessInfo(int, int, java.lang.String, java.lang.String, int),ActivityManagerService.java,1537,void com.android.server.am.ActivityManagerService$AppDeathRecipient.binderDied(),1]
10-14 05:18:51.526 I/am_pause_activity( 1594): [11664,206748307,com.idealinspecao.perueiroapp/.MainActivity,userLeaving=true]
10-14 05:18:51.528 I/am_on_top_resumed_lost_called(11664): [0,com.idealinspecao.perueiroapp.MainActivity,topStateChangedWhenResumed]
10-14 05:18:51.530 I/am_add_to_stopping( 1594): [0,206748307,com.idealinspecao.perueiroapp/.MainActivity,makeInvisible]
10-14 05:18:51.541 I/am_on_paused_called(11664): [0,com.idealinspecao.perueiroapp.MainActivity,performPause,0]
10-14 05:18:51.969 I/am_stop_activity( 1594): [0,206748307,com.idealinspecao.perueiroapp/.MainActivity]
10-14 05:18:52.009 I/am_on_stop_called(11664): [0,com.idealinspecao.perueiroapp.MainActivity,STOP_ACTIVITY_ITEM,0]
10-14 05:18:52.584 I/sysui_multi_action( 2131): [757,289,758,4,806,ComponentInfo{com.idealinspecao.perueiroapp/com.idealinspecao.perueiroapp.MainActivity}]
10-14 05:18:52.587 I/am_finish_activity( 1594): [11664,206748307,1374,com.idealinspecao.perueiroapp/.MainActivity,remove-task]
10-14 05:18:52.587 I/am_destroy_activity( 1594): [11664,206748307,1374,com.idealinspecao.perueiroapp/.MainActivity,finish-imm:finishActivityLocked]
10-14 05:18:52.644 I/am_on_destroy_called(11664): [0,com.idealinspecao.perueiroapp.MainActivity,performDestroy,0]
10-14 05:18:52.676 I/am_kill ( 1594): [0,11664,com.idealinspecao.perueiroapp,905,SwipeUpClean]
10-14 05:18:52.695 I/dvm_lock_sample( 1594): [system_server,1,android.ui,18,ActivityManagerService.java,3272,void com.android.server.am.ActivityManagerService.dispatchProcessesChanged(),ProcessRecord.java,1358,void com.android.server.am.ProcessRecord.updateProcessInfo(boolean, boolean, boolean),3]
10-14 05:18:52.817 I/am_proc_died( 1594): [0,11664,com.idealinspecao.perueiroapp,905,20]
10-14 05:20:09.648 I/am_create_activity( 1594): [0,207354835,1375,com.idealinspecao.perueiroapp/.MainActivity,android.intent.action.MAIN,NULL,NULL,270532608]
10-14 05:20:09.710 I/am_proc_start( 1594): [0,15188,11370,com.idealinspecao.perueiroapp,activity,{com.idealinspecao.perueiroapp/com.idealinspecao.perueiroapp.MainActivity}]
10-14 05:20:09.779 I/am_proc_bound( 1594): [0,15188,com.idealinspecao.perueiroapp]
10-14 05:20:09.783 I/am_restart_activity( 1594): [0,207354835,1375,com.idealinspecao.perueiroapp/.MainActivity,15188]
10-14 05:20:09.784 I/am_set_resumed_activity( 1594): [0,com.idealinspecao.perueiroapp/.MainActivity,minimalResumeActivityLocked]
10-14 05:20:13.795 I/am_lifecycle_sample(15188): [0,com.idealinspecao.perueiroapp,110,3988]
10-14 05:20:13.997 I/am_on_create_called(15188): [0,com.idealinspecao.perueiroapp.MainActivity,performCreate,97]
10-14 05:20:14.010 I/am_on_start_called(15188): [0,com.idealinspecao.perueiroapp.MainActivity,handleStartActivity,0]
10-14 05:20:14.014 I/am_on_resume_called(15188): [0,com.idealinspecao.perueiroapp.MainActivity,RESUME_ACTIVITY,1]
10-14 05:20:14.041 I/am_on_top_resumed_gained_called(15188): [0,com.idealinspecao.perueiroapp.MainActivity,topStateChangedWhenResumed]
10-14 05:20:15.625 I/sysui_multi_action( 1594): [319,165,321,80,322,5990,325,784393,757,761,758,7,759,1,806,com.idealinspecao.perueiroapp,871,com.idealinspecao.perueiroapp.MainActivity,904,com.miui.home,905,0,945,146,1320,12,1321,1]
10-14 05:20:15.632 I/am_activity_launch_time( 1594): [0,207354835,com.idealinspecao.perueiroapp/.MainActivity,5990]
10-14 05:21:02.096 I/am_pss  ( 1594): [15188,11370,com.idealinspecao.perueiroapp,147282944,138113024,174080,244232192,0,2,16]
10-14 05:21:40.811 I/am_pss  ( 1594): [15188,11370,com.idealinspecao.perueiroapp,142179328,132902912,177152,239153152,0,2,19]
10-14 05:24:06.520 I/am_pss  ( 1594): [15188,11370,com.idealinspecao.perueiroapp,141989888,132730880,177152,238772224,0,2,22]
10-14 05:25:35.800 I/dvm_lock_sample( 1594): [system_server,0,Binder:1594_16,5,ActivityManagerService.java,14494,void com.android.server.am.ActivityManagerService.serviceDoneExecuting(android.os.IBinder, int, int, int),-,14463,boolean com.android.server.am.ActivityManagerService.unbindService(android.app.IServiceConnection),1]
10-14 05:26:05.258 I/am_pss  ( 1594): [15188,11370,com.idealinspecao.perueiroapp,141025280,132521984,180224,237273088,0,2,22]
10-14 05:28:26.488 I/am_pss  ( 1594): [15188,11370,com.idealinspecao.perueiroapp,141892608,133484544,177152,238235648,0,2,16]
10-14 05:29:31.577 I/dvm_lock_sample( 1594): [system_server,0,Binder:1594_D,6,ActivityManagerService.java,14494,void com.android.server.am.ActivityManagerService.serviceDoneExecuting(android.os.IBinder, int, int, int),-,14463,boolean com.android.server.am.ActivityManagerService.unbindService(android.app.IServiceConnection),1]
10-14 05:32:00.602 I/am_pss  ( 1594): [15188,11370,com.idealinspecao.perueiroapp,141340672,133341184,177152,237600768,0,2,20]
10-14 05:32:02.574 I/dvm_lock_sample( 1594): [system_server,1,android.ui,10,ActivityManagerService.java,3378,void com.android.server.am.ActivityManagerService.dispatchUidsChanged(),-,14463,boolean com.android.server.am.ActivityManagerService.unbindService(android.app.IServiceConnection),2]
10-14 05:32:02.609 I/dvm_lock_sample( 1594): [system_server,1,android.ui,19,ActivityManagerService.java,3378,void com.android.server.am.ActivityManagerService.dispatchUidsChanged(),-,1537,void com.android.server.am.ActivityManagerService$AppDeathRecipient.binderDied(),3]
10-14 05:32:02.613 I/dvm_lock_sample( 1594): [system_server,1,Binder:1594_12,17,ProcessManagerService.java,1704,java.util.List com.android.server.am.ProcessManagerService.getRunningProcessInfo(int, int, java.lang.String, java.lang.String, int),ActivityManagerService.java,1537,void com.android.server.am.ActivityManagerService$AppDeathRecipient.binderDied(),3]
10-14 05:37:05.432 I/am_pss  ( 1594): [15188,11370,com.idealinspecao.perueiroapp,140578816,132743168,177152,232427520,0,2,21]
10-14 05:44:44.884 I/am_pss  ( 1594): [15188,11370,com.idealinspecao.perueiroapp,140574720,132743168,177152,232423424,0,2,16]
10-14 05:50:36.771 I/dvm_lock_sample( 1594): [system_server,0,Binder:1594_19,9,ActivityManagerService.java,14494,void com.android.server.am.ActivityManagerService.serviceDoneExecuting(android.os.IBinder, int, int, int),-,1537,void com.android.server.am.ActivityManagerService$AppDeathRecipient.binderDied(),1]
10-14 05:56:36.237 I/am_pss  ( 1594): [15188,11370,com.idealinspecao.perueiroapp,139984896,132354048,177152,230498304,0,2,21]
10-14 06:14:00.664 I/am_pss  ( 1594): [15188,11370,com.idealinspecao.perueiroapp,140391424,132444160,196608,229490688,0,2,18]
10-14 06:19:27.357 I/dvm_lock_sample( 1594): [system_server,0,android.bg,5,ActivityManagerService.java,1964,void com.android.server.am.ActivityManagerService$5.handleMessage(android.os.Message),-,16095,void com.android.server.am.ActivityManagerService.finishReceiver(android.os.IBinder, int, java.lang.String, android.os.Bundle, boolean, int),1]
10-14 06:22:32.376 I/am_on_top_resumed_lost_called(15188): [0,com.idealinspecao.perueiroapp.MainActivity,topStateChangedWhenResumed]
10-14 06:22:32.380 I/am_pause_activity( 1594): [15188,207354835,com.idealinspecao.perueiroapp/.MainActivity,userLeaving=true]
10-14 06:22:32.382 I/am_add_to_stopping( 1594): [0,207354835,com.idealinspecao.perueiroapp/.MainActivity,makeInvisible]
10-14 06:22:32.395 I/am_on_paused_called(15188): [0,com.idealinspecao.perueiroapp.MainActivity,performPause,1]
10-14 06:22:32.840 I/am_stop_activity( 1594): [0,207354835,com.idealinspecao.perueiroapp/.MainActivity]
10-14 06:22:32.868 I/am_on_stop_called(15188): [0,com.idealinspecao.perueiroapp.MainActivity,STOP_ACTIVITY_ITEM,0]
10-14 06:22:35.566 I/sysui_multi_action( 2131): [757,289,758,4,806,ComponentInfo{com.idealinspecao.perueiroapp/com.idealinspecao.perueiroapp.MainActivity}]
10-14 06:22:35.568 I/am_finish_activity( 1594): [15188,207354835,1375,com.idealinspecao.perueiroapp/.MainActivity,remove-task]
10-14 06:22:35.568 I/am_destroy_activity( 1594): [15188,207354835,1375,com.idealinspecao.perueiroapp/.MainActivity,finish-imm:finishActivityLocked]
10-14 06:22:35.631 I/am_kill ( 1594): [0,15188,com.idealinspecao.perueiroapp,905,SwipeUpClean]
10-14 06:22:35.770 I/am_proc_died( 1594): [0,15188,com.idealinspecao.perueiroapp,905,20]
10-14 06:28:54.717 I/dvm_lock_sample( 1594): [system_server,0,AlarmManager,20,ActivityManagerService.java,18684,android.content.ComponentName com.android.server.am.ActivityManagerService$LocalService.startServiceInPackage(int, android.content.Intent, java.lang.String, boolean, java.lang.String, int, boolean),-,17200,void com.android.server.am.ActivityManagerService$ProcStatsRunnable.run(),4]
10-14 06:32:01.328 I/dvm_lock_sample( 1594): [system_server,1,Binder:1594_9,19,ActivityManagerService.java,8605,boolean com.android.server.am.ActivityManagerService.isUidActive(int, java.lang.String),-,5395,void com.android.server.am.ActivityManagerService.attachApplication(android.app.IApplicationThread, long),3]
10-14 06:34:45.120 I/dvm_lock_sample( 1594): [system_server,0,Binder:1594_1E,10,ActivityManagerService.java,14494,void com.android.server.am.ActivityManagerService.serviceDoneExecuting(android.os.IBinder, int, int, int),-,14450,int com.android.server.am.ActivityManagerService.bindIsolatedService(android.app.IApplicationThread, android.os.IBinder, android.content.Intent, java.lang.String, android.app.IServiceConnection, int, java.lang.String, java.lang.String, int),2]
10-14 06:39:19.458 I/dvm_lock_sample( 1594): [system_server,1,Binder:1594_17,15,ActivityManagerService.java,14285,android.content.ComponentName com.android.server.am.ActivityManagerService.startService(android.app.IApplicationThread, android.content.Intent, java.lang.String, boolean, java.lang.String, int),-,5395,void com.android.server.am.ActivityManagerService.attachApplication(android.app.IApplicationThread, long),3]
10-14 06:39:20.624 I/notification_cancel_all( 1594): [1000,1594,com.idealinspecao.perueiroapp,0,0,0,5,NULL]
10-14 06:39:20.881 I/am_wtf  ( 1594): [0,1594,system_server,-1,PasspointManager,No app ops listener found for com.idealinspecao.perueiroapp]
10-14 06:39:24.160 I/dvm_lock_sample( 1594): [system_server,1,android.ui,20,ActivityManagerService.java,3378,void com.android.server.am.ActivityManagerService.dispatchUidsChanged(),-,14450,int com.android.server.am.ActivityManagerService.bindIsolatedService(android.app.IApplicationThread, android.os.IBinder, android.content.Intent, java.lang.String, android.app.IServiceConnection, int, java.lang.String, java.lang.String, int),4]
10-14 06:39:25.212 I/dvm_lock_sample( 1594): [system_server,1,android.ui,13,ActivityManagerService.java,3378,void com.android.server.am.ActivityManagerService.dispatchUidsChanged(),-,1537,void com.android.server.am.ActivityManagerService$AppDeathRecipient.binderDied(),2]
10-14 06:39:29.239 I/dvm_lock_sample( 1594): [system_server,1,Binder:1594_14,20,ActivityManagerService.java,14463,boolean com.android.server.am.ActivityManagerService.unbindService(android.app.IServiceConnection),-,1537,void com.android.server.am.ActivityManagerService$AppDeathRecipient.binderDied(),4]
10-14 06:40:52.950 I/dvm_lock_sample( 1594): [system_server,0,android.fg,13,ActivityManagerService.java,14450,int com.android.server.am.ActivityManagerService.bindIsolatedService(android.app.IApplicationThread, android.os.IBinder, android.content.Intent, java.lang.String, android.app.IServiceConnection, int, java.lang.String, java.lang.String, int),-,14450,int com.android.server.am.ActivityManagerService.bindIsolatedService(android.app.IApplicationThread, android.os.IBinder, android.content.Intent, java.lang.String, android.app.IServiceConnection, int, java.lang.String, java.lang.String, int),2]
10-14 06:40:53.037 I/dvm_lock_sample( 1594): [system_server,1,Binder:1594_20,55,ActivityManagerService.java,14285,android.content.ComponentName com.android.server.am.ActivityManagerService.startService(android.app.IApplicationThread, android.content.Intent, java.lang.String, boolean, java.lang.String, int),-,14450,int com.android.server.am.ActivityManagerService.bindIsolatedService(android.app.IApplicationThread, android.os.IBinder, android.content.Intent, java.lang.String, android.app.IServiceConnection, int, java.lang.String, java.lang.String, int),11]
10-14 06:40:53.124 I/dvm_lock_sample( 1594): [system_server,1,NetworkPolicy.uid,13,ActivityManagerService.java,18347,void com.android.server.am.ActivityManagerService$LocalService.notifyNetworkPolicyRulesUpdated(int, long),-,6752,java.lang.String com.android.server.am.ActivityManagerService.checkContentProviderAccess(java.lang.String, int),2]
10-14 06:40:53.135 I/notification_cancel_all( 1594): [1000,1594,com.idealinspecao.perueiroapp,0,0,0,5,NULL]
10-14 06:40:53.148 I/sysui_multi_action( 1594): [757,147,758,4,759,1,806,com.idealinspecao.perueiroapp]
10-14 06:40:53.448 I/dvm_lock_sample( 1594): [system_server,1,Binder:1594_1,19,ActivityManagerService.java,14285,android.content.ComponentName com.android.server.am.ActivityManagerService.startService(android.app.IApplicationThread, android.content.Intent, java.lang.String, boolean, java.lang.String, int),-,1537,void com.android.server.am.ActivityManagerService$AppDeathRecipient.binderDied(),3]
10-14 06:40:53.848 I/am_create_activity( 1594): [0,27306305,1378,com.idealinspecao.perueiroapp/.MainActivity,NULL,NULL,NULL,268435456]
10-14 06:40:53.979 I/am_proc_start( 1594): [0,20795,11371,com.idealinspecao.perueiroapp,activity,{com.idealinspecao.perueiroapp/com.idealinspecao.perueiroapp.MainActivity}]
10-14 06:40:54.220 I/am_proc_bound( 1594): [0,20795,com.idealinspecao.perueiroapp]
10-14 06:40:54.245 I/am_restart_activity( 1594): [0,27306305,1378,com.idealinspecao.perueiroapp/.MainActivity,20795]
10-14 06:40:54.250 I/am_set_resumed_activity( 1594): [0,com.idealinspecao.perueiroapp/.MainActivity,minimalResumeActivityLocked]
10-14 06:40:54.311 I/dvm_lock_sample( 1594): [system_server,1,Binder:1594_1,44,ActivityManagerService.java,14791,android.content.Intent com.android.server.am.ActivityManagerService.registerReceiver(android.app.IApplicationThread, java.lang.String, android.content.IIntentReceiver, android.content.IntentFilter, java.lang.String, int, int),-,14343,void com.android.server.am.ActivityManagerService.setServiceForeground(android.content.ComponentName, android.os.IBinder, int, android.app.Notification, int, int),8]
10-14 06:40:55.414 I/dvm_lock_sample( 1594): [system_server,1,Binder:1594_F,11,ActivityManagerService.java,14450,int com.android.server.am.ActivityManagerService.bindIsolatedService(android.app.IApplicationThread, android.os.IBinder, android.content.Intent, java.lang.String, android.app.IServiceConnection, int, java.lang.String, java.lang.String, int),-,14450,int com.android.server.am.ActivityManagerService.bindIsolatedService(android.app.IApplicationThread, android.os.IBinder, android.content.Intent, java.lang.String, android.app.IServiceConnection, int, java.lang.String, java.lang.String, int),2]
10-14 06:40:57.956 I/dvm_lock_sample( 1594): [system_server,1,Binder:1594_6,30,ActivityManagerService.java,15989,int com.android.server.am.ActivityManagerService.broadcastIntent(android.app.IApplicationThread, android.content.Intent, java.lang.String, android.content.IIntentReceiver, int, java.lang.String, android.os.Bundle, java.lang.String[], int, android.os.Bundle, boolean, boolean, int),-,1537,void com.android.server.am.ActivityManagerService$AppDeathRecipient.binderDied(),6]
10-14 06:40:57.991 I/dvm_lock_sample( 1594): [system_server,1,ActivityManager,10,ActiveServices.java,1099,void com.android.server.am.ActiveServices.updateForegroundApps(com.android.server.am.ActiveServices$ServiceMap),ActivityManagerService.java,14343,void com.android.server.am.ActivityManagerService.setServiceForeground(android.content.ComponentName, android.os.IBinder, int, android.app.Notification, int, int),2]
10-14 06:40:59.034 I/sysui_multi_action( 1594): [757,147,758,4,759,1,806,com.idealinspecao.perueiroapp]
10-14 06:40:59.187 I/dvm_lock_sample( 1594): [system_server,1,Binder:1594_E,24,ProcessManagerService.java,1704,java.util.List com.android.server.am.ProcessManagerService.getRunningProcessInfo(int, int, java.lang.String, java.lang.String, int),ActivityManagerService.java,1537,void com.android.server.am.ActivityManagerService$AppDeathRecipient.binderDied(),4]
10-14 06:40:59.770 I/am_lifecycle_sample(20795): [0,com.idealinspecao.perueiroapp,110,5509]
10-14 06:41:00.116 I/dvm_lock_sample( 1594): [system_server,1,Binder:1594_5,5,ActivityManagerService.java,6752,java.lang.String com.android.server.am.ActivityManagerService.checkContentProviderAccess(java.lang.String, int),-,1537,void com.android.server.am.ActivityManagerService$AppDeathRecipient.binderDied(),1]
10-14 06:41:00.171 I/am_on_create_called(20795): [0,com.idealinspecao.perueiroapp.MainActivity,performCreate,149]
10-14 06:41:00.191 I/am_on_start_called(20795): [0,com.idealinspecao.perueiroapp.MainActivity,handleStartActivity,1]
10-14 06:41:00.196 I/am_on_resume_called(20795): [0,com.idealinspecao.perueiroapp.MainActivity,RESUME_ACTIVITY,1]
10-14 06:41:00.259 I/am_on_top_resumed_gained_called(20795): [0,com.idealinspecao.perueiroapp.MainActivity,topStateChangedWhenResumed]
10-14 06:41:02.523 I/sysui_multi_action( 1594): [319,469,321,139,322,8710,325,789237,757,761,758,7,759,1,806,com.idealinspecao.perueiroapp,871,com.idealinspecao.perueiroapp.MainActivity,904,com.android.shell,905,0,945,414,1320,12,1321,1]
10-14 06:41:02.527 I/am_activity_launch_time( 1594): [0,27306305,com.idealinspecao.perueiroapp/.MainActivity,8710]
10-14 06:41:02.679 I/dvm_lock_sample(20795): [com.idealinspecao.perueiroapp,0,arch_disk_io_0,5,SQLiteConnectionPool.java,402,void android.database.sqlite.SQLiteConnectionPool.releaseConnection(android.database.sqlite.SQLiteConnection),-,684,android.database.sqlite.SQLiteConnection android.database.sqlite.SQLiteConnectionPool.waitForConnection(java.lang.String, int, android.os.CancellationSignal),1]
10-14 06:41:05.812 I/am_pss  ( 1594): [20795,11371,com.idealinspecao.perueiroapp,128123904,119054336,214016,215736320,0,2,20]
10-14 06:41:16.117 I/am_pss  ( 1594): [20795,11371,com.idealinspecao.perueiroapp,131265536,121106432,201728,223350784,0,2,22]
10-14 06:42:18.119 I/am_pss  ( 1594): [20795,11371,com.idealinspecao.perueiroapp,141879296,131260416,198656,235081728,0,2,23]
10-14 06:43:11.804 I/am_on_top_resumed_lost_called(20795): [0,com.idealinspecao.perueiroapp.MainActivity,topStateChangedWhenResumed]
10-14 06:43:11.807 I/am_pause_activity( 1594): [20795,27306305,com.idealinspecao.perueiroapp/.MainActivity,userLeaving=true]
10-14 06:43:11.809 I/am_add_to_stopping( 1594): [0,27306305,com.idealinspecao.perueiroapp/.MainActivity,makeInvisible]
10-14 06:43:11.820 I/am_on_paused_called(20795): [0,com.idealinspecao.perueiroapp.MainActivity,performPause,1]
10-14 06:43:12.250 I/am_stop_activity( 1594): [0,27306305,com.idealinspecao.perueiroapp/.MainActivity]
10-14 06:43:12.293 I/am_on_stop_called(20795): [0,com.idealinspecao.perueiroapp.MainActivity,STOP_ACTIVITY_ITEM,0]
10-14 06:44:44.910 I/am_pss  ( 1594): [20795,11371,com.idealinspecao.perueiroapp,108496896,97869824,197632,202125312,0,16,16]
10-14 06:44:46.531 I/dvm_lock_sample( 1594): [system_server,0,Binder:1594_20,21,ActivityManagerService.java,14494,void com.android.server.am.ActivityManagerService.serviceDoneExecuting(android.os.IBinder, int, int, int),-,14450,int com.android.server.am.ActivityManagerService.bindIsolatedService(android.app.IApplicationThread, android.os.IBinder, android.content.Intent, java.lang.String, android.app.IServiceConnection, int, java.lang.String, java.lang.String, int),4]
10-14 06:45:11.725 I/am_pss  ( 1594): [20795,11371,com.idealinspecao.perueiroapp,101514240,92786688,186368,192462848,0,16,17]
