10-14 18:11:58.696 I/auditd  ( 1594): type=1400 audit(0.0:135117): avc: denied { getpgid } for comm="ActivityManager" scontext=u:r:system_server:s0 tcontext=u:r:app_zygote:s0:c512,c768 tclass=process permissive=0
10-14 18:11:58.716 I/auditd  ( 1594): type=1400 audit(0.0:135124): avc: denied { getpgid } for comm="ActivityManager" scontext=u:r:system_server:s0 tcontext=u:r:app_zygote:s0:c512,c768 tclass=process permissive=0
10-14 18:14:49.426 I/dvm_lock_sample( 1594): [system_server,1,Binder:1594_1D,13,ActivityManagerService.java,8605,boolean com.android.server.am.ActivityManagerService.isUidActive(int, java.lang.String),-,14450,int com.android.server.am.ActivityManagerService.bindIsolatedService(android.app.IApplicationThread, android.os.IBinder, android.content.Intent, java.lang.String, android.app.IServiceConnection, int, java.lang.String, java.lang.String, int),2]
10-14 18:16:22.526 I/dvm_lock_sample( 1594): [system_server,1,android.ui,26,ActivityManagerService.java,3378,void com.android.server.am.ActivityManagerService.dispatchUidsChanged(),-,14450,int com.android.server.am.ActivityManagerService.bindIsolatedService(android.app.IApplicationThread, android.os.IBinder, android.content.Intent, java.lang.String, android.app.IServiceConnection, int, java.lang.String, java.lang.String, int),5]
10-14 18:25:46.325 I/dvm_lock_sample( 1594): [system_server,1,Binder:1594_B,15,ActivityManagerService.java,14791,android.content.Intent com.android.server.am.ActivityManagerService.registerReceiver(android.app.IApplicationThread, java.lang.String, android.content.IIntentReceiver, android.content.IntentFilter, java.lang.String, int, int),-,14450,int com.android.server.am.ActivityManagerService.bindIsolatedService(android.app.IApplicationThread, android.os.IBinder, android.content.Intent, java.lang.String, android.app.IServiceConnection, int, java.lang.String, java.lang.String, int),3]
10-14 18:25:46.362 I/dvm_lock_sample( 1594): [system_server,0,Binder:1594_17,11,ActivityManagerService.java,14494,void com.android.server.am.ActivityManagerService.serviceDoneExecuting(android.os.IBinder, int, int, int),-,14463,boolean com.android.server.am.ActivityManagerService.unbindService(android.app.IServiceConnection),2]
10-14 18:25:48.204 I/dvm_lock_sample( 1594): [system_server,1,Binder:1594_16,7,ProcessManagerService.java,1704,java.util.List com.android.server.am.ProcessManagerService.getRunningProcessInfo(int, int, java.lang.String, java.lang.String, int),ActivityManagerService.java,1537,void com.android.server.am.ActivityManagerService$AppDeathRecipient.binderDied(),1]
10-14 18:25:50.449 I/dvm_lock_sample( 1594): [system_server,1,android.ui,77,ActivityManagerService.java,3378,void com.android.server.am.ActivityManagerService.dispatchUidsChanged(),-,14450,int com.android.server.am.ActivityManagerService.bindIsolatedService(android.app.IApplicationThread, android.os.IBinder, android.content.Intent, java.lang.String, android.app.IServiceConnection, int, java.lang.String, java.lang.String, int),15]
10-14 18:25:50.449 I/dvm_lock_sample( 1594): [system_server,1,Binder:1594_9,79,ActivityManagerService.java,14791,android.content.Intent com.android.server.am.ActivityManagerService.registerReceiver(android.app.IApplicationThread, java.lang.String, android.content.IIntentReceiver, android.content.IntentFilter, java.lang.String, int, int),-,14450,int com.android.server.am.ActivityManagerService.bindIsolatedService(android.app.IApplicationThread, android.os.IBinder, android.content.Intent, java.lang.String, android.app.IServiceConnection, int, java.lang.String, java.lang.String, int),15]
10-14 18:25:50.451 I/dvm_lock_sample( 1594): [system_server,0,Binder:1594_4,67,ActivityManagerService.java,7564,void com.android.server.am.ActivityManagerService.removeContentProvider(android.os.IBinder, boolean),-,14450,int com.android.server.am.ActivityManagerService.bindIsolatedService(android.app.IApplicationThread, android.os.IBinder, android.content.Intent, java.lang.String, android.app.IServiceConnection, int, java.lang.String, java.lang.String, int),13]
10-14 18:25:50.507 I/dvm_lock_sample( 1594): [system_server,1,Binder:1594_17,41,ActivityManagerService.java,6752,java.lang.String com.android.server.am.ActivityManagerService.checkContentProviderAccess(java.lang.String, int),-,14474,void com.android.server.am.ActivityManagerService.publishService(android.os.IBinder, android.content.Intent, android.os.IBinder),8]
10-14 18:25:51.705 I/dvm_lock_sample( 1594): [system_server,1,android.ui,5,ActivityManagerService.java,3272,void com.android.server.am.ActivityManagerService.dispatchProcessesChanged(),-,16095,void com.android.server.am.ActivityManagerService.finishReceiver(android.os.IBinder, int, java.lang.String, android.os.Bundle, boolean, int),1]
10-14 18:35:36.691 I/dvm_lock_sample( 1594): [system_server,1,Binder:1594_7,21,ActivityManagerService.java,14450,int com.android.server.am.ActivityManagerService.bindIsolatedService(android.app.IApplicationThread, android.os.IBinder, android.content.Intent, java.lang.String, android.app.IServiceConnection, int, java.lang.String, java.lang.String, int),-,14450,int com.android.server.am.ActivityManagerService.bindIsolatedService(android.app.IApplicationThread, android.os.IBinder, android.content.Intent, java.lang.String, android.app.IServiceConnection, int, java.lang.String, java.lang.String, int),4]
10-14 18:35:36.974 I/dvm_lock_sample( 1594): [system_server,1,Binder:1594_18,23,ActivityManagerService.java,7717,boolean com.android.server.am.ActivityManagerService.refContentProvider(android.os.IBinder, int, int),ProcessRecord.java,1358,void com.android.server.am.ProcessRecord.updateProcessInfo(boolean, boolean, boolean),4]
10-14 18:35:37.086 I/dvm_lock_sample( 1594): [system_server,1,Binder:1594_19,30,ActivityManagerService.java,14450,int com.android.server.am.ActivityManagerService.bindIsolatedService(android.app.IApplicationThread, android.os.IBinder, android.content.Intent, java.lang.String, android.app.IServiceConnection, int, java.lang.String, java.lang.String, int),-,14463,boolean com.android.server.am.ActivityManagerService.unbindService(android.app.IServiceConnection),6]
10-14 18:35:37.175 I/dvm_lock_sample( 1594): [system_server,1,ActivityManager:procStart,83,ProcessList.java,1687,void com.android.server.am.ProcessList.lambda$startProcessLocked$0$ProcessList(com.android.server.am.ProcessRecord, java.lang.String, int[], int, int, java.lang.String, java.lang.String, java.lang.String, long),ActivityManagerService.java,14450,int com.android.server.am.ActivityManagerService.bindIsolatedService(android.app.IApplicationThread, android.os.IBinder, android.content.Intent, java.lang.String, android.app.IServiceConnection, int, java.lang.String, java.lang.String, int),16]
10-14 18:35:37.188 I/dvm_lock_sample( 1594): [system_server,1,Binder:1594_E,62,ActivityManagerService.java,14474,void com.android.server.am.ActivityManagerService.publishService(android.os.IBinder, android.content.Intent, android.os.IBinder),-,14450,int com.android.server.am.ActivityManagerService.bindIsolatedService(android.app.IApplicationThread, android.os.IBinder, android.content.Intent, java.lang.String, android.app.IServiceConnection, int, java.lang.String, java.lang.String, int),12]
10-14 18:35:37.223 I/dvm_lock_sample( 1594): [system_server,1,ActivityManager:procStart,49,ProcessList.java,1687,void com.android.server.am.ProcessList.lambda$startProcessLocked$0$ProcessList(com.android.server.am.ProcessRecord, java.lang.String, int[], int, int, java.lang.String, java.lang.String, java.lang.String, long),ActivityManagerService.java,14463,boolean com.android.server.am.ActivityManagerService.unbindService(android.app.IServiceConnection),9]
10-14 18:35:37.238 I/dvm_lock_sample( 1594): [system_server,1,android.ui,53,ActivityManagerService.java,3378,void com.android.server.am.ActivityManagerService.dispatchUidsChanged(),-,14463,boolean com.android.server.am.ActivityManagerService.unbindService(android.app.IServiceConnection),10]
10-14 18:35:37.242 I/dvm_lock_sample( 1594): [system_server,1,Binder:1594_13,50,ActivityManagerService.java,14474,void com.android.server.am.ActivityManagerService.publishService(android.os.IBinder, android.content.Intent, android.os.IBinder),-,1537,void com.android.server.am.ActivityManagerService$AppDeathRecipient.binderDied(),10]
10-14 18:35:37.560 I/dvm_lock_sample( 1594): [system_server,0,Binder:1594_10,67,ActivityManagerService.java,14494,void com.android.server.am.ActivityManagerService.serviceDoneExecuting(android.os.IBinder, int, int, int),-,5395,void com.android.server.am.ActivityManagerService.attachApplication(android.app.IApplicationThread, long),13]
10-14 18:35:40.811 I/am_create_activity( 1594): [0,185606035,1415,com.idealinspecao.perueiroapp/.MainActivity,android.intent.action.MAIN,NULL,NULL,270532608]
10-14 18:35:40.862 I/am_proc_start( 1594): [0,5983,11373,com.idealinspecao.perueiroapp,activity,{com.idealinspecao.perueiroapp/com.idealinspecao.perueiroapp.MainActivity}]
10-14 18:35:40.979 I/am_proc_bound( 1594): [0,5983,com.idealinspecao.perueiroapp]
10-14 18:35:40.984 I/am_restart_activity( 1594): [0,185606035,1415,com.idealinspecao.perueiroapp/.MainActivity,5983]
10-14 18:35:40.985 I/am_set_resumed_activity( 1594): [0,com.idealinspecao.perueiroapp/.MainActivity,minimalResumeActivityLocked]
10-14 18:35:41.421 I/am_on_create_called( 5983): [0,com.idealinspecao.perueiroapp.MainActivity,performCreate,70]
10-14 18:35:41.431 I/am_on_start_called( 5983): [0,com.idealinspecao.perueiroapp.MainActivity,handleStartActivity,1]
10-14 18:35:41.436 I/am_on_resume_called( 5983): [0,com.idealinspecao.perueiroapp.MainActivity,RESUME_ACTIVITY,2]
10-14 18:35:41.468 I/am_on_top_resumed_gained_called( 5983): [0,com.idealinspecao.perueiroapp.MainActivity,topStateChangedWhenResumed]
10-14 18:35:42.099 I/sysui_multi_action( 1594): [319,221,321,113,322,1315,325,832124,757,761,758,7,759,1,806,com.idealinspecao.perueiroapp,871,com.idealinspecao.perueiroapp.MainActivity,904,com.miui.home,905,0,945,200,1320,5,1321,5]
10-14 18:35:42.102 I/am_activity_launch_time( 1594): [0,185606035,com.idealinspecao.perueiroapp/.MainActivity,1315]
10-14 18:35:51.233 I/am_pss  ( 1594): [5983,11373,com.idealinspecao.perueiroapp,92633088,81555456,189440,185585664,0,2,16]
10-14 18:36:01.240 I/am_pss  ( 1594): [5983,11373,com.idealinspecao.perueiroapp,96571392,85512192,189440,189927424,0,2,16]
10-14 18:37:01.719 I/am_pss  ( 1594): [5983,11373,com.idealinspecao.perueiroapp,94436352,83537920,187392,187875328,0,2,16]
10-14 18:39:10.873 I/am_pss  ( 1594): [5983,11373,com.idealinspecao.perueiroapp,95144960,84168704,186368,188645376,0,2,15]
10-14 18:43:11.565 I/am_pss  ( 1594): [5983,11373,com.idealinspecao.perueiroapp,96611328,85614592,186368,190132224,0,2,17]
10-14 18:45:12.399 I/am_pss  ( 1594): [5983,11373,com.idealinspecao.perueiroapp,94851072,84676608,181248,189218816,1,2,11]
10-14 18:45:13.396 I/dvm_lock_sample( 1594): [system_server,1,Binder:1594_B,5,ActivityManagerService.java,8605,boolean com.android.server.am.ActivityManagerService.isUidActive(int, java.lang.String),-,14494,void com.android.server.am.ActivityManagerService.serviceDoneExecuting(android.os.IBinder, int, int, int),1]
10-14 18:45:26.033 I/dvm_lock_sample( 1594): [system_server,1,android.ui,7,ActivityManagerService.java,3378,void com.android.server.am.ActivityManagerService.dispatchUidsChanged(),-,14488,void com.android.server.am.ActivityManagerService.unbindFinished(android.os.IBinder, android.content.Intent, boolean),1]
10-14 18:50:15.924 I/am_pss  ( 1594): [5983,11373,com.idealinspecao.perueiroapp,82817024,74985472,174080,167100416,0,2,18]
10-14 18:59:58.479 I/am_pss  ( 1594): [5983,11373,com.idealinspecao.perueiroapp,85256192,78196736,166912,166207488,0,2,17]
10-14 19:11:50.363 I/am_pss  ( 1594): [5983,11373,com.idealinspecao.perueiroapp,65760256,58736640,169984,146284544,0,2,11]
10-14 19:11:50.896 I/am_on_top_resumed_lost_called( 5983): [0,com.idealinspecao.perueiroapp.MainActivity,topStateChangedWhenResumed]
10-14 19:11:50.913 I/am_pause_activity( 1594): [5983,185606035,com.idealinspecao.perueiroapp/.MainActivity,userLeaving=true]
10-14 19:11:50.918 I/dvm_lock_sample( 1594): [system_server,0,Binder:1594_E,312,ActivityTaskManagerService.java,6551,int com.android.server.wm.ActivityTaskManagerService$LocalService.getTopProcessState(),ActivityStarter.java,1313,int com.android.server.wm.ActivityStarter.startActivityMayWait(android.app.IApplicationThread, int, java.lang.String, int, int, android.content.Intent, java.lang.String, android.service.voice.IVoiceInteractionSession, com.android.internal.app.IVoiceInteractor, android.os.IBinder, java.lang.String, int, int, android.app.ProfilerInfo, android.app.WaitResult, android.content.res.Configuration, com.android.server.wm.SafeActivityOptions, boolean, int, com.android.server.wm.TaskRecord, java.lang.String, boolean, com.android.server.am.PendingIntentRecord, boolean),62]
10-14 19:11:50.926 I/dvm_lock_sample( 1594): [system_server,1,Binder:1594_18,287,ActivityManagerService.java,14791,android.content.Intent com.android.server.am.ActivityManagerService.registerReceiver(android.app.IApplicationThread, java.lang.String, android.content.IIntentReceiver, android.content.IntentFilter, java.lang.String, int, int),-,16095,void com.android.server.am.ActivityManagerService.finishReceiver(android.os.IBinder, int, java.lang.String, android.os.Bundle, boolean, int),57]
10-14 19:11:50.926 I/dvm_lock_sample( 1594): [system_server,1,Binder:1594_19,321,ActivityManagerService.java,8605,boolean com.android.server.am.ActivityManagerService.isUidActive(int, java.lang.String),-,16095,void com.android.server.am.ActivityManagerService.finishReceiver(android.os.IBinder, int, java.lang.String, android.os.Bundle, boolean, int),64]
10-14 19:11:50.962 I/am_on_paused_called( 5983): [0,com.idealinspecao.perueiroapp.MainActivity,performPause,0]
10-14 19:15:13.508 I/am_set_resumed_activity( 1594): [0,com.idealinspecao.perueiroapp/.MainActivity,finishActivity]
10-14 19:15:13.531 I/am_set_resumed_activity( 1594): [0,com.idealinspecao.perueiroapp/.MainActivity,resumeTopActivityInnerLocked]
10-14 19:15:13.531 I/am_resume_activity( 1594): [0,185606035,1415,com.idealinspecao.perueiroapp/.MainActivity,5983]
10-14 19:15:13.606 I/am_on_resume_called( 5983): [0,com.idealinspecao.perueiroapp.MainActivity,RESUME_ACTIVITY,2]
10-14 19:15:13.608 I/am_on_top_resumed_gained_called( 5983): [0,com.idealinspecao.perueiroapp.MainActivity,topWhenResuming]
10-14 19:15:15.111 I/am_on_top_resumed_lost_called( 5983): [0,com.idealinspecao.perueiroapp.MainActivity,topStateChangedWhenResumed]
10-14 19:15:15.114 I/am_pause_activity( 1594): [5983,185606035,com.idealinspecao.perueiroapp/.MainActivity,userLeaving=true]
10-14 19:15:15.115 I/am_add_to_stopping( 1594): [0,185606035,com.idealinspecao.perueiroapp/.MainActivity,makeInvisible]
10-14 19:15:15.131 I/am_on_paused_called( 5983): [0,com.idealinspecao.perueiroapp.MainActivity,performPause,0]
10-14 19:15:15.535 I/am_stop_activity( 1594): [0,185606035,com.idealinspecao.perueiroapp/.MainActivity]
10-14 19:15:15.598 I/am_on_stop_called( 5983): [0,com.idealinspecao.perueiroapp.MainActivity,STOP_ACTIVITY_ITEM,0]
10-14 19:15:16.592 I/am_set_resumed_activity( 1594): [0,com.idealinspecao.perueiroapp/.MainActivity,bringingFoundTaskToFront]
10-14 19:15:16.611 I/am_set_resumed_activity( 1594): [0,com.idealinspecao.perueiroapp/.MainActivity,resumeTopActivityInnerLocked]
10-14 19:15:16.613 I/am_resume_activity( 1594): [0,185606035,1415,com.idealinspecao.perueiroapp/.MainActivity,5983]
10-14 19:15:16.640 I/am_on_restart_called( 5983): [0,com.idealinspecao.perueiroapp.MainActivity,performRestartActivity,0]
10-14 19:15:16.641 I/am_on_start_called( 5983): [0,com.idealinspecao.perueiroapp.MainActivity,handleStartActivity,0]
10-14 19:15:16.647 I/am_on_resume_called( 5983): [0,com.idealinspecao.perueiroapp.MainActivity,RESUME_ACTIVITY,1]
10-14 19:15:16.648 I/am_on_top_resumed_gained_called( 5983): [0,com.idealinspecao.perueiroapp.MainActivity,topWhenResuming]
10-14 19:15:16.707 I/sysui_multi_action( 1594): [319,44,321,35,322,118,325,834500,757,761,758,9,759,4,806,com.idealinspecao.perueiroapp,871,com.idealinspecao.perueiroapp.MainActivity,904,com.miui.home,905,0,1320,5,1321,5]
10-14 19:15:18.386 I/am_on_top_resumed_lost_called( 5983): [0,com.idealinspecao.perueiroapp.MainActivity,topStateChangedWhenResumed]
10-14 19:15:18.389 I/am_pause_activity( 1594): [5983,185606035,com.idealinspecao.perueiroapp/.MainActivity,userLeaving=true]
10-14 19:15:18.391 I/am_add_to_stopping( 1594): [0,185606035,com.idealinspecao.perueiroapp/.MainActivity,makeInvisible]
10-14 19:15:18.402 I/am_on_paused_called( 5983): [0,com.idealinspecao.perueiroapp.MainActivity,performPause,0]
10-14 19:15:18.840 I/am_stop_activity( 1594): [0,185606035,com.idealinspecao.perueiroapp/.MainActivity]
10-14 19:15:18.881 I/am_on_stop_called( 5983): [0,com.idealinspecao.perueiroapp.MainActivity,STOP_ACTIVITY_ITEM,0]
10-14 19:15:19.419 I/sysui_multi_action( 2131): [757,289,758,4,806,ComponentInfo{com.idealinspecao.perueiroapp/com.idealinspecao.perueiroapp.MainActivity}]
10-14 19:15:19.421 I/am_finish_activity( 1594): [5983,185606035,1415,com.idealinspecao.perueiroapp/.MainActivity,remove-task]
10-14 19:15:19.422 I/am_destroy_activity( 1594): [5983,185606035,1415,com.idealinspecao.perueiroapp/.MainActivity,finish-imm:finishActivityLocked]
10-14 19:15:19.429 I/am_kill ( 1594): [0,5983,com.idealinspecao.perueiroapp,700,SwipeUpClean]
10-14 19:15:19.524 I/am_proc_died( 1594): [0,5983,com.idealinspecao.perueiroapp,700,16]
10-14 19:15:26.083 I/dvm_lock_sample( 1594): [system_server,0,PackageManager,41,ActivityManagerService.java,15989,int com.android.server.am.ActivityManagerService.broadcastIntent(android.app.IApplicationThread, android.content.Intent, java.lang.String, android.content.IIntentReceiver, int, java.lang.String, android.os.Bundle, java.lang.String[], int, android.os.Bundle, boolean, boolean, int),BroadcastQueue.java,984,void com.android.server.am.BroadcastQueue.processNextBroadcast(boolean, boolean),8]
10-14 19:15:28.035 I/notification_cancel_all( 1594): [1000,1594,com.idealinspecao.perueiroapp,0,0,0,5,NULL]
10-14 19:15:28.159 I/am_wtf  ( 1594): [0,1594,system_server,-1,PasspointManager,No app ops listener found for com.idealinspecao.perueiroapp]
10-14 19:15:42.371 I/dvm_lock_sample( 1594): [system_server,1,android.ui,13,ActivityManagerService.java,3432,void com.android.server.am.ActivityManagerService.dispatchUidsChanged(),-,14494,void com.android.server.am.ActivityManagerService.serviceDoneExecuting(android.os.IBinder, int, int, int),2]
10-14 19:25:00.779 I/dvm_lock_sample( 1594): [system_server,1,Binder:1594_8,7,ProcessManagerService.java,1704,java.util.List com.android.server.am.ProcessManagerService.getRunningProcessInfo(int, int, java.lang.String, java.lang.String, int),ActivityManagerService.java,1537,void com.android.server.am.ActivityManagerService$AppDeathRecipient.binderDied(),1]
10-14 19:26:18.079 I/dvm_lock_sample( 1594): [system_server,0,Binder:1594_19,14,ActivityManagerService.java,14494,void com.android.server.am.ActivityManagerService.serviceDoneExecuting(android.os.IBinder, int, int, int),-,14463,boolean com.android.server.am.ActivityManagerService.unbindService(android.app.IServiceConnection),2]
10-14 19:32:01.145 I/dvm_lock_sample( 1594): [system_server,0,Binder:1594_13,34,ActivityTaskManagerService.java,6551,int com.android.server.wm.ActivityTaskManagerService$LocalService.getTopProcessState(),WindowSurfacePlacer.java,61,void com.android.server.wm.WindowSurfacePlacer.lambda$new$0$WindowSurfacePlacer(),6]
10-14 19:32:03.695 I/dvm_lock_sample( 1594): [system_server,1,android.ui,5,ActivityManagerService.java,3272,void com.android.server.am.ActivityManagerService.dispatchProcessesChanged(),ProcessRecord.java,1358,void com.android.server.am.ProcessRecord.updateProcessInfo(boolean, boolean, boolean),1]
10-14 19:32:04.449 I/dvm_lock_sample( 1594): [system_server,1,Binder:1594_5,16,ActivityManagerService.java,8605,boolean com.android.server.am.ActivityManagerService.isUidActive(int, java.lang.String),-,14285,android.content.ComponentName com.android.server.am.ActivityManagerService.startService(android.app.IApplicationThread, android.content.Intent, java.lang.String, boolean, java.lang.String, int),3]
10-14 19:32:04.658 I/sysui_multi_action( 1594): [757,147,758,4,759,1,806,com.idealinspecao.perueiroapp]
10-14 19:32:04.907 I/notification_cancel_all( 1594): [1000,1594,com.idealinspecao.perueiroapp,0,0,0,5,NULL]
10-14 19:32:05.152 I/dvm_lock_sample( 1594): [system_server,1,Binder:1594_12,30,ProcessManagerService.java,1704,java.util.List com.android.server.am.ProcessManagerService.getRunningProcessInfo(int, int, java.lang.String, java.lang.String, int),ActivityManagerService.java,14285,android.content.ComponentName com.android.server.am.ActivityManagerService.startService(android.app.IApplicationThread, android.content.Intent, java.lang.String, boolean, java.lang.String, int),6]
10-14 19:32:05.673 I/am_create_activity( 1594): [0,198244302,1418,com.idealinspecao.perueiroapp/.MainActivity,NULL,NULL,NULL,268435456]
10-14 19:32:05.720 I/dvm_lock_sample( 1594): [system_server,1,Binder:1594_1A,65,ActivityManagerService.java,6752,java.lang.String com.android.server.am.ActivityManagerService.checkContentProviderAccess(java.lang.String, int),-,1537,void com.android.server.am.ActivityManagerService$AppDeathRecipient.binderDied(),13]
10-14 19:32:05.817 I/dvm_lock_sample( 1594): [system_server,1,Binder:1594_E,42,ActivityManagerService.java,14450,int com.android.server.am.ActivityManagerService.bindIsolatedService(android.app.IApplicationThread, android.os.IBinder, android.content.Intent, java.lang.String, android.app.IServiceConnection, int, java.lang.String, java.lang.String, int),-,18535,void com.android.server.am.ActivityManagerService$LocalService.updateActivityUsageStats(android.content.ComponentName, int, int, android.os.IBinder, android.content.ComponentName),8]
10-14 19:32:05.841 I/PI-ScanDispatch( 9460): service bind, pkgName = com.idealinspecao.perueiroapp, installer = null, isReplace = false, firstGoogleTime = 1614890563430
10-14 19:32:05.848 I/am_proc_start( 1594): [0,9678,11374,com.idealinspecao.perueiroapp,activity,{com.idealinspecao.perueiroapp/com.idealinspecao.perueiroapp.MainActivity}]
10-14 19:32:05.855 D/OemNetd (  518): setPidForPackage: packageName=com.idealinspecao.perueiroapp, pid=9678, pid=11374
10-14 19:32:05.856 I/ActivityManager( 1594): Start proc 9678:com.idealinspecao.perueiroapp/u0a1374 for activity {com.idealinspecao.perueiroapp/com.idealinspecao.perueiroapp.MainActivity} caller=com.android.shell
10-14 19:32:05.889 I/ActivityManager( 1594): Start proc 9688:com.xiaomi.discover/u0a133 for broadcast {com.xiaomi.discover/com.xiaomi.market.receiver.AppActiveReceiver} caller=null
10-14 19:32:05.935 I/ActivityManager( 1594): Process com.huaqin.diaglogger (pid 6482) has died: cch+65 SVC 
10-14 19:32:05.939 W/ActivityManager( 1594): Scheduling restart of crashed service com.huaqin.diaglogger/.DiagLogService in 10144ms
10-14 19:32:06.134 I/ActivityManager( 1594): Start proc 9760:com.qualcomm.telephony/u0a147 for service {com.qualcomm.atfwd/com.qualcomm.atfwd.AtFwdService} caller=com.qualcomm.atfwd
10-14 19:32:06.158 I/am_proc_bound( 1594): [0,9678,com.idealinspecao.perueiroapp]
10-14 19:32:06.167 I/am_restart_activity( 1594): [0,198244302,1418,com.idealinspecao.perueiroapp/.MainActivity,9678]
10-14 19:32:06.168 D/AutoInstallService( 9163): onForegroundInfoChanged: com.idealinspecao.perueiroapp
10-14 19:32:06.168 I/GST     (10006): forePkg: com.idealinspecao.perueiroapp, preForePkg: com.miui.home
10-14 19:32:06.169 D/PerfEngineController( 2904): ForegroundInfo{mForegroundPackageName='com.idealinspecao.perueiroapp', mForegroundUid=11374, mForegroundPid=9678, mLastForegroundPackageName='com.miui.home', mLastForegroundUid=10064, mLastForegroundPid=2404, mMultiWindowForegroundPackageName='null', mMultiWindowForegroundUid=-1, mFlags=1}
10-14 19:32:06.169 I/ProcessMonitor(13735): onForegroundInfoChanged: ForegroundInfo{mForegroundPackageName='com.idealinspecao.perueiroapp', mForegroundUid=11374, mForegroundPid=9678, mLastForegroundPackageName='com.miui.home', mLastForegroundUid=10064, mLastForegroundPid=2404, mMultiWindowForegroundPackageName='null', mMultiWindowForegroundUid=-1, mFlags=1}
10-14 19:32:06.173 I/am_set_resumed_activity( 1594): [0,com.idealinspecao.perueiroapp/.MainActivity,minimalResumeActivityLocked]
10-14 19:32:06.173 W/ActivityTaskManager( 1594): Request to remove task ignored for non-existent task 1417
10-14 19:32:06.529 I/ActivityManager( 1594): Process com.google.android.documentsui (pid 7920) has died: cch+65 CEM 
10-14 19:32:06.550 I/Finsky  ( 7501): [2] Received an install/uninstall event for package com.idealinspecao.perueiroapp
10-14 19:32:06.750 D/AppActiveReceiver( 9688): receive app active broadcast for: com.idealinspecao.perueiroapp, install from: null
10-14 19:32:06.791 D/AppActiveReceiver( 8592): receive app active broadcast for: com.idealinspecao.perueiroapp, install from: null
10-14 19:32:06.914 I/dvm_lock_sample( 1594): [system_server,0,Binder:1594_12,21,ActivityManagerService.java,16095,void com.android.server.am.ActivityManagerService.finishReceiver(android.os.IBinder, int, java.lang.String, android.os.Bundle, boolean, int),-,14450,int com.android.server.am.ActivityManagerService.bindIsolatedService(android.app.IApplicationThread, android.os.IBinder, android.content.Intent, java.lang.String, android.app.IServiceConnection, int, java.lang.String, java.lang.String, int),4]
10-14 19:32:07.000 I/ActivityManager( 1594): Process com.google.android.apps.photos (pid 7974) has died: cch+55 CEM 
10-14 19:32:07.166 I/ThumbnailBlurUtils(13735): loadPrivacyThumbnailBlurMonthly successd{"com.anydesk.anydeskandroid":5,"com.miui.player":27,"com.xiaomi.mipicks":5,"videoeditor.videorecorder.screenrecorder":5,"com.miui.compass":5,"com.otimiza.samplelivenessapp.xamarin":-1,"com.miui.calculator":5,"com.android.deskclock":5,"com.xiaomi.scanner":5,"com.xiaomi.midrop":5,"com.ozforensics.liveness.demo":-1,"com.miui.securitycenter":5,"com.google.android.apps.meetings":-1,"com.android.vending":5,"com.android.chrome":-1,"com.google.android.apps.photos":-1,"com.mi.android.globalFileexplorer":5,"com.google.android.apps.docs":5,"br.com.otimizaugc.vistosoftapp":-1,"com.duokan.phone.remotecontroller":5,"com.miui.gallery":6,"com.ypcc.otgcamera":-1,"com.google.android.youtube":-1,"com.idealinspecao.perueiroapp":-1,"com.miui.screenrecorder":5,"com.google.android.apps.maps":-1,"com.google.android.apps.tachyon":5,"com.miui.videoplayer":27,"net.sourceforge.opencamera":5,"com.mi.globalbrowser":5,"com.google.android.apps.messaging":5,"com.miui.notes":5,"com.google.android.videos":-1,"com.google.android.googlequicksearchbox":-1,"com.miui.miservice":5,"com.google.ar.lens":5,"com.google.android.contacts":-1,"net.openvpn.openvpn":5,"com.mi.android.globalminusscreen":5,"com.airbeat.device.inspector":5,"com.miui.weather2":5,"com.otimizati.liveness.sampleapp.dev":-1,"com.miui.fm":27,"com.android.providers.downloads.ui":5,"com.android.thememanager":5,"com.xiaomi.calendar":-1,"com.google.android.dialer":-1,"com.android.camera":6,"com.google.android.gm":5,"com.tony.molink.howifi":-1,"com.android.settings":-1,"com.xiaomi.glgm":5,"com.google.android.music":5,"com.google.android.apps.authenticator2":-1,"com.android.soundrecorder":5}
10-14 19:32:07.328 I/ActivityManager( 1594): Process com.android.vending:background (pid 7626) has died: cch+55 CEM 
10-14 19:32:07.586 I/ActivityManager( 1594): Process com.android.cellbroadcastreceiver (pid 8316) has died: cch+55 CEM 
10-14 19:32:07.632 I/ActivityManager( 1594): Process com.google.android.googlequicksearchbox:googleapp (pid 8163) has died: cch+45 CEM 
10-14 19:32:07.657 I/ActivityManager( 1594): Killing 8425:com.google.android.webview:sandboxed_process0:org.chromium.content.app.SandboxedProcessService0:0/u0a48i619 (adj 0): isolated not needed
10-14 19:32:07.741 I/sysui_multi_action( 1594): [757,147,758,4,759,1,806,com.idealinspecao.perueiroapp]
10-14 19:32:07.821 I/dvm_lock_sample( 1594): [system_server,1,Binder:1594_2,35,ActivityManagerService.java,10076,void com.android.server.am.ActivityManagerService.getMyMemoryState(android.app.ActivityManager$RunningAppProcessInfo),-,14450,int com.android.server.am.ActivityManagerService.bindIsolatedService(android.app.IApplicationThread, android.os.IBinder, android.content.Intent, java.lang.String, android.app.IServiceConnection, int, java.lang.String, java.lang.String, int),7]
10-14 19:32:08.097 I/ActivityManager( 1594): Process com.google.process.gservices (pid 27434) has died: cch+85 CEM 
10-14 19:32:08.387 I/ActivityManager( 1594): Process com.google.android.googlequicksearchbox:search (pid 8122) has died: cch+75 CEM 
10-14 19:32:08.455 I/ActivityManager( 1594): Start proc 10074:com.google.android.webview:sandboxed_process0:org.chromium.content.app.SandboxedProcessService0:0/u0i620 for  {com.miui.global.packageinstaller/org.chromium.content.app.SandboxedProcessService0:0} caller=com.miui.global.packageinstaller
10-14 19:32:08.637 W/ActivityManager( 1594): Application dead when creating service ServiceRecord{f3bfb60 u0 com.google.android.webview/org.chromium.android_webview.services.ComponentsProviderService}
10-14 19:32:08.638 I/ActivityManager( 1594): Process com.google.android.webview:webview_service (pid 8488) has died: fore SVC 
10-14 19:32:08.645 W/ActivityManager( 1594): Scheduling restart of crashed service com.google.android.webview/org.chromium.android_webview.services.ComponentsProviderService in 17439ms
10-14 19:32:08.649 W/ActivityManager( 1594): Scheduling restart of crashed service com.google.android.webview/org.chromium.android_webview.services.ComponentsProviderService in 69756ms
10-14 19:32:08.649 W/ActivityManager( 1594): Exception when starting service com.google.android.webview/org.chromium.android_webview.services.ComponentsProviderService
10-14 19:32:08.649 W/ActivityManager( 1594): android.os.DeadObjectException
10-14 19:32:08.649 W/ActivityManager( 1594): 	at android.os.BinderProxy.transactNative(Native Method)
10-14 19:32:08.649 W/ActivityManager( 1594): 	at android.os.BinderProxy.transact(BinderProxy.java:511)
10-14 19:32:08.649 W/ActivityManager( 1594): 	at android.app.IApplicationThread$Stub$Proxy.scheduleCreateService(IApplicationThread.java:1389)
10-14 19:32:08.649 W/ActivityManager( 1594): 	at com.android.server.am.ActiveServices.realStartServiceLocked(ActiveServices.java:2919)
10-14 19:32:08.649 W/ActivityManager( 1594): 	at com.android.server.am.ActiveServices.bringUpServiceLocked(ActiveServices.java:2794)
10-14 19:32:08.649 W/ActivityManager( 1594): 	at com.android.server.am.ActiveServices.bindServiceLocked(ActiveServices.java:1916)
10-14 19:32:08.649 W/ActivityManager( 1594): 	at com.android.server.am.ActivityManagerService.bindIsolatedService(ActivityManagerService.java:14451)
10-14 19:32:08.649 W/ActivityManager( 1594): 	at android.app.IActivityManager$Stub.onTransact(IActivityManager.java:2343)
10-14 19:32:08.649 W/ActivityManager( 1594): 	at com.android.server.am.ActivityManagerService.onTransact(ActivityManagerService.java:2800)
10-14 19:32:08.649 W/ActivityManager( 1594): 	at android.os.Binder.execTransactInternal(Binder.java:1021)
10-14 19:32:08.649 W/ActivityManager( 1594): 	at android.os.Binder.execTransact(Binder.java:994)
10-14 19:32:08.731 I/dvm_lock_sample( 1594): [system_server,1,Binder:1594_20,5,ActivityManagerService.java,1537,void com.android.server.am.ActivityManagerService$AppDeathRecipient.binderDied(),-,14450,int com.android.server.am.ActivityManagerService.bindIsolatedService(android.app.IApplicationThread, android.os.IBinder, android.content.Intent, java.lang.String, android.app.IServiceConnection, int, java.lang.String, java.lang.String, int),1]
10-14 19:32:08.731 I/ActivityManager( 1594): Process com.miui.videoplayer (pid 8601) has died: cch+65 CEM 
10-14 19:32:08.746 I/dvm_lock_sample( 1594): [system_server,0,android.bg,19,ActivityManagerService.java,2043,void com.android.server.am.ActivityManagerService$5.handleMessage(android.os.Message),-,14450,int com.android.server.am.ActivityManagerService.bindIsolatedService(android.app.IApplicationThread, android.os.IBinder, android.content.Intent, java.lang.String, android.app.IServiceConnection, int, java.lang.String, java.lang.String, int),3]
10-14 19:32:09.026 I/ActivityManager( 1594): Process com.miui.securitycenter (pid 9329) has died: cch+55 CEM 
10-14 19:32:09.036 W/ActivityManager( 1594): setHasOverlayUi called on unknown pid: 9329
10-14 19:32:09.288 I/ActivityManager( 1594): Process com.google.android.packageinstaller (pid 9418) has died: cch+45 CEM 
10-14 19:32:09.321 I/Finsky  ( 7501): [60475] Installer package name of package com.idealinspecao.perueiroapp is 
10-14 19:32:09.344 I/ActivityManager( 1594): Process com.miui.global.packageinstaller (pid 9460) has died: cch+35 CEM 
10-14 19:32:09.375 I/ActivityManager( 1594): Killing 10074:com.google.android.webview:sandboxed_process0:org.chromium.content.app.SandboxedProcessService0:0/u0a121i620 (adj 0): isolated not needed
10-14 19:32:09.587 I/ActivityManager( 1594): Process com.xiaomi.mipicks (pid 8592) has died: cch+25 CEM 
10-14 19:32:09.695 I/ActivityManager( 1594): Process com.xiaomi.discover (pid 9688) has died: cch+15 CEM 
10-14 19:32:09.807 I/ActivityManager( 1594): Process net.openvpn.openvpn (pid 28478) has died: cch+10 CAC 
10-14 19:32:09.824 W/ActivityManager( 1594): setHasOverlayUi called on unknown pid: 28478
10-14 19:32:09.916 I/ActivityManager( 1594): Process com.android.vending (pid 7501) has died: cch+5 CEM 
===== END SNAPSHOT =====
