10-16 20:42:58.900 I/am_on_start_called( 7567): [0,com.idealinspecao.perueiroapp.MainActivity,handleStartActivity,0]
10-16 20:42:58.905 I/am_on_resume_called( 7567): [0,com.idealinspecao.perueiroapp.MainActivity,RESUME_ACTIVITY,2]
10-16 20:42:58.952 I/am_on_top_resumed_gained_called( 7567): [0,com.idealinspecao.perueiroapp.MainActivity,topStateChangedWhenResumed]
10-16 20:43:00.227 I/dvm_lock_sample( 1594): [system_server,1,Binder:1594_1C,20,ActivityManagerService.java,14791,android.content.Intent com.android.server.am.ActivityManagerService.registerReceiver(android.app.IApplicationThread, java.lang.String, android.content.IIntentReceiver, android.content.IntentFilter, java.lang.String, int, int),-,1537,void com.android.server.am.ActivityManagerService$AppDeathRecipient.binderDied(),4]
10-16 20:43:01.418 I/sysui_multi_action( 1594): [319,533,321,159,322,8496,325,1012556,757,761,758,7,759,1,806,com.idealinspecao.perueiroapp,871,com.idealinspecao.perueiroapp.MainActivity,904,com.android.shell,905,0,945,497,1320,12,1321,1]
10-16 20:43:01.424 I/am_activity_launch_time( 1594): [0,97713893,com.idealinspecao.perueiroapp/.MainActivity,8496]
10-16 20:43:01.504 I/dvm_lock_sample( 7567): [com.idealinspecao.perueiroapp,0,arch_disk_io_1,5,LazyJVM.kt,69,java.lang.Object kotlin.SynchronizedLazyImpl.getValue(),FrameworkSQLiteOpenHelper.kt,63,androidx.sqlite.db.framework.FrameworkSQLiteOpenHelper$OpenHelper androidx.sqlite.db.framework.FrameworkSQLiteOpenHelper$lazyDelegate$1.invoke(),1]
10-16 20:43:06.921 I/am_pss  ( 1594): [7567,11381,com.idealinspecao.perueiroapp,127732736,118202368,197632,215232512,0,2,21]
10-16 20:43:11.621 I/dvm_lock_sample( 1594): [system_server,1,main,10,BroadcastDispatcher.java,186,void com.android.server.am.BroadcastDispatcher$1.broadcastAlarmComplete(int),ActivityManagerService.java,16095,void com.android.server.am.ActivityManagerService.finishReceiver(android.os.IBinder, int, java.lang.String, android.os.Bundle, boolean, int),2]
10-16 20:44:07.468 I/am_pss  ( 1594): [7567,11381,com.idealinspecao.perueiroapp,159905792,148066304,196608,251260928,0,2,22]
10-16 20:44:35.604 I/am_on_top_resumed_lost_called( 7567): [0,com.idealinspecao.perueiroapp.MainActivity,topStateChangedWhenResumed]
10-16 20:44:35.607 I/am_pause_activity( 1594): [7567,97713893,com.idealinspecao.perueiroapp/.MainActivity,userLeaving=true]
10-16 20:44:35.609 I/am_add_to_stopping( 1594): [0,97713893,com.idealinspecao.perueiroapp/.MainActivity,makeInvisible]
10-16 20:44:35.618 I/am_on_paused_called( 7567): [0,com.idealinspecao.perueiroapp.MainActivity,performPause,0]
10-16 20:44:36.189 I/am_stop_activity( 1594): [0,97713893,com.idealinspecao.perueiroapp/.MainActivity]
10-16 20:44:36.251 I/am_on_stop_called( 7567): [0,com.idealinspecao.perueiroapp.MainActivity,STOP_ACTIVITY_ITEM,0]
10-16 20:44:37.070 I/sysui_multi_action( 2131): [757,289,758,4,806,ComponentInfo{com.idealinspecao.perueiroapp/com.idealinspecao.perueiroapp.MainActivity}]
10-16 20:44:37.094 I/am_finish_activity( 1594): [7567,97713893,1537,com.idealinspecao.perueiroapp/.MainActivity,remove-task]
10-16 20:44:37.094 I/am_destroy_activity( 1594): [7567,97713893,1537,com.idealinspecao.perueiroapp/.MainActivity,finish-imm:finishActivityLocked]
10-16 20:44:37.107 I/am_kill ( 1594): [0,7567,com.idealinspecao.perueiroapp,700,SwipeUpClean]
10-16 20:44:37.245 I/am_proc_died( 1594): [0,7567,com.idealinspecao.perueiroapp,700,16]
10-16 20:46:12.195 I/dvm_lock_sample( 1594): [system_server,1,Binder:1594_11,22,ActivityManagerService.java,5827,java.lang.String com.android.server.am.ActivityManagerService.getTagForIntentSender(android.content.IIntentSender, java.lang.String),-,6978,android.app.ContentProviderHolder com.android.server.am.ActivityManagerService.getContentProviderImpl(android.app.IApplicationThread, java.lang.String, android.os.IBinder, int, java.lang.String, java.lang.String, boolean, int),4]
10-16 20:46:21.750 I/dvm_lock_sample( 1594): [system_server,0,miui.fg,14,ActivityManagerService.java,5955,boolean com.android.server.am.ActivityManagerService.isAppBad(android.content.pm.ApplicationInfo),-,14494,void com.android.server.am.ActivityManagerService.serviceDoneExecuting(android.os.IBinder, int, int, int),2]
10-16 20:46:42.310 I/dvm_lock_sample( 1594): [system_server,0,AsyncTask #7,15,ActivityManagerService.java,10090,int com.android.server.am.ActivityManagerService.getMemoryTrimLevel(),-,1964,void com.android.server.am.ActivityManagerService$5.handleMessage(android.os.Message),3]
10-16 20:53:14.841 I/dvm_lock_sample( 1594): [system_server,1,android.ui,12,ActivityManagerService.java,3378,void com.android.server.am.ActivityManagerService.dispatchUidsChanged(),-,14450,int com.android.server.am.ActivityManagerService.bindIsolatedService(android.app.IApplicationThread, android.os.IBinder, android.content.Intent, java.lang.String, android.app.IServiceConnection, int, java.lang.String, java.lang.String, int),2]
10-16 20:55:29.657 I/dvm_lock_sample( 1594): [system_server,1,Binder:1594_1D,21,ActivityManagerService.java,7717,boolean com.android.server.am.ActivityManagerService.refContentProvider(android.os.IBinder, int, int),-,14494,void com.android.server.am.ActivityManagerService.serviceDoneExecuting(android.os.IBinder, int, int, int),4]
10-16 21:10:31.355 I/dvm_lock_sample( 1594): [system_server,1,Binder:1594_20,12,ActivityManagerService.java,6752,java.lang.String com.android.server.am.ActivityManagerService.checkContentProviderAccess(java.lang.String, int),-,14450,int com.android.server.am.ActivityManagerService.bindIsolatedService(android.app.IApplicationThread, android.os.IBinder, android.content.Intent, java.lang.String, android.app.IServiceConnection, int, java.lang.String, java.lang.String, int),2]
10-16 21:10:45.237 I/dvm_lock_sample( 1594): [system_server,1,Binder:1594_17,5,ActivityManagerService.java,14791,android.content.Intent com.android.server.am.ActivityManagerService.registerReceiver(android.app.IApplicationThread, java.lang.String, android.content.IIntentReceiver, android.content.IntentFilter, java.lang.String, int, int),-,14450,int com.android.server.am.ActivityManagerService.bindIsolatedService(android.app.IApplicationThread, android.os.IBinder, android.content.Intent, java.lang.String, android.app.IServiceConnection, int, java.lang.String, java.lang.String, int),1]
10-16 21:10:46.522 I/dvm_lock_sample( 1594): [system_server,1,Binder:1594_12,9,ActivityManagerService.java,7717,boolean com.android.server.am.ActivityManagerService.refContentProvider(android.os.IBinder, int, int),-,14463,boolean com.android.server.am.ActivityManagerService.unbindService(android.app.IServiceConnection),1]
10-16 21:15:42.404 I/notification_cancel_all( 1594): [1000,1594,com.idealinspecao.perueiroapp,0,0,0,5,NULL]
10-16 21:15:42.423 I/am_wtf  ( 1594): [0,1594,system_server,-1,PasspointManager,No app ops listener found for com.idealinspecao.perueiroapp]
10-16 21:15:54.172 I/dvm_lock_sample( 1594): [system_server,1,ActivityManager,11,ActiveServices.java,1099,void com.android.server.am.ActiveServices.updateForegroundApps(com.android.server.am.ActiveServices$ServiceMap),ActivityManagerService.java,14463,boolean com.android.server.am.ActivityManagerService.unbindService(android.app.IServiceConnection),2]
10-16 21:22:00.969 I/dvm_lock_sample( 1594): [system_server,1,Binder:1594_5,7,ActivityManagerService.java,6752,java.lang.String com.android.server.am.ActivityManagerService.checkContentProviderAccess(java.lang.String, int),-,5395,void com.android.server.am.ActivityManagerService.attachApplication(android.app.IApplicationThread, long),1]
10-16 21:27:04.129 I/dvm_lock_sample( 1594): [system_server,1,Binder:1594_F,11,ActivityTaskManagerService.java,1746,void com.android.server.wm.ActivityTaskManagerService.activityTopResumedStateLost(),ActivityStarter.java,1313,int com.android.server.wm.ActivityStarter.startActivityMayWait(android.app.IApplicationThread, int, java.lang.String, int, int, android.content.Intent, java.lang.String, android.service.voice.IVoiceInteractionSession, com.android.internal.app.IVoiceInteractor, android.os.IBinder, java.lang.String, int, int, android.app.ProfilerInfo, android.app.WaitResult, android.content.res.Configuration, com.android.server.wm.SafeActivityOptions, boolean, int, com.android.server.wm.TaskRecord, java.lang.String, boolean, com.android.server.am.PendingIntentRecord, boolean),2]
10-16 21:27:31.422 I/dvm_lock_sample( 1594): [system_server,1,Binder:1594_11,79,WindowManagerService.java,8088,int com.android.server.wm.WindowManagerService$LocalService.getDisplayIdForWindow(android.os.IBinder),ActivityTaskManagerService.java,1755,void com.android.server.wm.ActivityTaskManagerService.activityPaused(android.os.IBinder),15]
10-16 21:27:31.457 I/dvm_lock_sample( 1594): [system_server,1,Binder:1594_1E,7,ActivityTaskManagerService.java,2648,java.util.List com.android.server.wm.ActivityTaskManagerService.getFilteredTasks(int, int, int),WindowManagerService.java,1979,void com.android.server.wm.WindowManagerService.removeWindow(com.android.server.wm.Session, android.view.IWindow),1]
10-16 21:30:27.976 I/dvm_lock_sample( 1594): [system_server,0,PackageManager,46,ActivityManagerService.java,15989,int com.android.server.am.ActivityManagerService.broadcastIntent(android.app.IApplicationThread, android.content.Intent, java.lang.String, android.content.IIntentReceiver, int, java.lang.String, android.os.Bundle, java.lang.String[], int, android.os.Bundle, boolean, boolean, int),BroadcastQueue.java,984,void com.android.server.am.BroadcastQueue.processNextBroadcast(boolean, boolean),9]
10-16 21:30:28.073 I/sysui_multi_action( 1594): [757,147,758,4,759,1,806,com.idealinspecao.perueiroapp]
10-16 21:30:28.122 I/dvm_lock_sample( 1594): [system_server,1,android.ui,10,ActivityManagerService.java,3378,void com.android.server.am.ActivityManagerService.dispatchUidsChanged(),-,5395,void com.android.server.am.ActivityManagerService.attachApplication(android.app.IApplicationThread, long),2]
10-16 21:30:28.381 I/dvm_lock_sample( 1594): [system_server,1,ActivityManager,28,ActivityManagerService.java,18263,void com.android.server.am.ActivityManagerService$LocalService.setPendingIntentAllowBgActivityStarts(android.content.IIntentSender, android.os.IBinder, int),-,14450,int com.android.server.am.ActivityManagerService.bindIsolatedService(android.app.IApplicationThread, android.os.IBinder, android.content.Intent, java.lang.String, android.app.IServiceConnection, int, java.lang.String, java.lang.String, int),5]
10-16 21:30:28.532 I/dvm_lock_sample( 1594): [system_server,1,Binder:1594_20,17,ActivityManagerService.java,14285,android.content.ComponentName com.android.server.am.ActivityManagerService.startService(android.app.IApplicationThread, android.content.Intent, java.lang.String, boolean, java.lang.String, int),-,14285,android.content.ComponentName com.android.server.am.ActivityManagerService.startService(android.app.IApplicationThread, android.content.Intent, java.lang.String, boolean, java.lang.String, int),3]
10-16 21:30:28.976 I/am_create_activity( 1594): [0,62264204,1542,com.idealinspecao.perueiroapp/.MainActivity,NULL,NULL,NULL,268435456]
10-16 21:30:28.996 I/dvm_lock_sample( 1594): [system_server,1,Binder:1594_12,91,WindowProcessUtils.java,405,java.lang.String com.android.server.wm.WindowProcessUtils.getCallerPackageName(com.android.server.wm.ActivityTaskManagerService, android.app.IApplicationThread),ActivityStarter.java,1313,int com.android.server.wm.ActivityStarter.startActivityMayWait(android.app.IApplicationThread, int, java.lang.String, int, int, android.content.Intent, java.lang.String, android.service.voice.IVoiceInteractionSession, com.android.internal.app.IVoiceInteractor, android.os.IBinder, java.lang.String, int, int, android.app.ProfilerInfo, android.app.WaitResult, android.content.res.Configuration, com.android.server.wm.SafeActivityOptions, boolean, int, com.android.server.wm.TaskRecord, java.lang.String, boolean, com.android.server.am.PendingIntentRecord, boolean),18]
10-16 21:30:28.997 I/dvm_lock_sample( 1594): [system_server,1,Binder:1594_3,82,WindowProcessUtils.java,405,java.lang.String com.android.server.wm.WindowProcessUtils.getCallerPackageName(com.android.server.wm.ActivityTaskManagerService, android.app.IApplicationThread),ActivityStarter.java,1313,int com.android.server.wm.ActivityStarter.startActivityMayWait(android.app.IApplicationThread, int, java.lang.String, int, int, android.content.Intent, java.lang.String, android.service.voice.IVoiceInteractionSession, com.android.internal.app.IVoiceInteractor, android.os.IBinder, java.lang.String, int, int, android.app.ProfilerInfo, android.app.WaitResult, android.content.res.Configuration, com.android.server.wm.SafeActivityOptions, boolean, int, com.android.server.wm.TaskRecord, java.lang.String, boolean, com.android.server.am.PendingIntentRecord, boolean),16]
10-16 21:30:29.274 I/am_proc_start( 1594): [0,14324,11382,com.idealinspecao.perueiroapp,activity,{com.idealinspecao.perueiroapp/com.idealinspecao.perueiroapp.MainActivity}]
10-16 21:30:29.278 I/notification_cancel_all( 1594): [1000,1594,com.idealinspecao.perueiroapp,0,0,0,5,NULL]
10-16 21:30:29.402 I/am_proc_bound( 1594): [0,14324,com.idealinspecao.perueiroapp]
10-16 21:30:29.423 I/am_restart_activity( 1594): [0,62264204,1542,com.idealinspecao.perueiroapp/.MainActivity,14324]
10-16 21:30:29.425 I/am_set_resumed_activity( 1594): [0,com.idealinspecao.perueiroapp/.MainActivity,minimalResumeActivityLocked]
10-16 21:30:30.296 I/dvm_lock_sample( 1594): [system_server,1,Binder:1594_E,61,ActivityManagerService.java,6752,java.lang.String com.android.server.am.ActivityManagerService.checkContentProviderAccess(java.lang.String, int),-,1537,void com.android.server.am.ActivityManagerService$AppDeathRecipient.binderDied(),12]
10-16 21:30:30.301 I/dvm_lock_sample( 1594): [system_server,1,android.ui,45,ActivityManagerService.java,3378,void com.android.server.am.ActivityManagerService.dispatchUidsChanged(),-,1537,void com.android.server.am.ActivityManagerService$AppDeathRecipient.binderDied(),9]
10-16 21:30:31.359 I/dvm_lock_sample( 1594): [system_server,1,Binder:1594_16,33,ActivityManagerService.java,1537,void com.android.server.am.ActivityManagerService$AppDeathRecipient.binderDied(),-,14450,int com.android.server.am.ActivityManagerService.bindIsolatedService(android.app.IApplicationThread, android.os.IBinder, android.content.Intent, java.lang.String, android.app.IServiceConnection, int, java.lang.String, java.lang.String, int),6]
10-16 21:30:31.400 I/dvm_lock_sample( 1594): [system_server,1,Binder:1594_D,48,ActivityManagerService.java,14450,int com.android.server.am.ActivityManagerService.bindIsolatedService(android.app.IApplicationThread, android.os.IBinder, android.content.Intent, java.lang.String, android.app.IServiceConnection, int, java.lang.String, java.lang.String, int),-,14450,int com.android.server.am.ActivityManagerService.bindIsolatedService(android.app.IApplicationThread, android.os.IBinder, android.content.Intent, java.lang.String, android.app.IServiceConnection, int, java.lang.String, java.lang.String, int),9]
10-16 21:30:31.497 I/sysui_multi_action( 1594): [757,147,758,4,759,1,806,com.idealinspecao.perueiroapp]
10-16 21:30:32.519 I/dvm_lock_sample( 1594): [system_server,1,Binder:1594_11,7,ActivityManagerService.java,1537,void com.android.server.am.ActivityManagerService$AppDeathRecipient.binderDied(),-,1537,void com.android.server.am.ActivityManagerService$AppDeathRecipient.binderDied(),1]
10-16 21:30:32.579 I/dvm_lock_sample( 1594): [system_server,1,Binder:1594_1F,50,ActivityManagerService.java,14791,android.content.Intent com.android.server.am.ActivityManagerService.registerReceiver(android.app.IApplicationThread, java.lang.String, android.content.IIntentReceiver, android.content.IntentFilter, java.lang.String, int, int),-,1537,void com.android.server.am.ActivityManagerService$AppDeathRecipient.binderDied(),10]
10-16 21:30:34.891 I/am_lifecycle_sample(14324): [0,com.idealinspecao.perueiroapp,110,5441]
10-16 21:30:35.187 I/am_on_create_called(14324): [0,com.idealinspecao.perueiroapp.MainActivity,performCreate,131]
10-16 21:30:35.202 I/am_on_start_called(14324): [0,com.idealinspecao.perueiroapp.MainActivity,handleStartActivity,0]
10-16 21:30:35.207 I/am_on_resume_called(14324): [0,com.idealinspecao.perueiroapp.MainActivity,RESUME_ACTIVITY,2]
10-16 21:30:35.240 I/am_on_top_resumed_gained_called(14324): [0,com.idealinspecao.perueiroapp.MainActivity,topStateChangedWhenResumed]
10-16 21:30:37.440 I/sysui_multi_action( 1594): [319,559,321,243,322,8547,325,1015412,757,761,758,7,759,1,806,com.idealinspecao.perueiroapp,871,com.idealinspecao.perueiroapp.MainActivity,904,com.android.shell,905,0,945,518,1320,12,1321,1]
10-16 21:30:37.446 I/am_activity_launch_time( 1594): [0,62264204,com.idealinspecao.perueiroapp/.MainActivity,8547]
10-16 21:30:40.276 I/am_pss  ( 1594): [14324,11382,com.idealinspecao.perueiroapp,130093056,119574528,218112,216428544,0,2,21]
10-16 21:30:50.279 I/am_pss  ( 1594): [14324,11382,com.idealinspecao.perueiroapp,135761920,125059072,212992,224120832,0,2,21]
10-16 21:31:30.910 I/dvm_lock_sample( 1594): [system_server,1,Binder:1594_8,8,ActivityManagerService.java,14450,int com.android.server.am.ActivityManagerService.bindIsolatedService(android.app.IApplicationThread, android.os.IBinder, android.content.Intent, java.lang.String, android.app.IServiceConnection, int, java.lang.String, java.lang.String, int),-,14450,int com.android.server.am.ActivityManagerService.bindIsolatedService(android.app.IApplicationThread, android.os.IBinder, android.content.Intent, java.lang.String, android.app.IServiceConnection, int, java.lang.String, java.lang.String, int),1]
10-16 21:31:52.936 I/am_pss  ( 1594): [14324,11382,com.idealinspecao.perueiroapp,167687168,156086272,205824,259981312,0,2,24]
10-16 21:32:01.133 I/dvm_lock_sample( 1594): [system_server,1,android.ui,6,ActivityManagerService.java,3272,void com.android.server.am.ActivityManagerService.dispatchProcessesChanged(),-,14335,boolean com.android.server.am.ActivityManagerService.stopServiceToken(android.content.ComponentName, android.os.IBinder, int),1]
10-16 21:32:01.154 I/dvm_lock_sample( 1594): [system_server,1,android.ui,9,ActivityManagerService.java,3272,void com.android.server.am.ActivityManagerService.dispatchProcessesChanged(),-,14450,int com.android.server.am.ActivityManagerService.bindIsolatedService(android.app.IApplicationThread, android.os.IBinder, android.content.Intent, java.lang.String, android.app.IServiceConnection, int, java.lang.String, java.lang.String, int),1]
10-16 21:32:17.087 I/dvm_lock_sample( 1594): [system_server,1,Binder:1594_1B,5,ActivityTaskManagerService.java,2648,java.util.List com.android.server.wm.ActivityTaskManagerService.getFilteredTasks(int, int, int),WindowManagerService.java,2209,int com.android.server.wm.WindowManagerService.relayoutWindow(com.android.server.wm.Session, android.view.IWindow, int, android.view.WindowManager$LayoutParams, int, int, int, int, long, android.graphics.Rect, android.graphics.Rect, android.graphics.Rect, android.graphics.Rect, android.graphics.Rect, android.graphics.Rect, android.graphics.Rect, android.view.DisplayCutout$ParcelableWrapper, android.util.MergedConfiguration, android.view.SurfaceControl, android.view.InsetsState),1]
10-16 21:32:32.303 I/am_on_top_resumed_lost_called(14324): [0,com.idealinspecao.perueiroapp.MainActivity,topStateChangedWhenResumed]
10-16 21:32:32.308 I/am_pause_activity( 1594): [14324,62264204,com.idealinspecao.perueiroapp/.MainActivity,userLeaving=true]
10-16 21:32:32.310 I/am_add_to_stopping( 1594): [0,62264204,com.idealinspecao.perueiroapp/.MainActivity,makeInvisible]
10-16 21:32:32.320 I/am_on_paused_called(14324): [0,com.idealinspecao.perueiroapp.MainActivity,performPause,1]
10-16 21:32:32.889 I/am_stop_activity( 1594): [0,62264204,com.idealinspecao.perueiroapp/.MainActivity]
10-16 21:32:32.939 I/am_on_stop_called(14324): [0,com.idealinspecao.perueiroapp.MainActivity,STOP_ACTIVITY_ITEM,0]
10-16 21:32:34.050 I/sysui_multi_action( 2131): [757,289,758,4,806,ComponentInfo{com.idealinspecao.perueiroapp/com.idealinspecao.perueiroapp.MainActivity}]
10-16 21:32:34.054 I/am_finish_activity( 1594): [14324,62264204,1542,com.idealinspecao.perueiroapp/.MainActivity,remove-task]
10-16 21:32:34.054 I/am_destroy_activity( 1594): [14324,62264204,1542,com.idealinspecao.perueiroapp/.MainActivity,finish-imm:finishActivityLocked]
10-16 21:32:34.076 I/am_kill ( 1594): [0,14324,com.idealinspecao.perueiroapp,905,SwipeUpClean]
10-16 21:32:34.179 I/am_proc_died( 1594): [0,14324,com.idealinspecao.perueiroapp,905,20]
10-16 21:53:07.068 I/dvm_lock_sample( 1594): [system_server,0,Binder:1594_10,15,ActivityManagerService.java,14494,void com.android.server.am.ActivityManagerService.serviceDoneExecuting(android.os.IBinder, int, int, int),-,14463,boolean com.android.server.am.ActivityManagerService.unbindService(android.app.IServiceConnection),3]
10-16 21:53:26.117 I/dvm_lock_sample( 1594): [system_server,1,Binder:1594_1A,7,ActivityManagerService.java,14488,void com.android.server.am.ActivityManagerService.unbindFinished(android.os.IBinder, android.content.Intent, boolean),-,14463,boolean com.android.server.am.ActivityManagerService.unbindService(android.app.IServiceConnection),1]
10-16 22:32:09.845 I/dvm_lock_sample( 1594): [system_server,1,ActivityManager,19,ActivityManagerService.java,17200,void com.android.server.am.ActivityManagerService$ProcStatsRunnable.run(),-,14450,int com.android.server.am.ActivityManagerService.bindIsolatedService(android.app.IApplicationThread, android.os.IBinder, android.content.Intent, java.lang.String, android.app.IServiceConnection, int, java.lang.String, java.lang.String, int),3]
10-16 23:27:12.187 I/dvm_lock_sample( 1594): [system_server,1,Binder:1594_5,19,ActivityManagerService.java,8605,boolean com.android.server.am.ActivityManagerService.isUidActive(int, java.lang.String),-,14450,int com.android.server.am.ActivityManagerService.bindIsolatedService(android.app.IApplicationThread, android.os.IBinder, android.content.Intent, java.lang.String, android.app.IServiceConnection, int, java.lang.String, java.lang.String, int),3]
10-16 23:33:10.125 I/dvm_lock_sample( 1594): [system_server,1,main,10,BroadcastDispatcher.java,186,void com.android.server.am.BroadcastDispatcher$1.broadcastAlarmComplete(int),ActivityManagerService.java,16095,void com.android.server.am.ActivityManagerService.finishReceiver(android.os.IBinder, int, java.lang.String, android.os.Bundle, boolean, int),2]
10-16 23:43:08.831 I/dvm_lock_sample( 1594): [system_server,1,android.ui,6,ActivityManagerService.java,3378,void com.android.server.am.ActivityManagerService.dispatchUidsChanged(),-,14450,int com.android.server.am.ActivityManagerService.bindIsolatedService(android.app.IApplicationThread, android.os.IBinder, android.content.Intent, java.lang.String, android.app.IServiceConnection, int, java.lang.String, java.lang.String, int),1]
10-16 23:54:58.791 I/dvm_lock_sample( 1594): [system_server,0,miui.fg,5,ActivityManagerService.java,5955,boolean com.android.server.am.ActivityManagerService.isAppBad(android.content.pm.ApplicationInfo),-,14494,void com.android.server.am.ActivityManagerService.serviceDoneExecuting(android.os.IBinder, int, int, int),1]
10-17 00:29:48.830 I/dvm_lock_sample( 1594): [system_server,1,Binder:1594_B,12,ActivityManagerService.java,6752,java.lang.String com.android.server.am.ActivityManagerService.checkContentProviderAccess(java.lang.String, int),-,14463,boolean com.android.server.am.ActivityManagerService.unbindService(android.app.IServiceConnection),2]
10-17 00:37:15.092 I/dvm_lock_sample( 1594): [system_server,1,Binder:1594_1C,6,ActivityManagerService.java,14474,void com.android.server.am.ActivityManagerService.publishService(android.os.IBinder, android.content.Intent, android.os.IBinder),-,5395,void com.android.server.am.ActivityManagerService.attachApplication(android.app.IApplicationThread, long),1]
10-17 00:37:44.712 I/dvm_lock_sample( 1594): [system_server,0,Binder:1594_10,6,ActivityManagerService.java,14494,void com.android.server.am.ActivityManagerService.serviceDoneExecuting(android.os.IBinder, int, int, int),-,14463,boolean com.android.server.am.ActivityManagerService.unbindService(android.app.IServiceConnection),1]
10-17 00:49:01.838 I/dvm_lock_sample( 1594): [system_server,1,Binder:1594_1F,5,ActivityManagerService.java,14450,int com.android.server.am.ActivityManagerService.bindIsolatedService(android.app.IApplicationThread, android.os.IBinder, android.content.Intent, java.lang.String, android.app.IServiceConnection, int, java.lang.String, java.lang.String, int),-,14450,int com.android.server.am.ActivityManagerService.bindIsolatedService(android.app.IApplicationThread, android.os.IBinder, android.content.Intent, java.lang.String, android.app.IServiceConnection, int, java.lang.String, java.lang.String, int),1]
10-17 00:49:24.566 I/dvm_lock_sample( 1594): [system_server,1,Binder:1594_12,15,ActivityManagerService.java,14488,void com.android.server.am.ActivityManagerService.unbindFinished(android.os.IBinder, android.content.Intent, boolean),-,14463,boolean com.android.server.am.ActivityManagerService.unbindService(android.app.IServiceConnection),3]
10-17 00:56:06.862 I/dvm_lock_sample( 1594): [system_server,0,Binder:1594_1A,6,ActivityManagerService.java,14494,void com.android.server.am.ActivityManagerService.serviceDoneExecuting(android.os.IBinder, int, int, int),-,14463,boolean com.android.server.am.ActivityManagerService.unbindService(android.app.IServiceConnection),1]
10-17 01:03:10.209 I/dvm_lock_sample( 1594): [system_server,1,main,15,BroadcastDispatcher.java,186,void com.android.server.am.BroadcastDispatcher$1.broadcastAlarmComplete(int),ActivityManagerService.java,16095,void com.android.server.am.ActivityManagerService.finishReceiver(android.os.IBinder, int, java.lang.String, android.os.Bundle, boolean, int),3]
10-17 01:16:54.545 I/dvm_lock_sample( 1594): [system_server,1,Binder:1594_7,8,ActivityManagerService.java,14285,android.content.ComponentName com.android.server.am.ActivityManagerService.startService(android.app.IApplicationThread, android.content.Intent, java.lang.String, boolean, java.lang.String, int),-,14450,int com.android.server.am.ActivityManagerService.bindIsolatedService(android.app.IApplicationThread, android.os.IBinder, android.content.Intent, java.lang.String, android.app.IServiceConnection, int, java.lang.String, java.lang.String, int),1]
10-17 01:44:54.470 I/dvm_lock_sample( 1594): [system_server,0,Binder:1594_15,5,ActivityManagerService.java,14494,void com.android.server.am.ActivityManagerService.serviceDoneExecuting(android.os.IBinder, int, int, int),-,14463,boolean com.android.server.am.ActivityManagerService.unbindService(android.app.IServiceConnection),1]
10-17 01:44:55.035 I/dvm_lock_sample( 1594): [system_server,0,Binder:1594_15,10,ActivityManagerService.java,14494,void com.android.server.am.ActivityManagerService.serviceDoneExecuting(android.os.IBinder, int, int, int),-,14463,boolean com.android.server.am.ActivityManagerService.unbindService(android.app.IServiceConnection),2]
10-17 01:44:55.792 I/dvm_lock_sample( 1594): [system_server,0,Binder:1594_1A,6,ActivityManagerService.java,14494,void com.android.server.am.ActivityManagerService.serviceDoneExecuting(android.os.IBinder, int, int, int),-,14463,boolean com.android.server.am.ActivityManagerService.unbindService(android.app.IServiceConnection),1]
10-17 01:44:59.567 I/dvm_lock_sample( 1594): [system_server,1,Binder:1594_16,5,ActivityManagerService.java,14962,void com.android.server.am.ActivityManagerService.unregisterReceiver(android.content.IIntentReceiver),-,14463,boolean com.android.server.am.ActivityManagerService.unbindService(android.app.IServiceConnection),1]
10-17 01:54:45.291 I/dvm_lock_sample( 1594): [system_server,1,android.ui,9,ActivityManagerService.java,3378,void com.android.server.am.ActivityManagerService.dispatchUidsChanged(),-,14463,boolean com.android.server.am.ActivityManagerService.unbindService(android.app.IServiceConnection),1]
10-17 02:18:11.826 I/dvm_lock_sample( 1594): [system_server,1,Binder:1594_17,9,ActivityManagerService.java,14791,android.content.Intent com.android.server.am.ActivityManagerService.registerReceiver(android.app.IApplicationThread, java.lang.String, android.content.IIntentReceiver, android.content.IntentFilter, java.lang.String, int, int),-,14463,boolean com.android.server.am.ActivityManagerService.unbindService(android.app.IServiceConnection),1]
10-17 02:18:11.826 I/dvm_lock_sample( 1594): [system_server,0,Binder:1594_20,7,ActivityManagerService.java,14494,void com.android.server.am.ActivityManagerService.serviceDoneExecuting(android.os.IBinder, int, int, int),-,14463,boolean com.android.server.am.ActivityManagerService.unbindService(android.app.IServiceConnection),1]
10-17 02:33:11.295 I/dvm_lock_sample( 1594): [system_server,0,miui.fg,17,ActivityManagerService.java,5963,int com.android.server.am.ActivityManagerService.getUidState(int),-,14450,int com.android.server.am.ActivityManagerService.bindIsolatedService(android.app.IApplicationThread, android.os.IBinder, android.content.Intent, java.lang.String, android.app.IServiceConnection, int, java.lang.String, java.lang.String, int),3]
10-17 02:46:22.344 I/dvm_lock_sample( 1594): [system_server,0,AlarmManager,17,BroadcastDispatcher.java,169,void com.android.server.am.BroadcastDispatcher$1.broadcastAlarmPending(int),ActivityManagerService.java,16095,void com.android.server.am.ActivityManagerService.finishReceiver(android.os.IBinder, int, java.lang.String, android.os.Bundle, boolean, int),3]
10-17 02:46:38.502 I/dvm_lock_sample( 1594): [system_server,1,android.ui,10,ActivityManagerService.java,3378,void com.android.server.am.ActivityManagerService.dispatchUidsChanged(),-,14450,int com.android.server.am.ActivityManagerService.bindIsolatedService(android.app.IApplicationThread, android.os.IBinder, android.content.Intent, java.lang.String, android.app.IServiceConnection, int, java.lang.String, java.lang.String, int),2]
10-17 02:48:41.423 I/dvm_lock_sample( 1594): [system_server,0,Binder:1594_1E,11,ActivityManagerService.java,14494,void com.android.server.am.ActivityManagerService.serviceDoneExecuting(android.os.IBinder, int, int, int),-,14463,boolean com.android.server.am.ActivityManagerService.unbindService(android.app.IServiceConnection),2]
10-17 02:55:05.513 I/dvm_lock_sample( 1594): [system_server,1,android.ui,14,ActivityManagerService.java,3378,void com.android.server.am.ActivityManagerService.dispatchUidsChanged(),-,14463,boolean com.android.server.am.ActivityManagerService.unbindService(android.app.IServiceConnection),2]
10-17 02:55:06.253 I/dvm_lock_sample( 1594): [system_server,1,Binder:1594_20,6,ActivityManagerService.java,14791,android.content.Intent com.android.server.am.ActivityManagerService.registerReceiver(android.app.IApplicationThread, java.lang.String, android.content.IIntentReceiver, android.content.IntentFilter, java.lang.String, int, int),-,14450,int com.android.server.am.ActivityManagerService.bindIsolatedService(android.app.IApplicationThread, android.os.IBinder, android.content.Intent, java.lang.String, android.app.IServiceConnection, int, java.lang.String, java.lang.String, int),1]
10-17 02:56:38.437 I/dvm_lock_sample( 1594): [system_server,0,Binder:1594_A,7,ActivityManagerService.java,14494,void com.android.server.am.ActivityManagerService.serviceDoneExecuting(android.os.IBinder, int, int, int),-,14463,boolean com.android.server.am.ActivityManagerService.unbindService(android.app.IServiceConnection),1]
10-17 03:25:17.911 I/dvm_lock_sample( 1594): [system_server,1,Binder:1594_1E,5,ProcessManagerService.java,1704,java.util.List com.android.server.am.ProcessManagerService.getRunningProcessInfo(int, int, java.lang.String, java.lang.String, int),ActivityManagerService.java,1537,void com.android.server.am.ActivityManagerService$AppDeathRecipient.binderDied(),1]
10-17 03:46:04.007 I/dvm_lock_sample( 1594): [system_server,1,Binder:1594_1A,10,ProcessManagerService.java,1704,java.util.List com.android.server.am.ProcessManagerService.getRunningProcessInfo(int, int, java.lang.String, java.lang.String, int),ActivityManagerService.java,1537,void com.android.server.am.ActivityManagerService$AppDeathRecipient.binderDied(),2]
10-17 03:47:11.495 I/dvm_lock_sample( 1594): [system_server,0,Binder:1594_1D,5,ActivityManagerService.java,14494,void com.android.server.am.ActivityManagerService.serviceDoneExecuting(android.os.IBinder, int, int, int),-,14450,int com.android.server.am.ActivityManagerService.bindIsolatedService(android.app.IApplicationThread, android.os.IBinder, android.content.Intent, java.lang.String, android.app.IServiceConnection, int, java.lang.String, java.lang.String, int),1]
10-17 03:48:29.498 I/dvm_lock_sample( 1594): [system_server,1,Binder:1594_12,7,ActivityManagerService.java,6752,java.lang.String com.android.server.am.ActivityManagerService.checkContentProviderAccess(java.lang.String, int),-,14463,boolean com.android.server.am.ActivityManagerService.unbindService(android.app.IServiceConnection),1]
10-17 04:00:00.121 I/dvm_lock_sample( 1594): [system_server,0,android.bg,5,ActivityManagerService.java,1964,void com.android.server.am.ActivityManagerService$5.handleMessage(android.os.Message),-,5395,void com.android.server.am.ActivityManagerService.attachApplication(android.app.IApplicationThread, long),1]
10-17 04:11:15.822 I/dvm_lock_sample( 1594): [system_server,0,Binder:1594_A,5,ActivityManagerService.java,14494,void com.android.server.am.ActivityManagerService.serviceDoneExecuting(android.os.IBinder, int, int, int),-,14450,int com.android.server.am.ActivityManagerService.bindIsolatedService(android.app.IApplicationThread, android.os.IBinder, android.content.Intent, java.lang.String, android.app.IServiceConnection, int, java.lang.String, java.lang.String, int),1]
10-17 04:14:16.071 I/dvm_lock_sample( 1594): [system_server,1,Binder:1594_8,7,ActivityManagerService.java,14474,void com.android.server.am.ActivityManagerService.publishService(android.os.IBinder, android.content.Intent, android.os.IBinder),-,14450,int com.android.server.am.ActivityManagerService.bindIsolatedService(android.app.IApplicationThread, android.os.IBinder, android.content.Intent, java.lang.String, android.app.IServiceConnection, int, java.lang.String, java.lang.String, int),1]
10-17 04:14:16.534 I/dvm_lock_sample( 1594): [system_server,1,Binder:1594_17,42,ProcessManagerService.java,1704,java.util.List com.android.server.am.ProcessManagerService.getRunningProcessInfo(int, int, java.lang.String, java.lang.String, int),ActivityManagerService.java,1537,void com.android.server.am.ActivityManagerService$AppDeathRecipient.binderDied(),8]
10-17 04:14:16.541 I/dvm_lock_sample( 1594): [system_server,1,Binder:1594_1B,73,ActivityManagerService.java,6181,boolean com.android.server.am.ActivityManagerService.isAppStartModeDisabled(int, java.lang.String),-,1537,void com.android.server.am.ActivityManagerService$AppDeathRecipient.binderDied(),14]
10-17 04:14:16.556 I/dvm_lock_sample( 1594): [system_server,1,Binder:1594_A,75,ActivityManagerService.java,14335,boolean com.android.server.am.ActivityManagerService.stopServiceToken(android.content.ComponentName, android.os.IBinder, int),-,1537,void com.android.server.am.ActivityManagerService$AppDeathRecipient.binderDied(),15]
10-17 04:24:15.066 I/dvm_lock_sample( 1594): [system_server,1,Binder:1594_C,5,ActivityManagerService.java,8605,boolean com.android.server.am.ActivityManagerService.isUidActive(int, java.lang.String),-,14494,void com.android.server.am.ActivityManagerService.serviceDoneExecuting(android.os.IBinder, int, int, int),1]
10-17 04:24:15.221 I/dvm_lock_sample( 1594): [system_server,1,android.ui,6,ActivityManagerService.java,3378,void com.android.server.am.ActivityManagerService.dispatchUidsChanged(),-,14450,int com.android.server.am.ActivityManagerService.bindIsolatedService(android.app.IApplicationThread, android.os.IBinder, android.content.Intent, java.lang.String, android.app.IServiceConnection, int, java.lang.String, java.lang.String, int),1]
10-17 04:25:01.605 I/dvm_lock_sample( 1594): [system_server,1,Binder:1594_16,5,ActivityManagerService.java,14474,void com.android.server.am.ActivityManagerService.publishService(android.os.IBinder, android.content.Intent, android.os.IBinder),-,14463,boolean com.android.server.am.ActivityManagerService.unbindService(android.app.IServiceConnection),1]
10-17 04:26:03.256 I/dvm_lock_sample( 1594): [system_server,1,android.ui,5,ActivityManagerService.java,3378,void com.android.server.am.ActivityManagerService.dispatchUidsChanged(),-,1537,void com.android.server.am.ActivityManagerService$AppDeathRecipient.binderDied(),1]
10-17 04:28:16.630 I/dvm_lock_sample( 1594): [system_server,0,Binder:1594_16,6,ActivityManagerService.java,14494,void com.android.server.am.ActivityManagerService.serviceDoneExecuting(android.os.IBinder, int, int, int),-,5395,void com.android.server.am.ActivityManagerService.attachApplication(android.app.IApplicationThread, long),1]
10-17 04:32:28.057 I/dvm_lock_sample( 1594): [system_server,1,android.ui,13,ActivityManagerService.java,3432,void com.android.server.am.ActivityManagerService.dispatchUidsChanged(),-,5395,void com.android.server.am.ActivityManagerService.attachApplication(android.app.IApplicationThread, long),2]
10-17 04:32:33.916 I/dvm_lock_sample( 1594): [system_server,1,Binder:1594_1B,6,ActivityManagerService.java,14463,boolean com.android.server.am.ActivityManagerService.unbindService(android.app.IServiceConnection),-,16095,void com.android.server.am.ActivityManagerService.finishReceiver(android.os.IBinder, int, java.lang.String, android.os.Bundle, boolean, int),1]
10-17 04:48:30.271 I/dvm_lock_sample( 1594): [system_server,1,Binder:1594_C,21,ActivityManagerService.java,14450,int com.android.server.am.ActivityManagerService.bindIsolatedService(android.app.IApplicationThread, android.os.IBinder, android.content.Intent, java.lang.String, android.app.IServiceConnection, int, java.lang.String, java.lang.String, int),-,14450,int com.android.server.am.ActivityManagerService.bindIsolatedService(android.app.IApplicationThread, android.os.IBinder, android.content.Intent, java.lang.String, android.app.IServiceConnection, int, java.lang.String, java.lang.String, int),4]
10-17 05:01:50.921 I/dvm_lock_sample( 1594): [system_server,1,Binder:1594_1D,16,ActivityManagerService.java,8605,boolean com.android.server.am.ActivityManagerService.isUidActive(int, java.lang.String),-,5395,void com.android.server.am.ActivityManagerService.attachApplication(android.app.IApplicationThread, long),3]
10-17 05:16:48.016 I/dvm_lock_sample( 1594): [system_server,0,Binder:1594_19,5,ActivityManagerService.java,14494,void com.android.server.am.ActivityManagerService.serviceDoneExecuting(android.os.IBinder, int, int, int),-,14463,boolean com.android.server.am.ActivityManagerService.unbindService(android.app.IServiceConnection),1]
10-17 05:16:51.973 I/dvm_lock_sample( 1594): [system_server,1,Binder:1594_6,13,ActivityManagerService.java,5955,boolean com.android.server.am.ActivityManagerService.isAppBad(android.content.pm.ApplicationInfo),-,14450,int com.android.server.am.ActivityManagerService.bindIsolatedService(android.app.IApplicationThread, android.os.IBinder, android.content.Intent, java.lang.String, android.app.IServiceConnection, int, java.lang.String, java.lang.String, int),2]
10-17 05:16:57.668 I/dvm_lock_sample( 1594): [system_server,0,Binder:1594_6,9,ActivityManagerService.java,14494,void com.android.server.am.ActivityManagerService.serviceDoneExecuting(android.os.IBinder, int, int, int),-,14450,int com.android.server.am.ActivityManagerService.bindIsolatedService(android.app.IApplicationThread, android.os.IBinder, android.content.Intent, java.lang.String, android.app.IServiceConnection, int, java.lang.String, java.lang.String, int),1]
10-17 05:17:22.944 I/dvm_lock_sample( 1594): [system_server,1,Binder:1594_E,10,ActivityManagerService.java,14463,boolean com.android.server.am.ActivityManagerService.unbindService(android.app.IServiceConnection),-,1537,void com.android.server.am.ActivityManagerService$AppDeathRecipient.binderDied(),2]
10-17 05:17:45.696 I/dvm_lock_sample( 1594): [system_server,0,android.bg,133,ActivityManagerService.java,1964,void com.android.server.am.ActivityManagerService$5.handleMessage(android.os.Message),-,14450,int com.android.server.am.ActivityManagerService.bindIsolatedService(android.app.IApplicationThread, android.os.IBinder, android.content.Intent, java.lang.String, android.app.IServiceConnection, int, java.lang.String, java.lang.String, int),26]
10-17 05:18:12.318 I/dvm_lock_sample( 1594): [system_server,0,miui.fg,15,ActivityManagerService.java,5955,boolean com.android.server.am.ActivityManagerService.isAppBad(android.content.pm.ApplicationInfo),-,14450,int com.android.server.am.ActivityManagerService.bindIsolatedService(android.app.IApplicationThread, android.os.IBinder, android.content.Intent, java.lang.String, android.app.IServiceConnection, int, java.lang.String, java.lang.String, int),3]
10-17 05:18:19.043 I/dvm_lock_sample( 1594): [system_server,1,Binder:1594_1F,15,ActivityManagerService.java,6752,java.lang.String com.android.server.am.ActivityManagerService.checkContentProviderAccess(java.lang.String, int),-,6978,android.app.ContentProviderHolder com.android.server.am.ActivityManagerService.getContentProviderImpl(android.app.IApplicationThread, java.lang.String, android.os.IBinder, int, java.lang.String, java.lang.String, boolean, int),3]
10-17 05:18:19.329 I/dvm_lock_sample( 1594): [system_server,1,ActivityManager,18,BroadcastQueue.java,984,void com.android.server.am.BroadcastQueue.processNextBroadcast(boolean, boolean),ActivityManagerService.java,16095,void com.android.server.am.ActivityManagerService.finishReceiver(android.os.IBinder, int, java.lang.String, android.os.Bundle, boolean, int),3]
10-17 05:18:20.587 I/dvm_lock_sample( 1594): [system_server,1,ActivityManager,1025,ActivityManagerService.java,1777,void com.android.server.am.ActivityManagerService$MainHandler.handleMessage(android.os.Message),-,14450,int com.android.server.am.ActivityManagerService.bindIsolatedService(android.app.IApplicationThread, android.os.IBinder, android.content.Intent, java.lang.String, android.app.IServiceConnection, int, java.lang.String, java.lang.String, int),100]
10-17 05:18:20.595 I/dvm_lock_sample( 1594): [system_server,1,Binder:1594_17,1026,ActivityManagerService.java,5963,int com.android.server.am.ActivityManagerService.getUidState(int),-,14474,void com.android.server.am.ActivityManagerService.publishService(android.os.IBinder, android.content.Intent, android.os.IBinder),100]
10-17 05:18:20.597 I/dvm_lock_sample( 1594): [system_server,0,Binder:1594_C,1026,ActivityManagerService.java,14494,void com.android.server.am.ActivityManagerService.serviceDoneExecuting(android.os.IBinder, int, int, int),-,6978,android.app.ContentProviderHolder com.android.server.am.ActivityManagerService.getContentProviderImpl(android.app.IApplicationThread, java.lang.String, android.os.IBinder, int, java.lang.String, java.lang.String, boolean, int),100]
10-17 05:18:20.597 I/dvm_lock_sample( 1594): [system_server,1,Binder:1594_4,1023,ActivityManagerService.java,14474,void com.android.server.am.ActivityManagerService.publishService(android.os.IBinder, android.content.Intent, android.os.IBinder),-,6978,android.app.ContentProviderHolder com.android.server.am.ActivityManagerService.getContentProviderImpl(android.app.IApplicationThread, java.lang.String, android.os.IBinder, int, java.lang.String, java.lang.String, boolean, int),100]
10-17 05:18:20.598 I/dvm_lock_sample( 1594): [system_server,1,Binder:1594_5,980,ActivityManagerService.java,1537,void com.android.server.am.ActivityManagerService$AppDeathRecipient.binderDied(),-,6978,android.app.ContentProviderHolder com.android.server.am.ActivityManagerService.getContentProviderImpl(android.app.IApplicationThread, java.lang.String, android.os.IBinder, int, java.lang.String, java.lang.String, boolean, int),100]
10-17 05:18:20.602 I/dvm_lock_sample( 1594): [system_server,1,Binder:1594_1A,897,ActivityManagerService.java,7717,boolean com.android.server.am.ActivityManagerService.refContentProvider(android.os.IBinder, int, int),-,6978,android.app.ContentProviderHolder com.android.server.am.ActivityManagerService.getContentProviderImpl(android.app.IApplicationThread, java.lang.String, android.os.IBinder, int, java.lang.String, java.lang.String, boolean, int),100]
10-17 05:18:20.609 I/dvm_lock_sample( 1594): [system_server,1,Binder:1594_1E,877,ActivityManagerService.java,14791,android.content.Intent com.android.server.am.ActivityManagerService.registerReceiver(android.app.IApplicationThread, java.lang.String, android.content.IIntentReceiver, android.content.IntentFilter, java.lang.String, int, int),-,6978,android.app.ContentProviderHolder com.android.server.am.ActivityManagerService.getContentProviderImpl(android.app.IApplicationThread, java.lang.String, android.os.IBinder, int, java.lang.String, java.lang.String, boolean, int),100]
10-17 05:18:20.612 I/dvm_lock_sample( 1594): [system_server,1,Binder:1594_8,836,ActivityManagerService.java,1537,void com.android.server.am.ActivityManagerService$AppDeathRecipient.binderDied(),-,6978,android.app.ContentProviderHolder com.android.server.am.ActivityManagerService.getContentProviderImpl(android.app.IApplicationThread, java.lang.String, android.os.IBinder, int, java.lang.String, java.lang.String, boolean, int),100]
10-17 05:18:20.613 I/binder_sample( 7028): [android.app.IActivityManager,30,1041,com.miui.global.packageinstaller,100]
10-17 05:18:20.660 I/dvm_lock_sample( 1594): [system_server,1,Binder:1594_13,855,ActivityManagerService.java,1537,void com.android.server.am.ActivityManagerService$AppDeathRecipient.binderDied(),-,6978,android.app.ContentProviderHolder com.android.server.am.ActivityManagerService.getContentProviderImpl(android.app.IApplicationThread, java.lang.String, android.os.IBinder, int, java.lang.String, java.lang.String, boolean, int),100]
10-17 05:18:20.688 I/dvm_lock_sample( 1594): [system_server,1,Binder:1594_10,105,ActivityManagerService.java,8605,boolean com.android.server.am.ActivityManagerService.isUidActive(int, java.lang.String),-,6978,android.app.ContentProviderHolder com.android.server.am.ActivityManagerService.getContentProviderImpl(android.app.IApplicationThread, java.lang.String, android.os.IBinder, int, java.lang.String, java.lang.String, boolean, int),21]
10-17 05:18:20.722 I/dvm_lock_sample( 1594): [system_server,1,Binder:1594_15,124,ActivityManagerService.java,7717,boolean com.android.server.am.ActivityManagerService.refContentProvider(android.os.IBinder, int, int),-,14474,void com.android.server.am.ActivityManagerService.publishService(android.os.IBinder, android.content.Intent, android.os.IBinder),24]
10-17 05:18:20.740 I/dvm_lock_sample( 1594): [system_server,1,Binder:1594_1D,128,ActivityManagerService.java,14450,int com.android.server.am.ActivityManagerService.bindIsolatedService(android.app.IApplicationThread, android.os.IBinder, android.content.Intent, java.lang.String, android.app.IServiceConnection, int, java.lang.String, java.lang.String, int),-,14791,android.content.Intent com.android.server.am.ActivityManagerService.registerReceiver(android.app.IApplicationThread, java.lang.String, android.content.IIntentReceiver, android.content.IntentFilter, java.lang.String, int, int),25]
10-17 05:18:20.749 I/dvm_lock_sample( 1594): [system_server,1,android.ui,130,ActivityManagerService.java,3378,void com.android.server.am.ActivityManagerService.dispatchUidsChanged(),-,1537,void com.android.server.am.ActivityManagerService$AppDeathRecipient.binderDied(),26]
10-17 05:18:20.843 I/dvm_lock_sample( 1594): [system_server,1,Binder:1594_15,12,ActivityManagerService.java,14474,void com.android.server.am.ActivityManagerService.publishService(android.os.IBinder, android.content.Intent, android.os.IBinder),-,5955,boolean com.android.server.am.ActivityManagerService.isAppBad(android.content.pm.ApplicationInfo),2]
10-17 05:18:23.432 I/dvm_lock_sample( 1594): [system_server,1,android.ui,14,ActivityManagerService.java,3378,void com.android.server.am.ActivityManagerService.dispatchUidsChanged(),-,14494,void com.android.server.am.ActivityManagerService.serviceDoneExecuting(android.os.IBinder, int, int, int),2]
10-17 05:18:25.120 I/dvm_lock_sample( 1594): [system_server,1,Binder:1594_7,7,ActivityManagerService.java,8605,boolean com.android.server.am.ActivityManagerService.isUidActive(int, java.lang.String),-,7564,void com.android.server.am.ActivityManagerService.removeContentProvider(android.os.IBinder, boolean),1]
10-17 05:18:25.412 I/dvm_lock_sample( 1594): [system_server,1,Binder:1594_1F,22,ActivityManagerService.java,5395,void com.android.server.am.ActivityManagerService.attachApplication(android.app.IApplicationThread, long),-,14463,boolean com.android.server.am.ActivityManagerService.unbindService(android.app.IServiceConnection),4]
10-17 05:18:25.427 I/dvm_lock_sample( 1594): [system_server,0,miui.fg,40,ActivityManagerService.java,5955,boolean com.android.server.am.ActivityManagerService.isAppBad(android.content.pm.ApplicationInfo),-,14450,int com.android.server.am.ActivityManagerService.bindIsolatedService(android.app.IApplicationThread, android.os.IBinder, android.content.Intent, java.lang.String, android.app.IServiceConnection, int, java.lang.String, java.lang.String, int),8]
