10-15 10:53:59.881 I/dvm_lock_sample( 1594): [system_server,0,miui.fg,13,ActivityManagerService.java,5955,boolean com.android.server.am.ActivityManagerService.isAppBad(android.content.pm.ApplicationInfo),-,18684,android.content.ComponentName com.android.server.am.ActivityManagerService$LocalService.startServiceInPackage(int, android.content.Intent, java.lang.String, boolean, java.lang.String, int, boolean),2]
10-15 10:55:04.020 I/dvm_lock_sample( 1594): [system_server,1,android.ui,26,ActivityManagerService.java,3378,void com.android.server.am.ActivityManagerService.dispatchUidsChanged(),-,1537,void com.android.server.am.ActivityManagerService$AppDeathRecipient.binderDied(),5]
10-15 10:55:52.231 I/am_pss  ( 1594): [24870,11374,com.idealinspecao.perueiroapp,115768320,107761664,173056,206004224,0,2,19]
10-15 10:59:58.391 I/am_pss  ( 1594): [24870,11374,com.idealinspecao.perueiroapp,115659776,107646976,173056,205836288,0,2,19]
10-15 11:00:36.583 I/am_pss  ( 1594): [24870,11374,com.idealinspecao.perueiroapp,114978816,107311104,173056,204128256,0,2,18]
10-15 11:02:42.505 I/dvm_lock_sample( 1594): [system_server,1,Binder:1594_10,13,ActivityManagerService.java,5955,boolean com.android.server.am.ActivityManagerService.isAppBad(android.content.pm.ApplicationInfo),-,14494,void com.android.server.am.ActivityManagerService.serviceDoneExecuting(android.os.IBinder, int, int, int),2]
10-15 11:04:49.855 I/dvm_lock_sample( 1594): [system_server,1,NetworkPolicy.uid,6,ActivityManagerService.java,18347,void com.android.server.am.ActivityManagerService$LocalService.notifyNetworkPolicyRulesUpdated(int, long),-,14463,boolean com.android.server.am.ActivityManagerService.unbindService(android.app.IServiceConnection),1]
10-15 11:09:11.610 I/am_pss  ( 1594): [24870,11374,com.idealinspecao.perueiroapp,110294016,105328640,173056,186396672,0,2,16]
10-15 11:09:21.846 I/dvm_lock_sample( 1594): [system_server,1,Binder:1594_E,18,ActivityManagerService.java,7717,boolean com.android.server.am.ActivityManagerService.refContentProvider(android.os.IBinder, int, int),-,5395,void com.android.server.am.ActivityManagerService.attachApplication(android.app.IApplicationThread, long),3]
10-15 11:09:23.178 I/dvm_lock_sample( 1594): [system_server,0,miui.fg,13,ActivityManagerService.java,5955,boolean com.android.server.am.ActivityManagerService.isAppBad(android.content.pm.ApplicationInfo),-,14450,int com.android.server.am.ActivityManagerService.bindIsolatedService(android.app.IApplicationThread, android.os.IBinder, android.content.Intent, java.lang.String, android.app.IServiceConnection, int, java.lang.String, java.lang.String, int),2]
10-15 11:15:31.082 I/am_pss  ( 1594): [24870,11374,com.idealinspecao.perueiroapp,106746880,103501824,173056,173748224,2,2,16]
10-15 11:17:01.875 I/dvm_lock_sample( 1594): [system_server,0,Binder:1594_13,17,ActivityManagerService.java,14494,void com.android.server.am.ActivityManagerService.serviceDoneExecuting(android.os.IBinder, int, int, int),-,14450,int com.android.server.am.ActivityManagerService.bindIsolatedService(android.app.IApplicationThread, android.os.IBinder, android.content.Intent, java.lang.String, android.app.IServiceConnection, int, java.lang.String, java.lang.String, int),3]
10-15 11:19:29.504 I/dvm_lock_sample( 1594): [system_server,0,Binder:1594_1E,8,ActivityManagerService.java,14494,void com.android.server.am.ActivityManagerService.serviceDoneExecuting(android.os.IBinder, int, int, int),-,14450,int com.android.server.am.ActivityManagerService.bindIsolatedService(android.app.IApplicationThread, android.os.IBinder, android.content.Intent, java.lang.String, android.app.IServiceConnection, int, java.lang.String, java.lang.String, int),1]
10-15 11:30:28.650 I/dvm_lock_sample( 1594): [system_server,1,android.ui,14,ActivityManagerService.java,3378,void com.android.server.am.ActivityManagerService.dispatchUidsChanged(),-,14474,void com.android.server.am.ActivityManagerService.publishService(android.os.IBinder, android.content.Intent, android.os.IBinder),2]
10-15 11:34:44.884 I/am_pss  ( 1594): [24870,11374,com.idealinspecao.perueiroapp,106791936,103542784,173056,172789760,0,2,18]
10-15 11:39:35.409 I/am_set_resumed_activity( 1594): [0,com.idealinspecao.perueiroapp/.MainActivity,finishActivity]
10-15 11:39:35.471 I/am_set_resumed_activity( 1594): [0,com.idealinspecao.perueiroapp/.MainActivity,resumeTopActivityInnerLocked]
10-15 11:39:35.472 I/am_resume_activity( 1594): [0,153080155,1420,com.idealinspecao.perueiroapp/.MainActivity,24870]
10-15 11:39:35.513 I/dvm_lock_sample( 1594): [system_server,1,Binder:1594_10,35,ActivityManagerService.java,14791,android.content.Intent com.android.server.am.ActivityManagerService.registerReceiver(android.app.IApplicationThread, java.lang.String, android.content.IIntentReceiver, android.content.IntentFilter, java.lang.String, int, int),ProcessRecord.java,1358,void com.android.server.am.ProcessRecord.updateProcessInfo(boolean, boolean, boolean),7]
10-15 11:39:35.586 I/am_on_resume_called(24870): [0,com.idealinspecao.perueiroapp.MainActivity,RESUME_ACTIVITY,2]
10-15 11:39:35.588 I/am_on_top_resumed_gained_called(24870): [0,com.idealinspecao.perueiroapp.MainActivity,topWhenResuming]
10-15 11:39:36.679 I/am_on_top_resumed_lost_called(24870): [0,com.idealinspecao.perueiroapp.MainActivity,topStateChangedWhenResumed]
10-15 11:39:36.682 I/am_pause_activity( 1594): [24870,153080155,com.idealinspecao.perueiroapp/.MainActivity,userLeaving=true]
10-15 11:39:36.685 I/am_add_to_stopping( 1594): [0,153080155,com.idealinspecao.perueiroapp/.MainActivity,makeInvisible]
10-15 11:39:36.692 I/am_on_paused_called(24870): [0,com.idealinspecao.perueiroapp.MainActivity,performPause,0]
10-15 11:39:37.138 I/am_stop_activity( 1594): [0,153080155,com.idealinspecao.perueiroapp/.MainActivity]
10-15 11:39:37.177 I/am_on_stop_called(24870): [0,com.idealinspecao.perueiroapp.MainActivity,STOP_ACTIVITY_ITEM,0]
10-15 11:39:37.733 I/sysui_multi_action( 2131): [757,289,758,4,806,ComponentInfo{com.idealinspecao.perueiroapp/com.idealinspecao.perueiroapp.MainActivity}]
10-15 11:39:37.738 I/am_finish_activity( 1594): [24870,153080155,1420,com.idealinspecao.perueiroapp/.MainActivity,remove-task]
10-15 11:39:37.738 I/am_destroy_activity( 1594): [24870,153080155,1420,com.idealinspecao.perueiroapp/.MainActivity,finish-imm:finishActivityLocked]
10-15 11:39:37.768 I/am_kill ( 1594): [0,24870,com.idealinspecao.perueiroapp,905,SwipeUpClean]
10-15 11:39:37.863 I/am_proc_died( 1594): [0,24870,com.idealinspecao.perueiroapp,905,20]
10-15 11:40:35.914 I/dvm_lock_sample( 1594): [system_server,1,main,238,ActivityManagerService.java,18291,void com.android.server.am.ActivityManagerService$LocalService.updateDeviceIdleTempWhitelist(int[], int, boolean),BroadcastQueue.java,984,void com.android.server.am.BroadcastQueue.processNextBroadcast(boolean, boolean),47]
10-15 11:40:35.941 I/dvm_lock_sample( 1594): [system_server,1,ActivityManager,264,BroadcastQueue.java,984,void com.android.server.am.BroadcastQueue.processNextBroadcast(boolean, boolean),ActivityManagerService.java,17671,void com.android.server.am.ActivityManagerService.trimApplications(java.lang.String),52]
10-15 11:40:35.942 I/dvm_lock_sample( 1594): [system_server,1,Binder:1594_8,260,ActivityManagerService.java,15989,int com.android.server.am.ActivityManagerService.broadcastIntent(android.app.IApplicationThread, android.content.Intent, java.lang.String, android.content.IIntentReceiver, int, java.lang.String, android.os.Bundle, java.lang.String[], int, android.os.Bundle, boolean, boolean, int),-,15989,int com.android.server.am.ActivityManagerService.broadcastIntent(android.app.IApplicationThread, android.content.Intent, java.lang.String, android.content.IIntentReceiver, int, java.lang.String, android.os.Bundle, java.lang.String[], int, android.os.Bundle, boolean, boolean, int),52]
10-15 11:40:59.153 I/dvm_lock_sample( 1594): [system_server,1,Binder:1594_20,22,ActivityTaskManagerService.java,1746,void com.android.server.wm.ActivityTaskManagerService.activityTopResumedStateLost(),ActivityStarter.java,1313,int com.android.server.wm.ActivityStarter.startActivityMayWait(android.app.IApplicationThread, int, java.lang.String, int, int, android.content.Intent, java.lang.String, android.service.voice.IVoiceInteractionSession, com.android.internal.app.IVoiceInteractor, android.os.IBinder, java.lang.String, int, int, android.app.ProfilerInfo, android.app.WaitResult, android.content.res.Configuration, com.android.server.wm.SafeActivityOptions, boolean, int, com.android.server.wm.TaskRecord, java.lang.String, boolean, com.android.server.am.PendingIntentRecord, boolean),4]
10-15 11:41:04.554 I/binder_sample(28949): [android.app.IActivityManager,24,591,com.google.android.apps.messaging,100]
10-15 11:41:06.476 I/dvm_lock_sample( 1594): [system_server,1,Binder:1594_19,7,ProcessManagerService.java,1704,java.util.List com.android.server.am.ProcessManagerService.getRunningProcessInfo(int, int, java.lang.String, java.lang.String, int),ActivityManagerService.java,1537,void com.android.server.am.ActivityManagerService$AppDeathRecipient.binderDied(),1]
10-15 11:41:10.990 I/dvm_lock_sample( 1594): [system_server,1,Binder:1594_8,25,ActivityManagerService.java,5955,boolean com.android.server.am.ActivityManagerService.isAppBad(android.content.pm.ApplicationInfo),-,14285,android.content.ComponentName com.android.server.am.ActivityManagerService.startService(android.app.IApplicationThread, android.content.Intent, java.lang.String, boolean, java.lang.String, int),5]
10-15 11:41:11.082 I/dvm_lock_sample( 1594): [system_server,1,Binder:1594_E,20,ActivityManagerService.java,6978,android.app.ContentProviderHolder com.android.server.am.ActivityManagerService.getContentProviderImpl(android.app.IApplicationThread, java.lang.String, android.os.IBinder, int, java.lang.String, java.lang.String, boolean, int),-,16095,void com.android.server.am.ActivityManagerService.finishReceiver(android.os.IBinder, int, java.lang.String, android.os.Bundle, boolean, int),4]
10-15 11:41:11.159 I/dvm_lock_sample( 1594): [system_server,1,Binder:1594_C,19,ActivityManagerService.java,14463,boolean com.android.server.am.ActivityManagerService.unbindService(android.app.IServiceConnection),-,14463,boolean com.android.server.am.ActivityManagerService.unbindService(android.app.IServiceConnection),3]
10-15 11:41:11.933 I/dvm_lock_sample( 1594): [system_server,1,Binder:1594_13,22,ActivityManagerService.java,14791,android.content.Intent com.android.server.am.ActivityManagerService.registerReceiver(android.app.IApplicationThread, java.lang.String, android.content.IIntentReceiver, android.content.IntentFilter, java.lang.String, int, int),-,1537,void com.android.server.am.ActivityManagerService$AppDeathRecipient.binderDied(),4]
10-15 11:41:13.967 I/dvm_lock_sample( 1594): [system_server,1,Binder:1594_1D,15,ProcessManagerService.java,1704,java.util.List com.android.server.am.ProcessManagerService.getRunningProcessInfo(int, int, java.lang.String, java.lang.String, int),ActivityManagerService.java,1537,void com.android.server.am.ActivityManagerService$AppDeathRecipient.binderDied(),3]
10-15 11:41:15.826 I/dvm_lock_sample( 1594): [system_server,1,ActivityManager,8,BroadcastQueue.java,984,void com.android.server.am.BroadcastQueue.processNextBroadcast(boolean, boolean),ActivityManagerService.java,14450,int com.android.server.am.ActivityManagerService.bindIsolatedService(android.app.IApplicationThread, android.os.IBinder, android.content.Intent, java.lang.String, android.app.IServiceConnection, int, java.lang.String, java.lang.String, int),1]
10-15 11:44:38.830 I/dvm_lock_sample( 1594): [system_server,1,android.ui,11,ActivityManagerService.java,3378,void com.android.server.am.ActivityManagerService.dispatchUidsChanged(),-,5395,void com.android.server.am.ActivityManagerService.attachApplication(android.app.IApplicationThread, long),2]
10-15 11:44:41.300 I/dvm_lock_sample( 1594): [system_server,1,Binder:1594_4,18,ActivityManagerService.java,14474,void com.android.server.am.ActivityManagerService.publishService(android.os.IBinder, android.content.Intent, android.os.IBinder),-,14450,int com.android.server.am.ActivityManagerService.bindIsolatedService(android.app.IApplicationThread, android.os.IBinder, android.content.Intent, java.lang.String, android.app.IServiceConnection, int, java.lang.String, java.lang.String, int),3]
10-15 11:44:41.302 I/dvm_lock_sample( 1594): [system_server,1,Binder:1594_12,82,ActivityManagerService.java,14285,android.content.ComponentName com.android.server.am.ActivityManagerService.startService(android.app.IApplicationThread, android.content.Intent, java.lang.String, boolean, java.lang.String, int),-,14450,int com.android.server.am.ActivityManagerService.bindIsolatedService(android.app.IApplicationThread, android.os.IBinder, android.content.Intent, java.lang.String, android.app.IServiceConnection, int, java.lang.String, java.lang.String, int),16]
10-15 11:44:45.574 I/dvm_lock_sample( 1594): [system_server,1,main,7,BroadcastDispatcher.java,186,void com.android.server.am.BroadcastDispatcher$1.broadcastAlarmComplete(int),ActivityManagerService.java,16095,void com.android.server.am.ActivityManagerService.finishReceiver(android.os.IBinder, int, java.lang.String, android.os.Bundle, boolean, int),1]
10-15 11:45:45.987 I/dvm_lock_sample( 1594): [system_server,1,Binder:1594_4,5,ProcessManagerService.java,1704,java.util.List com.android.server.am.ProcessManagerService.getRunningProcessInfo(int, int, java.lang.String, java.lang.String, int),ActivityManagerService.java,1537,void com.android.server.am.ActivityManagerService$AppDeathRecipient.binderDied(),1]
10-15 11:46:08.219 I/dvm_lock_sample( 1594): [system_server,0,Binder:1594_16,9,ActivityManagerService.java,14494,void com.android.server.am.ActivityManagerService.serviceDoneExecuting(android.os.IBinder, int, int, int),-,14463,boolean com.android.server.am.ActivityManagerService.unbindService(android.app.IServiceConnection),1]
10-15 12:16:02.629 I/dvm_lock_sample( 1594): [system_server,1,main,20,BroadcastDispatcher.java,186,void com.android.server.am.BroadcastDispatcher$1.broadcastAlarmComplete(int),ActivityManagerService.java,16095,void com.android.server.am.ActivityManagerService.finishReceiver(android.os.IBinder, int, java.lang.String, android.os.Bundle, boolean, int),4]
10-15 12:17:49.989 I/dvm_lock_sample( 1594): [system_server,0,Binder:1594_13,12,ActivityManagerService.java,14494,void com.android.server.am.ActivityManagerService.serviceDoneExecuting(android.os.IBinder, int, int, int),-,14450,int com.android.server.am.ActivityManagerService.bindIsolatedService(android.app.IApplicationThread, android.os.IBinder, android.content.Intent, java.lang.String, android.app.IServiceConnection, int, java.lang.String, java.lang.String, int),2]
10-15 12:44:08.822 I/dvm_lock_sample( 1594): [system_server,1,android.display,26,ActivityManagerService.java,18317,void com.android.server.am.ActivityManagerService$LocalService.setHasOverlayUi(int, boolean),-,1537,void com.android.server.am.ActivityManagerService$AppDeathRecipient.binderDied(),5]
10-15 12:44:12.800 I/dvm_lock_sample( 1594): [system_server,1,android.display,24,ActivityManagerService.java,18527,void com.android.server.am.ActivityManagerService$LocalService.updateBatteryStats(android.content.ComponentName, int, int, boolean),-,14450,int com.android.server.am.ActivityManagerService.bindIsolatedService(android.app.IApplicationThread, android.os.IBinder, android.content.Intent, java.lang.String, android.app.IServiceConnection, int, java.lang.String, java.lang.String, int),4]
10-15 12:44:15.382 I/dvm_lock_sample( 1594): [system_server,1,android.ui,7,ActivityManagerService.java,3432,void com.android.server.am.ActivityManagerService.dispatchUidsChanged(),-,2948,void com.android.server.am.ActivityManagerService.batterySendBroadcast(android.content.Intent),1]
10-15 12:44:25.619 I/dvm_lock_sample( 1594): [system_server,1,ActivityManager,48,BroadcastQueue.java,984,void com.android.server.am.BroadcastQueue.processNextBroadcast(boolean, boolean),ActivityManagerService.java,14285,android.content.ComponentName com.android.server.am.ActivityManagerService.startService(android.app.IApplicationThread, android.content.Intent, java.lang.String, boolean, java.lang.String, int),9]
10-15 12:44:25.646 I/dvm_lock_sample( 1594): [system_server,1,Binder:1594_7,5,ActivityManagerService.java,14791,android.content.Intent com.android.server.am.ActivityManagerService.registerReceiver(android.app.IApplicationThread, java.lang.String, android.content.IIntentReceiver, android.content.IntentFilter, java.lang.String, int, int),-,14335,boolean com.android.server.am.ActivityManagerService.stopServiceToken(android.content.ComponentName, android.os.IBinder, int),1]
10-15 12:44:25.801 I/dvm_lock_sample( 1594): [system_server,1,Binder:1594_8,23,ActivityManagerService.java,14474,void com.android.server.am.ActivityManagerService.publishService(android.os.IBinder, android.content.Intent, android.os.IBinder),-,14450,int com.android.server.am.ActivityManagerService.bindIsolatedService(android.app.IApplicationThread, android.os.IBinder, android.content.Intent, java.lang.String, android.app.IServiceConnection, int, java.lang.String, java.lang.String, int),4]
10-15 12:44:27.812 I/dvm_lock_sample( 1594): [system_server,1,Binder:1594_18,38,ActivityManagerService.java,15989,int com.android.server.am.ActivityManagerService.broadcastIntent(android.app.IApplicationThread, android.content.Intent, java.lang.String, android.content.IIntentReceiver, int, java.lang.String, android.os.Bundle, java.lang.String[], int, android.os.Bundle, boolean, boolean, int),-,14285,android.content.ComponentName com.android.server.am.ActivityManagerService.startService(android.app.IApplicationThread, android.content.Intent, java.lang.String, boolean, java.lang.String, int),7]
10-15 12:44:28.099 I/dvm_lock_sample( 1594): [system_server,1,Binder:1594_1E,22,ActivityManagerService.java,6978,android.app.ContentProviderHolder com.android.server.am.ActivityManagerService.getContentProviderImpl(android.app.IApplicationThread, java.lang.String, android.os.IBinder, int, java.lang.String, java.lang.String, boolean, int),-,14450,int com.android.server.am.ActivityManagerService.bindIsolatedService(android.app.IApplicationThread, android.os.IBinder, android.content.Intent, java.lang.String, android.app.IServiceConnection, int, java.lang.String, java.lang.String, int),4]
10-15 12:45:22.045 I/dvm_lock_sample( 1594): [system_server,0,android.bg,7,ActivityManagerService.java,1964,void com.android.server.am.ActivityManagerService$5.handleMessage(android.os.Message),-,18684,android.content.ComponentName com.android.server.am.ActivityManagerService$LocalService.startServiceInPackage(int, android.content.Intent, java.lang.String, boolean, java.lang.String, int, boolean),1]
10-15 12:49:14.093 I/am_create_activity( 1594): [0,171065309,1425,com.idealinspecao.perueiroapp/.MainActivity,android.intent.action.MAIN,NULL,NULL,270532608]
10-15 12:49:14.149 I/am_proc_start( 1594): [0,28759,11374,com.idealinspecao.perueiroapp,activity,{com.idealinspecao.perueiroapp/com.idealinspecao.perueiroapp.MainActivity}]
10-15 12:49:14.219 I/am_proc_bound( 1594): [0,28759,com.idealinspecao.perueiroapp]
10-15 12:49:14.223 I/am_restart_activity( 1594): [0,171065309,1425,com.idealinspecao.perueiroapp/.MainActivity,28759]
10-15 12:49:14.224 I/am_set_resumed_activity( 1594): [0,com.idealinspecao.perueiroapp/.MainActivity,minimalResumeActivityLocked]
10-15 12:49:18.251 I/am_lifecycle_sample(28759): [0,com.idealinspecao.perueiroapp,110,4002]
10-15 12:49:18.454 I/am_on_create_called(28759): [0,com.idealinspecao.perueiroapp.MainActivity,performCreate,97]
10-15 12:49:18.467 I/am_on_start_called(28759): [0,com.idealinspecao.perueiroapp.MainActivity,handleStartActivity,0]
10-15 12:49:18.471 I/am_on_resume_called(28759): [0,com.idealinspecao.perueiroapp.MainActivity,RESUME_ACTIVITY,1]
10-15 12:49:18.508 I/am_on_top_resumed_gained_called(28759): [0,com.idealinspecao.perueiroapp.MainActivity,topStateChangedWhenResumed]
10-15 12:49:20.128 I/sysui_multi_action( 1594): [319,161,321,86,322,6052,325,897738,757,761,758,7,759,1,806,com.idealinspecao.perueiroapp,871,com.idealinspecao.perueiroapp.MainActivity,904,com.miui.home,905,0,945,144,1320,12,1321,1]
10-15 12:49:20.131 I/am_activity_launch_time( 1594): [0,171065309,com.idealinspecao.perueiroapp/.MainActivity,6052]
10-15 12:49:24.288 I/am_pss  ( 1594): [28759,11374,com.idealinspecao.perueiroapp,123486208,112324608,196608,220938240,0,2,16]
10-15 12:49:51.421 I/am_pss  ( 1594): [28759,11374,com.idealinspecao.perueiroapp,131820544,120336384,196608,230682624,0,2,22]
10-15 12:54:28.223 I/am_pss  ( 1594): [28759,11374,com.idealinspecao.perueiroapp,121701376,110080000,196608,220700672,0,2,19]
10-15 12:57:38.239 I/am_pss  ( 1594): [28759,11374,com.idealinspecao.perueiroapp,123110400,111476736,196608,222121984,0,2,20]
10-15 12:59:56.283 I/am_pss  ( 1594): [28759,11374,com.idealinspecao.perueiroapp,123925504,112291840,196608,222937088,0,2,18]
10-15 13:04:28.229 I/am_pss  ( 1594): [28759,11374,com.idealinspecao.perueiroapp,125552640,113917952,196608,224571392,0,2,21]
10-15 13:07:24.088 I/dvm_lock_sample( 1594): [system_server,1,ActivityManager,7,BroadcastQueue.java,984,void com.android.server.am.BroadcastQueue.processNextBroadcast(boolean, boolean),ActivityManagerService.java,15989,int com.android.server.am.ActivityManagerService.broadcastIntent(android.app.IApplicationThread, android.content.Intent, java.lang.String, android.content.IIntentReceiver, int, java.lang.String, android.os.Bundle, java.lang.String[], int, android.os.Bundle, boolean, boolean, int),1]
10-15 13:07:24.143 I/dvm_lock_sample( 1594): [system_server,1,Binder:1594_7,43,ActivityManagerService.java,14450,int com.android.server.am.ActivityManagerService.bindIsolatedService(android.app.IApplicationThread, android.os.IBinder, android.content.Intent, java.lang.String, android.app.IServiceConnection, int, java.lang.String, java.lang.String, int),-,14285,android.content.ComponentName com.android.server.am.ActivityManagerService.startService(android.app.IApplicationThread, android.content.Intent, java.lang.String, boolean, java.lang.String, int),8]
10-15 13:07:35.660 I/am_pss  ( 1594): [28759,11374,com.idealinspecao.perueiroapp,124934144,113037312,199680,224387072,0,2,25]
10-15 13:07:39.173 I/am_on_top_resumed_lost_called(28759): [0,com.idealinspecao.perueiroapp.MainActivity,topStateChangedWhenResumed]
10-15 13:07:39.179 I/am_pause_activity( 1594): [28759,171065309,com.idealinspecao.perueiroapp/.MainActivity,userLeaving=true]
10-15 13:07:39.193 I/am_on_paused_called(28759): [0,com.idealinspecao.perueiroapp.MainActivity,performPause,0]
10-15 13:15:13.397 I/am_pss  ( 1594): [28759,11374,com.idealinspecao.perueiroapp,125889536,114364416,196608,225583104,0,2,21]
10-15 13:26:48.588 I/am_pss  ( 1594): [28759,11374,com.idealinspecao.perueiroapp,124738560,114008064,190464,224649216,0,2,18]
10-15 13:30:15.296 I/am_set_resumed_activity( 1594): [0,com.idealinspecao.perueiroapp/.MainActivity,finishActivity]
10-15 13:30:15.314 I/am_set_resumed_activity( 1594): [0,com.idealinspecao.perueiroapp/.MainActivity,resumeTopActivityInnerLocked]
10-15 13:30:15.315 I/am_resume_activity( 1594): [0,171065309,1425,com.idealinspecao.perueiroapp/.MainActivity,28759]
10-15 13:30:15.338 I/dvm_lock_sample( 1594): [system_server,1,Binder:1594_11,28,WindowManagerService.java,8088,int com.android.server.wm.WindowManagerService$LocalService.getDisplayIdForWindow(android.os.IBinder),ActivityTaskManagerService.java,1755,void com.android.server.wm.ActivityTaskManagerService.activityPaused(android.os.IBinder),5]
10-15 13:30:15.364 I/am_on_resume_called(28759): [0,com.idealinspecao.perueiroapp.MainActivity,RESUME_ACTIVITY,3]
10-15 13:30:15.365 I/am_on_top_resumed_gained_called(28759): [0,com.idealinspecao.perueiroapp.MainActivity,topWhenResuming]
10-15 13:30:17.148 I/am_on_top_resumed_lost_called(28759): [0,com.idealinspecao.perueiroapp.MainActivity,topStateChangedWhenResumed]
10-15 13:30:17.153 I/am_pause_activity( 1594): [28759,171065309,com.idealinspecao.perueiroapp/.MainActivity,userLeaving=true]
10-15 13:30:17.155 I/am_add_to_stopping( 1594): [0,171065309,com.idealinspecao.perueiroapp/.MainActivity,makeInvisible]
10-15 13:30:17.163 I/am_on_paused_called(28759): [0,com.idealinspecao.perueiroapp.MainActivity,performPause,1]
10-15 13:30:17.602 I/am_stop_activity( 1594): [0,171065309,com.idealinspecao.perueiroapp/.MainActivity]
10-15 13:30:17.646 I/am_on_stop_called(28759): [0,com.idealinspecao.perueiroapp.MainActivity,STOP_ACTIVITY_ITEM,0]
10-15 13:30:18.514 I/sysui_multi_action( 2131): [757,289,758,4,806,ComponentInfo{com.idealinspecao.perueiroapp/com.idealinspecao.perueiroapp.MainActivity}]
10-15 13:30:18.517 I/am_finish_activity( 1594): [28759,171065309,1425,com.idealinspecao.perueiroapp/.MainActivity,remove-task]
10-15 13:30:18.517 I/am_destroy_activity( 1594): [28759,171065309,1425,com.idealinspecao.perueiroapp/.MainActivity,finish-imm:finishActivityLocked]
10-15 13:30:18.526 I/am_kill ( 1594): [0,28759,com.idealinspecao.perueiroapp,700,SwipeUpClean]
10-15 13:30:18.641 I/am_proc_died( 1594): [0,28759,com.idealinspecao.perueiroapp,700,16]
10-15 13:30:30.094 I/dvm_lock_sample( 1594): [system_server,1,android.display,9,ActivityMetricsLogger.java,544,void com.android.server.wm.ActivityMetricsLogger.checkVisibility(com.android.server.wm.TaskRecord, com.android.server.wm.ActivityRecord),ActivityTaskManagerService.java,7052,boolean com.android.server.wm.ActivityTaskManagerService$LocalService.attachApplication(com.android.server.wm.WindowProcessController),1]
10-15 13:30:32.403 I/dvm_lock_sample( 1594): [system_server,1,android.ui,8,ActivityManagerService.java,3378,void com.android.server.am.ActivityManagerService.dispatchUidsChanged(),-,14450,int com.android.server.am.ActivityManagerService.bindIsolatedService(android.app.IApplicationThread, android.os.IBinder, android.content.Intent, java.lang.String, android.app.IServiceConnection, int, java.lang.String, java.lang.String, int),1]
10-15 13:30:43.936 I/dvm_lock_sample( 1594): [system_server,1,Binder:1594_A,15,ActivityTaskManagerService.java,4726,int com.android.server.wm.ActivityTaskManagerService.getLastResumedActivityUserId(),WindowSurfacePlacer.java,61,void com.android.server.wm.WindowSurfacePlacer.lambda$new$0$WindowSurfacePlacer(),3]
10-15 13:30:45.956 I/dvm_lock_sample( 1594): [system_server,1,android.display,48,ActivityManagerService.java,18519,void com.android.server.am.ActivityManagerService$LocalService.updateCpuStats(),-,16095,void com.android.server.am.ActivityManagerService.finishReceiver(android.os.IBinder, int, java.lang.String, android.os.Bundle, boolean, int),9]
10-15 13:31:29.961 I/dvm_lock_sample( 1594): [system_server,1,Binder:1594_14,5,ActivityTaskManagerService.java,6586,boolean com.android.server.wm.ActivityTaskManagerService$LocalService.isSleeping(),WindowManagerService.java,2209,int com.android.server.wm.WindowManagerService.relayoutWindow(com.android.server.wm.Session, android.view.IWindow, int, android.view.WindowManager$LayoutParams, int, int, int, int, long, android.graphics.Rect, android.graphics.Rect, android.graphics.Rect, android.graphics.Rect, android.graphics.Rect, android.graphics.Rect, android.graphics.Rect, android.view.DisplayCutout$ParcelableWrapper, android.util.MergedConfiguration, android.view.SurfaceControl, android.view.InsetsState),1]
10-15 13:31:47.889 I/dvm_lock_sample( 1594): [system_server,1,Binder:1594_1D,40,ActivityManagerService.java,6181,boolean com.android.server.am.ActivityManagerService.isAppStartModeDisabled(int, java.lang.String),-,14463,boolean com.android.server.am.ActivityManagerService.unbindService(android.app.IServiceConnection),8]
10-15 13:31:47.889 I/dvm_lock_sample( 1594): [system_server,0,Binder:1594_10,45,ActivityManagerService.java,14494,void com.android.server.am.ActivityManagerService.serviceDoneExecuting(android.os.IBinder, int, int, int),-,14463,boolean com.android.server.am.ActivityManagerService.unbindService(android.app.IServiceConnection),9]
10-15 13:31:48.202 I/dvm_lock_sample( 1594): [system_server,1,Binder:1594_15,10,ActivityManagerService.java,7717,boolean com.android.server.am.ActivityManagerService.refContentProvider(android.os.IBinder, int, int),-,5955,boolean com.android.server.am.ActivityManagerService.isAppBad(android.content.pm.ApplicationInfo),2]
10-15 13:31:49.234 I/dvm_lock_sample( 1594): [system_server,1,Binder:1594_19,82,ActivityManagerService.java,5827,java.lang.String com.android.server.am.ActivityManagerService.getTagForIntentSender(android.content.IIntentSender, java.lang.String),-,15989,int com.android.server.am.ActivityManagerService.broadcastIntent(android.app.IApplicationThread, android.content.Intent, java.lang.String, android.content.IIntentReceiver, int, java.lang.String, android.os.Bundle, java.lang.String[], int, android.os.Bundle, boolean, boolean, int),16]
10-15 13:31:49.294 I/dvm_lock_sample( 1594): [system_server,1,android.ui,24,ActivityManagerService.java,3378,void com.android.server.am.ActivityManagerService.dispatchUidsChanged(),-,7564,void com.android.server.am.ActivityManagerService.removeContentProvider(android.os.IBinder, boolean),4]
10-15 13:31:49.597 I/dvm_lock_sample( 1594): [system_server,0,NetworkStats,35,ActivityManagerService.java,15989,int com.android.server.am.ActivityManagerService.broadcastIntent(android.app.IApplicationThread, android.content.Intent, java.lang.String, android.content.IIntentReceiver, int, java.lang.String, android.os.Bundle, java.lang.String[], int, android.os.Bundle, boolean, boolean, int),-,14463,boolean com.android.server.am.ActivityManagerService.unbindService(android.app.IServiceConnection),7]
10-15 13:31:50.380 I/dvm_lock_sample( 1594): [system_server,1,Binder:1594_20,20,ActivityManagerService.java,6752,java.lang.String com.android.server.am.ActivityManagerService.checkContentProviderAccess(java.lang.String, int),-,14463,boolean com.android.server.am.ActivityManagerService.unbindService(android.app.IServiceConnection),4]
10-15 13:31:51.407 I/dvm_lock_sample( 1594): [system_server,1,Binder:1594_11,26,ActivityManagerService.java,14335,boolean com.android.server.am.ActivityManagerService.stopServiceToken(android.content.ComponentName, android.os.IBinder, int),-,1537,void com.android.server.am.ActivityManagerService$AppDeathRecipient.binderDied(),5]
10-15 13:31:53.344 I/dvm_lock_sample( 1594): [system_server,1,Binder:1594_1A,19,ActivityManagerService.java,6752,java.lang.String com.android.server.am.ActivityManagerService.checkContentProviderAccess(java.lang.String, int),-,1537,void com.android.server.am.ActivityManagerService$AppDeathRecipient.binderDied(),3]
10-15 13:31:54.294 I/dvm_lock_sample( 1594): [system_server,1,Binder:1594_15,25,ActivityManagerService.java,6978,android.app.ContentProviderHolder com.android.server.am.ActivityManagerService.getContentProviderImpl(android.app.IApplicationThread, java.lang.String, android.os.IBinder, int, java.lang.String, java.lang.String, boolean, int),-,14450,int com.android.server.am.ActivityManagerService.bindIsolatedService(android.app.IApplicationThread, android.os.IBinder, android.content.Intent, java.lang.String, android.app.IServiceConnection, int, java.lang.String, java.lang.String, int),5]
10-15 13:31:54.356 I/dvm_lock_sample( 1594): [system_server,1,Binder:1594_9,11,ActivityManagerService.java,14450,int com.android.server.am.ActivityManagerService.bindIsolatedService(android.app.IApplicationThread, android.os.IBinder, android.content.Intent, java.lang.String, android.app.IServiceConnection, int, java.lang.String, java.lang.String, int),-,14463,boolean com.android.server.am.ActivityManagerService.unbindService(android.app.IServiceConnection),2]
10-15 13:31:54.775 I/dvm_lock_sample( 1594): [system_server,1,Binder:1594_9,29,ActivityManagerService.java,5963,int com.android.server.am.ActivityManagerService.getUidState(int),-,14450,int com.android.server.am.ActivityManagerService.bindIsolatedService(android.app.IApplicationThread, android.os.IBinder, android.content.Intent, java.lang.String, android.app.IServiceConnection, int, java.lang.String, java.lang.String, int),5]
10-15 13:31:54.825 I/dvm_lock_sample( 1594): [system_server,1,Binder:1594_5,34,ActivityManagerService.java,14450,int com.android.server.am.ActivityManagerService.bindIsolatedService(android.app.IApplicationThread, android.os.IBinder, android.content.Intent, java.lang.String, android.app.IServiceConnection, int, java.lang.String, java.lang.String, int),-,14450,int com.android.server.am.ActivityManagerService.bindIsolatedService(android.app.IApplicationThread, android.os.IBinder, android.content.Intent, java.lang.String, android.app.IServiceConnection, int, java.lang.String, java.lang.String, int),6]
10-15 13:31:54.907 I/dvm_lock_sample( 1594): [system_server,1,ActivityManager:procStart,63,ProcessList.java,1687,void com.android.server.am.ProcessList.lambda$startProcessLocked$0$ProcessList(com.android.server.am.ProcessRecord, java.lang.String, int[], int, int, java.lang.String, java.lang.String, java.lang.String, long),ActivityManagerService.java,6978,android.app.ContentProviderHolder com.android.server.am.ActivityManagerService.getContentProviderImpl(android.app.IApplicationThread, java.lang.String, android.os.IBinder, int, java.lang.String, java.lang.String, boolean, int),12]
10-15 13:31:54.908 I/dvm_lock_sample( 1594): [system_server,1,Binder:1594_14,49,ActivityManagerService.java,14450,int com.android.server.am.ActivityManagerService.bindIsolatedService(android.app.IApplicationThread, android.os.IBinder, android.content.Intent, java.lang.String, android.app.IServiceConnection, int, java.lang.String, java.lang.String, int),-,14450,int com.android.server.am.ActivityManagerService.bindIsolatedService(android.app.IApplicationThread, android.os.IBinder, android.content.Intent, java.lang.String, android.app.IServiceConnection, int, java.lang.String, java.lang.String, int),9]
10-15 13:31:54.926 I/dvm_lock_sample( 1594): [system_server,1,Binder:1594_7,45,ActivityManagerService.java,14450,int com.android.server.am.ActivityManagerService.bindIsolatedService(android.app.IApplicationThread, android.os.IBinder, android.content.Intent, java.lang.String, android.app.IServiceConnection, int, java.lang.String, java.lang.String, int),-,14450,int com.android.server.am.ActivityManagerService.bindIsolatedService(android.app.IApplicationThread, android.os.IBinder, android.content.Intent, java.lang.String, android.app.IServiceConnection, int, java.lang.String, java.lang.String, int),9]
10-15 13:31:54.951 I/dvm_lock_sample( 1594): [system_server,1,Binder:1594_1F,15,ActivityManagerService.java,6181,boolean com.android.server.am.ActivityManagerService.isAppStartModeDisabled(int, java.lang.String),-,14494,void com.android.server.am.ActivityManagerService.serviceDoneExecuting(android.os.IBinder, int, int, int),3]
10-15 13:31:55.060 I/dvm_lock_sample( 1594): [system_server,1,Binder:1594_D,32,ActivityManagerService.java,5955,boolean com.android.server.am.ActivityManagerService.isAppBad(android.content.pm.ApplicationInfo),-,14285,android.content.ComponentName com.android.server.am.ActivityManagerService.startService(android.app.IApplicationThread, android.content.Intent, java.lang.String, boolean, java.lang.String, int),6]
10-15 13:31:55.113 I/dvm_lock_sample( 1594): [system_server,1,Binder:1594_E,31,ActivityManagerService.java,6752,java.lang.String com.android.server.am.ActivityManagerService.checkContentProviderAccess(java.lang.String, int),-,14285,android.content.ComponentName com.android.server.am.ActivityManagerService.startService(android.app.IApplicationThread, android.content.Intent, java.lang.String, boolean, java.lang.String, int),6]
10-15 13:31:55.202 I/dvm_lock_sample( 1594): [system_server,1,android.ui,10,ActivityManagerService.java,3272,void com.android.server.am.ActivityManagerService.dispatchProcessesChanged(),-,14335,boolean com.android.server.am.ActivityManagerService.stopServiceToken(android.content.ComponentName, android.os.IBinder, int),2]
10-15 13:31:55.593 I/dvm_lock_sample( 1594): [system_server,1,Binder:1594_15,34,ActivityManagerService.java,14791,android.content.Intent com.android.server.am.ActivityManagerService.registerReceiver(android.app.IApplicationThread, java.lang.String, android.content.IIntentReceiver, android.content.IntentFilter, java.lang.String, int, int),-,14285,android.content.ComponentName com.android.server.am.ActivityManagerService.startService(android.app.IApplicationThread, android.content.Intent, java.lang.String, boolean, java.lang.String, int),6]
10-15 13:31:56.685 I/dvm_lock_sample( 1594): [system_server,1,Binder:1594_1,10,ActivityManagerService.java,14463,boolean com.android.server.am.ActivityManagerService.unbindService(android.app.IServiceConnection),-,1537,void com.android.server.am.ActivityManagerService$AppDeathRecipient.binderDied(),2]
10-15 13:31:59.747 I/dvm_lock_sample( 1594): [system_server,1,Binder:1594_1F,15,ActivityManagerService.java,14474,void com.android.server.am.ActivityManagerService.publishService(android.os.IBinder, android.content.Intent, android.os.IBinder),-,14450,int com.android.server.am.ActivityManagerService.bindIsolatedService(android.app.IApplicationThread, android.os.IBinder, android.content.Intent, java.lang.String, android.app.IServiceConnection, int, java.lang.String, java.lang.String, int),3]
10-15 13:32:00.440 I/dvm_lock_sample( 1594): [system_server,0,miui.fg,32,ActivityManagerService.java,10090,int com.android.server.am.ActivityManagerService.getMemoryTrimLevel(),-,7564,void com.android.server.am.ActivityManagerService.removeContentProvider(android.os.IBinder, boolean),6]
10-15 13:32:01.294 I/dvm_lock_sample( 1594): [system_server,1,Binder:1594_11,28,ActivityManagerService.java,14450,int com.android.server.am.ActivityManagerService.bindIsolatedService(android.app.IApplicationThread, android.os.IBinder, android.content.Intent, java.lang.String, android.app.IServiceConnection, int, java.lang.String, java.lang.String, int),-,6978,android.app.ContentProviderHolder com.android.server.am.ActivityManagerService.getContentProviderImpl(android.app.IApplicationThread, java.lang.String, android.os.IBinder, int, java.lang.String, java.lang.String, boolean, int),5]
10-15 13:32:03.190 I/dvm_lock_sample( 1594): [system_server,1,Binder:1594_5,10,ActivityManagerService.java,14474,void com.android.server.am.ActivityManagerService.publishService(android.os.IBinder, android.content.Intent, android.os.IBinder),-,6978,android.app.ContentProviderHolder com.android.server.am.ActivityManagerService.getContentProviderImpl(android.app.IApplicationThread, java.lang.String, android.os.IBinder, int, java.lang.String, java.lang.String, boolean, int),2]
10-15 13:32:03.970 I/dvm_lock_sample( 1594): [system_server,1,Binder:1594_2,32,ActivityManagerService.java,15989,int com.android.server.am.ActivityManagerService.broadcastIntent(android.app.IApplicationThread, android.content.Intent, java.lang.String, android.content.IIntentReceiver, int, java.lang.String, android.os.Bundle, java.lang.String[], int, android.os.Bundle, boolean, boolean, int),-,14494,void com.android.server.am.ActivityManagerService.serviceDoneExecuting(android.os.IBinder, int, int, int),6]
10-15 13:32:07.141 I/dvm_lock_sample( 1594): [system_server,1,android.ui,9,ActivityManagerService.java,3378,void com.android.server.am.ActivityManagerService.dispatchUidsChanged(),-,14450,int com.android.server.am.ActivityManagerService.bindIsolatedService(android.app.IApplicationThread, android.os.IBinder, android.content.Intent, java.lang.String, android.app.IServiceConnection, int, java.lang.String, java.lang.String, int),1]
10-15 13:32:08.477 I/dvm_lock_sample( 1594): [system_server,1,android.ui,15,ActivityManagerService.java,3378,void com.android.server.am.ActivityManagerService.dispatchUidsChanged(),-,1537,void com.android.server.am.ActivityManagerService$AppDeathRecipient.binderDied(),3]
10-15 13:32:09.057 I/dvm_lock_sample( 1594): [system_server,0,Binder:1594_1E,19,ActivityManagerService.java,14494,void com.android.server.am.ActivityManagerService.serviceDoneExecuting(android.os.IBinder, int, int, int),-,14463,boolean com.android.server.am.ActivityManagerService.unbindService(android.app.IServiceConnection),3]
10-15 13:32:09.748 I/dvm_lock_sample( 1594): [system_server,0,Binder:1594_4,28,ActivityManagerService.java,14494,void com.android.server.am.ActivityManagerService.serviceDoneExecuting(android.os.IBinder, int, int, int),-,14463,boolean com.android.server.am.ActivityManagerService.unbindService(android.app.IServiceConnection),5]
10-15 13:32:09.873 I/dvm_lock_sample( 1594): [system_server,1,android.ui,25,ActivityManagerService.java,3378,void com.android.server.am.ActivityManagerService.dispatchUidsChanged(),-,1537,void com.android.server.am.ActivityManagerService$AppDeathRecipient.binderDied(),5]
10-15 13:32:09.986 I/dvm_lock_sample( 1594): [system_server,0,android.bg,23,ActivityManagerService.java,1964,void com.android.server.am.ActivityManagerService$5.handleMessage(android.os.Message),-,1537,void com.android.server.am.ActivityManagerService$AppDeathRecipient.binderDied(),4]
10-15 13:32:10.960 I/dvm_lock_sample( 1594): [system_server,0,SyncManager,7,ActivityManagerService.java,5955,boolean com.android.server.am.ActivityManagerService.isAppBad(android.content.pm.ApplicationInfo),-,14450,int com.android.server.am.ActivityManagerService.bindIsolatedService(android.app.IApplicationThread, android.os.IBinder, android.content.Intent, java.lang.String, android.app.IServiceConnection, int, java.lang.String, java.lang.String, int),1]
10-15 13:32:11.928 I/dvm_lock_sample( 1594): [system_server,0,Binder:1594_16,24,ActivityManagerService.java,14494,void com.android.server.am.ActivityManagerService.serviceDoneExecuting(android.os.IBinder, int, int, int),-,1537,void com.android.server.am.ActivityManagerService$AppDeathRecipient.binderDied(),4]
10-15 13:32:11.932 I/dvm_lock_sample( 1594): [system_server,1,android.ui,27,ActivityManagerService.java,3378,void com.android.server.am.ActivityManagerService.dispatchUidsChanged(),-,1537,void com.android.server.am.ActivityManagerService$AppDeathRecipient.binderDied(),5]
10-15 13:32:12.924 I/dvm_lock_sample( 1594): [system_server,1,Binder:1594_17,5,ActivityManagerService.java,8605,boolean com.android.server.am.ActivityManagerService.isUidActive(int, java.lang.String),-,14494,void com.android.server.am.ActivityManagerService.serviceDoneExecuting(android.os.IBinder, int, int, int),1]
10-15 13:32:14.803 I/dvm_lock_sample( 1594): [system_server,1,Binder:1594_F,17,ActivityManagerService.java,6752,java.lang.String com.android.server.am.ActivityManagerService.checkContentProviderAccess(java.lang.String, int),-,14494,void com.android.server.am.ActivityManagerService.serviceDoneExecuting(android.os.IBinder, int, int, int),3]
10-15 13:32:15.927 I/dvm_lock_sample( 1594): [system_server,1,Binder:1594_6,7,ActivityManagerService.java,6752,java.lang.String com.android.server.am.ActivityManagerService.checkContentProviderAccess(java.lang.String, int),-,14463,boolean com.android.server.am.ActivityManagerService.unbindService(android.app.IServiceConnection),1]
10-15 13:32:16.672 I/dvm_lock_sample( 1594): [system_server,1,Binder:1594_B,6,ActivityManagerService.java,6752,java.lang.String com.android.server.am.ActivityManagerService.checkContentProviderAccess(java.lang.String, int),-,14494,void com.android.server.am.ActivityManagerService.serviceDoneExecuting(android.os.IBinder, int, int, int),1]
10-15 13:32:16.829 I/dvm_lock_sample( 1594): [system_server,1,Binder:1594_2,35,ActivityManagerService.java,6752,java.lang.String com.android.server.am.ActivityManagerService.checkContentProviderAccess(java.lang.String, int),-,1537,void com.android.server.am.ActivityManagerService$AppDeathRecipient.binderDied(),7]
10-15 13:32:17.729 I/dvm_lock_sample( 1594): [system_server,0,Binder:1594_16,8,ActivityManagerService.java,14463,boolean com.android.server.am.ActivityManagerService.unbindService(android.app.IServiceConnection),-,14450,int com.android.server.am.ActivityManagerService.bindIsolatedService(android.app.IApplicationThread, android.os.IBinder, android.content.Intent, java.lang.String, android.app.IServiceConnection, int, java.lang.String, java.lang.String, int),1]
10-15 13:32:20.455 I/dvm_lock_sample( 1594): [system_server,1,Binder:1594_E,7,ActivityManagerService.java,6752,java.lang.String com.android.server.am.ActivityManagerService.checkContentProviderAccess(java.lang.String, int),-,14450,int com.android.server.am.ActivityManagerService.bindIsolatedService(android.app.IApplicationThread, android.os.IBinder, android.content.Intent, java.lang.String, android.app.IServiceConnection, int, java.lang.String, java.lang.String, int),1]
10-15 13:32:28.096 I/dvm_lock_sample( 1594): [system_server,0,miui.fg,8,ActivityManagerService.java,5955,boolean com.android.server.am.ActivityManagerService.isAppBad(android.content.pm.ApplicationInfo),-,14450,int com.android.server.am.ActivityManagerService.bindIsolatedService(android.app.IApplicationThread, android.os.IBinder, android.content.Intent, java.lang.String, android.app.IServiceConnection, int, java.lang.String, java.lang.String, int),1]
10-15 13:47:14.592 I/dvm_lock_sample( 1594): [system_server,1,Binder:1594_17,39,ActivityManagerService.java,14474,void com.android.server.am.ActivityManagerService.publishService(android.os.IBinder, android.content.Intent, android.os.IBinder),-,14463,boolean com.android.server.am.ActivityManagerService.unbindService(android.app.IServiceConnection),7]
10-15 14:00:08.801 I/dvm_lock_sample( 1594): [system_server,0,Binder:1594_F,15,ActivityManagerService.java,14494,void com.android.server.am.ActivityManagerService.serviceDoneExecuting(android.os.IBinder, int, int, int),-,14463,boolean com.android.server.am.ActivityManagerService.unbindService(android.app.IServiceConnection),3]
10-15 14:02:32.999 I/dvm_lock_sample( 1594): [system_server,1,Binder:1594_F,5,ProcessManagerService.java,1704,java.util.List com.android.server.am.ProcessManagerService.getRunningProcessInfo(int, int, java.lang.String, java.lang.String, int),ActivityManagerService.java,1537,void com.android.server.am.ActivityManagerService$AppDeathRecipient.binderDied(),1]
10-15 14:07:14.079 I/dvm_lock_sample( 1594): [system_server,1,Binder:1594_1B,5,ActivityManagerService.java,5955,boolean com.android.server.am.ActivityManagerService.isAppBad(android.content.pm.ApplicationInfo),-,14450,int com.android.server.am.ActivityManagerService.bindIsolatedService(android.app.IApplicationThread, android.os.IBinder, android.content.Intent, java.lang.String, android.app.IServiceConnection, int, java.lang.String, java.lang.String, int),1]
10-15 14:07:30.240 I/dvm_lock_sample( 1594): [system_server,1,Binder:1594_18,6,ActivityManagerService.java,6181,boolean com.android.server.am.ActivityManagerService.isAppStartModeDisabled(int, java.lang.String),-,14450,int com.android.server.am.ActivityManagerService.bindIsolatedService(android.app.IApplicationThread, android.os.IBinder, android.content.Intent, java.lang.String, android.app.IServiceConnection, int, java.lang.String, java.lang.String, int),1]
10-15 14:13:59.984 I/dvm_lock_sample( 1594): [system_server,1,ActivityManager,12,BroadcastQueue.java,984,void com.android.server.am.BroadcastQueue.processNextBroadcast(boolean, boolean),ActivityManagerService.java,18291,void com.android.server.am.ActivityManagerService$LocalService.updateDeviceIdleTempWhitelist(int[], int, boolean),2]
10-15 14:14:00.051 I/dvm_lock_sample( 1594): [system_server,1,main,42,ActivityManagerService.java,15989,int com.android.server.am.ActivityManagerService.broadcastIntent(android.app.IApplicationThread, android.content.Intent, java.lang.String, android.content.IIntentReceiver, int, java.lang.String, android.os.Bundle, java.lang.String[], int, android.os.Bundle, boolean, boolean, int),BroadcastQueue.java,984,void com.android.server.am.BroadcastQueue.processNextBroadcast(boolean, boolean),8]
10-15 14:14:00.064 I/dvm_lock_sample( 1594): [system_server,1,android.ui,19,ActivityManagerService.java,3432,void com.android.server.am.ActivityManagerService.dispatchUidsChanged(),-,15989,int com.android.server.am.ActivityManagerService.broadcastIntent(android.app.IApplicationThread, android.content.Intent, java.lang.String, android.content.IIntentReceiver, int, java.lang.String, android.os.Bundle, java.lang.String[], int, android.os.Bundle, boolean, boolean, int),3]
10-15 14:14:00.119 I/dvm_lock_sample( 1594): [system_server,0,Binder:1594_1A,15,ActivityManagerService.java,14494,void com.android.server.am.ActivityManagerService.serviceDoneExecuting(android.os.IBinder, int, int, int),-,15989,int com.android.server.am.ActivityManagerService.broadcastIntent(android.app.IApplicationThread, android.content.Intent, java.lang.String, android.content.IIntentReceiver, int, java.lang.String, android.os.Bundle, java.lang.String[], int, android.os.Bundle, boolean, boolean, int),3]
10-15 14:14:00.121 I/dvm_lock_sample( 1594): [system_server,1,Binder:1594_15,11,ActivityManagerService.java,12299,java.util.ArrayList com.android.server.am.ActivityManagerService.collectProcesses(java.io.PrintWriter, int, boolean, java.lang.String[]),-,5395,void com.android.server.am.ActivityManagerService.attachApplication(android.app.IApplicationThread, long),2]
