===== SNAPSHOT (pre-run) Fri Oct 17 13:47:43 -03 2025 =====
10-16 17:10:11.440 I/dvm_lock_sample( 1594): [system_server,1,Binder:1594_18,11,ActivityManagerService.java,14474,void com.android.server.am.ActivityManagerService.publishService(android.os.IBinder, android.content.Intent, android.os.IBinder),-,14450,int com.android.server.am.ActivityManagerService.bindIsolatedService(android.app.IApplicationThread, android.os.IBinder, android.content.Intent, java.lang.String, android.app.IServiceConnection, int, java.lang.String, java.lang.String, int),2]
10-16 17:11:47.022 I/dvm_lock_sample( 1594): [system_server,1,NetworkPolicy.uid,11,ActivityManagerService.java,18347,void com.android.server.am.ActivityManagerService$LocalService.notifyNetworkPolicyRulesUpdated(int, long),-,14450,int com.android.server.am.ActivityManagerService.bindIsolatedService(android.app.IApplicationThread, android.os.IBinder, android.content.Intent, java.lang.String, android.app.IServiceConnection, int, java.lang.String, java.lang.String, int),2]
10-16 17:13:11.063 I/dvm_lock_sample( 1594): [system_server,1,Binder:1594_15,12,ActivityManagerService.java,8605,boolean com.android.server.am.ActivityManagerService.isUidActive(int, java.lang.String),-,5395,void com.android.server.am.ActivityManagerService.attachApplication(android.app.IApplicationThread, long),2]
10-16 17:16:39.885 I/dvm_lock_sample( 1594): [system_server,0,Binder:1594_1D,9,ActivityManagerService.java,14494,void com.android.server.am.ActivityManagerService.serviceDoneExecuting(android.os.IBinder, int, int, int),-,14450,int com.android.server.am.ActivityManagerService.bindIsolatedService(android.app.IApplicationThread, android.os.IBinder, android.content.Intent, java.lang.String, android.app.IServiceConnection, int, java.lang.String, java.lang.String, int),1]
10-16 17:20:48.311 I/dvm_lock_sample( 1594): [system_server,0,miui.fg,10,ActivityManagerService.java,5955,boolean com.android.server.am.ActivityManagerService.isAppBad(android.content.pm.ApplicationInfo),-,14494,void com.android.server.am.ActivityManagerService.serviceDoneExecuting(android.os.IBinder, int, int, int),2]
10-16 17:20:49.444 I/dvm_lock_sample( 1594): [system_server,1,Binder:1594_8,17,ActivityManagerService.java,6752,java.lang.String com.android.server.am.ActivityManagerService.checkContentProviderAccess(java.lang.String, int),-,5395,void com.android.server.am.ActivityManagerService.attachApplication(android.app.IApplicationThread, long),3]
10-16 17:24:16.019 I/dvm_lock_sample( 1594): [system_server,1,Binder:1594_13,6,ActivityManagerService.java,18411,boolean com.android.server.am.ActivityManagerService$LocalService.isUidActive(int),-,14494,void com.android.server.am.ActivityManagerService.serviceDoneExecuting(android.os.IBinder, int, int, int),1]
10-16 17:33:31.790 I/dvm_lock_sample( 1594): [system_server,1,Binder:1594_18,5,ActivityManagerService.java,14488,void com.android.server.am.ActivityManagerService.unbindFinished(android.os.IBinder, android.content.Intent, boolean),-,14463,boolean com.android.server.am.ActivityManagerService.unbindService(android.app.IServiceConnection),1]
10-16 17:37:04.022 I/dvm_lock_sample( 1594): [system_server,0,Binder:1594_F,5,ActivityManagerService.java,14494,void com.android.server.am.ActivityManagerService.serviceDoneExecuting(android.os.IBinder, int, int, int),-,14463,boolean com.android.server.am.ActivityManagerService.unbindService(android.app.IServiceConnection),1]
10-16 17:38:52.993 I/dvm_lock_sample( 1594): [system_server,1,Binder:1594_F,8,ActivityManagerService.java,14474,void com.android.server.am.ActivityManagerService.publishService(android.os.IBinder, android.content.Intent, android.os.IBinder),-,14450,int com.android.server.am.ActivityManagerService.bindIsolatedService(android.app.IApplicationThread, android.os.IBinder, android.content.Intent, java.lang.String, android.app.IServiceConnection, int, java.lang.String, java.lang.String, int),1]
10-16 17:53:44.357 I/dvm_lock_sample( 1594): [system_server,0,android.fg,38,ActivityManagerService.java,14450,int com.android.server.am.ActivityManagerService.bindIsolatedService(android.app.IApplicationThread, android.os.IBinder, android.content.Intent, java.lang.String, android.app.IServiceConnection, int, java.lang.String, java.lang.String, int),BroadcastQueue.java,984,void com.android.server.am.BroadcastQueue.processNextBroadcast(boolean, boolean),7]
10-16 17:53:46.443 I/notification_cancel_all( 1594): [1000,1594,com.idealinspecao.perueiroapp,0,0,0,5,NULL]
10-16 17:53:46.576 I/am_wtf  ( 1594): [0,1594,system_server,-1,PasspointManager,No app ops listener found for com.idealinspecao.perueiroapp]
10-16 17:53:48.046 I/dvm_lock_sample( 1594): [system_server,1,android.ui,18,ActivityManagerService.java,3378,void com.android.server.am.ActivityManagerService.dispatchUidsChanged(),-,1537,void com.android.server.am.ActivityManagerService$AppDeathRecipient.binderDied(),3]
10-16 17:54:00.424 I/dvm_lock_sample( 1594): [system_server,0,Binder:1594_D,5,ActivityManagerService.java,14494,void com.android.server.am.ActivityManagerService.serviceDoneExecuting(android.os.IBinder, int, int, int),-,14463,boolean com.android.server.am.ActivityManagerService.unbindService(android.app.IServiceConnection),1]
10-16 17:54:05.102 I/dvm_lock_sample( 1594): [system_server,1,android.ui,6,ActivityManagerService.java,3378,void com.android.server.am.ActivityManagerService.dispatchUidsChanged(),-,1537,void com.android.server.am.ActivityManagerService$AppDeathRecipient.binderDied(),1]
10-16 17:54:44.350 I/dvm_lock_sample( 1594): [system_server,0,miui.fg,10,ActivityManagerService.java,5955,boolean com.android.server.am.ActivityManagerService.isAppBad(android.content.pm.ApplicationInfo),-,14463,boolean com.android.server.am.ActivityManagerService.unbindService(android.app.IServiceConnection),2]
10-16 17:55:22.709 I/dvm_lock_sample( 1594): [system_server,1,android.anim,38,WindowAnimator.java,99,void com.android.server.wm.WindowAnimator.lambda$new$1$WindowAnimator(long),ActivityTaskManagerService.java,1755,void com.android.server.wm.ActivityTaskManagerService.activityPaused(android.os.IBinder),7]
10-16 17:55:23.635 I/dvm_lock_sample( 1594): [system_server,1,android.ui,29,ActivityManagerService.java,3432,void com.android.server.am.ActivityManagerService.dispatchUidsChanged(),-,5395,void com.android.server.am.ActivityManagerService.attachApplication(android.app.IApplicationThread, long),5]
10-16 17:55:23.677 I/sysui_multi_action( 1594): [757,147,758,4,759,1,806,com.idealinspecao.perueiroapp]
10-16 17:55:23.832 I/dvm_lock_sample( 1594): [system_server,1,Binder:1594_C,13,ActivityManagerService.java,6752,java.lang.String com.android.server.am.ActivityManagerService.checkContentProviderAccess(java.lang.String, int),-,14450,int com.android.server.am.ActivityManagerService.bindIsolatedService(android.app.IApplicationThread, android.os.IBinder, android.content.Intent, java.lang.String, android.app.IServiceConnection, int, java.lang.String, java.lang.String, int),2]
10-16 17:55:23.952 I/dvm_lock_sample( 1594): [system_server,1,Binder:1594_6,14,ActivityManagerService.java,14463,boolean com.android.server.am.ActivityManagerService.unbindService(android.app.IServiceConnection),-,14285,android.content.ComponentName com.android.server.am.ActivityManagerService.startService(android.app.IApplicationThread, android.content.Intent, java.lang.String, boolean, java.lang.String, int),2]
10-16 17:55:24.002 I/dvm_lock_sample( 1594): [system_server,1,Binder:1594_10,26,ActivityManagerService.java,6978,android.app.ContentProviderHolder com.android.server.am.ActivityManagerService.getContentProviderImpl(android.app.IApplicationThread, java.lang.String, android.os.IBinder, int, java.lang.String, java.lang.String, boolean, int),-,14463,boolean com.android.server.am.ActivityManagerService.unbindService(android.app.IServiceConnection),5]
10-16 17:55:24.407 I/notification_cancel_all( 1594): [1000,1594,com.idealinspecao.perueiroapp,0,0,0,5,NULL]
10-16 17:55:24.618 I/am_create_activity( 1594): [0,265039869,1529,com.idealinspecao.perueiroapp/.MainActivity,NULL,NULL,NULL,268435456]
10-16 17:55:24.671 I/dvm_lock_sample( 1594): [system_server,1,Binder:1594_11,27,ActivityManagerService.java,14463,boolean com.android.server.am.ActivityManagerService.unbindService(android.app.IServiceConnection),-,14310,int com.android.server.am.ActivityManagerService.stopService(android.app.IApplicationThread, android.content.Intent, java.lang.String, int),5]
10-16 17:55:24.863 I/am_proc_start( 1594): [0,19988,11378,com.idealinspecao.perueiroapp,activity,{com.idealinspecao.perueiroapp/com.idealinspecao.perueiroapp.MainActivity}]
10-16 17:55:25.165 I/am_proc_bound( 1594): [0,19988,com.idealinspecao.perueiroapp]
10-16 17:55:25.173 I/am_restart_activity( 1594): [0,265039869,1529,com.idealinspecao.perueiroapp/.MainActivity,19988]
10-16 17:55:25.174 I/am_set_resumed_activity( 1594): [0,com.idealinspecao.perueiroapp/.MainActivity,minimalResumeActivityLocked]
10-16 17:55:26.034 I/dvm_lock_sample( 1594): [system_server,1,android.ui,45,ActivityManagerService.java,3378,void com.android.server.am.ActivityManagerService.dispatchUidsChanged(),-,14450,int com.android.server.am.ActivityManagerService.bindIsolatedService(android.app.IApplicationThread, android.os.IBinder, android.content.Intent, java.lang.String, android.app.IServiceConnection, int, java.lang.String, java.lang.String, int),9]
10-16 17:55:26.651 I/sysui_multi_action( 1594): [757,147,758,4,759,1,806,com.idealinspecao.perueiroapp]
10-16 17:55:27.111 I/dvm_lock_sample( 1594): [system_server,1,Binder:1594_8,8,ProcessManagerService.java,1704,java.util.List com.android.server.am.ProcessManagerService.getRunningProcessInfo(int, int, java.lang.String, java.lang.String, int),ActivityManagerService.java,1537,void com.android.server.am.ActivityManagerService$AppDeathRecipient.binderDied(),1]
10-16 17:55:28.051 I/dvm_lock_sample( 1594): [system_server,1,Binder:1594_1E,16,ActivityManagerService.java,1537,void com.android.server.am.ActivityManagerService$AppDeathRecipient.binderDied(),-,14450,int com.android.server.am.ActivityManagerService.bindIsolatedService(android.app.IApplicationThread, android.os.IBinder, android.content.Intent, java.lang.String, android.app.IServiceConnection, int, java.lang.String, java.lang.String, int),3]
10-16 17:55:28.487 I/dvm_lock_sample( 1594): [system_server,1,android.ui,5,ActivityManagerService.java,3378,void com.android.server.am.ActivityManagerService.dispatchUidsChanged(),-,14463,boolean com.android.server.am.ActivityManagerService.unbindService(android.app.IServiceConnection),1]
10-16 17:55:29.698 I/dvm_lock_sample( 1594): [system_server,0,android.bg,33,ActivityManagerService.java,2043,void com.android.server.am.ActivityManagerService$5.handleMessage(android.os.Message),-,1537,void com.android.server.am.ActivityManagerService$AppDeathRecipient.binderDied(),6]
10-16 17:55:30.426 I/am_lifecycle_sample(19988): [0,com.idealinspecao.perueiroapp,110,5201]
10-16 17:55:30.641 I/am_on_create_called(19988): [0,com.idealinspecao.perueiroapp.MainActivity,performCreate,101]
10-16 17:55:30.656 I/am_on_start_called(19988): [0,com.idealinspecao.perueiroapp.MainActivity,handleStartActivity,1]
10-16 17:55:30.660 I/am_on_resume_called(19988): [0,com.idealinspecao.perueiroapp.MainActivity,RESUME_ACTIVITY,1]
10-16 17:55:30.734 I/am_on_top_resumed_gained_called(19988): [0,com.idealinspecao.perueiroapp.MainActivity,topStateChangedWhenResumed]
10-16 17:55:32.742 I/sysui_multi_action( 1594): [319,633,321,150,322,8159,325,1002508,757,761,758,7,759,1,806,com.idealinspecao.perueiroapp,871,com.idealinspecao.perueiroapp.MainActivity,904,com.android.shell,905,0,945,586,1320,12,1321,1]
10-16 17:55:32.746 I/am_activity_launch_time( 1594): [0,265039869,com.idealinspecao.perueiroapp/.MainActivity,8159]
10-16 17:55:37.308 I/am_pss  ( 1594): [19988,11378,com.idealinspecao.perueiroapp,134248448,124243968,203776,215613440,0,2,19]
10-16 17:55:50.699 I/am_pss  ( 1594): [19988,11378,com.idealinspecao.perueiroapp,144240640,132947968,202752,227930112,0,2,21]
10-16 17:56:41.570 I/dvm_lock_sample( 1594): [system_server,1,ActivityManager,6,BroadcastQueue.java,984,void com.android.server.am.BroadcastQueue.processNextBroadcast(boolean, boolean),ActivityManagerService.java,6978,android.app.ContentProviderHolder com.android.server.am.ActivityManagerService.getContentProviderImpl(android.app.IApplicationThread, java.lang.String, android.os.IBinder, int, java.lang.String, java.lang.String, boolean, int),1]
10-16 17:56:44.452 I/am_on_top_resumed_lost_called(19988): [0,com.idealinspecao.perueiroapp.MainActivity,topStateChangedWhenResumed]
10-16 17:56:44.455 I/am_pause_activity( 1594): [19988,265039869,com.idealinspecao.perueiroapp/.MainActivity,userLeaving=true]
10-16 17:56:44.458 I/am_add_to_stopping( 1594): [0,265039869,com.idealinspecao.perueiroapp/.MainActivity,makeInvisible]
10-16 17:56:44.467 I/am_on_paused_called(19988): [0,com.idealinspecao.perueiroapp.MainActivity,performPause,0]
10-16 17:56:44.901 I/am_stop_activity( 1594): [0,265039869,com.idealinspecao.perueiroapp/.MainActivity]
10-16 17:56:44.945 I/am_on_stop_called(19988): [0,com.idealinspecao.perueiroapp.MainActivity,STOP_ACTIVITY_ITEM,0]
10-16 17:56:45.511 I/sysui_multi_action( 2131): [757,289,758,4,806,ComponentInfo{com.idealinspecao.perueiroapp/com.idealinspecao.perueiroapp.MainActivity}]
10-16 17:56:45.517 I/am_finish_activity( 1594): [19988,265039869,1529,com.idealinspecao.perueiroapp/.MainActivity,remove-task]
10-16 17:56:45.517 I/am_destroy_activity( 1594): [19988,265039869,1529,com.idealinspecao.perueiroapp/.MainActivity,finish-imm:finishActivityLocked]
10-16 17:56:45.525 I/am_kill ( 1594): [0,19988,com.idealinspecao.perueiroapp,700,SwipeUpClean]
10-16 17:56:45.640 I/am_proc_died( 1594): [0,19988,com.idealinspecao.perueiroapp,700,16]
10-16 18:08:47.923 I/dvm_lock_sample( 1594): [system_server,0,Binder:1594_1D,8,ActivityManagerService.java,14494,void com.android.server.am.ActivityManagerService.serviceDoneExecuting(android.os.IBinder, int, int, int),-,14463,boolean com.android.server.am.ActivityManagerService.unbindService(android.app.IServiceConnection),1]
10-16 18:12:02.754 I/dvm_lock_sample( 1594): [system_server,0,Binder:1594_19,6,ActivityManagerService.java,14494,void com.android.server.am.ActivityManagerService.serviceDoneExecuting(android.os.IBinder, int, int, int),-,14463,boolean com.android.server.am.ActivityManagerService.unbindService(android.app.IServiceConnection),1]
10-16 18:16:54.688 I/dvm_lock_sample( 1594): [system_server,1,android.ui,6,ActivityManagerService.java,3378,void com.android.server.am.ActivityManagerService.dispatchUidsChanged(),-,14450,int com.android.server.am.ActivityManagerService.bindIsolatedService(android.app.IApplicationThread, android.os.IBinder, android.content.Intent, java.lang.String, android.app.IServiceConnection, int, java.lang.String, java.lang.String, int),1]
10-16 18:16:56.277 I/dvm_lock_sample( 1594): [system_server,0,Binder:1594_1E,5,ActivityManagerService.java,14494,void com.android.server.am.ActivityManagerService.serviceDoneExecuting(android.os.IBinder, int, int, int),-,14463,boolean com.android.server.am.ActivityManagerService.unbindService(android.app.IServiceConnection),1]
10-16 18:23:32.458 I/dvm_lock_sample( 1594): [system_server,0,Binder:1594_8,5,ActivityManagerService.java,14494,void com.android.server.am.ActivityManagerService.serviceDoneExecuting(android.os.IBinder, int, int, int),-,14450,int com.android.server.am.ActivityManagerService.bindIsolatedService(android.app.IApplicationThread, android.os.IBinder, android.content.Intent, java.lang.String, android.app.IServiceConnection, int, java.lang.String, java.lang.String, int),1]
10-16 18:24:19.507 I/dvm_lock_sample( 1594): [system_server,1,Binder:1594_1E,6,ActivityManagerService.java,14474,void com.android.server.am.ActivityManagerService.publishService(android.os.IBinder, android.content.Intent, android.os.IBinder),-,14450,int com.android.server.am.ActivityManagerService.bindIsolatedService(android.app.IApplicationThread, android.os.IBinder, android.content.Intent, java.lang.String, android.app.IServiceConnection, int, java.lang.String, java.lang.String, int),1]
10-16 18:25:19.654 I/dvm_lock_sample( 1594): [system_server,1,Binder:1594_20,10,ProcessManagerService.java,1704,java.util.List com.android.server.am.ProcessManagerService.getRunningProcessInfo(int, int, java.lang.String, java.lang.String, int),ActivityManagerService.java,1537,void com.android.server.am.ActivityManagerService$AppDeathRecipient.binderDied(),2]
10-16 18:25:24.896 I/auditd  ( 1594): type=1400 audit(0.0:156606): avc: denied { getpgid } for comm="ActivityManager" scontext=u:r:system_server:s0 tcontext=u:r:app_zygote:s0:c512,c768 tclass=process permissive=0
10-16 18:25:24.906 I/auditd  ( 1594): type=1400 audit(0.0:156610): avc: denied { getpgid } for comm="ActivityManager" scontext=u:r:system_server:s0 tcontext=u:r:app_zygote:s0:c512,c768 tclass=process permissive=0
10-16 18:28:02.197 I/notification_cancel_all( 1594): [1000,1594,com.idealinspecao.perueiroapp,0,0,0,5,NULL]
10-16 18:28:02.531 I/am_wtf  ( 1594): [0,1594,system_server,-1,PasspointManager,No app ops listener found for com.idealinspecao.perueiroapp]
10-16 18:28:04.240 I/dvm_lock_sample( 1594): [system_server,0,Binder:1594_1D,16,ActivityManagerService.java,14494,void com.android.server.am.ActivityManagerService.serviceDoneExecuting(android.os.IBinder, int, int, int),-,14285,android.content.ComponentName com.android.server.am.ActivityManagerService.startService(android.app.IApplicationThread, android.content.Intent, java.lang.String, boolean, java.lang.String, int),3]
10-16 18:29:50.688 I/dvm_lock_sample( 1594): [system_server,1,Binder:1594_16,10,ActivityManagerService.java,14285,android.content.ComponentName com.android.server.am.ActivityManagerService.startService(android.app.IApplicationThread, android.content.Intent, java.lang.String, boolean, java.lang.String, int),-,5395,void com.android.server.am.ActivityManagerService.attachApplication(android.app.IApplicationThread, long),2]
10-16 18:29:50.780 I/sysui_multi_action( 1594): [757,147,758,4,759,1,806,com.idealinspecao.perueiroapp]
10-16 18:29:51.147 I/dvm_lock_sample( 1594): [system_server,0,Binder:1594_19,11,ActivityManagerService.java,14494,void com.android.server.am.ActivityManagerService.serviceDoneExecuting(android.os.IBinder, int, int, int),-,15989,int com.android.server.am.ActivityManagerService.broadcastIntent(android.app.IApplicationThread, android.content.Intent, java.lang.String, android.content.IIntentReceiver, int, java.lang.String, android.os.Bundle, java.lang.String[], int, android.os.Bundle, boolean, boolean, int),2]
10-16 18:29:51.309 I/notification_cancel_all( 1594): [1000,1594,com.idealinspecao.perueiroapp,0,0,0,5,NULL]
10-16 18:29:51.500 I/am_create_activity( 1594): [0,73004114,1531,com.idealinspecao.perueiroapp/.MainActivity,NULL,NULL,NULL,268435456]
10-16 18:29:51.573 I/dvm_lock_sample( 1594): [system_server,1,Binder:1594_12,24,ActivityManagerService.java,8605,boolean com.android.server.am.ActivityManagerService.isUidActive(int, java.lang.String),BroadcastQueue.java,984,void com.android.server.am.BroadcastQueue.processNextBroadcast(boolean, boolean),4]
10-16 18:29:51.584 I/dvm_lock_sample( 1594): [system_server,1,android.display,8,ActivityManagerService.java,17671,void com.android.server.am.ActivityManagerService.trimApplications(java.lang.String),-,14494,void com.android.server.am.ActivityManagerService.serviceDoneExecuting(android.os.IBinder, int, int, int),1]
10-16 18:29:51.622 I/am_proc_start( 1594): [0,24358,11379,com.idealinspecao.perueiroapp,activity,{com.idealinspecao.perueiroapp/com.idealinspecao.perueiroapp.MainActivity}]
10-16 18:29:51.835 I/am_proc_bound( 1594): [0,24358,com.idealinspecao.perueiroapp]
10-16 18:29:51.844 I/am_restart_activity( 1594): [0,73004114,1531,com.idealinspecao.perueiroapp/.MainActivity,24358]
10-16 18:29:51.853 I/am_set_resumed_activity( 1594): [0,com.idealinspecao.perueiroapp/.MainActivity,minimalResumeActivityLocked]
10-16 18:29:53.864 I/sysui_multi_action( 1594): [757,147,758,4,759,1,806,com.idealinspecao.perueiroapp]
10-16 18:29:56.699 I/dvm_lock_sample( 1594): [system_server,1,android.ui,28,ActivityManagerService.java,3378,void com.android.server.am.ActivityManagerService.dispatchUidsChanged(),-,1537,void com.android.server.am.ActivityManagerService$AppDeathRecipient.binderDied(),5]
10-16 18:29:56.924 I/am_lifecycle_sample(24358): [0,com.idealinspecao.perueiroapp,110,5022]
10-16 18:29:57.224 I/am_on_create_called(24358): [0,com.idealinspecao.perueiroapp.MainActivity,performCreate,113]
10-16 18:29:57.240 I/am_on_start_called(24358): [0,com.idealinspecao.perueiroapp.MainActivity,handleStartActivity,0]
10-16 18:29:57.245 I/am_on_resume_called(24358): [0,com.idealinspecao.perueiroapp.MainActivity,RESUME_ACTIVITY,3]
10-16 18:29:57.291 I/am_on_top_resumed_gained_called(24358): [0,com.idealinspecao.perueiroapp.MainActivity,topStateChangedWhenResumed]
10-16 18:29:59.402 I/sysui_multi_action( 1594): [319,404,321,121,322,7926,325,1004575,757,761,758,7,759,1,806,com.idealinspecao.perueiroapp,871,com.idealinspecao.perueiroapp.MainActivity,904,com.android.shell,905,0,945,362,1320,12,1321,1]
10-16 18:29:59.406 I/am_activity_launch_time( 1594): [0,73004114,com.idealinspecao.perueiroapp/.MainActivity,7926]
10-16 18:30:02.185 I/am_pss  ( 1594): [24358,11379,com.idealinspecao.perueiroapp,137744384,126496768,214016,219340800,0,2,20]
10-16 18:30:12.239 I/am_pss  ( 1594): [24358,11379,com.idealinspecao.perueiroapp,140430336,129437696,209920,224169984,0,2,20]
10-16 18:30:41.024 I/dvm_lock_sample( 1594): [system_server,0,miui.fg,6,ActivityManagerService.java,10090,int com.android.server.am.ActivityManagerService.getMemoryTrimLevel(),-,16095,void com.android.server.am.ActivityManagerService.finishReceiver(android.os.IBinder, int, java.lang.String, android.os.Bundle, boolean, int),1]
10-16 18:31:14.029 I/am_pss  ( 1594): [24358,11379,com.idealinspecao.perueiroapp,150242304,137773056,193536,243855360,0,2,21]
10-16 18:31:45.989 I/am_on_top_resumed_lost_called(24358): [0,com.idealinspecao.perueiroapp.MainActivity,topStateChangedWhenResumed]
10-16 18:31:45.991 I/am_pause_activity( 1594): [24358,73004114,com.idealinspecao.perueiroapp/.MainActivity,userLeaving=true]
10-16 18:31:45.994 I/am_add_to_stopping( 1594): [0,73004114,com.idealinspecao.perueiroapp/.MainActivity,makeInvisible]
10-16 18:31:46.005 I/am_on_paused_called(24358): [0,com.idealinspecao.perueiroapp.MainActivity,performPause,0]
10-16 18:31:46.472 I/am_stop_activity( 1594): [0,73004114,com.idealinspecao.perueiroapp/.MainActivity]
10-16 18:31:46.534 I/am_on_stop_called(24358): [0,com.idealinspecao.perueiroapp.MainActivity,STOP_ACTIVITY_ITEM,0]
10-16 18:31:47.066 I/sysui_multi_action( 2131): [757,289,758,4,806,ComponentInfo{com.idealinspecao.perueiroapp/com.idealinspecao.perueiroapp.MainActivity}]
10-16 18:31:47.069 I/am_finish_activity( 1594): [24358,73004114,1531,com.idealinspecao.perueiroapp/.MainActivity,remove-task]
10-16 18:31:47.069 I/am_destroy_activity( 1594): [24358,73004114,1531,com.idealinspecao.perueiroapp/.MainActivity,finish-imm:finishActivityLocked]
10-16 18:31:47.079 I/am_kill ( 1594): [0,24358,com.idealinspecao.perueiroapp,700,SwipeUpClean]
10-16 18:31:47.178 I/am_proc_died( 1594): [0,24358,com.idealinspecao.perueiroapp,700,16]
10-16 18:33:08.590 I/dvm_lock_sample( 1594): [system_server,1,Binder:1594_1C,8,ActivityManagerService.java,14474,void com.android.server.am.ActivityManagerService.publishService(android.os.IBinder, android.content.Intent, android.os.IBinder),-,14450,int com.android.server.am.ActivityManagerService.bindIsolatedService(android.app.IApplicationThread, android.os.IBinder, android.content.Intent, java.lang.String, android.app.IServiceConnection, int, java.lang.String, java.lang.String, int),1]
10-16 18:38:43.025 I/dvm_lock_sample( 1594): [system_server,1,android.ui,6,ActivityManagerService.java,3272,void com.android.server.am.ActivityManagerService.dispatchProcessesChanged(),-,14450,int com.android.server.am.ActivityManagerService.bindIsolatedService(android.app.IApplicationThread, android.os.IBinder, android.content.Intent, java.lang.String, android.app.IServiceConnection, int, java.lang.String, java.lang.String, int),1]
10-16 18:38:43.146 I/dvm_lock_sample( 1594): [system_server,1,android.ui,6,ActivityManagerService.java,3378,void com.android.server.am.ActivityManagerService.dispatchUidsChanged(),-,14450,int com.android.server.am.ActivityManagerService.bindIsolatedService(android.app.IApplicationThread, android.os.IBinder, android.content.Intent, java.lang.String, android.app.IServiceConnection, int, java.lang.String, java.lang.String, int),1]
10-16 18:39:21.334 I/dvm_lock_sample( 1594): [system_server,0,Binder:1594_3,18,ActivityManagerService.java,14494,void com.android.server.am.ActivityManagerService.serviceDoneExecuting(android.os.IBinder, int, int, int),-,14463,boolean com.android.server.am.ActivityManagerService.unbindService(android.app.IServiceConnection),3]
10-16 18:39:24.088 I/dvm_lock_sample( 1594): [system_server,1,android.ui,12,ActivityManagerService.java,3432,void com.android.server.am.ActivityManagerService.dispatchUidsChanged(),-,14450,int com.android.server.am.ActivityManagerService.bindIsolatedService(android.app.IApplicationThread, android.os.IBinder, android.content.Intent, java.lang.String, android.app.IServiceConnection, int, java.lang.String, java.lang.String, int),2]
10-16 18:40:01.991 I/dvm_lock_sample( 1594): [system_server,0,android.bg,13,ActivityManagerService.java,1964,void com.android.server.am.ActivityManagerService$5.handleMessage(android.os.Message),-,14450,int com.android.server.am.ActivityManagerService.bindIsolatedService(android.app.IApplicationThread, android.os.IBinder, android.content.Intent, java.lang.String, android.app.IServiceConnection, int, java.lang.String, java.lang.String, int),2]
10-16 18:53:25.816 I/dvm_lock_sample( 1594): [system_server,1,ActivityManager:procStart,6,ProcessList.java,1687,void com.android.server.am.ProcessList.lambda$startProcessLocked$0$ProcessList(com.android.server.am.ProcessRecord, java.lang.String, int[], int, int, java.lang.String, java.lang.String, java.lang.String, long),ActivityManagerService.java,14450,int com.android.server.am.ActivityManagerService.bindIsolatedService(android.app.IApplicationThread, android.os.IBinder, android.content.Intent, java.lang.String, android.app.IServiceConnection, int, java.lang.String, java.lang.String, int),1]
10-16 18:53:25.872 I/dvm_lock_sample( 1594): [system_server,1,Binder:1594_20,17,ActivityManagerService.java,14474,void com.android.server.am.ActivityManagerService.publishService(android.os.IBinder, android.content.Intent, android.os.IBinder),-,5395,void com.android.server.am.ActivityManagerService.attachApplication(android.app.IApplicationThread, long),3]
10-16 18:56:38.454 I/dvm_lock_sample( 1594): [system_server,0,Binder:1594_1E,5,ActivityManagerService.java,14494,void com.android.server.am.ActivityManagerService.serviceDoneExecuting(android.os.IBinder, int, int, int),-,14463,boolean com.android.server.am.ActivityManagerService.unbindService(android.app.IServiceConnection),1]
10-16 19:12:48.095 I/dvm_lock_sample( 1594): [system_server,1,ActivityManager,73,PackageManagerService.java,4817,android.content.pm.ApplicationInfo com.android.server.pm.PackageManagerService.getApplicationInfoInternal(java.lang.String, int, int, int),-,20104,void com.android.server.pm.PackageManagerService.executeDeletePackageLIF(com.android.server.pm.PackageManagerService$DeletePackageAction, java.lang.String, boolean, int[], boolean, android.content.pm.PackageParser$Package),14]
10-16 19:12:51.373 I/notification_cancel_all( 1594): [1000,1594,com.idealinspecao.perueiroapp,0,0,0,5,NULL]
10-16 19:12:51.523 I/am_wtf  ( 1594): [0,1594,system_server,-1,PasspointManager,No app ops listener found for com.idealinspecao.perueiroapp]
10-16 19:12:54.092 I/dvm_lock_sample( 1594): [system_server,0,Binder:1594_E,11,ActivityManagerService.java,14494,void com.android.server.am.ActivityManagerService.serviceDoneExecuting(android.os.IBinder, int, int, int),-,1537,void com.android.server.am.ActivityManagerService$AppDeathRecipient.binderDied(),2]
10-16 19:15:10.866 I/dvm_lock_sample( 1594): [system_server,0,android.bg,12,ActivityManagerService.java,1964,void com.android.server.am.ActivityManagerService$5.handleMessage(android.os.Message),-,14463,boolean com.android.server.am.ActivityManagerService.unbindService(android.app.IServiceConnection),2]
10-16 19:18:10.440 I/dvm_lock_sample( 1594): [system_server,1,Binder:1594_4,12,ActivityManagerService.java,8605,boolean com.android.server.am.ActivityManagerService.isUidActive(int, java.lang.String),-,14494,void com.android.server.am.ActivityManagerService.serviceDoneExecuting(android.os.IBinder, int, int, int),2]
10-16 19:20:11.352 I/sysui_multi_action( 1594): [757,147,758,4,759,1,806,com.idealinspecao.perueiroapp]
10-16 19:20:11.967 I/notification_cancel_all( 1594): [1000,1594,com.idealinspecao.perueiroapp,0,0,0,5,NULL]
10-16 19:20:12.410 I/am_create_activity( 1594): [0,77543900,1535,com.idealinspecao.perueiroapp/.MainActivity,NULL,NULL,NULL,268435456]
10-16 19:20:12.435 I/dvm_lock_sample( 1594): [system_server,1,Binder:1594_D,296,ActivityTaskManagerService.java,7377,com.android.server.wm.WindowProcessController com.android.server.wm.ActivityTaskManagerService$LocalService.getTopApp(),ActivityStarter.java,1313,int com.android.server.wm.ActivityStarter.startActivityMayWait(android.app.IApplicationThread, int, java.lang.String, int, int, android.content.Intent, java.lang.String, android.service.voice.IVoiceInteractionSession, com.android.internal.app.IVoiceInteractor, android.os.IBinder, java.lang.String, int, int, android.app.ProfilerInfo, android.app.WaitResult, android.content.res.Configuration, com.android.server.wm.SafeActivityOptions, boolean, int, com.android.server.wm.TaskRecord, java.lang.String, boolean, com.android.server.am.PendingIntentRecord, boolean),59]
10-16 19:20:12.451 I/binder_sample(30281): [android.app.IActivityManager,21,321,com.miui.cleaner,64]
10-16 19:20:12.565 I/dvm_lock_sample( 1594): [system_server,1,Binder:1594_5,286,ActivityManagerService.java,7717,boolean com.android.server.am.ActivityManagerService.refContentProvider(android.os.IBinder, int, int),-,7639,void com.android.server.am.ActivityManagerService.publishContentProviders(android.app.IApplicationThread, java.util.List),57]
10-16 19:20:12.571 I/dvm_lock_sample( 1594): [system_server,1,Binder:1594_4,26,ActivityManagerService.java,5955,boolean com.android.server.am.ActivityManagerService.isAppBad(android.content.pm.ApplicationInfo),-,1537,void com.android.server.am.ActivityManagerService$AppDeathRecipient.binderDied(),5]
10-16 19:20:12.571 I/dvm_lock_sample( 1594): [system_server,1,Binder:1594_12,275,ActivityManagerService.java,6752,java.lang.String com.android.server.am.ActivityManagerService.checkContentProviderAccess(java.lang.String, int),-,7639,void com.android.server.am.ActivityManagerService.publishContentProviders(android.app.IApplicationThread, java.util.List),55]
10-16 19:20:12.628 I/am_proc_start( 1594): [0,30436,11380,com.idealinspecao.perueiroapp,activity,{com.idealinspecao.perueiroapp/com.idealinspecao.perueiroapp.MainActivity}]
10-16 19:20:12.882 I/am_proc_bound( 1594): [0,30436,com.idealinspecao.perueiroapp]
10-16 19:20:12.904 I/am_restart_activity( 1594): [0,77543900,1535,com.idealinspecao.perueiroapp/.MainActivity,30436]
10-16 19:20:12.907 I/am_set_resumed_activity( 1594): [0,com.idealinspecao.perueiroapp/.MainActivity,minimalResumeActivityLocked]
10-16 19:20:12.965 I/dvm_lock_sample( 1594): [system_server,1,Binder:1594_F,5,ActivityManagerService.java,7717,boolean com.android.server.am.ActivityManagerService.refContentProvider(android.os.IBinder, int, int),-,14463,boolean com.android.server.am.ActivityManagerService.unbindService(android.app.IServiceConnection),1]
10-16 19:20:14.784 I/sysui_multi_action( 1594): [757,147,758,4,759,1,806,com.idealinspecao.perueiroapp]
10-16 19:20:14.906 I/dvm_lock_sample( 1594): [system_server,1,Binder:1594_6,27,ActivityManagerService.java,14791,android.content.Intent com.android.server.am.ActivityManagerService.registerReceiver(android.app.IApplicationThread, java.lang.String, android.content.IIntentReceiver, android.content.IntentFilter, java.lang.String, int, int),-,14450,int com.android.server.am.ActivityManagerService.bindIsolatedService(android.app.IApplicationThread, android.os.IBinder, android.content.Intent, java.lang.String, android.app.IServiceConnection, int, java.lang.String, java.lang.String, int),5]
10-16 19:20:15.192 I/dvm_lock_sample( 1594): [system_server,1,Binder:1594_3,21,ActivityManagerService.java,10076,void com.android.server.am.ActivityManagerService.getMyMemoryState(android.app.ActivityManager$RunningAppProcessInfo),-,14450,int com.android.server.am.ActivityManagerService.bindIsolatedService(android.app.IApplicationThread, android.os.IBinder, android.content.Intent, java.lang.String, android.app.IServiceConnection, int, java.lang.String, java.lang.String, int),4]
10-16 19:20:15.217 I/dvm_lock_sample( 1594): [system_server,1,android.ui,5,ActivityManagerService.java,3378,void com.android.server.am.ActivityManagerService.dispatchUidsChanged(),-,14474,void com.android.server.am.ActivityManagerService.publishService(android.os.IBinder, android.content.Intent, android.os.IBinder),1]
10-16 19:20:15.332 I/dvm_lock_sample( 1594): [system_server,0,miui.fg,5,ActivityManagerService.java,10090,int com.android.server.am.ActivityManagerService.getMemoryTrimLevel(),-,7639,void com.android.server.am.ActivityManagerService.publishContentProviders(android.app.IApplicationThread, java.util.List),1]
10-16 19:20:15.827 I/dvm_lock_sample( 1594): [system_server,1,Binder:1594_D,17,ActivityManagerService.java,14249,java.util.List com.android.server.am.ActivityManagerService.getServices(int, int),-,14450,int com.android.server.am.ActivityManagerService.bindIsolatedService(android.app.IApplicationThread, android.os.IBinder, android.content.Intent, java.lang.String, android.app.IServiceConnection, int, java.lang.String, java.lang.String, int),3]
10-16 19:20:17.026 I/dvm_lock_sample( 1594): [system_server,1,Binder:1594_4,23,ActivityManagerService.java,14285,android.content.ComponentName com.android.server.am.ActivityManagerService.startService(android.app.IApplicationThread, android.content.Intent, java.lang.String, boolean, java.lang.String, int),-,14463,boolean com.android.server.am.ActivityManagerService.unbindService(android.app.IServiceConnection),4]
10-16 19:20:17.044 I/dvm_lock_sample( 1594): [system_server,0,Binder:1594_2,31,ActivityManagerService.java,14494,void com.android.server.am.ActivityManagerService.serviceDoneExecuting(android.os.IBinder, int, int, int),-,14463,boolean com.android.server.am.ActivityManagerService.unbindService(android.app.IServiceConnection),6]
10-16 19:20:18.227 I/dvm_lock_sample( 1594): [system_server,1,Binder:1594_1E,11,ActivityManagerService.java,8605,boolean com.android.server.am.ActivityManagerService.isUidActive(int, java.lang.String),-,14463,boolean com.android.server.am.ActivityManagerService.unbindService(android.app.IServiceConnection),2]
10-16 19:20:18.407 I/am_lifecycle_sample(30436): [0,com.idealinspecao.perueiroapp,110,5482]
10-16 19:20:18.736 I/am_on_create_called(30436): [0,com.idealinspecao.perueiroapp.MainActivity,performCreate,175]
10-16 19:20:18.754 I/am_on_start_called(30436): [0,com.idealinspecao.perueiroapp.MainActivity,handleStartActivity,0]
10-16 19:20:18.762 I/am_on_resume_called(30436): [0,com.idealinspecao.perueiroapp.MainActivity,RESUME_ACTIVITY,5]
10-16 19:20:18.829 I/am_on_top_resumed_gained_called(30436): [0,com.idealinspecao.perueiroapp.MainActivity,topStateChangedWhenResumed]
10-16 19:20:21.290 I/sysui_multi_action( 1594): [319,817,321,413,322,9167,325,1007596,757,761,758,7,759,1,806,com.idealinspecao.perueiroapp,871,com.idealinspecao.perueiroapp.MainActivity,904,com.android.shell,905,0,945,777,1320,12,1321,1]
10-16 19:20:21.293 I/am_activity_launch_time( 1594): [0,77543900,com.idealinspecao.perueiroapp/.MainActivity,9167]
10-16 19:20:23.829 I/am_pss  ( 1594): [30436,11380,com.idealinspecao.perueiroapp,129188864,120049664,197632,214999040,0,2,18]
10-16 19:20:33.900 I/am_pss  ( 1594): [30436,11380,com.idealinspecao.perueiroapp,134807552,125636608,193536,222257152,0,2,22]
10-16 19:21:38.814 I/am_pss  ( 1594): [30436,11380,com.idealinspecao.perueiroapp,132129792,123523072,182272,221245440,0,2,21]
10-16 19:23:49.125 I/am_pss  ( 1594): [30436,11380,com.idealinspecao.perueiroapp,132104192,123502592,182272,221216768,0,2,21]
10-16 19:26:12.481 I/am_pss  ( 1594): [30436,11380,com.idealinspecao.perueiroapp,123240448,114544640,173056,211226624,0,2,16]
10-16 19:32:01.460 I/am_pss  ( 1594): [30436,11380,com.idealinspecao.perueiroapp,123104256,114380800,173056,211206144,0,2,19]
10-16 19:33:34.967 I/am_pss  ( 1594): [30436,11380,com.idealinspecao.perueiroapp,120313856,112844800,169984,202092544,0,2,14]
10-16 19:42:01.478 I/am_pss  ( 1594): [30436,11380,com.idealinspecao.perueiroapp,119235584,112369664,173056,198004736,0,2,17]
10-16 19:46:46.556 I/am_on_top_resumed_lost_called(30436): [0,com.idealinspecao.perueiroapp.MainActivity,topStateChangedWhenResumed]
10-16 19:46:46.562 I/am_pause_activity( 1594): [30436,77543900,com.idealinspecao.perueiroapp/.MainActivity,userLeaving=true]
10-16 19:46:46.565 I/am_add_to_stopping( 1594): [0,77543900,com.idealinspecao.perueiroapp/.MainActivity,makeInvisible]
10-16 19:46:46.638 I/am_on_paused_called(30436): [0,com.idealinspecao.perueiroapp.MainActivity,performPause,1]
10-16 19:46:47.231 I/am_stop_activity( 1594): [0,77543900,com.idealinspecao.perueiroapp/.MainActivity]
10-16 19:46:47.258 I/am_on_stop_called(30436): [0,com.idealinspecao.perueiroapp.MainActivity,STOP_ACTIVITY_ITEM,1]
10-16 19:46:47.853 I/sysui_multi_action( 2131): [757,289,758,4,806,ComponentInfo{com.idealinspecao.perueiroapp/com.idealinspecao.perueiroapp.MainActivity}]
10-16 19:46:47.877 I/am_finish_activity( 1594): [30436,77543900,1535,com.idealinspecao.perueiroapp/.MainActivity,remove-task]
10-16 19:46:47.877 I/am_destroy_activity( 1594): [30436,77543900,1535,com.idealinspecao.perueiroapp/.MainActivity,finish-imm:finishActivityLocked]
10-16 19:46:47.885 I/am_kill ( 1594): [0,30436,com.idealinspecao.perueiroapp,700,SwipeUpClean]
10-16 19:46:48.028 I/am_proc_died( 1594): [0,30436,com.idealinspecao.perueiroapp,700,16]
10-16 19:47:35.509 I/dvm_lock_sample( 1594): [system_server,0,Binder:1594_1,5,ActivityManagerService.java,14494,void com.android.server.am.ActivityManagerService.serviceDoneExecuting(android.os.IBinder, int, int, int),-,14463,boolean com.android.server.am.ActivityManagerService.unbindService(android.app.IServiceConnection),1]
10-16 19:51:56.164 I/dvm_lock_sample( 1594): [system_server,1,main,5,BroadcastDispatcher.java,186,void com.android.server.am.BroadcastDispatcher$1.broadcastAlarmComplete(int),ActivityManagerService.java,16095,void com.android.server.am.ActivityManagerService.finishReceiver(android.os.IBinder, int, java.lang.String, android.os.Bundle, boolean, int),1]
10-16 20:10:23.156 I/dvm_lock_sample( 1594): [system_server,1,Binder:1594_20,12,ActivityManagerService.java,14474,void com.android.server.am.ActivityManagerService.publishService(android.os.IBinder, android.content.Intent, android.os.IBinder),-,14450,int com.android.server.am.ActivityManagerService.bindIsolatedService(android.app.IApplicationThread, android.os.IBinder, android.content.Intent, java.lang.String, android.app.IServiceConnection, int, java.lang.String, java.lang.String, int),2]
10-16 20:11:58.947 I/dvm_lock_sample( 1594): [system_server,1,Binder:1594_12,26,ActivityManagerService.java,5963,int com.android.server.am.ActivityManagerService.getUidState(int),-,14463,boolean com.android.server.am.ActivityManagerService.unbindService(android.app.IServiceConnection),5]
10-16 20:12:07.401 I/dvm_lock_sample( 1594): [system_server,1,android.ui,6,ActivityManagerService.java,3378,void com.android.server.am.ActivityManagerService.dispatchUidsChanged(),-,14285,android.content.ComponentName com.android.server.am.ActivityManagerService.startService(android.app.IApplicationThread, android.content.Intent, java.lang.String, boolean, java.lang.String, int),1]
10-16 20:15:20.606 I/dvm_lock_sample( 1594): [system_server,0,Binder:1594_19,9,ActivityManagerService.java,14494,void com.android.server.am.ActivityManagerService.serviceDoneExecuting(android.os.IBinder, int, int, int),-,14463,boolean com.android.server.am.ActivityManagerService.unbindService(android.app.IServiceConnection),1]
10-16 20:19:30.336 I/dvm_lock_sample( 1594): [system_server,0,android.bg,5,ActivityManagerService.java,1964,void com.android.server.am.ActivityManagerService$5.handleMessage(android.os.Message),-,14463,boolean com.android.server.am.ActivityManagerService.unbindService(android.app.IServiceConnection),1]
10-16 20:41:17.343 I/dvm_lock_sample( 1594): [system_server,0,Binder:1594_F,26,ActivityManagerService.java,16095,void com.android.server.am.ActivityManagerService.finishReceiver(android.os.IBinder, int, java.lang.String, android.os.Bundle, boolean, int),-,5395,void com.android.server.am.ActivityManagerService.attachApplication(android.app.IApplicationThread, long),5]
10-16 20:41:18.933 I/notification_cancel_all( 1594): [1000,1594,com.idealinspecao.perueiroapp,0,0,0,5,NULL]
10-16 20:41:19.078 I/am_wtf  ( 1594): [0,1594,system_server,-1,PasspointManager,No app ops listener found for com.idealinspecao.perueiroapp]
10-16 20:41:36.943 I/dvm_lock_sample( 1594): [system_server,1,android.ui,13,ActivityManagerService.java,3378,void com.android.server.am.ActivityManagerService.dispatchUidsChanged(),-,14463,boolean com.android.server.am.ActivityManagerService.unbindService(android.app.IServiceConnection),2]
10-16 20:41:53.588 I/dvm_lock_sample( 1594): [system_server,0,android.bg,12,ActivityManagerService.java,1964,void com.android.server.am.ActivityManagerService$5.handleMessage(android.os.Message),-,14463,boolean com.android.server.am.ActivityManagerService.unbindService(android.app.IServiceConnection),2]
10-16 20:42:51.354 I/dvm_lock_sample( 1594): [system_server,1,android.anim,69,InputMonitor.java,120,void com.android.server.wm.InputMonitor$1.run(),ActivityTaskManagerService.java,1755,void com.android.server.wm.ActivityTaskManagerService.activityPaused(android.os.IBinder),13]
10-16 20:42:52.050 I/dvm_lock_sample( 1594): [system_server,1,Binder:1594_C,60,ActivityManagerService.java,6752,java.lang.String com.android.server.am.ActivityManagerService.checkContentProviderAccess(java.lang.String, int),BroadcastQueue.java,984,void com.android.server.am.BroadcastQueue.processNextBroadcast(boolean, boolean),12]
10-16 20:42:52.292 I/dvm_lock_sample( 1594): [system_server,1,Binder:1594_1F,19,ProcessManagerService.java,1704,java.util.List com.android.server.am.ProcessManagerService.getRunningProcessInfo(int, int, java.lang.String, java.lang.String, int),ActivityManagerService.java,14285,android.content.ComponentName com.android.server.am.ActivityManagerService.startService(android.app.IApplicationThread, android.content.Intent, java.lang.String, boolean, java.lang.String, int),3]
10-16 20:42:52.350 I/sysui_multi_action( 1594): [757,147,758,4,759,1,806,com.idealinspecao.perueiroapp]
10-16 20:42:52.364 I/dvm_lock_sample( 1594): [system_server,1,android.ui,11,ActivityManagerService.java,3378,void com.android.server.am.ActivityManagerService.dispatchUidsChanged(),-,6181,boolean com.android.server.am.ActivityManagerService.isAppStartModeDisabled(int, java.lang.String),2]
10-16 20:42:52.416 I/dvm_lock_sample( 1594): [system_server,1,Binder:1594_4,28,ActivityManagerService.java,8605,boolean com.android.server.am.ActivityManagerService.isUidActive(int, java.lang.String),-,5395,void com.android.server.am.ActivityManagerService.attachApplication(android.app.IApplicationThread, long),5]
10-16 20:42:52.434 I/dvm_lock_sample( 1594): [system_server,1,Binder:1594_10,16,ActivityManagerService.java,14463,boolean com.android.server.am.ActivityManagerService.unbindService(android.app.IServiceConnection),-,14285,android.content.ComponentName com.android.server.am.ActivityManagerService.startService(android.app.IApplicationThread, android.content.Intent, java.lang.String, boolean, java.lang.String, int),3]
10-16 20:42:52.591 I/dvm_lock_sample( 1594): [system_server,1,Binder:1594_1F,54,ActivityManagerService.java,6752,java.lang.String com.android.server.am.ActivityManagerService.checkContentProviderAccess(java.lang.String, int),-,14450,int com.android.server.am.ActivityManagerService.bindIsolatedService(android.app.IApplicationThread, android.os.IBinder, android.content.Intent, java.lang.String, android.app.IServiceConnection, int, java.lang.String, java.lang.String, int),10]
10-16 20:42:52.974 I/am_create_activity( 1594): [0,97713893,1537,com.idealinspecao.perueiroapp/.MainActivity,NULL,NULL,NULL,268435456]
10-16 20:42:53.004 I/dvm_lock_sample( 1594): [system_server,1,android.ui,98,ActivityManagerService.java,3432,void com.android.server.am.ActivityManagerService.dispatchUidsChanged(),-,14450,int com.android.server.am.ActivityManagerService.bindIsolatedService(android.app.IApplicationThread, android.os.IBinder, android.content.Intent, java.lang.String, android.app.IServiceConnection, int, java.lang.String, java.lang.String, int),19]
10-16 20:42:53.009 I/dvm_lock_sample( 1594): [system_server,1,Binder:1594_D,100,ActivityManagerService.java,8605,boolean com.android.server.am.ActivityManagerService.isUidActive(int, java.lang.String),-,14450,int com.android.server.am.ActivityManagerService.bindIsolatedService(android.app.IApplicationThread, android.os.IBinder, android.content.Intent, java.lang.String, android.app.IServiceConnection, int, java.lang.String, java.lang.String, int),20]
10-16 20:42:53.119 I/dvm_lock_sample( 1594): [system_server,1,Binder:1594_19,52,ActivityManagerService.java,5955,boolean com.android.server.am.ActivityManagerService.isAppBad(android.content.pm.ApplicationInfo),-,6440,void com.android.server.am.ActivityManagerService.revokeUriPermission(android.app.IApplicationThread, java.lang.String, android.net.Uri, int, int),10]
10-16 20:42:53.185 I/am_proc_start( 1594): [0,7567,11381,com.idealinspecao.perueiroapp,activity,{com.idealinspecao.perueiroapp/com.idealinspecao.perueiroapp.MainActivity}]
10-16 20:42:53.264 I/notification_cancel_all( 1594): [1000,1594,com.idealinspecao.perueiroapp,0,0,0,5,NULL]
10-16 20:42:53.407 I/am_proc_bound( 1594): [0,7567,com.idealinspecao.perueiroapp]
10-16 20:42:53.430 I/am_restart_activity( 1594): [0,97713893,1537,com.idealinspecao.perueiroapp/.MainActivity,7567]
10-16 20:42:53.432 I/am_set_resumed_activity( 1594): [0,com.idealinspecao.perueiroapp/.MainActivity,minimalResumeActivityLocked]
10-16 20:42:53.530 I/dvm_lock_sample( 1594): [system_server,1,Binder:1594_1C,79,ActivityManagerService.java,14791,android.content.Intent com.android.server.am.ActivityManagerService.registerReceiver(android.app.IApplicationThread, java.lang.String, android.content.IIntentReceiver, android.content.IntentFilter, java.lang.String, int, int),-,5395,void com.android.server.am.ActivityManagerService.attachApplication(android.app.IApplicationThread, long),15]
10-16 20:42:53.530 I/dvm_lock_sample( 1594): [system_server,1,Binder:1594_12,84,ActivityManagerService.java,7717,boolean com.android.server.am.ActivityManagerService.refContentProvider(android.os.IBinder, int, int),-,14450,int com.android.server.am.ActivityManagerService.bindIsolatedService(android.app.IApplicationThread, android.os.IBinder, android.content.Intent, java.lang.String, android.app.IServiceConnection, int, java.lang.String, java.lang.String, int),16]
10-16 20:42:53.543 I/dvm_lock_sample( 1594): [system_server,1,Binder:1594_17,43,ActivityManagerService.java,14450,int com.android.server.am.ActivityManagerService.bindIsolatedService(android.app.IApplicationThread, android.os.IBinder, android.content.Intent, java.lang.String, android.app.IServiceConnection, int, java.lang.String, java.lang.String, int),-,14450,int com.android.server.am.ActivityManagerService.bindIsolatedService(android.app.IApplicationThread, android.os.IBinder, android.content.Intent, java.lang.String, android.app.IServiceConnection, int, java.lang.String, java.lang.String, int),8]
10-16 20:42:53.552 I/dvm_lock_sample( 1594): [system_server,1,Binder:1594_17,7,ActivityManagerService.java,14450,int com.android.server.am.ActivityManagerService.bindIsolatedService(android.app.IApplicationThread, android.os.IBinder, android.content.Intent, java.lang.String, android.app.IServiceConnection, int, java.lang.String, java.lang.String, int),-,14494,void com.android.server.am.ActivityManagerService.serviceDoneExecuting(android.os.IBinder, int, int, int),1]
10-16 20:42:53.745 I/dvm_lock_sample( 1594): [system_server,1,Binder:1594_12,15,ActivityManagerService.java,8605,boolean com.android.server.am.ActivityManagerService.isUidActive(int, java.lang.String),-,14450,int com.android.server.am.ActivityManagerService.bindIsolatedService(android.app.IApplicationThread, android.os.IBinder, android.content.Intent, java.lang.String, android.app.IServiceConnection, int, java.lang.String, java.lang.String, int),3]
10-16 20:42:55.471 I/sysui_multi_action( 1594): [757,147,758,4,759,1,806,com.idealinspecao.perueiroapp]
