10-13 18:30:57.453 I/dvm_lock_sample( 1594): [system_server,1,Binder:1594_1C,14,ActivityManagerService.java,6752,java.lang.String com.android.server.am.ActivityManagerService.checkContentProviderAccess(java.lang.String, int),-,14450,int com.android.server.am.ActivityManagerService.bindIsolatedService(android.app.IApplicationThread, android.os.IBinder, android.content.Intent, java.lang.String, android.app.IServiceConnection, int, java.lang.String, java.lang.String, int),2]
10-13 18:30:57.724 I/dvm_lock_sample( 1594): [system_server,1,android.ui,77,ActivityManagerService.java,3378,void com.android.server.am.ActivityManagerService.dispatchUidsChanged(),-,14450,int com.android.server.am.ActivityManagerService.bindIsolatedService(android.app.IApplicationThread, android.os.IBinder, android.content.Intent, java.lang.String, android.app.IServiceConnection, int, java.lang.String, java.lang.String, int),15]
10-13 18:41:32.085 I/dvm_lock_sample( 1594): [system_server,1,Binder:1594_F,5,ActivityManagerService.java,14450,int com.android.server.am.ActivityManagerService.bindIsolatedService(android.app.IApplicationThread, android.os.IBinder, android.content.Intent, java.lang.String, android.app.IServiceConnection, int, java.lang.String, java.lang.String, int),-,14450,int com.android.server.am.ActivityManagerService.bindIsolatedService(android.app.IApplicationThread, android.os.IBinder, android.content.Intent, java.lang.String, android.app.IServiceConnection, int, java.lang.String, java.lang.String, int),1]
10-13 18:41:32.194 I/dvm_lock_sample( 1594): [system_server,0,Binder:1594_1C,24,ActivityManagerService.java,14494,void com.android.server.am.ActivityManagerService.serviceDoneExecuting(android.os.IBinder, int, int, int),-,14450,int com.android.server.am.ActivityManagerService.bindIsolatedService(android.app.IApplicationThread, android.os.IBinder, android.content.Intent, java.lang.String, android.app.IServiceConnection, int, java.lang.String, java.lang.String, int),4]
10-13 18:49:01.555 I/dvm_lock_sample( 1594): [system_server,0,Binder:1594_1A,43,ActivityManagerService.java,14494,void com.android.server.am.ActivityManagerService.serviceDoneExecuting(android.os.IBinder, int, int, int),-,1537,void com.android.server.am.ActivityManagerService$AppDeathRecipient.binderDied(),8]
10-13 18:49:01.559 I/dvm_lock_sample( 1594): [system_server,1,Binder:1594_F,38,ProcessManagerService.java,1704,java.util.List com.android.server.am.ProcessManagerService.getRunningProcessInfo(int, int, java.lang.String, java.lang.String, int),ActivityManagerService.java,1537,void com.android.server.am.ActivityManagerService$AppDeathRecipient.binderDied(),7]
10-13 18:49:01.564 I/dvm_lock_sample( 1594): [system_server,1,ActivityManager,27,ActiveServices.java,2189,void com.android.server.am.ActiveServices$ServiceRestarter.run(),ActivityManagerService.java,1537,void com.android.server.am.ActivityManagerService$AppDeathRecipient.binderDied(),5]
10-13 18:49:01.591 I/dvm_lock_sample( 1594): [system_server,1,Binder:1594_19,19,ActivityManagerService.java,14285,android.content.ComponentName com.android.server.am.ActivityManagerService.startService(android.app.IApplicationThread, android.content.Intent, java.lang.String, boolean, java.lang.String, int),-,14494,void com.android.server.am.ActivityManagerService.serviceDoneExecuting(android.os.IBinder, int, int, int),3]
10-13 19:26:26.943 I/dvm_lock_sample( 1594): [system_server,1,Binder:1594_19,5,ActivityManagerService.java,6181,boolean com.android.server.am.ActivityManagerService.isAppStartModeDisabled(int, java.lang.String),-,1537,void com.android.server.am.ActivityManagerService$AppDeathRecipient.binderDied(),1]
10-13 19:26:26.944 I/dvm_lock_sample( 1594): [system_server,1,android.ui,25,ActivityManagerService.java,3378,void com.android.server.am.ActivityManagerService.dispatchUidsChanged(),-,1537,void com.android.server.am.ActivityManagerService$AppDeathRecipient.binderDied(),5]
10-13 19:41:20.128 I/dvm_lock_sample( 1594): [system_server,1,android.ui,5,ActivityManagerService.java,3378,void com.android.server.am.ActivityManagerService.dispatchUidsChanged(),-,14494,void com.android.server.am.ActivityManagerService.serviceDoneExecuting(android.os.IBinder, int, int, int),1]
10-13 19:41:22.911 I/dvm_lock_sample( 1594): [system_server,1,Binder:1594_12,7,ActivityManagerService.java,8605,boolean com.android.server.am.ActivityManagerService.isUidActive(int, java.lang.String),-,1537,void com.android.server.am.ActivityManagerService$AppDeathRecipient.binderDied(),1]
10-13 19:43:15.566 I/dvm_lock_sample( 1594): [system_server,0,android.bg,8,ActivityManagerService.java,1964,void com.android.server.am.ActivityManagerService$5.handleMessage(android.os.Message),-,16095,void com.android.server.am.ActivityManagerService.finishReceiver(android.os.IBinder, int, java.lang.String, android.os.Bundle, boolean, int),1]
10-13 19:56:26.820 I/dvm_lock_sample( 1594): [system_server,1,Binder:1594_3,12,ActivityManagerService.java,8605,boolean com.android.server.am.ActivityManagerService.isUidActive(int, java.lang.String),-,5395,void com.android.server.am.ActivityManagerService.attachApplication(android.app.IApplicationThread, long),2]
10-13 20:26:35.899 I/dvm_lock_sample( 1594): [system_server,1,Binder:1594_14,19,ActivityManagerService.java,6978,android.app.ContentProviderHolder com.android.server.am.ActivityManagerService.getContentProviderImpl(android.app.IApplicationThread, java.lang.String, android.os.IBinder, int, java.lang.String, java.lang.String, boolean, int),-,1537,void com.android.server.am.ActivityManagerService$AppDeathRecipient.binderDied(),3]
10-13 20:30:50.919 I/dvm_lock_sample( 1594): [system_server,0,Binder:1594_1E,5,ActivityManagerService.java,14494,void com.android.server.am.ActivityManagerService.serviceDoneExecuting(android.os.IBinder, int, int, int),-,14450,int com.android.server.am.ActivityManagerService.bindIsolatedService(android.app.IApplicationThread, android.os.IBinder, android.content.Intent, java.lang.String, android.app.IServiceConnection, int, java.lang.String, java.lang.String, int),1]
10-13 20:41:30.839 I/dvm_lock_sample( 1594): [system_server,1,Binder:1594_4,8,ActivityManagerService.java,8605,boolean com.android.server.am.ActivityManagerService.isUidActive(int, java.lang.String),-,14450,int com.android.server.am.ActivityManagerService.bindIsolatedService(android.app.IApplicationThread, android.os.IBinder, android.content.Intent, java.lang.String, android.app.IServiceConnection, int, java.lang.String, java.lang.String, int),1]
10-13 20:41:31.820 I/dvm_lock_sample( 1594): [system_server,1,Binder:1594_14,19,ActivityManagerService.java,15989,int com.android.server.am.ActivityManagerService.broadcastIntent(android.app.IApplicationThread, android.content.Intent, java.lang.String, android.content.IIntentReceiver, int, java.lang.String, android.os.Bundle, java.lang.String[], int, android.os.Bundle, boolean, boolean, int),-,1537,void com.android.server.am.ActivityManagerService$AppDeathRecipient.binderDied(),3]
10-13 20:41:31.947 I/dvm_lock_sample( 1594): [system_server,1,Binder:1594_3,22,ActivityManagerService.java,14463,boolean com.android.server.am.ActivityManagerService.unbindService(android.app.IServiceConnection),-,5395,void com.android.server.am.ActivityManagerService.attachApplication(android.app.IApplicationThread, long),4]
10-13 20:41:32.408 I/dvm_lock_sample( 1594): [system_server,1,Binder:1594_1D,5,ActivityManagerService.java,6181,boolean com.android.server.am.ActivityManagerService.isAppStartModeDisabled(int, java.lang.String),-,14450,int com.android.server.am.ActivityManagerService.bindIsolatedService(android.app.IApplicationThread, android.os.IBinder, android.content.Intent, java.lang.String, android.app.IServiceConnection, int, java.lang.String, java.lang.String, int),1]
10-13 20:56:50.522 I/dvm_lock_sample( 1594): [system_server,1,Binder:1594_10,6,ActivityManagerService.java,5827,java.lang.String com.android.server.am.ActivityManagerService.getTagForIntentSender(android.content.IIntentSender, java.lang.String),-,14450,int com.android.server.am.ActivityManagerService.bindIsolatedService(android.app.IApplicationThread, android.os.IBinder, android.content.Intent, java.lang.String, android.app.IServiceConnection, int, java.lang.String, java.lang.String, int),1]
10-13 21:13:31.056 I/dvm_lock_sample( 1594): [system_server,1,Binder:1594_5,5,ActivityManagerService.java,5955,boolean com.android.server.am.ActivityManagerService.isAppBad(android.content.pm.ApplicationInfo),-,14463,boolean com.android.server.am.ActivityManagerService.unbindService(android.app.IServiceConnection),1]
10-13 21:36:21.896 I/dvm_lock_sample( 1594): [system_server,1,android.ui,58,ActivityManagerService.java,3378,void com.android.server.am.ActivityManagerService.dispatchUidsChanged(),-,14285,android.content.ComponentName com.android.server.am.ActivityManagerService.startService(android.app.IApplicationThread, android.content.Intent, java.lang.String, boolean, java.lang.String, int),11]
10-13 21:36:21.897 I/dvm_lock_sample( 1594): [system_server,1,Binder:1594_12,43,ActivityManagerService.java,14310,int com.android.server.am.ActivityManagerService.stopService(android.app.IApplicationThread, android.content.Intent, java.lang.String, int),-,14285,android.content.ComponentName com.android.server.am.ActivityManagerService.startService(android.app.IApplicationThread, android.content.Intent, java.lang.String, boolean, java.lang.String, int),8]
10-13 21:36:22.047 I/dvm_lock_sample( 1594): [system_server,1,Binder:1594_3,18,ActivityManagerService.java,5955,boolean com.android.server.am.ActivityManagerService.isAppBad(android.content.pm.ApplicationInfo),-,5395,void com.android.server.am.ActivityManagerService.attachApplication(android.app.IApplicationThread, long),3]
10-13 21:36:30.588 I/dvm_lock_sample( 1594): [system_server,1,Binder:1594_9,10,ActivityManagerService.java,14791,android.content.Intent com.android.server.am.ActivityManagerService.registerReceiver(android.app.IApplicationThread, java.lang.String, android.content.IIntentReceiver, android.content.IntentFilter, java.lang.String, int, int),-,14450,int com.android.server.am.ActivityManagerService.bindIsolatedService(android.app.IApplicationThread, android.os.IBinder, android.content.Intent, java.lang.String, android.app.IServiceConnection, int, java.lang.String, java.lang.String, int),2]
10-13 21:36:31.158 I/dvm_lock_sample( 1594): [system_server,0,Binder:1594_16,10,ActivityTaskManagerService.java,7377,com.android.server.wm.WindowProcessController com.android.server.wm.ActivityTaskManagerService$LocalService.getTopApp(),-,1755,void com.android.server.wm.ActivityTaskManagerService.activityPaused(android.os.IBinder),2]
10-13 21:36:32.769 I/dvm_lock_sample( 1594): [system_server,1,Binder:1594_1A,17,ActivityTaskManagerService.java,4726,int com.android.server.wm.ActivityTaskManagerService.getLastResumedActivityUserId(),WindowSurfacePlacer.java,61,void com.android.server.wm.WindowSurfacePlacer.lambda$new$0$WindowSurfacePlacer(),3]
10-13 21:37:21.934 I/dvm_lock_sample( 1594): [system_server,1,android.ui,11,ActivityManagerService.java,3432,void com.android.server.am.ActivityManagerService.dispatchUidsChanged(),-,16095,void com.android.server.am.ActivityManagerService.finishReceiver(android.os.IBinder, int, java.lang.String, android.os.Bundle, boolean, int),2]
10-13 21:41:31.611 I/sysui_multi_action( 1594): [757,147,758,4,759,1,806,com.idealinspecao.perueiroapp]
10-13 21:41:31.985 I/am_create_activity( 1594): [0,188288596,1355,com.idealinspecao.perueiroapp/.MainActivity,NULL,NULL,NULL,268435456]
10-13 21:41:32.022 I/dvm_lock_sample( 1594): [system_server,1,Binder:1594_C,77,ActivityTaskManagerService.java,6715,android.content.res.CompatibilityInfo com.android.server.wm.ActivityTaskManagerService$LocalService.compatibilityInfoForPackage(android.content.pm.ApplicationInfo),ActivityStarter.java,1313,int com.android.server.wm.ActivityStarter.startActivityMayWait(android.app.IApplicationThread, int, java.lang.String, int, int, android.content.Intent, java.lang.String, android.service.voice.IVoiceInteractionSession, com.android.internal.app.IVoiceInteractor, android.os.IBinder, java.lang.String, int, int, android.app.ProfilerInfo, android.app.WaitResult, android.content.res.Configuration, com.android.server.wm.SafeActivityOptions, boolean, int, com.android.server.wm.TaskRecord, java.lang.String, boolean, com.android.server.am.PendingIntentRecord, boolean),15]
10-13 21:41:32.083 I/am_proc_start( 1594): [0,27856,11370,com.idealinspecao.perueiroapp,activity,{com.idealinspecao.perueiroapp/com.idealinspecao.perueiroapp.MainActivity}]
10-13 21:41:32.280 I/am_proc_bound( 1594): [0,27856,com.idealinspecao.perueiroapp]
10-13 21:41:32.292 I/am_restart_activity( 1594): [0,188288596,1355,com.idealinspecao.perueiroapp/.MainActivity,27856]
10-13 21:41:32.298 I/am_set_resumed_activity( 1594): [0,com.idealinspecao.perueiroapp/.MainActivity,minimalResumeActivityLocked]
10-13 21:41:32.315 I/dvm_lock_sample( 1594): [system_server,1,android.anim,11,InputMonitor.java,120,void com.android.server.wm.InputMonitor$1.run(),ActivityTaskManagerService.java,7052,boolean com.android.server.wm.ActivityTaskManagerService$LocalService.attachApplication(com.android.server.wm.WindowProcessController),2]
10-13 21:41:32.334 I/dvm_lock_sample( 1594): [system_server,1,android.display,52,ActivityManagerService.java,18863,void com.android.server.am.ActivityManagerService$LocalService.startProcess(java.lang.String, android.content.pm.ApplicationInfo, boolean, java.lang.String, android.content.ComponentName, java.lang.String),-,5395,void com.android.server.am.ActivityManagerService.attachApplication(android.app.IApplicationThread, long),10]
10-13 21:41:32.334 I/dvm_lock_sample( 1594): [system_server,0,miui.fg,32,ActivityManagerService.java,5955,boolean com.android.server.am.ActivityManagerService.isAppBad(android.content.pm.ApplicationInfo),-,5395,void com.android.server.am.ActivityManagerService.attachApplication(android.app.IApplicationThread, long),6]
10-13 21:41:33.101 I/notification_cancel_all( 1594): [1000,1594,com.idealinspecao.perueiroapp,0,0,0,5,NULL]
10-13 21:41:33.164 I/dvm_lock_sample( 1594): [system_server,0,Binder:1594_1,20,ActivityManagerService.java,14494,void com.android.server.am.ActivityManagerService.serviceDoneExecuting(android.os.IBinder, int, int, int),-,14450,int com.android.server.am.ActivityManagerService.bindIsolatedService(android.app.IApplicationThread, android.os.IBinder, android.content.Intent, java.lang.String, android.app.IServiceConnection, int, java.lang.String, java.lang.String, int),4]
10-13 21:41:33.861 I/dvm_lock_sample( 1594): [system_server,1,ActivityManager,78,PackageManagerService.java,25144,boolean com.android.server.pm.PackageManagerService$PackageManagerInternalImpl.isPermissionsReviewRequired(java.lang.String, int),-,8752,android.content.pm.ParceledListSlice com.android.server.pm.PackageManagerService.getInstalledPackages(int, int),15]
10-13 21:41:34.375 I/dvm_lock_sample( 1594): [system_server,1,Binder:1594_B,118,ActivityManagerService.java,14450,int com.android.server.am.ActivityManagerService.bindIsolatedService(android.app.IApplicationThread, android.os.IBinder, android.content.Intent, java.lang.String, android.app.IServiceConnection, int, java.lang.String, java.lang.String, int),-,5395,void com.android.server.am.ActivityManagerService.attachApplication(android.app.IApplicationThread, long),23]
10-13 21:41:34.418 I/dvm_lock_sample( 1594): [system_server,1,Binder:1594_17,37,ActivityManagerService.java,14791,android.content.Intent com.android.server.am.ActivityManagerService.registerReceiver(android.app.IApplicationThread, java.lang.String, android.content.IIntentReceiver, android.content.IntentFilter, java.lang.String, int, int),-,14450,int com.android.server.am.ActivityManagerService.bindIsolatedService(android.app.IApplicationThread, android.os.IBinder, android.content.Intent, java.lang.String, android.app.IServiceConnection, int, java.lang.String, java.lang.String, int),7]
10-13 21:41:34.419 I/dvm_lock_sample( 1594): [system_server,1,Binder:1594_D,9,ActivityManagerService.java,8605,boolean com.android.server.am.ActivityManagerService.isUidActive(int, java.lang.String),-,10031,java.util.List com.android.server.am.ActivityManagerService.getRunningAppProcesses(),1]
10-13 21:41:36.621 I/dvm_lock_sample( 1594): [system_server,1,Binder:1594_18,7,ActivityManagerService.java,14791,android.content.Intent com.android.server.am.ActivityManagerService.registerReceiver(android.app.IApplicationThread, java.lang.String, android.content.IIntentReceiver, android.content.IntentFilter, java.lang.String, int, int),ActiveServices.java,2189,void com.android.server.am.ActiveServices$ServiceRestarter.run(),1]
10-13 21:41:36.696 I/dvm_lock_sample( 1594): [system_server,1,Binder:1594_12,23,ActivityManagerService.java,6752,java.lang.String com.android.server.am.ActivityManagerService.checkContentProviderAccess(java.lang.String, int),-,14450,int com.android.server.am.ActivityManagerService.bindIsolatedService(android.app.IApplicationThread, android.os.IBinder, android.content.Intent, java.lang.String, android.app.IServiceConnection, int, java.lang.String, java.lang.String, int),4]
10-13 21:41:37.689 I/am_lifecycle_sample(27856): [0,com.idealinspecao.perueiroapp,110,5364]
10-13 21:41:37.927 I/dvm_lock_sample( 1594): [system_server,1,Binder:1594_10,17,ActivityManagerService.java,14474,void com.android.server.am.ActivityManagerService.publishService(android.os.IBinder, android.content.Intent, android.os.IBinder),-,1537,void com.android.server.am.ActivityManagerService$AppDeathRecipient.binderDied(),3]
10-13 21:41:38.191 I/am_on_create_called(27856): [0,com.idealinspecao.perueiroapp.MainActivity,performCreate,228]
10-13 21:41:38.210 I/am_on_start_called(27856): [0,com.idealinspecao.perueiroapp.MainActivity,handleStartActivity,0]
10-13 21:41:38.216 I/am_on_resume_called(27856): [0,com.idealinspecao.perueiroapp.MainActivity,RESUME_ACTIVITY,2]
10-13 21:41:38.278 I/am_on_top_resumed_gained_called(27856): [0,com.idealinspecao.perueiroapp.MainActivity,topStateChangedWhenResumed]
10-13 21:41:39.166 I/am_pss  ( 1594): [27856,11370,com.idealinspecao.perueiroapp,79930368,75235328,214016,156082176,1,2,11]
10-13 21:41:40.932 I/sysui_multi_action( 1594): [319,414,321,315,322,9016,325,763162,757,761,758,7,759,1,806,com.idealinspecao.perueiroapp,871,com.idealinspecao.perueiroapp.MainActivity,904,com.android.shell,905,0,945,366,1320,12,1321,1]
10-13 21:41:40.935 I/am_activity_launch_time( 1594): [0,188288596,com.idealinspecao.perueiroapp/.MainActivity,9016]
10-13 21:41:47.494 I/dvm_lock_sample( 1594): [system_server,1,android.ui,5,ActivityManagerService.java,3378,void com.android.server.am.ActivityManagerService.dispatchUidsChanged(),-,1537,void com.android.server.am.ActivityManagerService$AppDeathRecipient.binderDied(),1]
10-13 21:41:48.758 I/am_pss  ( 1594): [27856,11370,com.idealinspecao.perueiroapp,129992704,120877056,200704,220364800,0,2,17]
10-13 21:42:24.031 I/dvm_lock_sample( 1594): [system_server,1,Binder:1594_9,17,ActivityManagerService.java,8605,boolean com.android.server.am.ActivityManagerService.isUidActive(int, java.lang.String),-,14450,int com.android.server.am.ActivityManagerService.bindIsolatedService(android.app.IApplicationThread, android.os.IBinder, android.content.Intent, java.lang.String, android.app.IServiceConnection, int, java.lang.String, java.lang.String, int),3]
10-13 21:42:49.253 I/am_pss  ( 1594): [27856,11370,com.idealinspecao.perueiroapp,131479552,121696256,193536,223944704,0,2,20]
10-13 21:42:55.723 I/dvm_lock_sample( 1594): [system_server,0,Binder:1594_1E,5,ActivityManagerService.java,14494,void com.android.server.am.ActivityManagerService.serviceDoneExecuting(android.os.IBinder, int, int, int),-,14463,boolean com.android.server.am.ActivityManagerService.unbindService(android.app.IServiceConnection),1]
10-13 21:44:26.540 I/am_pss  ( 1594): [27856,11370,com.idealinspecao.perueiroapp,143281152,133050368,187392,236900352,0,2,22]
10-13 21:44:41.884 I/am_on_top_resumed_lost_called(27856): [0,com.idealinspecao.perueiroapp.MainActivity,topStateChangedWhenResumed]
10-13 21:44:41.887 I/am_pause_activity( 1594): [27856,188288596,com.idealinspecao.perueiroapp/.MainActivity,userLeaving=true]
10-13 21:44:41.889 I/am_add_to_stopping( 1594): [0,188288596,com.idealinspecao.perueiroapp/.MainActivity,makeInvisible]
10-13 21:44:41.900 I/am_on_paused_called(27856): [0,com.idealinspecao.perueiroapp.MainActivity,performPause,0]
10-13 21:44:42.322 I/am_stop_activity( 1594): [0,188288596,com.idealinspecao.perueiroapp/.MainActivity]
10-13 21:44:42.354 I/am_on_stop_called(27856): [0,com.idealinspecao.perueiroapp.MainActivity,STOP_ACTIVITY_ITEM,0]
10-13 21:44:44.731 W/system_server( 1594): Long monitor contention with owner Binder:1594_16 (3493) at void com.android.server.am.ActivityManagerService$AppDeathRecipient.binderDied()(ActivityManagerService.java:1537) waiters=7 in void com.android.server.am.ActivityManagerService$AppDeathRecipient.binderDied() for 121ms
10-13 21:44:44.732 I/dvm_lock_sample( 1594): [system_server,1,Binder:1594_10,121,ActivityManagerService.java,1537,void com.android.server.am.ActivityManagerService$AppDeathRecipient.binderDied(),-,1537,void com.android.server.am.ActivityManagerService$AppDeathRecipient.binderDied(),24]
10-13 21:44:44.740 W/system_server( 1594): Long monitor contention with owner Binder:1594_16 (3493) at void com.android.server.am.ActivityManagerService$AppDeathRecipient.binderDied()(ActivityManagerService.java:1537) waiters=8 in void com.android.server.am.ActivityManagerService$AppDeathRecipient.binderDied() for 127ms
10-13 21:44:44.740 I/dvm_lock_sample( 1594): [system_server,1,Binder:1594_1B,127,ActivityManagerService.java,1537,void com.android.server.am.ActivityManagerService$AppDeathRecipient.binderDied(),-,1537,void com.android.server.am.ActivityManagerService$AppDeathRecipient.binderDied(),25]
10-13 21:44:44.747 W/system_server( 1594): Long monitor contention with owner Binder:1594_3 (2059) at void com.android.server.am.ActivityManagerService$AppDeathRecipient.binderDied()(ActivityManagerService.java:1537) waiters=7 in void com.android.server.am.ActivityManagerService.dispatchUidsChanged() for 133ms
10-13 21:44:44.748 I/dvm_lock_sample( 1594): [system_server,1,android.ui,133,ActivityManagerService.java,3432,void com.android.server.am.ActivityManagerService.dispatchUidsChanged(),-,1537,void com.android.server.am.ActivityManagerService$AppDeathRecipient.binderDied(),26]
10-13 21:44:44.748 W/system_server( 1594): Long monitor contention with owner Binder:1594_3 (2059) at void com.android.server.am.ActivityManagerService$AppDeathRecipient.binderDied()(ActivityManagerService.java:1537) waiters=8 in void com.android.server.am.ActivityManagerService$AppDeathRecipient.binderDied() for 132ms
10-13 21:44:44.748 I/dvm_lock_sample( 1594): [system_server,1,Binder:1594_E,132,ActivityManagerService.java,1537,void com.android.server.am.ActivityManagerService$AppDeathRecipient.binderDied(),-,1537,void com.android.server.am.ActivityManagerService$AppDeathRecipient.binderDied(),26]
10-13 21:44:44.764 W/system_server( 1594): Long monitor contention with owner ActivityManager:procStart (1652) at void com.android.server.am.ProcessList.lambda$startProcessLocked$0$ProcessList(com.android.server.am.ProcessRecord, java.lang.String, int[], int, int, java.lang.String, java.lang.String, java.lang.String, long)(ProcessList.java:1687) waiters=10 in void com.android.server.am.ActivityManagerService$AppDeathRecipient.binderDied() for 138ms
10-13 21:44:44.765 I/dvm_lock_sample( 1594): [system_server,1,Binder:1594_20,138,ActivityManagerService.java,1537,void com.android.server.am.ActivityManagerService$AppDeathRecipient.binderDied(),ProcessList.java,1687,void com.android.server.am.ProcessList.lambda$startProcessLocked$0$ProcessList(com.android.server.am.ProcessRecord, java.lang.String, int[], int, int, java.lang.String, java.lang.String, java.lang.String, long),27]
10-13 21:44:44.777 W/system_server( 1594): Long monitor contention with owner Binder:1594_14 (3484) at void com.android.server.am.ActivityManagerService$AppDeathRecipient.binderDied()(ActivityManagerService.java:1537) waiters=12 in void com.android.server.am.ActivityManagerService$AppDeathRecipient.binderDied() for 147ms
10-13 21:44:44.777 I/dvm_lock_sample( 1594): [system_server,1,Binder:1594_1C,147,ActivityManagerService.java,1537,void com.android.server.am.ActivityManagerService$AppDeathRecipient.binderDied(),-,1537,void com.android.server.am.ActivityManagerService$AppDeathRecipient.binderDied(),29]
10-13 21:44:44.811 W/ActivityManager( 1594): Sending non-protected broadcast android.intent.action.APPLICATION_MESSAGE_UPDATE from system 2131:com.android.systemui/1000 pkg com.android.systemui. Callers=
10-13 21:44:44.937 I/am_set_resumed_activity( 1594): [0,com.idealinspecao.perueiroapp/.MainActivity,moveTaskToFront findTaskToMoveToFront]
10-13 21:44:44.967 I/am_set_resumed_activity( 1594): [0,com.idealinspecao.perueiroapp/.MainActivity,resumeTopActivityInnerLocked]
10-13 21:44:44.968 I/am_resume_activity( 1594): [0,188288596,1355,com.idealinspecao.perueiroapp/.MainActivity,27856]
10-13 21:44:44.972 D/PerfEngineController(29299): ForegroundInfo{mForegroundPackageName='com.idealinspecao.perueiroapp', mForegroundUid=11370, mForegroundPid=27856, mLastForegroundPackageName='com.android.systemui', mLastForegroundUid=1000, mLastForegroundPid=2131, mMultiWindowForegroundPackageName='null', mMultiWindowForegroundUid=-1, mFlags=0}
10-13 21:44:44.972 I/GST     (10006): forePkg: com.idealinspecao.perueiroapp, preForePkg: com.android.systemui
10-13 21:44:44.972 D/AutoInstallService(29254): onForegroundInfoChanged: com.idealinspecao.perueiroapp
10-13 21:44:44.972 I/ProcessMonitor(13735): onForegroundInfoChanged: ForegroundInfo{mForegroundPackageName='com.idealinspecao.perueiroapp', mForegroundUid=11370, mForegroundPid=27856, mLastForegroundPackageName='com.android.systemui', mLastForegroundUid=1000, mLastForegroundPid=2131, mMultiWindowForegroundPackageName='null', mMultiWindowForegroundUid=-1, mFlags=0}
10-13 21:44:44.992 I/am_on_restart_called(27856): [0,com.idealinspecao.perueiroapp.MainActivity,performRestartActivity,0]
10-13 21:44:44.994 I/am_on_start_called(27856): [0,com.idealinspecao.perueiroapp.MainActivity,handleStartActivity,0]
10-13 21:44:44.997 I/am_on_resume_called(27856): [0,com.idealinspecao.perueiroapp.MainActivity,RESUME_ACTIVITY,1]
10-13 21:44:44.998 I/am_on_top_resumed_gained_called(27856): [0,com.idealinspecao.perueiroapp.MainActivity,topWhenResuming]
10-13 21:44:45.062 I/sysui_multi_action( 1594): [319,74,321,35,322,125,325,763355,757,761,758,9,759,4,806,com.idealinspecao.perueiroapp,871,com.idealinspecao.perueiroapp.MainActivity,904,com.android.shell,905,0,1320,12,1321,1]
10-13 21:44:45.070 I/GoogleInputMethodService(15542): GoogleInputMethodService.onStartInput():1346 onStartInput(EditorInfo{EditorInfo{packageName=com.idealinspecao.perueiroapp, inputType=0, inputTypeString=NULL, enableLearning=false, autoCorrection=false, autoComplete=false, imeOptions=0, privateImeOptions=null, actionName=UNSPECIFIED, actionLabel=null, initialSelStart=-1, initialSelEnd=-1, initialCapsMode=0, label=null, fieldId=-1, fieldName=null, extras=null, hintText=null, hintLocales=[]}}, false)
10-13 21:44:46.485 D/RecentsImpl( 2131): startRecentsActivity runningTask: ComponentInfo{com.idealinspecao.perueiroapp/com.idealinspecao.perueiroapp.MainActivity}
10-13 21:44:46.540 I/am_on_top_resumed_lost_called(27856): [0,com.idealinspecao.perueiroapp.MainActivity,topStateChangedWhenResumed]
10-13 21:44:46.544 I/am_pause_activity( 1594): [27856,188288596,com.idealinspecao.perueiroapp/.MainActivity,userLeaving=true]
10-13 21:44:46.546 I/am_add_to_stopping( 1594): [0,188288596,com.idealinspecao.perueiroapp/.MainActivity,makeInvisible]
10-13 21:44:46.547 D/PerfEngineController(29299): ForegroundInfo{mForegroundPackageName='com.android.systemui', mForegroundUid=1000, mForegroundPid=2131, mLastForegroundPackageName='com.idealinspecao.perueiroapp', mLastForegroundUid=11370, mLastForegroundPid=27856, mMultiWindowForegroundPackageName='null', mMultiWindowForegroundUid=-1, mFlags=0}
10-13 21:44:46.547 I/GST     (10006): forePkg: com.android.systemui, preForePkg: com.idealinspecao.perueiroapp
10-13 21:44:46.547 I/ProcessMonitor(13735): onForegroundInfoChanged: ForegroundInfo{mForegroundPackageName='com.android.systemui', mForegroundUid=1000, mForegroundPid=2131, mLastForegroundPackageName='com.idealinspecao.perueiroapp', mLastForegroundUid=11370, mLastForegroundPid=27856, mMultiWindowForegroundPackageName='null', mMultiWindowForegroundUid=-1, mFlags=0}
10-13 21:44:46.553 I/am_on_paused_called(27856): [0,com.idealinspecao.perueiroapp.MainActivity,performPause,0]
10-13 21:44:46.939 I/am_stop_activity( 1594): [0,188288596,com.idealinspecao.perueiroapp/.MainActivity]
10-13 21:44:46.979 I/am_on_stop_called(27856): [0,com.idealinspecao.perueiroapp.MainActivity,STOP_ACTIVITY_ITEM,0]
10-13 21:44:47.560 I/sysui_multi_action( 2131): [757,289,758,4,806,ComponentInfo{com.idealinspecao.perueiroapp/com.idealinspecao.perueiroapp.MainActivity}]
10-13 21:44:47.562 I/am_finish_activity( 1594): [27856,188288596,1355,com.idealinspecao.perueiroapp/.MainActivity,remove-task]
10-13 21:44:47.562 I/am_destroy_activity( 1594): [27856,188288596,1355,com.idealinspecao.perueiroapp/.MainActivity,finish-imm:finishActivityLocked]
10-13 21:44:47.568 D/WindowProcessUtils( 1594): remove task: TaskRecord{502d307 #1355 A=com.idealinspecao.perueiroapp U=0 StackId=590 sz=1}
10-13 21:44:47.609 I/am_on_destroy_called(27856): [0,com.idealinspecao.perueiroapp.MainActivity,performDestroy,0]
10-13 21:44:47.654 I/am_kill ( 1594): [0,27856,com.idealinspecao.perueiroapp,905,SwipeUpClean]
10-13 21:44:47.769 D/Launcher.ShortcutInfo( 2404): onAddToDatabase, this=ShortcutInfo, id=1312, itemType=0, user=UserHandle{0}, mIconType=0, pkgName=com.idealinspecao.perueiroapp, className=com.idealinspecao.perueiroapp.MainActivity, screenId=2, container=-100, cellX=4, cellY=4, spanX=1, spanY=1, isLandscapePos=false
10-13 21:44:47.769 D/Launcher.Model( 2404): updateItemInDatabase, item=ShortcutInfo, id=1312, itemType=0, user=UserHandle{0}, mIconType=0, pkgName=com.idealinspecao.perueiroapp, className=com.idealinspecao.perueiroapp.MainActivity, screenId=2, container=-100, cellX=4, cellY=4, spanX=1, spanY=1, isLandscapePos=false
10-13 21:44:47.770 D/Launcher( 2404): com.idealinspecao.perueiroapp, has been opened, remove its new installed indicator
10-13 21:44:47.784 I/am_proc_died( 1594): [0,27856,com.idealinspecao.perueiroapp,905,20]
10-13 21:47:37.838 W/ActivityManager( 1594): Sending non-protected broadcast miui.intent.action.KEYCODE_EXTERNAL from system 1594:system/1000 pkg android. Callers=com.android.server.am.ActivityManagerService.broadcastIntentLocked:15855 com.android.server.am.ActivityManagerService.broadcastIntentLocked:15209 com.android.server.am.ActivityManagerService.broadcastIntent:15998 android.app.ContextImpl.sendBroadcastAsUser:1234 com.android.server.policy.BaseMiuiPhoneWindowManager$13.run:2362 
10-13 21:47:37.964 W/ActivityManager( 1594): Sending non-protected broadcast android.intent.action.KEYCODE_POWER_UP from system 1594:system/1000 pkg android. Callers=com.android.server.am.ActivityManagerService.broadcastIntentLocked:15855 com.android.server.am.ActivityManagerService.broadcastIntentLocked:15209 com.android.server.am.ActivityManagerService.broadcastIntent:15998 android.app.ContextImpl.sendBroadcastAsUser:1234 com.android.server.policy.BaseMiuiPhoneWindowManager$13.run:2362 
10-13 21:47:39.128 I/dvm_lock_sample( 1594): [system_server,0,Binder:1594_1C,10,ActivityManagerService.java,16095,void com.android.server.am.ActivityManagerService.finishReceiver(android.os.IBinder, int, java.lang.String, android.os.Bundle, boolean, int),-,18684,android.content.ComponentName com.android.server.am.ActivityManagerService$LocalService.startServiceInPackage(int, android.content.Intent, java.lang.String, boolean, java.lang.String, int, boolean),2]
10-13 21:48:09.091 W/PowerKeeper-ReflectionUtils(29299): failed to callStaticMethod class com.miui.whetstone.WhetstoneActivityManager.enableMiuiStandby
10-13 21:48:09.091 W/PowerKeeper-ReflectionUtils(29299): java.lang.NoSuchMethodException: com.miui.whetstone.WhetstoneActivityManager.enableMiuiStandby [boolean]
10-13 21:53:29.213 I/PackageManager.DexOptimizer( 1594): Running dexopt (dexoptNeeded=1) on: /data/app/com.idealinspecao.perueiroapp-qNEcjT7W90wdnRUOfciUFw==/base.apk pkg=com.idealinspecao.perueiroapp isa=arm64 dexoptFlags=boot_complete,debuggable,public,idle_background_job,enable_hidden_api_checks targetFilter=quicken oatDir=/data/app/com.idealinspecao.perueiroapp-qNEcjT7W90wdnRUOfciUFw==/oat classLoaderContext=PCL[]
10-13 21:53:29.215 V/installd(  818): DexInv: --- BEGIN '/data/app/com.idealinspecao.perueiroapp-qNEcjT7W90wdnRUOfciUFw==/base.apk' ---
10-13 21:53:29.271 I/dex2oat (31180): /apex/com.android.runtime/bin/dex2oat --input-vdex-fd=-1 --output-vdex-fd=11 --resolve-startup-const-strings=true --max-image-block-size=524288 --compiler-filter=quicken -j4 --debuggable --classpath-dir=/data/app/com.idealinspecao.perueiroapp-qNEcjT7W90wdnRUOfciUFw== --class-loader-context=PCL[] --generate-mini-debug-info --compilation-reason=bg-dexopt
10-13 21:53:46.471 V/installd(  818): DexInv: --- END '/data/app/com.idealinspecao.perueiroapp-qNEcjT7W90wdnRUOfciUFw==/base.apk' (success) ---
10-13 21:55:24.238 I/BackgroundDexOptService( 1594): Pinning optimized code {com.android.vending, com.otimiza.samplelivenessapp.xamarin, com.miui.cleaner, com.google.android.webview, com.idealinspecao.perueiroapp, com.android.chrome, com.google.android.tts, com.mi.android.globalFileexplorer, com.google.android.apps.photos, com.mi.android.globalminusscreen, com.xiaomi.calendar}
10-13 21:56:17.526 I/dvm_lock_sample( 1594): [system_server,1,Binder:1594_A,10,ActivityManagerService.java,5955,boolean com.android.server.am.ActivityManagerService.isAppBad(android.content.pm.ApplicationInfo),-,14450,int com.android.server.am.ActivityManagerService.bindIsolatedService(android.app.IApplicationThread, android.os.IBinder, android.content.Intent, java.lang.String, android.app.IServiceConnection, int, java.lang.String, java.lang.String, int),2]
10-13 21:56:19.327 I/dvm_lock_sample( 1594): [system_server,1,Binder:1594_19,18,ActivityManagerService.java,14474,void com.android.server.am.ActivityManagerService.publishService(android.os.IBinder, android.content.Intent, android.os.IBinder),-,14450,int com.android.server.am.ActivityManagerService.bindIsolatedService(android.app.IApplicationThread, android.os.IBinder, android.content.Intent, java.lang.String, android.app.IServiceConnection, int, java.lang.String, java.lang.String, int),3]
10-13 21:57:20.739 I/dvm_lock_sample( 1594): [system_server,1,Binder:1594_9,6,ActivityManagerService.java,10076,void com.android.server.am.ActivityManagerService.getMyMemoryState(android.app.ActivityManager$RunningAppProcessInfo),-,14450,int com.android.server.am.ActivityManagerService.bindIsolatedService(android.app.IApplicationThread, android.os.IBinder, android.content.Intent, java.lang.String, android.app.IServiceConnection, int, java.lang.String, java.lang.String, int),1]
10-13 21:57:20.988 I/dvm_lock_sample( 1594): [system_server,1,Binder:1594_C,52,ActivityManagerService.java,14450,int com.android.server.am.ActivityManagerService.bindIsolatedService(android.app.IApplicationThread, android.os.IBinder, android.content.Intent, java.lang.String, android.app.IServiceConnection, int, java.lang.String, java.lang.String, int),-,1537,void com.android.server.am.ActivityManagerService$AppDeathRecipient.binderDied(),10]
10-13 21:57:21.005 I/dvm_lock_sample( 1594): [system_server,1,Binder:1594_F,10,ActivityManagerService.java,10031,java.util.List com.android.server.am.ActivityManagerService.getRunningAppProcesses(),-,14450,int com.android.server.am.ActivityManagerService.bindIsolatedService(android.app.IApplicationThread, android.os.IBinder, android.content.Intent, java.lang.String, android.app.IServiceConnection, int, java.lang.String, java.lang.String, int),2]
10-13 21:57:21.163 I/dvm_lock_sample( 1594): [system_server,1,Binder:1594_1F,8,ActivityManagerService.java,5955,boolean com.android.server.am.ActivityManagerService.isAppBad(android.content.pm.ApplicationInfo),ActiveServices.java,2189,void com.android.server.am.ActiveServices$ServiceRestarter.run(),1]
10-13 22:00:22.615 W/ActivityManager( 1594): Sending non-protected broadcast miui.action.powerkeeper.randomdelay from system uid 1000 pkg com.miui.powerkeeper. Callers=com.android.server.am.ActivityManagerService.broadcastIntentLocked:15855 com.android.server.am.ActivityManagerService.broadcastIntentInPackage:16021 com.android.server.am.ActivityManagerService$LocalService.broadcastIntentInPackage:18667 com.android.server.am.PendingIntentRecord.sendInner:435 com.android.server.am.PendingIntentRecord.sendWithResult:276 
10-13 22:04:26.676 I/dvm_lock_sample( 1594): [system_server,1,Binder:1594_14,12,ActivityManagerService.java,5395,void com.android.server.am.ActivityManagerService.attachApplication(android.app.IApplicationThread, long),-,1537,void com.android.server.am.ActivityManagerService$AppDeathRecipient.binderDied(),2]
10-13 22:04:30.653 W/ActivityManager( 1594): Sending non-protected broadcast action_temp_state_change from system 930:com.miui.powerkeeper/1000 pkg com.miui.powerkeeper. Callers=
10-13 22:04:30.653 W/ActivityManager( 1594): Sending non-protected broadcast action_temp_state_change from system 930:com.miui.powerkeeper/1000 pkg com.miui.powerkeeper. Callers=
10-13 22:04:35.124 I/dvm_lock_sample( 1594): [system_server,0,Binder:1594_17,13,ActivityManagerService.java,14494,void com.android.server.am.ActivityManagerService.serviceDoneExecuting(android.os.IBinder, int, int, int),-,14450,int com.android.server.am.ActivityManagerService.bindIsolatedService(android.app.IApplicationThread, android.os.IBinder, android.content.Intent, java.lang.String, android.app.IServiceConnection, int, java.lang.String, java.lang.String, int),2]
10-13 22:04:36.025 W/PowerKeeper-ReflectionUtils(  930): failed to callStaticMethod class com.miui.whetstone.WhetstoneActivityManager.enableMiuiStandby
10-13 22:04:36.025 W/PowerKeeper-ReflectionUtils(  930): java.lang.NoSuchMethodException: com.miui.whetstone.WhetstoneActivityManager.enableMiuiStandby [boolean]
10-13 22:04:36.240 I/dvm_lock_sample( 1594): [system_server,1,Binder:1594_4,6,ActivityManagerService.java,14285,android.content.ComponentName com.android.server.am.ActivityManagerService.startService(android.app.IApplicationThread, android.content.Intent, java.lang.String, boolean, java.lang.String, int),-,14463,boolean com.android.server.am.ActivityManagerService.unbindService(android.app.IServiceConnection),1]
10-13 22:04:36.846 I/dvm_lock_sample( 1594): [system_server,1,Binder:1594_C,11,ActivityManagerService.java,14285,android.content.ComponentName com.android.server.am.ActivityManagerService.startService(android.app.IApplicationThread, android.content.Intent, java.lang.String, boolean, java.lang.String, int),-,14463,boolean com.android.server.am.ActivityManagerService.unbindService(android.app.IServiceConnection),2]
10-13 22:04:37.185 I/dvm_lock_sample( 1594): [system_server,1,Binder:1594_14,20,ActivityManagerService.java,5963,int com.android.server.am.ActivityManagerService.getUidState(int),-,14488,void com.android.server.am.ActivityManagerService.unbindFinished(android.os.IBinder, android.content.Intent, boolean),4]
10-13 22:04:37.439 I/dvm_lock_sample( 1594): [system_server,1,Binder:1594_1A,7,ActivityManagerService.java,14285,android.content.ComponentName com.android.server.am.ActivityManagerService.startService(android.app.IApplicationThread, android.content.Intent, java.lang.String, boolean, java.lang.String, int),-,14285,android.content.ComponentName com.android.server.am.ActivityManagerService.startService(android.app.IApplicationThread, android.content.Intent, java.lang.String, boolean, java.lang.String, int),1]
10-13 22:04:37.714 I/dvm_lock_sample( 1594): [system_server,1,Binder:1594_3,9,ActivityManagerService.java,14962,void com.android.server.am.ActivityManagerService.unregisterReceiver(android.content.IIntentReceiver),-,14450,int com.android.server.am.ActivityManagerService.bindIsolatedService(android.app.IApplicationThread, android.os.IBinder, android.content.Intent, java.lang.String, android.app.IServiceConnection, int, java.lang.String, java.lang.String, int),1]
10-13 22:04:38.016 I/dvm_lock_sample( 1594): [system_server,0,Binder:1594_3,11,ActivityManagerService.java,14494,void com.android.server.am.ActivityManagerService.serviceDoneExecuting(android.os.IBinder, int, int, int),-,14450,int com.android.server.am.ActivityManagerService.bindIsolatedService(android.app.IApplicationThread, android.os.IBinder, android.content.Intent, java.lang.String, android.app.IServiceConnection, int, java.lang.String, java.lang.String, int),2]
10-13 22:04:38.777 I/dvm_lock_sample( 1594): [system_server,1,Binder:1594_13,11,ActivityManagerService.java,6752,java.lang.String com.android.server.am.ActivityManagerService.checkContentProviderAccess(java.lang.String, int),-,14463,boolean com.android.server.am.ActivityManagerService.unbindService(android.app.IServiceConnection),2]
10-13 22:04:38.791 I/dvm_lock_sample( 1594): [system_server,1,Binder:1594_C,12,ActivityManagerService.java,14962,void com.android.server.am.ActivityManagerService.unregisterReceiver(android.content.IIntentReceiver),-,14450,int com.android.server.am.ActivityManagerService.bindIsolatedService(android.app.IApplicationThread, android.os.IBinder, android.content.Intent, java.lang.String, android.app.IServiceConnection, int, java.lang.String, java.lang.String, int),2]
10-13 22:04:39.022 I/dvm_lock_sample( 1594): [system_server,1,Binder:1594_13,7,ActivityManagerService.java,6752,java.lang.String com.android.server.am.ActivityManagerService.checkContentProviderAccess(java.lang.String, int),-,14463,boolean com.android.server.am.ActivityManagerService.unbindService(android.app.IServiceConnection),1]
10-13 22:04:39.641 I/dvm_lock_sample( 1594): [system_server,1,Binder:1594_13,7,ActivityManagerService.java,6752,java.lang.String com.android.server.am.ActivityManagerService.checkContentProviderAccess(java.lang.String, int),-,14285,android.content.ComponentName com.android.server.am.ActivityManagerService.startService(android.app.IApplicationThread, android.content.Intent, java.lang.String, boolean, java.lang.String, int),1]
10-13 22:04:39.978 I/dvm_lock_sample( 1594): [system_server,0,Binder:1594_A,5,ActivityManagerService.java,14494,void com.android.server.am.ActivityManagerService.serviceDoneExecuting(android.os.IBinder, int, int, int),-,14335,boolean com.android.server.am.ActivityManagerService.stopServiceToken(android.content.ComponentName, android.os.IBinder, int),1]
10-13 22:04:40.090 I/dvm_lock_sample( 1594): [system_server,1,Binder:1594_1A,20,ActivityManagerService.java,14335,boolean com.android.server.am.ActivityManagerService.stopServiceToken(android.content.ComponentName, android.os.IBinder, int),-,14494,void com.android.server.am.ActivityManagerService.serviceDoneExecuting(android.os.IBinder, int, int, int),4]
10-13 22:04:40.631 I/dvm_lock_sample( 1594): [system_server,1,android.ui,15,ActivityManagerService.java,3378,void com.android.server.am.ActivityManagerService.dispatchUidsChanged(),-,14450,int com.android.server.am.ActivityManagerService.bindIsolatedService(android.app.IApplicationThread, android.os.IBinder, android.content.Intent, java.lang.String, android.app.IServiceConnection, int, java.lang.String, java.lang.String, int),3]
10-13 22:04:41.045 I/Backup  (16878): [FreshnessTargetTierChecker] Should back up PackageAndBackupType(packageName=com.idealinspecao.perueiroapp, backupType=BACKUP_AGENT): no previous backup record found.
10-13 22:04:42.716 I/AndroidRuntime( 1596): VM exiting with result code 0, cleanup skipped.
10-13 22:04:43.860 I/AndroidRuntime( 1735): VM exiting with result code 0, cleanup skipped.
10-13 22:04:44.062 I/dvm_lock_sample( 1594): [system_server,1,android.ui,9,ActivityManagerService.java,3378,void com.android.server.am.ActivityManagerService.dispatchUidsChanged(),-,5395,void com.android.server.am.ActivityManagerService.attachApplication(android.app.IApplicationThread, long),1]
10-13 22:04:44.363 I/AndroidRuntime( 1819): VM exiting with result code 0, cleanup skipped.
10-13 22:04:44.774 I/AndroidRuntime( 1903): VM exiting with result code 0, cleanup skipped.
10-13 22:04:47.870 I/dvm_lock_sample( 1594): [system_server,1,Binder:1594_1A,5,ActivityManagerService.java,14791,android.content.Intent com.android.server.am.ActivityManagerService.registerReceiver(android.app.IApplicationThread, java.lang.String, android.content.IIntentReceiver, android.content.IntentFilter, java.lang.String, int, int),-,16095,void com.android.server.am.ActivityManagerService.finishReceiver(android.os.IBinder, int, java.lang.String, android.os.Bundle, boolean, int),1]
10-13 22:04:49.772 I/dvm_lock_sample( 1594): [system_server,1,Binder:1594_11,10,ActivityManagerService.java,7717,boolean com.android.server.am.ActivityManagerService.refContentProvider(android.os.IBinder, int, int),-,14450,int com.android.server.am.ActivityManagerService.bindIsolatedService(android.app.IApplicationThread, android.os.IBinder, android.content.Intent, java.lang.String, android.app.IServiceConnection, int, java.lang.String, java.lang.String, int),2]
10-13 22:04:52.921 I/dvm_lock_sample( 1594): [system_server,1,Binder:1594_6,9,ActivityManagerService.java,14791,android.content.Intent com.android.server.am.ActivityManagerService.registerReceiver(android.app.IApplicationThread, java.lang.String, android.content.IIntentReceiver, android.content.IntentFilter, java.lang.String, int, int),-,14450,int com.android.server.am.ActivityManagerService.bindIsolatedService(android.app.IApplicationThread, android.os.IBinder, android.content.Intent, java.lang.String, android.app.IServiceConnection, int, java.lang.String, java.lang.String, int),1]
10-13 22:04:54.154 I/dvm_lock_sample( 1594): [system_server,0,Binder:1594_1B,14,ActivityManagerService.java,14494,void com.android.server.am.ActivityManagerService.serviceDoneExecuting(android.os.IBinder, int, int, int),-,14450,int com.android.server.am.ActivityManagerService.bindIsolatedService(android.app.IApplicationThread, android.os.IBinder, android.content.Intent, java.lang.String, android.app.IServiceConnection, int, java.lang.String, java.lang.String, int),2]
10-13 22:04:54.301 I/dvm_lock_sample( 1594): [system_server,1,main,5,BroadcastDispatcher.java,186,void com.android.server.am.BroadcastDispatcher$1.broadcastAlarmComplete(int),ActivityManagerService.java,16095,void com.android.server.am.ActivityManagerService.finishReceiver(android.os.IBinder, int, java.lang.String, android.os.Bundle, boolean, int),1]
10-13 22:04:54.793 I/dvm_lock_sample( 1594): [system_server,0,Binder:1594_1B,15,ActivityManagerService.java,14494,void com.android.server.am.ActivityManagerService.serviceDoneExecuting(android.os.IBinder, int, int, int),-,14463,boolean com.android.server.am.ActivityManagerService.unbindService(android.app.IServiceConnection),3]
10-13 22:04:55.319 I/dvm_lock_sample( 1594): [system_server,0,Binder:1594_1F,8,ActivityManagerService.java,7564,void com.android.server.am.ActivityManagerService.removeContentProvider(android.os.IBinder, boolean),-,14463,boolean com.android.server.am.ActivityManagerService.unbindService(android.app.IServiceConnection),1]
10-13 22:04:56.034 I/dvm_lock_sample( 1594): [system_server,1,Binder:1594_6,6,ActivityManagerService.java,14962,void com.android.server.am.ActivityManagerService.unregisterReceiver(android.content.IIntentReceiver),-,14463,boolean com.android.server.am.ActivityManagerService.unbindService(android.app.IServiceConnection),1]
10-13 22:04:56.450 I/dvm_lock_sample( 1594): [system_server,1,Binder:1594_F,5,ActivityManagerService.java,14962,void com.android.server.am.ActivityManagerService.unregisterReceiver(android.content.IIntentReceiver),-,14463,boolean com.android.server.am.ActivityManagerService.unbindService(android.app.IServiceConnection),1]
10-13 22:04:56.532 I/dvm_lock_sample( 1594): [system_server,1,Binder:1594_1F,10,ActivityManagerService.java,14791,android.content.Intent com.android.server.am.ActivityManagerService.registerReceiver(android.app.IApplicationThread, java.lang.String, android.content.IIntentReceiver, android.content.IntentFilter, java.lang.String, int, int),-,14450,int com.android.server.am.ActivityManagerService.bindIsolatedService(android.app.IApplicationThread, android.os.IBinder, android.content.Intent, java.lang.String, android.app.IServiceConnection, int, java.lang.String, java.lang.String, int),2]
10-13 22:04:56.892 I/dvm_lock_sample( 1594): [system_server,0,Binder:1594_6,8,ActivityManagerService.java,14494,void com.android.server.am.ActivityManagerService.serviceDoneExecuting(android.os.IBinder, int, int, int),-,14463,boolean com.android.server.am.ActivityManagerService.unbindService(android.app.IServiceConnection),1]
10-13 22:04:57.922 I/dvm_lock_sample( 1594): [system_server,1,Binder:1594_1F,12,ActivityManagerService.java,8416,boolean com.android.server.am.ActivityManagerService.isUserAMonkey(),-,14463,boolean com.android.server.am.ActivityManagerService.unbindService(android.app.IServiceConnection),2]
