===== SNAPSHOT (pre-run) Tue Feb  3 15:02:17 -03 2026 =====
02-03 14:24:23.233 I/dvm_lock_sample( 1260): [system_server,1,binder:1260_13,14,ActivityManagerService.java,16129,void com.android.server.am.ActivityManagerService.publishService(android.os.IBinder, android.content.Intent, android.os.IBinder),,0,null,2]
02-03 14:24:24.264 I/dvm_lock_sample( 1260): [system_server,0,binder:1260_16,6,ActivityManagerService.java,16149,void com.android.server.am.ActivityManagerService.serviceDoneExecuting(android.os.IBinder, int, int, int),-,16094,int com.android.server.am.ActivityManagerService.bindServiceInstance(android.app.IApplicationThread, android.os.IBinder, android.content.Intent, java.lang.String, android.app.IServiceConnection, long, java.lang.String, boolean, int, java.lang.String, android.app.IApplicationThread, java.lang.String, int),1]
02-03 14:24:24.945 I/dvm_lock_sample( 1260): [system_server,1,binder:1260_1F,6,ActivityManagerService.java,16115,boolean com.android.server.am.ActivityManagerService.unbindService(android.app.IServiceConnection),,0,null,1]
02-03 14:24:26.156 I/dvm_lock_sample( 1260): [system_server,0,binder:1260_20,10,ActivityManagerService.java,16149,void com.android.server.am.ActivityManagerService.serviceDoneExecuting(android.os.IBinder, int, int, int),-,1892,void com.android.server.am.ActivityManagerService$AppDeathRecipient.binderDied(),2]
02-03 14:24:26.576 I/am_wtf  ( 1260): [0,1260,system_server,-1,ActivityManager,Sending non-protected broadcast com.samsung.intent.action.MDE_SUGGESTION_NOTIFY from system 1260:system/1000 pkg android]
02-03 14:24:29.385 I/dvm_lock_sample( 1260): [system_server,1,binder:1260_3,21,ContentProviderHelper.java,196,android.app.ContentProviderHolder com.android.server.am.ContentProviderHelper.getContentProviderImpl(android.app.IApplicationThread, java.lang.String, android.os.IBinder, int, java.lang.String, java.lang.String, boolean, int, int),ActivityManagerService.java,16094,int com.android.server.am.ActivityManagerService.bindServiceInstance(android.app.IApplicationThread, android.os.IBinder, android.content.Intent, java.lang.String, android.app.IServiceConnection, long, java.lang.String, boolean, int, java.lang.String, android.app.IApplicationThread, java.lang.String, int),4]
02-03 14:24:29.387 I/dvm_lock_sample( 1260): [system_server,1,binder:1260_19,22,ActivityManagerService.java,16115,boolean com.android.server.am.ActivityManagerService.unbindService(android.app.IServiceConnection),-,16094,int com.android.server.am.ActivityManagerService.bindServiceInstance(android.app.IApplicationThread, android.os.IBinder, android.content.Intent, java.lang.String, android.app.IServiceConnection, long, java.lang.String, boolean, int, java.lang.String, android.app.IApplicationThread, java.lang.String, int),4]
02-03 14:24:31.144 I/dvm_lock_sample( 1260): [system_server,1,binder:1260_20,37,ActivityManagerService.java,16068,int com.android.server.am.ActivityManagerService.bindServiceInstance(android.app.IApplicationThread, android.os.IBinder, android.content.Intent, java.lang.String, android.app.IServiceConnection, long, java.lang.String, boolean, int, java.lang.String, android.app.IApplicationThread, java.lang.String, int),-,1892,void com.android.server.am.ActivityManagerService$AppDeathRecipient.binderDied(),7]
02-03 14:24:35.093 I/dvm_lock_sample( 1260): [system_server,1,ActivityManager,11,BroadcastQueueModernImpl.java,445,void com.android.server.am.BroadcastQueueModernImpl.updateRunningList(),ActivityManagerService.java,1892,void com.android.server.am.ActivityManagerService$AppDeathRecipient.binderDied(),2]
02-03 14:24:36.056 I/dvm_lock_sample( 1260): [system_server,0,binder:1260_3,23,ActivityManagerService.java,18368,void com.android.server.am.ActivityManagerService.finishReceiver(android.os.IBinder, int, java.lang.String, android.os.Bundle, boolean, int),,0,null,4]
02-03 14:24:36.598 I/am_wtf  ( 1260): [0,1260,system_server,-1,ActivityManager,Sending non-protected broadcast com.samsung.intent.action.RECOG_POCKET_MODE from system 1260:system/1000 pkg android]
02-03 14:24:36.971 I/dvm_lock_sample( 1260): [system_server,0,binder:1260_B,10,ActivityManagerService.java,18368,void com.android.server.am.ActivityManagerService.finishReceiver(android.os.IBinder, int, java.lang.String, android.os.Bundle, boolean, int),ContentProviderHelper.java,1673,void com.android.server.am.ContentProviderHelper.handleProviderRemoval(com.android.server.am.ContentProviderConnection, boolean, boolean),2]
02-03 14:24:40.589 I/dvm_lock_sample( 1260): [system_server,1,ActivityManager,13,BroadcastQueueModernImpl.java,324,boolean com.android.server.am.BroadcastQueueModernImpl.lambda$new$0(android.os.Message),ActivityManagerService.java,19787,void com.android.server.am.ActivityManagerService.trimApplications(boolean, int),2]
02-03 14:25:15.373 I/dvm_lock_sample( 1260): [system_server,1,ActivityManager,14,BroadcastQueueModernImpl.java,324,boolean com.android.server.am.BroadcastQueueModernImpl.lambda$new$0(android.os.Message),ActivityManagerService.java,20756,void com.android.server.am.ActivityManagerService$LocalService.updateDeviceIdleTempAllowlist(int[], int, boolean, long, int, int, java.lang.String, int),2]
02-03 14:25:56.462 I/dvm_lock_sample( 1260): [system_server,1,ActivityManager,10,BroadcastQueueModernImpl.java,324,boolean com.android.server.am.BroadcastQueueModernImpl.lambda$new$0(android.os.Message),ActivityManagerService.java,21083,void com.android.server.am.ActivityManagerService$LocalService.updateOomAdj(int),2]
02-03 14:25:56.538 I/power_partial_wake_state( 1260): [REL,94,ActivityManager-Sleep:android]
02-03 14:25:57.456 I/dvm_lock_sample( 1260): [system_server,1,ActivityManager,18,BroadcastQueueModernImpl.java,324,boolean com.android.server.am.BroadcastQueueModernImpl.lambda$new$0(android.os.Message),ActivityManagerService.java,20756,void com.android.server.am.ActivityManagerService$LocalService.updateDeviceIdleTempAllowlist(int[], int, boolean, long, int, int, java.lang.String, int),3]
02-03 14:26:50.705 I/dvm_lock_sample( 1260): [system_server,1,ActivityManager,6,BroadcastQueueModernImpl.java,324,boolean com.android.server.am.BroadcastQueueModernImpl.lambda$new$0(android.os.Message),ActivityManagerService.java,21761,boolean com.android.server.am.ActivityManagerService$LocalService.isProfileOwner(int),1]
02-03 14:26:54.110 I/dvm_lock_sample( 1260): [system_server,1,binder:1260_9,6,ActivityManagerService.java,18238,int com.android.server.am.ActivityManagerService.broadcastIntentWithFeature(android.app.IApplicationThread, java.lang.String, android.content.Intent, java.lang.String, android.content.IIntentReceiver, int, java.lang.String, android.os.Bundle, java.lang.String[], java.lang.String[], java.lang.String[], int, android.os.Bundle, boolean, boolean, int),-,18380,void com.android.server.am.ActivityManagerService.finishReceiver(android.os.IBinder, int, java.lang.String, android.os.Bundle, boolean, int),1]
02-03 14:27:01.251 I/dvm_lock_sample( 1260): [system_server,0,bgres-controller,12,ActivityManagerService.java,21760,boolean com.android.server.am.ActivityManagerService$LocalService.isProfileOwner(int),-,18380,void com.android.server.am.ActivityManagerService.finishReceiver(android.os.IBinder, int, java.lang.String, android.os.Bundle, boolean, int),2]
02-03 14:27:24.616 I/dvm_lock_sample( 1260): [system_server,1,ActivityManager,8,BroadcastQueueModernImpl.java,324,boolean com.android.server.am.BroadcastQueueModernImpl.lambda$new$0(android.os.Message),ActivityManagerService.java,1892,void com.android.server.am.ActivityManagerService$AppDeathRecipient.binderDied(),1]
02-03 14:27:57.203 I/dvm_lock_sample( 1260): [system_server,1,ActivityManager,20,BroadcastQueueModernImpl.java,445,void com.android.server.am.BroadcastQueueModernImpl.updateRunningList(),,0,null,4]
02-03 14:28:04.248 I/dvm_lock_sample( 1260): [system_server,1,ActivityManager,5,BroadcastQueueModernImpl.java,324,boolean com.android.server.am.BroadcastQueueModernImpl.lambda$new$0(android.os.Message),ProcessList.java,6381,android.util.Pair com.android.server.am.ProcessList.getNumForegroundServices(),1]
02-03 14:28:12.419 I/dvm_lock_sample( 1260): [system_server,1,binder:1260_16,5,ActivityManagerService.java,16115,boolean com.android.server.am.ActivityManagerService.unbindService(android.app.IServiceConnection),-,16155,void com.android.server.am.ActivityManagerService.serviceDoneExecuting(android.os.IBinder, int, int, int),1]
02-03 14:29:41.256 I/am_wtf  ( 1260): [0,1260,system_server,-1,ActivityManager,Background started FGS: Allowed [callingPackage: com.whatsapp.w4b; callingUid: 10358; uidState: SVC ; uidBFSL: n/a; intent: Intent { cmp=com.whatsapp.w4b/com.whatsapp.messaging.service.GcmFGService }; code:PUSH_MESSAGING; tempAllowListReason:<1c1f513 com.google.android.c2dm.intent.RECEIVE/u0,reasonCode:PUSH_MESSAGING,duration:20000,callingUid:10241>; targetSdkVersion:35; callerTargetSdkVersion:35; startForegroundCount:0; bindFromPackage:null: isBindService:false]]
02-03 14:29:47.001 I/dvm_lock_sample( 1260): [system_server,1,ActivityManager,7,BroadcastQueueModernImpl.java,324,boolean com.android.server.am.BroadcastQueueModernImpl.lambda$new$0(android.os.Message),ActivityManagerService.java,16094,int com.android.server.am.ActivityManagerService.bindServiceInstance(android.app.IApplicationThread, android.os.IBinder, android.content.Intent, java.lang.String, android.app.IServiceConnection, long, java.lang.String, boolean, int, java.lang.String, android.app.IApplicationThread, java.lang.String, int),1]
02-03 14:29:53.228 I/dvm_lock_sample( 1260): [system_server,1,ActivityManager:procStart,7,ProcessList.java,2627,void com.android.server.am.ProcessList.lambda$handleProcessStart$1(com.android.server.am.ProcessRecord, java.lang.String, int[], int, int, int, java.lang.String, java.lang.String, java.lang.String, long),ActivityManagerService.java,5919,void com.android.server.am.ActivityManagerService.finishAttachApplicationInner(long, int, int),1]
02-03 14:29:54.068 I/am_wtf  ( 1260): [0,1260,system_server,-1,ActivityManager,Sending non-protected broadcast com.samsung.intent.action.RELEASE_POCKET_MODE from system 1260:system/1000 pkg android]
02-03 14:29:54.584 I/dvm_lock_sample( 1260): [system_server,1,android.ui,21,ActivityManagerService.java,19738,void com.android.server.am.ActivityManagerService.pushTempAllowlist(),BroadcastQueueModernImpl.java,611,void com.android.server.am.BroadcastQueueModernImpl.checkPendingColdStartValidity(),4]
02-03 14:30:00.214 I/dvm_lock_sample( 1260): [system_server,1,binder:1260_E,10,ActivityManagerService.java,16115,boolean com.android.server.am.ActivityManagerService.unbindService(android.app.IServiceConnection),,0,null,2]
02-03 14:30:05.338 I/dvm_lock_sample( 1260): [system_server,0,binder:1260_1F,5,ActivityManagerService.java,16149,void com.android.server.am.ActivityManagerService.serviceDoneExecuting(android.os.IBinder, int, int, int),-,16116,boolean com.android.server.am.ActivityManagerService.unbindService(android.app.IServiceConnection),1]
02-03 14:30:06.567 I/dvm_lock_sample( 1260): [system_server,1,ActivityManager,11,BroadcastQueueModernImpl.java,324,boolean com.android.server.am.BroadcastQueueModernImpl.lambda$new$0(android.os.Message),ActivityManagerService.java,16094,int com.android.server.am.ActivityManagerService.bindServiceInstance(android.app.IApplicationThread, android.os.IBinder, android.content.Intent, java.lang.String, android.app.IServiceConnection, long, java.lang.String, boolean, int, java.lang.String, android.app.IApplicationThread, java.lang.String, int),2]
02-03 14:30:07.354 I/dvm_lock_sample( 1260): [system_server,1,ActivityManager,9,BroadcastQueueModernImpl.java,324,boolean com.android.server.am.BroadcastQueueModernImpl.lambda$new$0(android.os.Message),ActivityManagerService.java,16094,int com.android.server.am.ActivityManagerService.bindServiceInstance(android.app.IApplicationThread, android.os.IBinder, android.content.Intent, java.lang.String, android.app.IServiceConnection, long, java.lang.String, boolean, int, java.lang.String, android.app.IApplicationThread, java.lang.String, int),1]
02-03 14:32:31.093 I/am_wtf  ( 1260): [0,1260,system_server,-1,ActivityManager,Sending non-protected broadcast com.sec.imsservice.action.IMS_REGISTERED from system 2414:com.sec.imsservice/1000 pkg com.sec.imsservice]
02-03 14:33:04.773 I/dvm_lock_sample( 1260): [system_server,0,AlarmManager,6,ActivityManagerService.java,21250,int com.android.server.am.ActivityManagerService$LocalService.broadcastIntentInPackage(android.app.IApplicationThread, java.lang.String, java.lang.String, int, int, int, android.content.Intent, java.lang.String, android.app.IApplicationThread, android.content.IIntentReceiver, int, java.lang.String, android.os.Bundle, java.lang.String, android.os.Bundle, boolean, boolean, int, android.app.BackgroundStartPrivileges, int[]),BroadcastQueueModernImpl.java,611,void com.android.server.am.BroadcastQueueModernImpl.checkPendingColdStartValidity(),1]
02-03 14:33:38.584 I/dvm_lock_sample( 1260): [system_server,1,ActivityManager,5,BroadcastQueueModernImpl.java,324,boolean com.android.server.am.BroadcastQueueModernImpl.lambda$new$0(android.os.Message),ActivityManagerService.java,16116,boolean com.android.server.am.ActivityManagerService.unbindService(android.app.IServiceConnection),1]
02-03 14:35:06.101 I/dvm_lock_sample( 1260): [system_server,1,ActivityManager,5,BroadcastQueueModernImpl.java,324,boolean com.android.server.am.BroadcastQueueModernImpl.lambda$new$0(android.os.Message),ActivityManagerService.java,16116,boolean com.android.server.am.ActivityManagerService.unbindService(android.app.IServiceConnection),1]
02-03 14:42:03.577 I/dvm_lock_sample( 1260): [system_server,1,ActivityManager,15,BroadcastQueueModernImpl.java,324,boolean com.android.server.am.BroadcastQueueModernImpl.lambda$new$0(android.os.Message),,0,null,3]
02-03 14:48:03.597 I/am_wtf  ( 1260): [0,1260,system_server,-1,ActivityManager,Sending non-protected broadcast com.sec.media.action.AUDIOCORE_LOGGING from system 1260:system/1000 pkg android]
02-03 14:48:04.338 I/dvm_lock_sample( 1260): [system_server,1,ActivityManager,22,BroadcastQueueModernImpl.java,324,boolean com.android.server.am.BroadcastQueueModernImpl.lambda$new$0(android.os.Message),,0,null,4]
02-03 14:48:57.585 I/am_wtf  ( 1260): [0,1260,system_server,-1,ActivityManager,Background started FGS: Allowed [callingPackage: com.whatsapp.w4b; callingUid: 10358; uidState: SVC ; uidBFSL: n/a; intent: Intent { cmp=com.whatsapp.w4b/com.whatsapp.messaging.service.GcmFGService }; code:PUSH_MESSAGING; tempAllowListReason:<ecc12e8 com.google.android.c2dm.intent.RECEIVE/u0,reasonCode:PUSH_MESSAGING,duration:20000,callingUid:10241>; targetSdkVersion:35; callerTargetSdkVersion:35; startForegroundCount:0; bindFromPackage:null: isBindService:false]]
02-03 14:49:44.189 I/dvm_lock_sample( 1260): [system_server,0,FreecessHandler,16,ActivityManagerService.java,3920,void com.android.server.am.ActivityManagerService.unpendingScheduleServiceRestart(int, boolean),-,16094,int com.android.server.am.ActivityManagerService.bindServiceInstance(android.app.IApplicationThread, android.os.IBinder, android.content.Intent, java.lang.String, android.app.IServiceConnection, long, java.lang.String, boolean, int, java.lang.String, android.app.IApplicationThread, java.lang.String, int),3]
02-03 14:49:58.562 I/dvm_lock_sample( 1260): [system_server,0,binder:1260_3,16,ActivityManagerService.java,15799,void com.android.server.am.ActivityManagerService.logFgsApiEnd(int, int, int),BroadcastQueueModernImpl.java,611,void com.android.server.am.BroadcastQueueModernImpl.checkPendingColdStartValidity(),3]
02-03 14:49:58.573 I/power_partial_wake_state( 1260): [REL,98,ActivityManager-Sleep:android]
02-03 14:50:04.608 I/am_wtf  ( 1260): [0,1260,system_server,-1,ActivityManager,Sending non-protected broadcast com.samsung.intent.action.RECOG_POCKET_MODE from system 1260:system/1000 pkg android]
02-03 14:50:04.796 I/am_wtf  ( 1260): [0,1260,system_server,-1,ActivityManager,Sending non-protected broadcast com.samsung.intent.action.KSO_SHOW_POPUP from system 1260:system/1000 pkg android]
02-03 14:50:05.389 I/am_wtf  ( 1260): [0,1260,system_server,-1,ActivityManager,Sending non-protected broadcast com.samsung.intent.action.RELEASE_POCKET_MODE from system 1260:system/1000 pkg android]
02-03 14:50:05.389 I/am_wtf  ( 1260): [0,1260,system_server,-1,ActivityManager,Sending non-protected broadcast com.samsung.intent.action.KSO_CLOSE_POPUP from system 1260:system/1000 pkg android]
02-03 14:50:12.780 I/am_wtf  ( 1260): [0,1260,system_server,-1,ActivityManager,Sending non-protected broadcast com.samsung.intent.action.MDE_SUGGESTION_NOTIFY from system 1260:system/1000 pkg android]
02-03 14:50:12.866 I/dvm_lock_sample( 1260): [system_server,1,ActivityManager,23,BroadcastQueueModernImpl.java,324,boolean com.android.server.am.BroadcastQueueModernImpl.lambda$new$0(android.os.Message),ActivityManagerService.java,16116,boolean com.android.server.am.ActivityManagerService.unbindService(android.app.IServiceConnection),4]
02-03 14:50:14.310 I/am_wtf  ( 1260): [0,1260,system_server,-1,ActivityManager,Sending non-protected broadcast com.samsung.intent.action.MDE_SUGGESTION_NOTIFY from system 1260:system/1000 pkg android]
02-03 14:50:37.409 I/am_wtf  ( 1260): [0,1260,system_server,-1,ActivityManager,Sending non-protected broadcast com.samsung.android.wifi.NETWORK_LOCATION from system 1260:system/1000 pkg android]
02-03 14:50:55.474 I/dvm_lock_sample( 1260): [system_server,1,ActivityManager,31,BroadcastQueueModernImpl.java,324,boolean com.android.server.am.BroadcastQueueModernImpl.lambda$new$0(android.os.Message),,0,null,6]
02-03 14:51:02.199 I/am_wtf  ( 1260): [0,1260,system_server,-1,ActivityManager,Sending non-protected broadcast com.sec.imsservice.action.IMS_DEREGISTERED from system 2414:com.sec.imsservice/1000 pkg com.sec.imsservice]
02-03 14:52:25.745 I/dvm_lock_sample( 1260): [system_server,0,android.bg,23,ActivityManagerService.java,18238,int com.android.server.am.ActivityManagerService.broadcastIntentWithFeature(android.app.IApplicationThread, java.lang.String, android.content.Intent, java.lang.String, android.content.IIntentReceiver, int, java.lang.String, android.os.Bundle, java.lang.String[], java.lang.String[], java.lang.String[], int, android.os.Bundle, boolean, boolean, int),,0,null,4]
02-03 14:52:25.905 I/am_wtf  ( 1260): [0,1260,system_server,-1,ActivityManager,Sending non-protected broadcast com.samsung.intent.action.RELEASE_POCKET_MODE from system 1260:system/1000 pkg android]
02-03 14:52:28.150 I/dvm_lock_sample( 1260): [system_server,1,binder:1260_5,9,ActivityTaskManagerService.java,2674,android.app.ActivityTaskManager$RootTaskInfo com.android.server.wm.ActivityTaskManagerService.getFocusedRootTaskInfo(),,0,null,1]
02-03 14:52:41.475 I/dvm_lock_sample( 1260): [system_server,1,ActivityManager,12,BroadcastQueueModernImpl.java,324,boolean com.android.server.am.BroadcastQueueModernImpl.lambda$new$0(android.os.Message),ActivityManagerService.java,19787,void com.android.server.am.ActivityManagerService.trimApplications(boolean, int),2]
02-03 14:53:30.767 I/dvm_lock_sample( 1260): [system_server,1,ActivityManager,17,BroadcastQueueModernImpl.java,445,void com.android.server.am.BroadcastQueueModernImpl.updateRunningList(),ActivityManagerService.java,1892,void com.android.server.am.ActivityManagerService$AppDeathRecipient.binderDied(),3]
02-03 14:53:43.880 I/dvm_lock_sample( 1260): [system_server,1,main,12,ActivityManagerService.java,16115,boolean com.android.server.am.ActivityManagerService.unbindService(android.app.IServiceConnection),-,16094,int com.android.server.am.ActivityManagerService.bindServiceInstance(android.app.IApplicationThread, android.os.IBinder, android.content.Intent, java.lang.String, android.app.IServiceConnection, long, java.lang.String, boolean, int, java.lang.String, android.app.IApplicationThread, java.lang.String, int),2]
02-03 14:53:45.980 I/dvm_lock_sample( 1260): [system_server,1,binder:1260_1A,23,ActivityManagerService.java,16068,int com.android.server.am.ActivityManagerService.bindServiceInstance(android.app.IApplicationThread, android.os.IBinder, android.content.Intent, java.lang.String, android.app.IServiceConnection, long, java.lang.String, boolean, int, java.lang.String, android.app.IApplicationThread, java.lang.String, int),,0,null,4]
02-03 14:53:46.758 I/dvm_lock_sample( 1260): [system_server,1,ActivityManager,40,BroadcastQueueModernImpl.java,324,boolean com.android.server.am.BroadcastQueueModernImpl.lambda$new$0(android.os.Message),,0,null,8]
02-03 14:53:48.006 I/dvm_lock_sample( 1260): [system_server,1,binder:1260_1B,70,ActivityManagerService.java,7136,int com.android.server.am.ActivityManagerService.getUidState(int),OomAdjuster.java,1006,void com.android.server.am.OomAdjuster.performUpdateOomAdjPendingTargetsLocked(int),14]
02-03 14:53:48.010 I/dvm_lock_sample( 1260): [system_server,0,binder:1260_20,80,ActivityManagerService.java,16149,void com.android.server.am.ActivityManagerService.serviceDoneExecuting(android.os.IBinder, int, int, int),,0,null,16]
02-03 14:53:49.657 I/dvm_lock_sample( 1260): [system_server,1,binder:1260_14,7,ContentProviderHelper.java,196,android.app.ContentProviderHolder com.android.server.am.ContentProviderHelper.getContentProviderImpl(android.app.IApplicationThread, java.lang.String, android.os.IBinder, int, java.lang.String, java.lang.String, boolean, int, int),ActivityManagerService.java,1892,void com.android.server.am.ActivityManagerService$AppDeathRecipient.binderDied(),1]
02-03 14:53:49.710 I/dvm_lock_sample( 1260): [system_server,1,ActivityManager,6,BroadcastQueueModernImpl.java,324,boolean com.android.server.am.BroadcastQueueModernImpl.lambda$new$0(android.os.Message),ActivityManagerService.java,16094,int com.android.server.am.ActivityManagerService.bindServiceInstance(android.app.IApplicationThread, android.os.IBinder, android.content.Intent, java.lang.String, android.app.IServiceConnection, long, java.lang.String, boolean, int, java.lang.String, android.app.IApplicationThread, java.lang.String, int),1]
02-03 14:53:51.731 I/dvm_lock_sample( 1260): [system_server,1,ActivityManager,7,BroadcastQueueModernImpl.java,324,boolean com.android.server.am.BroadcastQueueModernImpl.lambda$new$0(android.os.Message),ActivityManagerService.java,16116,boolean com.android.server.am.ActivityManagerService.unbindService(android.app.IServiceConnection),1]
02-03 14:53:53.076 I/dvm_lock_sample( 1260): [system_server,1,binder:1260_5,34,ActivityManagerService.java,16115,boolean com.android.server.am.ActivityManagerService.unbindService(android.app.IServiceConnection),,0,null,6]
02-03 14:54:01.867 I/dvm_lock_sample( 1260): [system_server,1,ActivityManager,15,BroadcastQueueModernImpl.java,324,boolean com.android.server.am.BroadcastQueueModernImpl.lambda$new$0(android.os.Message),,0,null,3]
02-03 14:54:02.583 I/dvm_lock_sample( 1260): [system_server,1,binder:1260_4,10,ActivityManagerService.java,16115,boolean com.android.server.am.ActivityManagerService.unbindService(android.app.IServiceConnection),,0,null,2]
02-03 14:54:04.481 I/dvm_lock_sample( 1260): [system_server,1,ActivityManager,5,BroadcastQueueModernImpl.java,324,boolean com.android.server.am.BroadcastQueueModernImpl.lambda$new$0(android.os.Message),,0,null,1]
02-03 14:54:26.562 I/dvm_lock_sample( 1260): [system_server,1,ActivityManager,6,BroadcastQueueModernImpl.java,324,boolean com.android.server.am.BroadcastQueueModernImpl.lambda$new$0(android.os.Message),ActivityManagerService.java,19787,void com.android.server.am.ActivityManagerService.trimApplications(boolean, int),1]
02-03 14:55:08.887 I/dvm_lock_sample( 1260): [system_server,1,android.anim,7,InputMonitor.java,134,void com.android.server.wm.InputMonitor$UpdateInputWindows.run(),ActivityTaskManagerService.java,1714,android.content.res.Configuration com.android.server.wm.ActivityTaskManagerService.getGlobalConfigurationForPid(int),1]
02-03 14:56:12.737 I/dvm_lock_sample( 1260): [system_server,0,main,7,ActivityManagerService.java,16068,int com.android.server.am.ActivityManagerService.bindServiceInstance(android.app.IApplicationThread, android.os.IBinder, android.content.Intent, java.lang.String, android.app.IServiceConnection, long, java.lang.String, boolean, int, java.lang.String, android.app.IApplicationThread, java.lang.String, int),-,16094,int com.android.server.am.ActivityManagerService.bindServiceInstance(android.app.IApplicationThread, android.os.IBinder, android.content.Intent, java.lang.String, android.app.IServiceConnection, long, java.lang.String, boolean, int, java.lang.String, android.app.IApplicationThread, java.lang.String, int),1]
02-03 14:56:26.709 I/dvm_lock_sample( 1260): [system_server,1,ActivityManager,5,BroadcastQueueModernImpl.java,324,boolean com.android.server.am.BroadcastQueueModernImpl.lambda$new$0(android.os.Message),ActivityManagerService.java,16116,boolean com.android.server.am.ActivityManagerService.unbindService(android.app.IServiceConnection),1]
02-03 14:57:10.386 I/dvm_lock_sample( 1260): [system_server,1,binder:1260_1E,17,ActivityManagerService.java,1890,void com.android.server.am.ActivityManagerService$AppDeathRecipient.binderDied(),,0,null,3]
02-03 14:57:10.404 I/dvm_lock_sample( 1260): [system_server,0,binder:1260_9,26,ActivityManagerService.java,16115,boolean com.android.server.am.ActivityManagerService.unbindService(android.app.IServiceConnection),-,1892,void com.android.server.am.ActivityManagerService$AppDeathRecipient.binderDied(),5]
02-03 14:57:10.406 I/dvm_lock_sample( 1260): [system_server,1,ActivityManager,28,BroadcastQueueModernImpl.java,445,void com.android.server.am.BroadcastQueueModernImpl.updateRunningList(),ActivityManagerService.java,1892,void com.android.server.am.ActivityManagerService$AppDeathRecipient.binderDied(),5]
02-03 14:57:17.226 I/dvm_lock_sample( 1260): [system_server,1,ActivityManager,30,BroadcastQueueModernImpl.java,324,boolean com.android.server.am.BroadcastQueueModernImpl.lambda$new$0(android.os.Message),ActivityManagerService.java,1892,void com.android.server.am.ActivityManagerService$AppDeathRecipient.binderDied(),6]
02-03 14:57:30.347 I/dvm_lock_sample( 1260): [system_server,1,NetworkPolicy.uid,7,ActivityManagerService.java,20841,void com.android.server.am.ActivityManagerService$LocalService.notifyNetworkPolicyRulesUpdated(int, long),OomAdjuster.java,695,boolean com.android.server.am.OomAdjuster.updateOomAdjLocked(com.android.server.am.ProcessRecord, int),1]
02-03 14:58:20.258 I/dvm_lock_sample( 1260): [system_server,1,android.ui,18,ActivityTaskManagerService.java,3233,java.util.List com.android.server.wm.ActivityTaskManagerService.getTasks(int, boolean, boolean, int),,0,null,3]
02-03 15:00:11.603 I/dvm_lock_sample( 1260): [system_server,1,binder:1260_16,16,ContentProviderHelper.java,843,void com.android.server.am.ContentProviderHelper.publishContentProviders(android.app.IApplicationThread, java.util.List),ActivityManagerService.java,5919,void com.android.server.am.ActivityManagerService.finishAttachApplicationInner(long, int, int),3]
02-03 15:00:11.869 I/dvm_lock_sample( 1260): [system_server,1,ActivityManager,7,BroadcastQueueModernImpl.java,324,boolean com.android.server.am.BroadcastQueueModernImpl.lambda$new$0(android.os.Message),ContentProviderHelper.java,755,android.app.ContentProviderHolder com.android.server.am.ContentProviderHelper.getContentProviderImpl(android.app.IApplicationThread, java.lang.String, android.os.IBinder, int, java.lang.String, java.lang.String, boolean, int, int),1]
02-03 15:01:01.960 I/dvm_lock_sample( 1260): [system_server,1,binder:1260_8,19,ActivityManagerService.java,16068,int com.android.server.am.ActivityManagerService.bindServiceInstance(android.app.IApplicationThread, android.os.IBinder, android.content.Intent, java.lang.String, android.app.IServiceConnection, long, java.lang.String, boolean, int, java.lang.String, android.app.IApplicationThread, java.lang.String, int),FreecessController.java,497,boolean com.android.server.am.FreecessController.isPendingIntent(java.lang.String, java.lang.String, int, int, com.android.server.am.ProcessRecord),3]
02-03 15:02:16.112 I/notification_cancel_all( 1260): [1000,1260,com.softwareinc.perueiroapp,0,0,0,5,NULL]
02-03 15:02:16.958 I/wm_create_activity( 1260): [0,21987311,77299,com.softwareinc.perueiroapp/.MainActivity,NULL,NULL,NULL,268435456,startActivityAsUser:com.android.shell:6193]
02-03 15:02:16.975 I/am_proc_start( 1260): [0,6206,11366,com.softwareinc.perueiroapp,next-top-activity,{com.softwareinc.perueiroapp/com.softwareinc.perueiroapp.MainActivity}]
02-03 15:02:17.266 I/am_proc_bound( 1260): [0,6206,com.softwareinc.perueiroapp]
02-03 15:02:17.273 I/wm_restart_activity( 1260): [0,21987311,77299,com.softwareinc.perueiroapp/.MainActivity]
02-03 15:02:17.277 D/InputDispatcher( 1260): Focused application(0): ActivityRecord{14f7fef u0 com.softwareinc.perueiroapp/.MainActivity t77299}
02-03 15:02:17.283 I/wm_set_resumed_activity( 1260): [0,com.softwareinc.perueiroapp/.MainActivity,minimalResumeActivityLocked - onActivityStateChanged]
02-03 15:02:17.299 I/Edge.ActivityUtils( 2450): HomePackage : com.sec.android.app.launcher, resumePackageName : com.softwareinc.perueiroapp
02-03 15:02:17.341 I/AppWidgetDataProvider( 2131):  updatePackageChangeData type  1 , pack type 1  ,  pkg com.softwareinc.perueiroapp
02-03 15:02:17.348 I/AppWidgetDataProvider( 2131):  updatePackageChangeData type  1 , pack type 3  ,  pkg com.softwareinc.perueiroapp
02-03 15:02:17.439 D/MdnieScenarioControlService( 1260):  packageName : com.softwareinc.perueiroapp    className : com.softwareinc.perueiroapp.MainActivity
02-03 15:02:17.461 I/Layer   ( 1078): id=98683 removeFromCurrentState ActivityRecord{14f7fef u0 com.softwareinc.perueiroapp/.MainActivity t77299}#98683 (242)
02-03 15:02:17.461 I/Layer   ( 1078): id=98689 removeFromCurrentState adf25c9 ActivityRecordInputSink com.softwareinc.perueiroapp/.MainActivity#98689 (242)
02-03 15:02:17.461 I/Layer   ( 1078): id=98684 removeFromCurrentState c13f071 Splash Screen com.softwareinc.perueiroapp#98684 (242)
02-03 15:02:17.461 I/Layer   ( 1078): id=98685 removeFromCurrentState Splash Screen com.softwareinc.perueiroapp$_2131#98685 (242)
02-03 15:02:17.462 I/Layer   ( 1078): id=98683 addToCurrentState ActivityRecord{14f7fef u0 com.softwareinc.perueiroapp/.MainActivity t77299}#98683 (242)
02-03 15:02:17.462 I/Layer   ( 1078): id=98689 addToCurrentState adf25c9 ActivityRecordInputSink com.softwareinc.perueiroapp/.MainActivity#98689 (242)
02-03 15:02:17.462 I/Layer   ( 1078): id=98684 addToCurrentState c13f071 Splash Screen com.softwareinc.perueiroapp#98684 (242)
02-03 15:02:17.462 I/Layer   ( 1078): id=98685 addToCurrentState Splash Screen com.softwareinc.perueiroapp$_2131#98685 (242)
02-03 15:02:17.475 D/SurfaceFlinger( 1078):      DEVICE | 0xb400007b5830fbd0 | 0100 | RGBA_8888    |    0.0    0.0 1080.0 2400.0 |    0    0 1080 2400 | Splash Screen com.softwareinc.perueiroapp$_2131#98685
02-03 15:02:17.482 D/SurfaceFlinger( 1078):      DEVICE | 0xb400007b5830fbd0 | 0100 | RGBA_8888    |    0.0    0.0 1080.0 2400.0 |    0    0 1080 2400 | Splash Screen com.softwareinc.perueiroapp$_2131#98685
02-03 15:02:17.633 D/nativeloader( 6206): Configuring clns-4 for other apk /data/app/~~5M9ioKjH-HafYB8d8wgPGA==/com.softwareinc.perueiroapp-1PrHWYvZWAiAQfHgObdccQ==/base.apk. target_sdk_version=34, uses_libraries=, library_path=/data/app/~~5M9ioKjH-HafYB8d8wgPGA==/com.softwareinc.perueiroapp-1PrHWYvZWAiAQfHgObdccQ==/lib/arm64:/data/app/~~5M9ioKjH-HafYB8d8wgPGA==/com.softwareinc.perueiroapp-1PrHWYvZWAiAQfHgObdccQ==/base.apk!/lib/arm64-v8a, permitted_path=/data:/mnt/expand:/data/user/0/com.softwareinc.perueiroapp
02-03 15:02:17.646 V/GraphicsEnvironment( 6206): ANGLE GameManagerService for com.softwareinc.perueiroapp: false
02-03 15:02:17.646 V/GraphicsEnvironment( 6206): com.softwareinc.perueiroapp is not listed in per-application setting
02-03 15:02:17.715 D/PackageManager( 1260): setEnabledSetting : userId = 0 packageName = com.softwareinc.perueiroapp cmp = androidx.work.impl.background.systemjob.SystemJobService newState = 1 callingPackage = com.softwareinc.perueiroapp
02-03 15:02:17.715 D/ApplicationPolicy( 1260): getApplicationStateEnabled : pkg = com.softwareinc.perueiroapp userId : 0
02-03 15:02:17.716 D/ApplicationPolicy( 1260): getApplicationComponentState : pkg = com.softwareinc.perueiroapp userId : 0
02-03 15:02:17.732 I/ActivityManager( 1260): Flag disabled. Ignoring finishAttachApplication from uid: 11366. pid: 6206
02-03 15:02:17.738 E/audit   (  931): type=1400 audit(1770141737.731:560339): avc:  denied  { ioctl } for  pid=6206 comm="WM.task-1" path="/data/data/com.softwareinc.perueiroapp/no_backup/androidx.work.workdb" dev="dm-52" ino=3837513 ioctlcmd=0xf522 scontext=u:r:untrusted_app:s0:c86,c261,c512,c768 tcontext=u:object_r:app_data_file:s0:c86,c261,c512,c768 tclass=file permissive=0 SEPF_SM-G991B_12_0001 audit_filtered
02-03 15:02:17.770 I/wm_on_create_called( 6206): [21987311,com.softwareinc.perueiroapp.MainActivity,performCreate,18]
02-03 15:02:17.772 I/wm_on_start_called( 6206): [21987311,com.softwareinc.perueiroapp.MainActivity,handleStartActivity,0]
02-03 15:02:17.774 I/wm_on_resume_called( 6206): [21987311,com.softwareinc.perueiroapp.MainActivity,RESUME_ACTIVITY,0]
02-03 15:02:17.786 I/SurfaceFlinger( 1078): id=98690 createSurf, flag=84004, 2500348 com.softwareinc.perueiroapp/com.softwareinc.perueiroapp.MainActivity#98690
02-03 15:02:17.788 I/InsetsController( 6206): onStateChanged: host=com.softwareinc.perueiroapp/com.softwareinc.perueiroapp.MainActivity, from=android.view.ViewRootImpl.setView:1753, state=InsetsState: {mDisplayFrame=Rect(0, 0 - 1080, 2400), mDisplayCutout=DisplayCutout{insets=Rect(0, 80 - 0, 0) waterfall=Insets{left=0, top=0, right=0, bottom=0} boundingRect={Bounds=[Rect(0, 0 - 0, 0), Rect(510, 0 - 570, 80), Rect(0, 0 - 0, 0), Rect(0, 0 - 0, 0)]} cutoutPathParserInfo={CutoutPathParserInfo{displayWidth=1080 displayHeight=2400 physicalDisplayWidth=1080 physicalDisplayHeight=2400 density={3.0} cutoutSpec={M 0,0 H -10 V 26.66666666666667 H 10 V 0 H 0 Z @dp} rotation={0} scale={1.0} physicalPixelDisplaySizeRatio={1.0}}}}, mRoundedCorners=RoundedCorners{[RoundedCorner{position=TopLeft, radius=90, center=Point(90, 90)}, RoundedCorner{position=TopRight, radius=90, center=Point(990, 90)}, RoundedCorner{position=BottomRight, radius=90, center=Point(990, 2310)}, RoundedCorner{position=BottomLeft, radius=90, center=Point(90, 2310)}]}  mRoundedCornerFrame=Rect(0, 0 - 1080, 2400), mPrivacyIndicatorBounds=PrivacyIndicatorBounds {static bounds=Rect(948, 0 - 1080, 80) rotation=0}, mDisplayShape=DisplayShape{ spec=-311912193 displayWidth=1080 displayHeight=2400 physicalPixelDisplaySizeRatio=1.0 rotation=0 offsetX=0 offsetY=0 scale=1.0}, mSources= { InsetsSource: {c1150001 mType=navigationBars mFrame=[0,2256][1080,2400] mVisible=true mFlags=[]}, InsetsSource: {c1150004 mType=systemGestures mFrame=[0,0][0,0] mVisible=true mFlags=[]}, InsetsSource: {c1150005 mType=mandatorySystemGestures mFrame=[0,2256][1080,2400] mVisible=true mFlags=[]}, InsetsSource: {c1150006 mType=tappableElement mFrame=[0,2256][1080,2400] mVisible=true mFlags=[]}, InsetsSource: {c1150024 mType=systemGestures mFrame=[0,0][0,0] mVisible=true mFlags=[]}, InsetsSource: {27 mType=displayCutout mFrame=[0,0][1080,80] mVisible=true mFlags=[]}, InsetsSource: {6720000 mType=statusBars mFrame=[0,0][1080,80] mVisible=true mFlags=[]}, InsetsSource: {6720005 mType=mandatorySystemGestures mFrame=[0,0][1080,116] mVisible=true mFlags=[]}, InsetsSource: {6720006 mType=tappableElement mFrame=[0,0][1080,80] mVisible=true mFlags=[]} }
02-03 15:02:17.796 I/wm_on_top_resumed_gained_called( 6206): [21987311,com.softwareinc.perueiroapp.MainActivity,topStateChangedWhenResumed]
02-03 15:02:17.803 I/Layer   ( 1078): Layer [2500348 com.softwareinc.perueiroapp/com.softwareinc.perueiroapp.MainActivity#98690] hidden!! flag(0)
02-03 15:02:17.813 I/ActivityManager( 1260): Killing 2686:com.sec.android.app.myfiles/u0a128 (adj 999): empty #33
02-03 15:02:17.814 D/ActivityManager( 1260): unpendingScheduleServiceRestart: u=10128, drop=true
02-03 15:02:17.847 I/ActivityManager( 1260): Changes in 10069 19 to 5, 0 to 56
02-03 15:02:17.859 I/[SC]ExternalAppInfoReader(28460): load: Can't load package: com.softwareinc.perueiroapp
02-03 15:02:18.036 D/CoreBackPreview( 1260): Window{2500348 u0 com.softwareinc.perueiroapp/com.softwareinc.perueiroapp.MainActivity}: Setting back callback OnBackInvokedCallbackInfo{mCallback=android.window.IOnBackInvokedCallback$Stub$Proxy@4cb1d62, mPriority=0, mIsAnimationCallback=false}
02-03 15:02:18.067 V/WindowManager( 1260): Relayout Window{2500348 u0 com.softwareinc.perueiroapp/com.softwareinc.perueiroapp.MainActivity}: viewVisibility=0 req=1080x2400 ty=1 d0
02-03 15:02:18.067 I/SurfaceFlinger( 1078): id=98691 createSurf, flag=44004, com.softwareinc.perueiroapp/com.softwareinc.perueiroapp.MainActivity$_6206#98691
02-03 15:02:18.068 D/WindowManager( 1260): makeSurface duration=1 name=com.softwareinc.perueiroapp/com.softwareinc.perueiroapp.MainActivity$_6206
02-03 15:02:18.073 V/WindowManager( 1260): Changing focus from null to Window{2500348 u0 com.softwareinc.perueiroapp/com.softwareinc.perueiroapp.MainActivity} displayId=0 Callers=com.android.server.wm.RootWindowContainer.updateFocusedWindowLocked:578 com.android.server.wm.WindowManagerService.updateFocusedWindowLocked:6881 com.android.server.wm.WindowManagerService.relayoutWindow:2755 com.android.server.wm.Session.relayout:282 
02-03 15:02:18.076 D/InsetsSourceProvider( 1260): updateControlForTarget: control=InsetsSourceControl: {6720000 mType=statusBars initiallyVisible mSurfacePosition=Point(0, 0) mInsetsHint=Insets{left=0, top=80, right=0, bottom=0}}, target=Window{2500348 u0 com.softwareinc.perueiroapp/com.softwareinc.perueiroapp.MainActivity}, from=com.android.server.wm.InsetsStateController.onControlTargetChanged:358 com.android.server.wm.InsetsStateController.onBarControlTargetChanged:324 com.android.server.wm.InsetsPolicy.updateBarControlTarget:173 com.android.server.wm.InsetsPolicy.updateSystemBars:805 com.android.server.wm.DisplayPolicy.updateSystemBarsLw:3425 
02-03 15:02:18.077 D/InsetsSourceProvider( 1260): updateControlForTarget: control=InsetsSourceControl: {c1150001 mType=navigationBars initiallyVisible mSurfacePosition=Point(0, 2256) mInsetsHint=Insets{left=0, top=0, right=0, bottom=144}}, target=Window{2500348 u0 com.softwareinc.perueiroapp/com.softwareinc.perueiroapp.MainActivity}, from=com.android.server.wm.InsetsStateController.onControlTargetChanged:358 com.android.server.wm.InsetsStateController.onBarControlTargetChanged:327 com.android.server.wm.InsetsPolicy.updateBarControlTarget:173 com.android.server.wm.InsetsPolicy.updateSystemBars:805 com.android.server.wm.DisplayPolicy.updateSystemBarsLw:3425 
02-03 15:02:18.078 D/WindowManager( 1260): updateSystemBarAttributes: displayId=0, win=Window{2500348 u0 com.softwareinc.perueiroapp/com.softwareinc.perueiroapp.MainActivity}, navColorWin=Window{c13f071 u0 Splash Screen com.softwareinc.perueiroapp}, focusedCanBeNavColorWin=false, behavior=1, appearance=16, statusBarAppearanceRegions=[AppearanceRegion{LIGHT_STATUS_BARS bounds=[0,0][1080,2400]}], requestedVisibilities=-9, from=com.android.server.wm.DisplayPolicy.focusChangedLw:2947 com.android.server.wm.DisplayContent.updateFocusedWindowLocked:4894 com.android.server.wm.RootWindowContainer.updateFocusedWindowLocked:578 
02-03 15:02:18.081 I/input_focus( 1260): [Focus request 2500348 com.softwareinc.perueiroapp/com.softwareinc.perueiroapp.MainActivity,reason=UpdateInputWindows]
02-03 15:02:18.082 D/NavigationBar( 2131): onSystemBarAttributesChanged() -  displayId:0, appearance:16, packageName: com.softwareinc.perueiroapp (APPEARANCE_LIGHT_NAVIGATION_BARS ), navbarColorManagedByIme:false
02-03 15:02:18.084 I/InsetsController( 2131): onStateChanged: host=Splash Screen com.softwareinc.perueiroapp, from=android.view.ViewRootImpl$ViewRootHandler.handleMessageImpl:7209, state=InsetsState: {mDisplayFrame=Rect(0, 0 - 1080, 2400), mDisplayCutout=DisplayCutout{insets=Rect(0, 80 - 0, 0) waterfall=Insets{left=0, top=0, right=0, bottom=0} boundingRect={Bounds=[Rect(0, 0 - 0, 0), Rect(510, 0 - 570, 80), Rect(0, 0 - 0, 0), Rect(0, 0 - 0, 0)]} cutoutPathParserInfo={CutoutPathParserInfo{displayWidth=1080 displayHeight=2400 physicalDisplayWidth=1080 physicalDisplayHeight=2400 density={3.0} cutoutSpec={M 0,0 H -10 V 26.66666666666667 H 10 V 0 H 0 Z @dp} rotation={0} scale={1.0} physicalPixelDisplaySizeRatio={1.0}}}}, mRoundedCorners=RoundedCorners{[RoundedCorner{position=TopLeft, radius=90, center=Point(90, 90)}, RoundedCorner{position=TopRight, radius=90, center=Point(990, 90)}, RoundedCorner{position=BottomRight, radius=90, center=Point(990, 2310)}, RoundedCorner{position=BottomLeft, radius=90, center=Point(90, 2310)}]}  mRoundedCornerFrame=Rect(0, 0 - 1080, 2400), mPrivacyIndicatorBounds=PrivacyIndicatorBounds {static bounds=Rect(948, 0 - 1080, 80) rotation=0}, mDisplayShape=DisplayShape{ spec=-311912193 displayWidth=1080 displayHeight=2400 physicalPixelDisplaySizeRatio=1.0 rotation=0 offsetX=0 offsetY=0 scale=1.0}, mSources= { InsetsSource: {c1150001 mType=navigationBars mFrame=[0,2256][1080,2400] mVisible=true mFlags=[]}, InsetsSource: {c1150004 mType=systemGestures mFrame=[0,0][0,0] mVisible=true mFlags=[]}, InsetsSource: {c1150005 mType=mandatorySystemGestures mFrame=[0,2256][1080,2400] mVisible=true mFlags=[]}, InsetsSource: {c1150006 mType=tappableElement mFrame=[0,2256][1080,2400] mVisible=true mFlags=[]}, InsetsSource: {c1150024 mType=systemGestures mFrame=[0,0][0,0] mVisible=true mFlags=[]}, InsetsSource: {27 mType=displayCutout mFrame=[0,0][1080,80] mVisible=true mFlags=[]}, InsetsSource: {6720000 mType=statusBars mFrame=[0,0][1080,80] mVisible=true mFlags=[]}, InsetsSource: {6720005 mType=mandatorySystemGestures mFrame=[0,0][1080,116] mVisible=true mFlags=[]}, InsetsSource: {6720006 mType=tappableElement mFrame=[0,0][1080,80] mVisible=true mFlags=[]} }
02-03 15:02:18.097 D/InputDispatcher( 1260): Focus request (0): 2500348 com.softwareinc.perueiroapp/com.softwareinc.perueiroapp.MainActivity but waiting because NO_WINDOW
02-03 15:02:18.127 I/ActivityManager( 1260): Flag disabled. Ignoring finishAttachApplication from uid: 10293. pid: 6254
02-03 15:02:18.183 D/WindowManager( 1260): finishDrawingWindow: Window{2500348 u0 com.softwareinc.perueiroapp/com.softwareinc.perueiroapp.MainActivity} mDrawState=DRAW_PENDING seqId=0
02-03 15:02:18.185 V/WindowManager( 1260): Finish starting ActivityRecord{14f7fef u0 com.softwareinc.perueiroapp/.MainActivity t77299}: first real window is shown, no animation
02-03 15:02:18.185 V/WindowManager( 1260): Schedule remove starting ActivityRecord{14f7fef u0 com.softwareinc.perueiroapp/.MainActivity t77299} startingWindow=Window{c13f071 u0 Splash Screen com.softwareinc.perueiroapp} animate=true Callers=com.android.server.wm.ActivityRecord.removeStartingWindow:3457 com.android.server.wm.ActivityRecord.onFirstWindowDrawn:7890 com.android.server.wm.WindowState.performShowLocked:5333 com.android.server.wm.WindowStateAnimator.commitFinishDrawingLocked:280 com.android.server.wm.DisplayContent.lambda$new$8:1294 
02-03 15:02:18.185 D/TaskOrganizerController( 1260): applyStartingWindowAnimation, window=Window{2500348 u0 com.softwareinc.perueiroapp/com.softwareinc.perueiroapp.MainActivity}, caller=com.android.server.wm.TaskOrganizerController.removeStartingWindow:780 com.android.server.wm.StartingSurfaceController$StartingSurface.remove:292 com.android.server.wm.ActivityRecord.removeStartingWindowAnimation:3537 
02-03 15:02:18.186 I/WindowManager( 1260): Reparenting to leash, surface=Surface(name=2500348 com.softwareinc.perueiroapp/com.softwareinc.perueiroapp.MainActivity)/@0xfcb3161, leashParent=Surface(name=ActivityRecord{14f7fef u0 com.softwareinc.perueiroapp/.MainActivity t77299})/@0x19ea07f
02-03 15:02:18.186 I/SurfaceFlinger( 1078): id=98694 createSurf, flag=24000, Surface(name=2500348 com.softwareinc.perueiroapp/com.softwareinc.perueiroapp.MainActivity)/@0xfcb3161 - animation-leash of starting_reveal#98694
02-03 15:02:18.187 D/WindowManager( 1260): makeSurface duration=2 leash=Surface(name=Surface(name=2500348 com.softwareinc.perueiroapp/com.softwareinc.perueiroapp.MainActivity)/@0xfcb3161 - animation-leash of starting_reveal)/@0x495c486
02-03 15:02:18.187 V/WindowManager( 1260): performShowLocked: mDrawState=HAS_DRAWN in Window{2500348 u0 com.softwareinc.perueiroapp/com.softwareinc.perueiroapp.MainActivity}
02-03 15:02:18.189 I/sysui_multi_action( 1260): [319,119,321,107,322,1248,325,476592,757,761,758,7,759,1,806,com.softwareinc.perueiroapp,871,com.softwareinc.perueiroapp.MainActivity,904,com.android.shell,905,0,945,330,1320,12,1321,1]
02-03 15:02:18.189 I/am_app_transition( 1260): [com.softwareinc.perueiroapp,com.softwareinc.perueiroapp.MainActivity,SPLASH_SCREEN(1),119,107,330,1248,COLD(7),run-from-apk(12)]
02-03 15:02:18.189 I/PkgPredictorService-SecIpmManagerServiceImpl( 1260): reportToNAP uid:11366 com.softwareinc.perueiroapp/com.softwareinc.perueiroapp.MainActivity thisTime:1248
02-03 15:02:18.196 I/Layer   ( 1078): Layer [com.softwareinc.perueiroapp/com.softwareinc.perueiroapp.MainActivity$_6206#98691] hidden!! flag(0)
02-03 15:02:18.201 V/WindowManager( 1260): Relayout Window{c13f071 u0 Splash Screen com.softwareinc.perueiroapp}: viewVisibility=0 req=1080x2400 ty=3 d0
02-03 15:02:18.203 D/WindowManager( 1260): updateSystemBarAttributes: displayId=0, win=Window{2500348 u0 com.softwareinc.perueiroapp/com.softwareinc.perueiroapp.MainActivity}, navColorWin=Window{c13f071 u0 Splash Screen com.softwareinc.perueiroapp}, focusedCanBeNavColorWin=false, behavior=1, appearance=0, statusBarAppearanceRegions=[AppearanceRegion{ bounds=[0,0][1080,2400]}], requestedVisibilities=-9, from=com.android.server.wm.DisplayPolicy.finishPostLayoutPolicyLw:2320 com.android.server.wm.DisplayContent.applySurfaceChangesTransaction:6130 com.android.server.wm.RootWindowContainer.applySurfaceChangesTransaction:1180 
02-03 15:02:18.203 D/SamsungLightBarControlHelper( 2131): onStatusBarAppearanceChanged() -  sbModeChanged:false, statusBarMode:0, barState:MODE_TRANSPARENT, isKeyguardShowing:false, navbarColorManagedByIme:false, stackAppearanceChanged:true, (AppearanceRegion{ bounds=[0,0][1080,2400]}, ), packageName:com.softwareinc.perueiroapp
02-03 15:02:18.203 D/NavigationBar( 2131): onSystemBarAttributesChanged() -  displayId:0, appearance:0, packageName: com.softwareinc.perueiroapp, navbarColorManagedByIme:false
02-03 15:02:18.204 D/SurfaceFlinger( 1078):      DEVICE | 0xb400007b583b2450 | 0102 | RGBA_8888    |    0.0    0.0 1080.0 2400.0 |    0    0 1080 2400 | com.softwareinc.perueiroapp/com.soft[...]perueiroapp.MainActivity$_6206#98691
02-03 15:02:18.204 D/SurfaceFlinger( 1078):      DEVICE | 0xb400007b5830fbd0 | 0100 | RGBA_8888    |    0.0    0.0 1080.0 2400.0 |    0    0 1080 2400 | Splash Screen com.softwareinc.perueiroapp$_2131#98685
02-03 15:02:18.204 D/SamsungLightBarControlHelper( 2131): updateNavigationBar (WHITE button) isLightOpaque:false, hasLightNavigationBarFlag:false, packageName:com.softwareinc.perueiroapp, DirectReplying:false, NavBarColorMangedByIme:false, ForceDarkForScrim:false, QsCustomizing:false, PanelHasWhiteBg:true
02-03 15:02:18.210 D/InputDispatcher( 1260): Focus entered window (0): 2500348 com.softwareinc.perueiroapp/com.softwareinc.perueiroapp.MainActivity
02-03 15:02:18.218 I/InsetsSourceConsumer( 6206): applyRequestedVisibilityToControl: visible=true, type=statusBars, host=com.softwareinc.perueiroapp/com.softwareinc.perueiroapp.MainActivity
02-03 15:02:18.219 I/InsetsSourceConsumer( 6206): applyRequestedVisibilityToControl: visible=true, type=navigationBars, host=com.softwareinc.perueiroapp/com.softwareinc.perueiroapp.MainActivity
02-03 15:02:18.221 I/input_focus( 1260): [Focus entering 2500348 com.softwareinc.perueiroapp/com.softwareinc.perueiroapp.MainActivity (server),reason=Window became focusable. Previous reason: NOT_VISIBLE]
02-03 15:02:18.226 I/ImeTracker( 1260): com.softwareinc.perueiroapp:797a702a: onRequestHide at ORIGIN_SERVER_HIDE_INPUT reason HIDE_UNSPECIFIED_WINDOW
02-03 15:02:18.226 I/ImeTracker( 1260): com.softwareinc.perueiroapp:797a702a: onCancelled at PHASE_SERVER_SHOULD_HIDE
02-03 15:02:18.231 I/LayerHistory( 1078): Splash Screen com.softwareinc.perueiroapp$_2131#98685 Max (can't resolve refresh rate)
02-03 15:02:18.239 D/SamsungLightBarControlHelper( 2131): updateStatusBar (WHITE icon) numStacks:1, StatusBarMode:MODE_TRANSPARENT, lightBarBounds:[], StatusBarState:SHADE, packageName:com.softwareinc.perueiroapp, isWhiteKeyguardStatusBar:false
02-03 15:02:18.256 W/AppInitScheduler|Schedule( 6254): Schedule 136:FixieActivityManagerHook, deps=null (52 pending tasks)
02-03 15:02:18.256 W/AppInitScheduler|Schedule( 6254):   Executing 136:FixieActivityManagerHook
02-03 15:02:18.260 D/InsetsSourceProvider( 1260): updateControlForTarget: control=InsetsSourceControl: {3 mType=ime mSurfacePosition=Point(0, 80) mInsetsHint=Insets{left=0, top=0, right=0, bottom=1062}}, target=Window{2500348 u0 com.softwareinc.perueiroapp/com.softwareinc.perueiroapp.MainActivity}, from=com.android.server.wm.ImeInsetsSourceProvider.updateControlForTarget:165 com.android.server.wm.InsetsStateController.onControlTargetChanged:358 com.android.server.wm.InsetsStateController.onImeControlTargetChanged:302 com.android.server.wm.DisplayContent.updateImeControlTarget:5727 com.android.server.wm.DisplayContent.updateImeInputAndControlTarget:5687 
02-03 15:02:18.265 V/WindowManager( 1260): Relayout Window{c13f071 u0 Splash Screen com.softwareinc.perueiroapp}: viewVisibility=8 req=1080x2400 ty=3 d0
