10-17 08:44:20.117 I/dvm_lock_sample( 1594): [system_server,1,Binder:1594_5,5,ActivityManagerService.java,8605,boolean com.android.server.am.ActivityManagerService.isUidActive(int, java.lang.String),-,16095,void com.android.server.am.ActivityManagerService.finishReceiver(android.os.IBinder, int, java.lang.String, android.os.Bundle, boolean, int),1]
10-17 08:44:21.689 I/dvm_lock_sample( 1594): [system_server,1,Binder:1594_5,11,ActivityManagerService.java,6752,java.lang.String com.android.server.am.ActivityManagerService.checkContentProviderAccess(java.lang.String, int),-,16095,void com.android.server.am.ActivityManagerService.finishReceiver(android.os.IBinder, int, java.lang.String, android.os.Bundle, boolean, int),2]
10-17 08:45:54.905 I/dvm_lock_sample( 1594): [system_server,1,Binder:1594_4,15,ActivityManagerService.java,5827,java.lang.String com.android.server.am.ActivityManagerService.getTagForIntentSender(android.content.IIntentSender, java.lang.String),-,14450,int com.android.server.am.ActivityManagerService.bindIsolatedService(android.app.IApplicationThread, android.os.IBinder, android.content.Intent, java.lang.String, android.app.IServiceConnection, int, java.lang.String, java.lang.String, int),3]
10-17 08:45:56.335 I/dvm_lock_sample( 1594): [system_server,1,android.display,10,ActivityManagerService.java,18544,void com.android.server.am.ActivityManagerService$LocalService.updateForegroundTimeIfOnBattery(java.lang.String, int, long),-,14450,int com.android.server.am.ActivityManagerService.bindIsolatedService(android.app.IApplicationThread, android.os.IBinder, android.content.Intent, java.lang.String, android.app.IServiceConnection, int, java.lang.String, java.lang.String, int),2]
10-17 08:48:16.301 I/dvm_lock_sample( 1594): [system_server,0,miui.fg,13,ActivityManagerService.java,5955,boolean com.android.server.am.ActivityManagerService.isAppBad(android.content.pm.ApplicationInfo),-,14450,int com.android.server.am.ActivityManagerService.bindIsolatedService(android.app.IApplicationThread, android.os.IBinder, android.content.Intent, java.lang.String, android.app.IServiceConnection, int, java.lang.String, java.lang.String, int),2]
10-17 08:49:47.463 I/dvm_lock_sample( 1594): [system_server,0,Binder:1594_1F,5,ActivityManagerService.java,14494,void com.android.server.am.ActivityManagerService.serviceDoneExecuting(android.os.IBinder, int, int, int),-,14450,int com.android.server.am.ActivityManagerService.bindIsolatedService(android.app.IApplicationThread, android.os.IBinder, android.content.Intent, java.lang.String, android.app.IServiceConnection, int, java.lang.String, java.lang.String, int),1]
10-17 09:02:38.000 I/dvm_lock_sample( 1594): [system_server,0,Binder:1594_B,10,ActivityManagerService.java,14494,void com.android.server.am.ActivityManagerService.serviceDoneExecuting(android.os.IBinder, int, int, int),-,14463,boolean com.android.server.am.ActivityManagerService.unbindService(android.app.IServiceConnection),2]
10-17 09:08:50.946 I/dvm_lock_sample( 1594): [system_server,0,Binder:1594_18,12,ActivityManagerService.java,14494,void com.android.server.am.ActivityManagerService.serviceDoneExecuting(android.os.IBinder, int, int, int),-,18684,android.content.ComponentName com.android.server.am.ActivityManagerService$LocalService.startServiceInPackage(int, android.content.Intent, java.lang.String, boolean, java.lang.String, int, boolean),2]
10-17 09:09:06.691 I/dvm_lock_sample( 1594): [system_server,1,Binder:1594_1,15,ActivityManagerService.java,14791,android.content.Intent com.android.server.am.ActivityManagerService.registerReceiver(android.app.IApplicationThread, java.lang.String, android.content.IIntentReceiver, android.content.IntentFilter, java.lang.String, int, int),-,14285,android.content.ComponentName com.android.server.am.ActivityManagerService.startService(android.app.IApplicationThread, android.content.Intent, java.lang.String, boolean, java.lang.String, int),3]
10-17 09:09:06.692 I/dvm_lock_sample( 1594): [system_server,1,android.ui,26,ActivityManagerService.java,3378,void com.android.server.am.ActivityManagerService.dispatchUidsChanged(),-,14285,android.content.ComponentName com.android.server.am.ActivityManagerService.startService(android.app.IApplicationThread, android.content.Intent, java.lang.String, boolean, java.lang.String, int),5]
10-17 09:09:06.847 I/dvm_lock_sample( 1594): [system_server,1,android.ui,9,ActivityManagerService.java,3378,void com.android.server.am.ActivityManagerService.dispatchUidsChanged(),-,14450,int com.android.server.am.ActivityManagerService.bindIsolatedService(android.app.IApplicationThread, android.os.IBinder, android.content.Intent, java.lang.String, android.app.IServiceConnection, int, java.lang.String, java.lang.String, int),1]
10-17 09:15:14.731 I/dvm_lock_sample( 1594): [system_server,0,miui.fg,5,ActivityManagerService.java,5955,boolean com.android.server.am.ActivityManagerService.isAppBad(android.content.pm.ApplicationInfo),-,14450,int com.android.server.am.ActivityManagerService.bindIsolatedService(android.app.IApplicationThread, android.os.IBinder, android.content.Intent, java.lang.String, android.app.IServiceConnection, int, java.lang.String, java.lang.String, int),1]
10-17 09:17:19.295 I/dvm_lock_sample( 1594): [system_server,1,Binder:1594_18,13,ActivityManagerService.java,15989,int com.android.server.am.ActivityManagerService.broadcastIntent(android.app.IApplicationThread, android.content.Intent, java.lang.String, android.content.IIntentReceiver, int, java.lang.String, android.os.Bundle, java.lang.String[], int, android.os.Bundle, boolean, boolean, int),-,14450,int com.android.server.am.ActivityManagerService.bindIsolatedService(android.app.IApplicationThread, android.os.IBinder, android.content.Intent, java.lang.String, android.app.IServiceConnection, int, java.lang.String, java.lang.String, int),2]
10-17 09:17:23.528 I/dvm_lock_sample( 1594): [system_server,1,android.ui,5,ActivityManagerService.java,3432,void com.android.server.am.ActivityManagerService.dispatchUidsChanged(),-,14450,int com.android.server.am.ActivityManagerService.bindIsolatedService(android.app.IApplicationThread, android.os.IBinder, android.content.Intent, java.lang.String, android.app.IServiceConnection, int, java.lang.String, java.lang.String, int),1]
10-17 09:18:59.066 I/dvm_lock_sample( 1594): [system_server,1,Binder:1594_E,9,ActivityManagerService.java,14285,android.content.ComponentName com.android.server.am.ActivityManagerService.startService(android.app.IApplicationThread, android.content.Intent, java.lang.String, boolean, java.lang.String, int),-,14463,boolean com.android.server.am.ActivityManagerService.unbindService(android.app.IServiceConnection),1]
10-17 09:31:12.550 I/dvm_lock_sample( 1594): [system_server,1,Binder:1594_10,9,ActivityManagerService.java,14450,int com.android.server.am.ActivityManagerService.bindIsolatedService(android.app.IApplicationThread, android.os.IBinder, android.content.Intent, java.lang.String, android.app.IServiceConnection, int, java.lang.String, java.lang.String, int),-,14450,int com.android.server.am.ActivityManagerService.bindIsolatedService(android.app.IApplicationThread, android.os.IBinder, android.content.Intent, java.lang.String, android.app.IServiceConnection, int, java.lang.String, java.lang.String, int),1]
10-17 09:31:42.974 I/dvm_lock_sample( 1594): [system_server,0,android.bg,19,ActivityManagerService.java,1964,void com.android.server.am.ActivityManagerService$5.handleMessage(android.os.Message),-,14463,boolean com.android.server.am.ActivityManagerService.unbindService(android.app.IServiceConnection),3]
10-17 10:04:08.163 I/dvm_lock_sample( 1594): [system_server,1,Binder:1594_3,11,ActivityManagerService.java,14450,int com.android.server.am.ActivityManagerService.bindIsolatedService(android.app.IApplicationThread, android.os.IBinder, android.content.Intent, java.lang.String, android.app.IServiceConnection, int, java.lang.String, java.lang.String, int),-,14450,int com.android.server.am.ActivityManagerService.bindIsolatedService(android.app.IApplicationThread, android.os.IBinder, android.content.Intent, java.lang.String, android.app.IServiceConnection, int, java.lang.String, java.lang.String, int),2]
10-17 10:05:12.704 I/dvm_lock_sample( 1594): [system_server,1,android.ui,11,ActivityManagerService.java,3378,void com.android.server.am.ActivityManagerService.dispatchUidsChanged(),-,14463,boolean com.android.server.am.ActivityManagerService.unbindService(android.app.IServiceConnection),2]
10-17 10:05:17.716 I/auditd  ( 1594): type=1400 audit(0.0:168568): avc: denied { getpgid } for comm="ActivityManager" scontext=u:r:system_server:s0 tcontext=u:r:app_zygote:s0:c512,c768 tclass=process permissive=0
10-17 10:05:17.726 I/auditd  ( 1594): type=1400 audit(0.0:168571): avc: denied { getpgid } for comm="ActivityManager" scontext=u:r:system_server:s0 tcontext=u:r:app_zygote:s0:c512,c768 tclass=process permissive=0
10-17 10:05:25.810 I/dvm_lock_sample( 1594): [system_server,0,Binder:1594_11,6,ActivityManagerService.java,14494,void com.android.server.am.ActivityManagerService.serviceDoneExecuting(android.os.IBinder, int, int, int),-,14463,boolean com.android.server.am.ActivityManagerService.unbindService(android.app.IServiceConnection),1]
10-17 10:13:41.381 I/dvm_lock_sample( 1594): [system_server,0,Binder:1594_19,8,ActivityManagerService.java,14494,void com.android.server.am.ActivityManagerService.serviceDoneExecuting(android.os.IBinder, int, int, int),-,14450,int com.android.server.am.ActivityManagerService.bindIsolatedService(android.app.IApplicationThread, android.os.IBinder, android.content.Intent, java.lang.String, android.app.IServiceConnection, int, java.lang.String, java.lang.String, int),1]
10-17 10:16:24.301 I/dvm_lock_sample( 1594): [system_server,1,Binder:1594_12,97,ActivityManagerService.java,8605,boolean com.android.server.am.ActivityManagerService.isUidActive(int, java.lang.String),-,16095,void com.android.server.am.ActivityManagerService.finishReceiver(android.os.IBinder, int, java.lang.String, android.os.Bundle, boolean, int),19]
10-17 10:17:35.402 I/dvm_lock_sample( 1594): [system_server,1,Binder:1594_13,10,ActivityManagerService.java,8605,boolean com.android.server.am.ActivityManagerService.isUidActive(int, java.lang.String),-,14494,void com.android.server.am.ActivityManagerService.serviceDoneExecuting(android.os.IBinder, int, int, int),2]
10-17 10:18:53.749 I/dvm_lock_sample( 1594): [system_server,1,Binder:1594_2,46,ActivityManagerService.java,14343,void com.android.server.am.ActivityManagerService.setServiceForeground(android.content.ComponentName, android.os.IBinder, int, android.app.Notification, int, int),BroadcastQueue.java,984,void com.android.server.am.BroadcastQueue.processNextBroadcast(boolean, boolean),9]
10-17 10:19:12.937 I/dvm_lock_sample( 1594): [system_server,1,Binder:1594_A,5,ActivityManagerService.java,15989,int com.android.server.am.ActivityManagerService.broadcastIntent(android.app.IApplicationThread, android.content.Intent, java.lang.String, android.content.IIntentReceiver, int, java.lang.String, android.os.Bundle, java.lang.String[], int, android.os.Bundle, boolean, boolean, int),-,14450,int com.android.server.am.ActivityManagerService.bindIsolatedService(android.app.IApplicationThread, android.os.IBinder, android.content.Intent, java.lang.String, android.app.IServiceConnection, int, java.lang.String, java.lang.String, int),1]
10-17 10:20:33.640 I/dvm_lock_sample( 1594): [system_server,0,Binder:1594_9,5,ActivityManagerService.java,14494,void com.android.server.am.ActivityManagerService.serviceDoneExecuting(android.os.IBinder, int, int, int),-,1537,void com.android.server.am.ActivityManagerService$AppDeathRecipient.binderDied(),1]
10-17 10:22:14.861 I/dvm_lock_sample( 1594): [system_server,1,Binder:1594_13,7,ActivityManagerService.java,1537,void com.android.server.am.ActivityManagerService$AppDeathRecipient.binderDied(),-,14463,boolean com.android.server.am.ActivityManagerService.unbindService(android.app.IServiceConnection),1]
10-17 10:25:02.934 I/dvm_lock_sample( 1594): [system_server,0,Binder:1594_13,6,ActivityManagerService.java,14494,void com.android.server.am.ActivityManagerService.serviceDoneExecuting(android.os.IBinder, int, int, int),-,14463,boolean com.android.server.am.ActivityManagerService.unbindService(android.app.IServiceConnection),1]
10-17 10:28:40.128 I/dvm_lock_sample( 1594): [system_server,1,android.ui,6,ActivityManagerService.java,3378,void com.android.server.am.ActivityManagerService.dispatchUidsChanged(),-,14450,int com.android.server.am.ActivityManagerService.bindIsolatedService(android.app.IApplicationThread, android.os.IBinder, android.content.Intent, java.lang.String, android.app.IServiceConnection, int, java.lang.String, java.lang.String, int),1]
10-17 10:37:23.380 I/dvm_lock_sample( 1594): [system_server,0,Binder:1594_10,5,ActivityManagerService.java,14494,void com.android.server.am.ActivityManagerService.serviceDoneExecuting(android.os.IBinder, int, int, int),-,14463,boolean com.android.server.am.ActivityManagerService.unbindService(android.app.IServiceConnection),1]
10-17 10:38:14.791 I/dvm_lock_sample( 1594): [system_server,1,android.ui,9,ActivityManagerService.java,3378,void com.android.server.am.ActivityManagerService.dispatchUidsChanged(),-,14463,boolean com.android.server.am.ActivityManagerService.unbindService(android.app.IServiceConnection),1]
10-17 10:40:45.266 I/dvm_lock_sample( 1594): [system_server,0,Binder:1594_9,8,ActivityManagerService.java,14494,void com.android.server.am.ActivityManagerService.serviceDoneExecuting(android.os.IBinder, int, int, int),-,14463,boolean com.android.server.am.ActivityManagerService.unbindService(android.app.IServiceConnection),1]
10-17 10:53:53.190 I/dvm_lock_sample( 1594): [system_server,1,android.ui,14,ActivityManagerService.java,3378,void com.android.server.am.ActivityManagerService.dispatchUidsChanged(),-,14450,int com.android.server.am.ActivityManagerService.bindIsolatedService(android.app.IApplicationThread, android.os.IBinder, android.content.Intent, java.lang.String, android.app.IServiceConnection, int, java.lang.String, java.lang.String, int),2]
10-17 10:54:11.797 I/dvm_lock_sample( 1594): [system_server,1,NetworkPolicy.uid,12,ActivityManagerService.java,18347,void com.android.server.am.ActivityManagerService$LocalService.notifyNetworkPolicyRulesUpdated(int, long),-,14494,void com.android.server.am.ActivityManagerService.serviceDoneExecuting(android.os.IBinder, int, int, int),2]
10-17 10:54:42.939 I/dvm_lock_sample( 1594): [system_server,1,Binder:1594_B,9,ActivityTaskManagerService.java,2097,android.app.ActivityManager$StackInfo com.android.server.wm.ActivityTaskManagerService.getFocusedStackInfo(),WindowManagerService.java,2209,int com.android.server.wm.WindowManagerService.relayoutWindow(com.android.server.wm.Session, android.view.IWindow, int, android.view.WindowManager$LayoutParams, int, int, int, int, long, android.graphics.Rect, android.graphics.Rect, android.graphics.Rect, android.graphics.Rect, android.graphics.Rect, android.graphics.Rect, android.graphics.Rect, android.view.DisplayCutout$ParcelableWrapper, android.util.MergedConfiguration, android.view.SurfaceControl, android.view.InsetsState),1]
10-17 10:54:42.939 I/dvm_lock_sample( 1594): [system_server,1,Binder:1594_E,7,ActivityTaskManagerService.java,2913,android.app.ActivityManager$StackInfo com.android.server.wm.ActivityTaskManagerService.getStackInfo(int, int),WindowManagerService.java,2209,int com.android.server.wm.WindowManagerService.relayoutWindow(com.android.server.wm.Session, android.view.IWindow, int, android.view.WindowManager$LayoutParams, int, int, int, int, long, android.graphics.Rect, android.graphics.Rect, android.graphics.Rect, android.graphics.Rect, android.graphics.Rect, android.graphics.Rect, android.graphics.Rect, android.view.DisplayCutout$ParcelableWrapper, android.util.MergedConfiguration, android.view.SurfaceControl, android.view.InsetsState),1]
10-17 10:54:46.184 I/dvm_lock_sample( 1594): [system_server,1,android.ui,7,ActivityManagerService.java,3378,void com.android.server.am.ActivityManagerService.dispatchUidsChanged(),BroadcastQueue.java,984,void com.android.server.am.BroadcastQueue.processNextBroadcast(boolean, boolean),1]
10-17 10:54:49.045 I/dvm_lock_sample( 1594): [system_server,1,Binder:1594_15,9,ActivityManagerService.java,7717,boolean com.android.server.am.ActivityManagerService.refContentProvider(android.os.IBinder, int, int),-,14450,int com.android.server.am.ActivityManagerService.bindIsolatedService(android.app.IApplicationThread, android.os.IBinder, android.content.Intent, java.lang.String, android.app.IServiceConnection, int, java.lang.String, java.lang.String, int),1]
10-17 10:55:28.418 I/dvm_lock_sample( 1594): [system_server,0,android.bg,12,ActivityManagerService.java,2012,void com.android.server.am.ActivityManagerService$5.handleMessage(android.os.Message),-,14450,int com.android.server.am.ActivityManagerService.bindIsolatedService(android.app.IApplicationThread, android.os.IBinder, android.content.Intent, java.lang.String, android.app.IServiceConnection, int, java.lang.String, java.lang.String, int),2]
10-17 10:57:18.449 I/dvm_lock_sample( 1594): [system_server,1,Binder:1594_E,68,ActivityTaskManagerService.java,1732,void com.android.server.wm.ActivityTaskManagerService.activityResumed(android.os.IBinder),-,1755,void com.android.server.wm.ActivityTaskManagerService.activityPaused(android.os.IBinder),13]
10-17 10:57:28.088 I/binder_sample(26268): [android.app.IActivityTaskManager,1,673,com.google.android.packageinstaller,100]
10-17 10:57:28.099 I/dvm_lock_sample( 1594): [system_server,1,Binder:1594_E,352,WindowProcessUtils.java,405,java.lang.String com.android.server.wm.WindowProcessUtils.getCallerPackageName(com.android.server.wm.ActivityTaskManagerService, android.app.IApplicationThread),ActivityStarter.java,1313,int com.android.server.wm.ActivityStarter.startActivityMayWait(android.app.IApplicationThread, int, java.lang.String, int, int, android.content.Intent, java.lang.String, android.service.voice.IVoiceInteractionSession, com.android.internal.app.IVoiceInteractor, android.os.IBinder, java.lang.String, int, int, android.app.ProfilerInfo, android.app.WaitResult, android.content.res.Configuration, com.android.server.wm.SafeActivityOptions, boolean, int, com.android.server.wm.TaskRecord, java.lang.String, boolean, com.android.server.am.PendingIntentRecord, boolean),70]
10-17 10:57:28.099 I/dvm_lock_sample( 1594): [system_server,1,Binder:1594_10,370,WindowProcessUtils.java,405,java.lang.String com.android.server.wm.WindowProcessUtils.getCallerPackageName(com.android.server.wm.ActivityTaskManagerService, android.app.IApplicationThread),ActivityStarter.java,1313,int com.android.server.wm.ActivityStarter.startActivityMayWait(android.app.IApplicationThread, int, java.lang.String, int, int, android.content.Intent, java.lang.String, android.service.voice.IVoiceInteractionSession, com.android.internal.app.IVoiceInteractor, android.os.IBinder, java.lang.String, int, int, android.app.ProfilerInfo, android.app.WaitResult, android.content.res.Configuration, com.android.server.wm.SafeActivityOptions, boolean, int, com.android.server.wm.TaskRecord, java.lang.String, boolean, com.android.server.am.PendingIntentRecord, boolean),74]
10-17 10:57:28.105 I/dvm_lock_sample( 1594): [system_server,0,PackageManager,660,ActivityManagerService.java,15989,int com.android.server.am.ActivityManagerService.broadcastIntent(android.app.IApplicationThread, android.content.Intent, java.lang.String, android.content.IIntentReceiver, int, java.lang.String, android.os.Bundle, java.lang.String[], int, android.os.Bundle, boolean, boolean, int),BroadcastQueue.java,984,void com.android.server.am.BroadcastQueue.processNextBroadcast(boolean, boolean),100]
10-17 10:57:28.106 I/dvm_lock_sample( 1594): [system_server,1,ActivityManager,660,BroadcastQueue.java,984,void com.android.server.am.BroadcastQueue.processNextBroadcast(boolean, boolean),ActivityManagerService.java,14450,int com.android.server.am.ActivityManagerService.bindIsolatedService(android.app.IApplicationThread, android.os.IBinder, android.content.Intent, java.lang.String, android.app.IServiceConnection, int, java.lang.String, java.lang.String, int),100]
10-17 10:57:28.107 I/dvm_lock_sample( 1594): [system_server,1,Binder:1594_9,575,ActivityManagerService.java,15989,int com.android.server.am.ActivityManagerService.broadcastIntent(android.app.IApplicationThread, android.content.Intent, java.lang.String, android.content.IIntentReceiver, int, java.lang.String, android.os.Bundle, java.lang.String[], int, android.os.Bundle, boolean, boolean, int),-,14450,int com.android.server.am.ActivityManagerService.bindIsolatedService(android.app.IApplicationThread, android.os.IBinder, android.content.Intent, java.lang.String, android.app.IServiceConnection, int, java.lang.String, java.lang.String, int),100]
10-17 10:57:28.109 I/binder_sample( 2369): [android.app.IActivityManager,12,576,com.xiaomi.finddevice,100]
10-17 10:57:28.110 I/dvm_lock_sample( 1594): [system_server,1,Binder:1594_C,532,ActivityManagerService.java,12299,java.util.ArrayList com.android.server.am.ActivityManagerService.collectProcesses(java.io.PrintWriter, int, boolean, java.lang.String[]),-,14450,int com.android.server.am.ActivityManagerService.bindIsolatedService(android.app.IApplicationThread, android.os.IBinder, android.content.Intent, java.lang.String, android.app.IServiceConnection, int, java.lang.String, java.lang.String, int),100]
10-17 10:57:28.112 I/dvm_lock_sample( 1594): [system_server,1,Binder:1594_1A,528,ActivityManagerService.java,6752,java.lang.String com.android.server.am.ActivityManagerService.checkContentProviderAccess(java.lang.String, int),-,14450,int com.android.server.am.ActivityManagerService.bindIsolatedService(android.app.IApplicationThread, android.os.IBinder, android.content.Intent, java.lang.String, android.app.IServiceConnection, int, java.lang.String, java.lang.String, int),100]
10-17 10:57:28.113 I/dvm_lock_sample( 1594): [system_server,0,Binder:1594_1B,24,ActivityManagerService.java,16095,void com.android.server.am.ActivityManagerService.finishReceiver(android.os.IBinder, int, java.lang.String, android.os.Bundle, boolean, int),-,14450,int com.android.server.am.ActivityManagerService.bindIsolatedService(android.app.IApplicationThread, android.os.IBinder, android.content.Intent, java.lang.String, android.app.IServiceConnection, int, java.lang.String, java.lang.String, int),4]
10-17 10:57:28.114 I/binder_sample(25908): [android.app.IActivityManager,11,300,com.android.vending,60]
10-17 10:57:28.150 I/sysui_multi_action( 1594): [757,147,758,4,759,1,806,com.idealinspecao.perueiroapp]
10-17 10:57:30.671 I/dvm_lock_sample( 1594): [system_server,1,Binder:1594_C,19,ActivityManagerService.java,5963,int com.android.server.am.ActivityManagerService.getUidState(int),ActiveServices.java,2189,void com.android.server.am.ActiveServices$ServiceRestarter.run(),3]
10-17 10:57:30.682 I/dvm_lock_sample( 1594): [system_server,1,Binder:1594_19,15,ActivityManagerService.java,14875,android.content.Intent com.android.server.am.ActivityManagerService.registerReceiver(android.app.IApplicationThread, java.lang.String, android.content.IIntentReceiver, android.content.IntentFilter, java.lang.String, int, int),ActiveServices.java,2189,void com.android.server.am.ActiveServices$ServiceRestarter.run(),3]
10-17 10:57:30.775 I/dvm_lock_sample( 1594): [system_server,1,Binder:1594_7,12,ActivityManagerService.java,14791,android.content.Intent com.android.server.am.ActivityManagerService.registerReceiver(android.app.IApplicationThread, java.lang.String, android.content.IIntentReceiver, android.content.IntentFilter, java.lang.String, int, int),-,14450,int com.android.server.am.ActivityManagerService.bindIsolatedService(android.app.IApplicationThread, android.os.IBinder, android.content.Intent, java.lang.String, android.app.IServiceConnection, int, java.lang.String, java.lang.String, int),2]
10-17 10:57:31.209 I/notification_cancel_all( 1594): [1000,1594,com.idealinspecao.perueiroapp,0,0,0,5,NULL]
10-17 10:57:32.384 I/dvm_lock_sample( 1594): [system_server,0,android.bg,14,ActivityManagerService.java,2043,void com.android.server.am.ActivityManagerService$5.handleMessage(android.os.Message),-,1537,void com.android.server.am.ActivityManagerService$AppDeathRecipient.binderDied(),2]
10-17 10:57:32.889 I/dvm_lock_sample( 1594): [system_server,1,Binder:1594_1A,24,ActivityManagerService.java,6752,java.lang.String com.android.server.am.ActivityManagerService.checkContentProviderAccess(java.lang.String, int),-,14450,int com.android.server.am.ActivityManagerService.bindIsolatedService(android.app.IApplicationThread, android.os.IBinder, android.content.Intent, java.lang.String, android.app.IServiceConnection, int, java.lang.String, java.lang.String, int),4]
10-17 10:57:32.892 I/dvm_lock_sample( 1594): [system_server,0,Binder:1594_14,14,ActivityManagerService.java,14494,void com.android.server.am.ActivityManagerService.serviceDoneExecuting(android.os.IBinder, int, int, int),-,14450,int com.android.server.am.ActivityManagerService.bindIsolatedService(android.app.IApplicationThread, android.os.IBinder, android.content.Intent, java.lang.String, android.app.IServiceConnection, int, java.lang.String, java.lang.String, int),2]
10-17 10:57:54.183 I/am_create_activity( 1594): [0,214129478,1559,com.idealinspecao.perueiroapp/.MainActivity,android.intent.action.MAIN,NULL,NULL,270532608]
10-17 10:57:54.279 I/am_proc_start( 1594): [0,28091,11384,com.idealinspecao.perueiroapp,activity,{com.idealinspecao.perueiroapp/com.idealinspecao.perueiroapp.MainActivity}]
10-17 10:57:54.325 I/am_proc_bound( 1594): [0,28091,com.idealinspecao.perueiroapp]
10-17 10:57:54.330 I/am_restart_activity( 1594): [0,214129478,1559,com.idealinspecao.perueiroapp/.MainActivity,28091]
10-17 10:57:54.331 I/am_set_resumed_activity( 1594): [0,com.idealinspecao.perueiroapp/.MainActivity,minimalResumeActivityLocked]
10-17 10:57:54.649 I/am_on_create_called(28091): [0,com.idealinspecao.perueiroapp.MainActivity,performCreate,74]
10-17 10:57:54.659 I/am_on_start_called(28091): [0,com.idealinspecao.perueiroapp.MainActivity,handleStartActivity,0]
10-17 10:57:54.670 I/am_on_resume_called(28091): [0,com.idealinspecao.perueiroapp.MainActivity,RESUME_ACTIVITY,2]
10-17 10:57:54.694 I/am_on_top_resumed_gained_called(28091): [0,com.idealinspecao.perueiroapp.MainActivity,topStateChangedWhenResumed]
10-17 10:57:55.363 I/sysui_multi_action( 1594): [319,188,321,83,322,1190,325,1063858,757,761,758,7,759,1,806,com.idealinspecao.perueiroapp,871,com.idealinspecao.perueiroapp.MainActivity,904,com.miui.home,905,0,945,167,1320,8,1321,4]
10-17 10:57:55.365 I/am_activity_launch_time( 1594): [0,214129478,com.idealinspecao.perueiroapp/.MainActivity,1190]
10-17 10:58:05.542 I/am_pss  ( 1594): [28091,11384,com.idealinspecao.perueiroapp,94046208,81911808,174080,215400448,0,2,13]
10-17 10:58:16.914 I/am_pss  ( 1594): [28091,11384,com.idealinspecao.perueiroapp,96834560,84430848,174080,218251264,0,2,15]
10-17 10:58:28.499 I/am_pause_activity( 1594): [28091,214129478,com.idealinspecao.perueiroapp/.MainActivity,userLeaving=true]
10-17 10:58:28.501 I/am_add_to_stopping( 1594): [0,214129478,com.idealinspecao.perueiroapp/.MainActivity,makeInvisible]
10-17 10:58:28.505 I/am_on_top_resumed_lost_called(28091): [0,com.idealinspecao.perueiroapp.MainActivity,topStateChangedWhenResumed]
10-17 10:58:28.510 I/am_on_paused_called(28091): [0,com.idealinspecao.perueiroapp.MainActivity,performPause,0]
10-17 10:58:28.961 I/am_stop_activity( 1594): [0,214129478,com.idealinspecao.perueiroapp/.MainActivity]
10-17 10:58:29.010 I/am_on_stop_called(28091): [0,com.idealinspecao.perueiroapp.MainActivity,STOP_ACTIVITY_ITEM,0]
10-17 10:58:32.330 I/sysui_multi_action( 2131): [757,289,758,4,806,ComponentInfo{com.idealinspecao.perueiroapp/com.idealinspecao.perueiroapp.MainActivity}]
10-17 10:58:32.335 I/am_finish_activity( 1594): [28091,214129478,1559,com.idealinspecao.perueiroapp/.MainActivity,remove-task]
10-17 10:58:32.336 I/am_destroy_activity( 1594): [28091,214129478,1559,com.idealinspecao.perueiroapp/.MainActivity,finish-imm:finishActivityLocked]
10-17 10:58:32.355 I/am_kill ( 1594): [0,28091,com.idealinspecao.perueiroapp,905,SwipeUpClean]
10-17 10:58:32.430 I/am_proc_died( 1594): [0,28091,com.idealinspecao.perueiroapp,905,20]
10-17 11:04:06.357 I/dvm_lock_sample( 1594): [system_server,1,Binder:1594_9,18,ActivityManagerService.java,14285,android.content.ComponentName com.android.server.am.ActivityManagerService.startService(android.app.IApplicationThread, android.content.Intent, java.lang.String, boolean, java.lang.String, int),-,14450,int com.android.server.am.ActivityManagerService.bindIsolatedService(android.app.IApplicationThread, android.os.IBinder, android.content.Intent, java.lang.String, android.app.IServiceConnection, int, java.lang.String, java.lang.String, int),3]
10-17 11:04:13.088 I/dvm_lock_sample( 1594): [system_server,0,Binder:1594_2,9,ActivityManagerService.java,14494,void com.android.server.am.ActivityManagerService.serviceDoneExecuting(android.os.IBinder, int, int, int),-,14463,boolean com.android.server.am.ActivityManagerService.unbindService(android.app.IServiceConnection),1]
10-17 11:05:35.426 I/dvm_lock_sample( 1594): [system_server,1,Binder:1594_2,16,ActivityManagerService.java,14488,void com.android.server.am.ActivityManagerService.unbindFinished(android.os.IBinder, android.content.Intent, boolean),-,14463,boolean com.android.server.am.ActivityManagerService.unbindService(android.app.IServiceConnection),3]
10-17 11:07:19.791 I/dvm_lock_sample( 1594): [system_server,1,android.display,13,ActivityManagerService.java,17671,void com.android.server.am.ActivityManagerService.trimApplications(java.lang.String),-,15989,int com.android.server.am.ActivityManagerService.broadcastIntent(android.app.IApplicationThread, android.content.Intent, java.lang.String, android.content.IIntentReceiver, int, java.lang.String, android.os.Bundle, java.lang.String[], int, android.os.Bundle, boolean, boolean, int),2]
10-17 11:07:23.541 I/notification_cancel_all( 1594): [1000,1594,com.idealinspecao.perueiroapp,0,0,0,5,NULL]
10-17 11:07:23.757 I/am_wtf  ( 1594): [0,1594,system_server,-1,PasspointManager,No app ops listener found for com.idealinspecao.perueiroapp]
10-17 11:07:27.274 I/dvm_lock_sample( 1594): [system_server,1,Binder:1594_1E,23,ActivityManagerService.java,6752,java.lang.String com.android.server.am.ActivityManagerService.checkContentProviderAccess(java.lang.String, int),-,5395,void com.android.server.am.ActivityManagerService.attachApplication(android.app.IApplicationThread, long),4]
10-17 11:08:27.227 I/dvm_lock_sample( 1594): [system_server,0,Binder:1594_18,5,ActivityManagerService.java,14494,void com.android.server.am.ActivityManagerService.serviceDoneExecuting(android.os.IBinder, int, int, int),-,14450,int com.android.server.am.ActivityManagerService.bindIsolatedService(android.app.IApplicationThread, android.os.IBinder, android.content.Intent, java.lang.String, android.app.IServiceConnection, int, java.lang.String, java.lang.String, int),1]
10-17 11:08:50.198 I/dvm_lock_sample( 1594): [system_server,1,Binder:1594_12,14,ActivityTaskManagerService.java,1746,void com.android.server.wm.ActivityTaskManagerService.activityTopResumedStateLost(),ActivityStarter.java,1313,int com.android.server.wm.ActivityStarter.startActivityMayWait(android.app.IApplicationThread, int, java.lang.String, int, int, android.content.Intent, java.lang.String, android.service.voice.IVoiceInteractionSession, com.android.internal.app.IVoiceInteractor, android.os.IBinder, java.lang.String, int, int, android.app.ProfilerInfo, android.app.WaitResult, android.content.res.Configuration, com.android.server.wm.SafeActivityOptions, boolean, int, com.android.server.wm.TaskRecord, java.lang.String, boolean, com.android.server.am.PendingIntentRecord, boolean),2]
10-17 11:09:25.928 I/dvm_lock_sample( 1594): [system_server,1,Binder:1594_8,63,ActivityTaskManagerService.java,1732,void com.android.server.wm.ActivityTaskManagerService.activityResumed(android.os.IBinder),-,1755,void com.android.server.wm.ActivityTaskManagerService.activityPaused(android.os.IBinder),12]
10-17 11:09:34.672 I/dvm_lock_sample( 1594): [system_server,1,Binder:1594_19,159,ActivityManagerService.java,14463,boolean com.android.server.am.ActivityManagerService.unbindService(android.app.IServiceConnection),-,14285,android.content.ComponentName com.android.server.am.ActivityManagerService.startService(android.app.IApplicationThread, android.content.Intent, java.lang.String, boolean, java.lang.String, int),31]
10-17 11:09:34.689 I/dvm_lock_sample( 1594): [system_server,1,Binder:1594_1E,169,ActivityManagerService.java,14285,android.content.ComponentName com.android.server.am.ActivityManagerService.startService(android.app.IApplicationThread, android.content.Intent, java.lang.String, boolean, java.lang.String, int),-,14450,int com.android.server.am.ActivityManagerService.bindIsolatedService(android.app.IApplicationThread, android.os.IBinder, android.content.Intent, java.lang.String, android.app.IServiceConnection, int, java.lang.String, java.lang.String, int),33]
10-17 11:09:34.690 I/dvm_lock_sample( 1594): [system_server,1,android.ui,165,ActivityManagerService.java,3378,void com.android.server.am.ActivityManagerService.dispatchUidsChanged(),-,14450,int com.android.server.am.ActivityManagerService.bindIsolatedService(android.app.IApplicationThread, android.os.IBinder, android.content.Intent, java.lang.String, android.app.IServiceConnection, int, java.lang.String, java.lang.String, int),33]
10-17 11:09:34.725 I/dvm_lock_sample( 1594): [system_server,1,Binder:1594_1C,20,ActivityManagerService.java,5827,java.lang.String com.android.server.am.ActivityManagerService.getTagForIntentSender(android.content.IIntentSender, java.lang.String),-,14450,int com.android.server.am.ActivityManagerService.bindIsolatedService(android.app.IApplicationThread, android.os.IBinder, android.content.Intent, java.lang.String, android.app.IServiceConnection, int, java.lang.String, java.lang.String, int),4]
10-17 11:09:34.746 I/sysui_multi_action( 1594): [757,147,758,4,759,1,806,com.idealinspecao.perueiroapp]
10-17 11:09:35.485 I/dvm_lock_sample( 1594): [system_server,1,Binder:1594_1B,114,ActivityTaskManagerService.java,2097,android.app.ActivityManager$StackInfo com.android.server.wm.ActivityTaskManagerService.getFocusedStackInfo(),ActivityStarter.java,1313,int com.android.server.wm.ActivityStarter.startActivityMayWait(android.app.IApplicationThread, int, java.lang.String, int, int, android.content.Intent, java.lang.String, android.service.voice.IVoiceInteractionSession, com.android.internal.app.IVoiceInteractor, android.os.IBinder, java.lang.String, int, int, android.app.ProfilerInfo, android.app.WaitResult, android.content.res.Configuration, com.android.server.wm.SafeActivityOptions, boolean, int, com.android.server.wm.TaskRecord, java.lang.String, boolean, com.android.server.am.PendingIntentRecord, boolean),22]
10-17 11:09:35.494 I/dvm_lock_sample( 1594): [system_server,1,Binder:1594_1,135,ActivityManagerService.java,14285,android.content.ComponentName com.android.server.am.ActivityManagerService.startService(android.app.IApplicationThread, android.content.Intent, java.lang.String, boolean, java.lang.String, int),-,14310,int com.android.server.am.ActivityManagerService.stopService(android.app.IApplicationThread, android.content.Intent, java.lang.String, int),27]
10-17 11:09:35.507 I/dvm_lock_sample( 1594): [system_server,1,Binder:1594_1C,22,ActivityManagerService.java,14463,boolean com.android.server.am.ActivityManagerService.unbindService(android.app.IServiceConnection),-,14450,int com.android.server.am.ActivityManagerService.bindIsolatedService(android.app.IApplicationThread, android.os.IBinder, android.content.Intent, java.lang.String, android.app.IServiceConnection, int, java.lang.String, java.lang.String, int),4]
10-17 11:09:35.992 I/dvm_lock_sample( 1594): [system_server,1,android.display,18,ProcessRecord.java,1330,void com.android.server.am.ProcessRecord.updateServiceConnectionActivities(),ActivityManagerService.java,14463,boolean com.android.server.am.ActivityManagerService.unbindService(android.app.IServiceConnection),3]
10-17 11:09:36.746 I/notification_cancel_all( 1594): [1000,1594,com.idealinspecao.perueiroapp,0,0,0,5,NULL]
10-17 11:09:37.958 I/sysui_multi_action( 1594): [757,147,758,4,759,1,806,com.idealinspecao.perueiroapp]
10-17 11:09:45.525 I/dvm_lock_sample( 1594): [system_server,1,Binder:1594_8,35,ActivityTaskManagerService.java,1601,boolean com.android.server.wm.ActivityTaskManagerService.finishActivity(android.os.IBinder, int, android.content.Intent, int),-,6869,boolean com.android.server.wm.ActivityTaskManagerService$LocalService.startHomeOnDisplay(int, java.lang.String, int, boolean, boolean),7]
10-17 11:09:45.531 I/dvm_lock_sample( 1594): [system_server,1,android.display,19,WindowManagerService.java,5072,void com.android.server.wm.WindowManagerService$H.handleMessage(android.os.Message),ActivityTaskManagerService.java,6869,boolean com.android.server.wm.ActivityTaskManagerService$LocalService.startHomeOnDisplay(int, java.lang.String, int, boolean, boolean),3]
10-17 11:09:47.030 I/am_create_activity( 1594): [0,156273007,1563,com.idealinspecao.perueiroapp/.MainActivity,android.intent.action.MAIN,NULL,NULL,270532608]
10-17 11:09:47.149 I/am_proc_start( 1594): [0,32393,11385,com.idealinspecao.perueiroapp,activity,{com.idealinspecao.perueiroapp/com.idealinspecao.perueiroapp.MainActivity}]
10-17 11:09:47.191 I/am_proc_bound( 1594): [0,32393,com.idealinspecao.perueiroapp]
10-17 11:09:47.200 I/am_restart_activity( 1594): [0,156273007,1563,com.idealinspecao.perueiroapp/.MainActivity,32393]
10-17 11:09:47.202 I/am_set_resumed_activity( 1594): [0,com.idealinspecao.perueiroapp/.MainActivity,minimalResumeActivityLocked]
10-17 11:09:47.479 I/am_on_create_called(32393): [0,com.idealinspecao.perueiroapp.MainActivity,performCreate,40]
10-17 11:09:47.485 I/am_on_start_called(32393): [0,com.idealinspecao.perueiroapp.MainActivity,handleStartActivity,0]
10-17 11:09:47.487 I/am_on_resume_called(32393): [0,com.idealinspecao.perueiroapp.MainActivity,RESUME_ACTIVITY,1]
10-17 11:09:47.499 I/am_on_top_resumed_gained_called(32393): [0,com.idealinspecao.perueiroapp.MainActivity,topStateChangedWhenResumed]
10-17 11:09:48.261 I/sysui_multi_action( 1594): [319,210,321,80,322,1255,325,1064571,757,761,758,7,759,1,806,com.idealinspecao.perueiroapp,871,com.idealinspecao.perueiroapp.MainActivity,904,com.miui.home,905,0,945,187,1320,8,1321,4]
10-17 11:09:48.264 I/am_activity_launch_time( 1594): [0,156273007,com.idealinspecao.perueiroapp/.MainActivity,1255]
10-17 11:09:59.172 I/am_pss  ( 1594): [32393,11385,com.idealinspecao.perueiroapp,102495232,89731072,152576,218456064,0,2,14]
10-17 11:10:09.222 I/am_pss  ( 1594): [32393,11385,com.idealinspecao.perueiroapp,101277696,90259456,152576,217718784,0,2,14]
10-17 11:10:25.678 I/am_on_top_resumed_lost_called(32393): [0,com.idealinspecao.perueiroapp.MainActivity,topStateChangedWhenResumed]
10-17 11:10:25.684 I/am_pause_activity( 1594): [32393,156273007,com.idealinspecao.perueiroapp/.MainActivity,userLeaving=true]
10-17 11:10:25.687 I/am_add_to_stopping( 1594): [0,156273007,com.idealinspecao.perueiroapp/.MainActivity,makeInvisible]
10-17 11:10:25.700 I/dvm_lock_sample( 1594): [system_server,1,Binder:1594_E,16,ActivityTaskManagerService.java,1746,void com.android.server.wm.ActivityTaskManagerService.activityTopResumedStateLost(),ActivityStarter.java,1313,int com.android.server.wm.ActivityStarter.startActivityMayWait(android.app.IApplicationThread, int, java.lang.String, int, int, android.content.Intent, java.lang.String, android.service.voice.IVoiceInteractionSession, com.android.internal.app.IVoiceInteractor, android.os.IBinder, java.lang.String, int, int, android.app.ProfilerInfo, android.app.WaitResult, android.content.res.Configuration, com.android.server.wm.SafeActivityOptions, boolean, int, com.android.server.wm.TaskRecord, java.lang.String, boolean, com.android.server.am.PendingIntentRecord, boolean),3]
10-17 11:10:25.702 I/am_on_paused_called(32393): [0,com.idealinspecao.perueiroapp.MainActivity,performPause,0]
10-17 11:10:26.134 I/am_stop_activity( 1594): [0,156273007,com.idealinspecao.perueiroapp/.MainActivity]
10-17 11:10:26.163 I/am_on_stop_called(32393): [0,com.idealinspecao.perueiroapp.MainActivity,STOP_ACTIVITY_ITEM,0]
10-17 11:10:26.879 I/sysui_multi_action( 2131): [757,289,758,4,806,ComponentInfo{com.idealinspecao.perueiroapp/com.idealinspecao.perueiroapp.MainActivity}]
10-17 11:10:26.881 I/am_finish_activity( 1594): [32393,156273007,1563,com.idealinspecao.perueiroapp/.MainActivity,remove-task]
10-17 11:10:26.881 I/am_destroy_activity( 1594): [32393,156273007,1563,com.idealinspecao.perueiroapp/.MainActivity,finish-imm:finishActivityLocked]
10-17 11:10:26.900 I/am_kill ( 1594): [0,32393,com.idealinspecao.perueiroapp,700,SwipeUpClean]
10-17 11:10:27.012 I/am_proc_died( 1594): [0,32393,com.idealinspecao.perueiroapp,700,16]
10-17 11:10:28.728 I/dvm_lock_sample( 1594): [system_server,1,android.display,8,WindowManagerService.java,5072,void com.android.server.wm.WindowManagerService$H.handleMessage(android.os.Message),ActivityTaskManagerService.java,1536,int com.android.server.wm.ActivityTaskManagerService.startActivityFromRecents(int, android.os.Bundle),1]
10-17 11:10:28.931 I/dvm_lock_sample( 1594): [system_server,1,Binder:1594_E,11,WindowProcessUtils.java,405,java.lang.String com.android.server.wm.WindowProcessUtils.getCallerPackageName(com.android.server.wm.ActivityTaskManagerService, android.app.IApplicationThread),WindowSurfacePlacer.java,61,void com.android.server.wm.WindowSurfacePlacer.lambda$new$0$WindowSurfacePlacer(),2]
10-17 11:10:45.070 I/dvm_lock_sample( 1594): [system_server,0,android.fg,317,ActivityManagerService.java,14450,int com.android.server.am.ActivityManagerService.bindIsolatedService(android.app.IApplicationThread, android.os.IBinder, android.content.Intent, java.lang.String, android.app.IServiceConnection, int, java.lang.String, java.lang.String, int),-,14285,android.content.ComponentName com.android.server.am.ActivityManagerService.startService(android.app.IApplicationThread, android.content.Intent, java.lang.String, boolean, java.lang.String, int),63]
10-17 11:10:45.071 I/dvm_lock_sample( 1594): [system_server,1,main,318,ActivityManagerService.java,18291,void com.android.server.am.ActivityManagerService$LocalService.updateDeviceIdleTempWhitelist(int[], int, boolean),-,14285,android.content.ComponentName com.android.server.am.ActivityManagerService.startService(android.app.IApplicationThread, android.content.Intent, java.lang.String, boolean, java.lang.String, int),63]
10-17 11:10:45.073 I/dvm_lock_sample( 1594): [system_server,1,ActivityManager,318,BroadcastQueue.java,984,void com.android.server.am.BroadcastQueue.processNextBroadcast(boolean, boolean),ActivityManagerService.java,15989,int com.android.server.am.ActivityManagerService.broadcastIntent(android.app.IApplicationThread, android.content.Intent, java.lang.String, android.content.IIntentReceiver, int, java.lang.String, android.os.Bundle, java.lang.String[], int, android.os.Bundle, boolean, boolean, int),63]
10-17 11:10:45.076 I/dvm_lock_sample( 1594): [system_server,1,Binder:1594_6,209,ActivityManagerService.java,15989,int com.android.server.am.ActivityManagerService.broadcastIntent(android.app.IApplicationThread, android.content.Intent, java.lang.String, android.content.IIntentReceiver, int, java.lang.String, android.os.Bundle, java.lang.String[], int, android.os.Bundle, boolean, boolean, int),-,15989,int com.android.server.am.ActivityManagerService.broadcastIntent(android.app.IApplicationThread, android.content.Intent, java.lang.String, android.content.IIntentReceiver, int, java.lang.String, android.os.Bundle, java.lang.String[], int, android.os.Bundle, boolean, boolean, int),41]
10-17 11:10:45.077 I/dvm_lock_sample( 1594): [system_server,1,Binder:1594_1D,190,ActivityManagerService.java,12299,java.util.ArrayList com.android.server.am.ActivityManagerService.collectProcesses(java.io.PrintWriter, int, boolean, java.lang.String[]),-,15989,int com.android.server.am.ActivityManagerService.broadcastIntent(android.app.IApplicationThread, android.content.Intent, java.lang.String, android.content.IIntentReceiver, int, java.lang.String, android.os.Bundle, java.lang.String[], int, android.os.Bundle, boolean, boolean, int),38]
10-17 11:10:45.079 I/dvm_lock_sample( 1594): [system_server,0,Binder:1594_14,85,ActivityManagerService.java,14494,void com.android.server.am.ActivityManagerService.serviceDoneExecuting(android.os.IBinder, int, int, int),-,15989,int com.android.server.am.ActivityManagerService.broadcastIntent(android.app.IApplicationThread, android.content.Intent, java.lang.String, android.content.IIntentReceiver, int, java.lang.String, android.os.Bundle, java.lang.String[], int, android.os.Bundle, boolean, boolean, int),17]
10-17 11:10:45.985 I/dvm_lock_sample( 1594): [system_server,1,Binder:1594_15,7,ActivityManagerService.java,5395,void com.android.server.am.ActivityManagerService.attachApplication(android.app.IApplicationThread, long),-,14463,boolean com.android.server.am.ActivityManagerService.unbindService(android.app.IServiceConnection),1]
10-17 11:10:46.930 I/notification_cancel_all( 1594): [1000,1594,com.idealinspecao.perueiroapp,0,0,0,5,NULL]
10-17 11:10:47.057 I/am_wtf  ( 1594): [0,1594,system_server,-1,PasspointManager,No app ops listener found for com.idealinspecao.perueiroapp]
10-17 11:10:48.027 I/dvm_lock_sample( 1594): [system_server,1,Binder:1594_1E,18,ActivityManagerService.java,14791,android.content.Intent com.android.server.am.ActivityManagerService.registerReceiver(android.app.IApplicationThread, java.lang.String, android.content.IIntentReceiver, android.content.IntentFilter, java.lang.String, int, int),-,5395,void com.android.server.am.ActivityManagerService.attachApplication(android.app.IApplicationThread, long),3]
10-17 11:10:51.965 I/dvm_lock_sample( 1594): [system_server,0,Binder:1594_1E,13,ActivityManagerService.java,16095,void com.android.server.am.ActivityManagerService.finishReceiver(android.os.IBinder, int, java.lang.String, android.os.Bundle, boolean, int),-,14450,int com.android.server.am.ActivityManagerService.bindIsolatedService(android.app.IApplicationThread, android.os.IBinder, android.content.Intent, java.lang.String, android.app.IServiceConnection, int, java.lang.String, java.lang.String, int),2]
10-17 11:11:18.407 I/dvm_lock_sample( 1594): [system_server,1,Binder:1594_6,47,ActivityManagerService.java,14791,android.content.Intent com.android.server.am.ActivityManagerService.registerReceiver(android.app.IApplicationThread, java.lang.String, android.content.IIntentReceiver, android.content.IntentFilter, java.lang.String, int, int),-,14285,android.content.ComponentName com.android.server.am.ActivityManagerService.startService(android.app.IApplicationThread, android.content.Intent, java.lang.String, boolean, java.lang.String, int),9]
10-17 11:11:18.570 I/dvm_lock_sample( 1594): [system_server,1,Binder:1594_20,8,ActivityManagerService.java,15989,int com.android.server.am.ActivityManagerService.broadcastIntent(android.app.IApplicationThread, android.content.Intent, java.lang.String, android.content.IIntentReceiver, int, java.lang.String, android.os.Bundle, java.lang.String[], int, android.os.Bundle, boolean, boolean, int),-,14463,boolean com.android.server.am.ActivityManagerService.unbindService(android.app.IServiceConnection),1]
10-17 11:23:00.783 I/dvm_lock_sample( 1594): [system_server,1,Binder:1594_8,21,ActivityManagerService.java,14450,int com.android.server.am.ActivityManagerService.bindIsolatedService(android.app.IApplicationThread, android.os.IBinder, android.content.Intent, java.lang.String, android.app.IServiceConnection, int, java.lang.String, java.lang.String, int),-,14450,int com.android.server.am.ActivityManagerService.bindIsolatedService(android.app.IApplicationThread, android.os.IBinder, android.content.Intent, java.lang.String, android.app.IServiceConnection, int, java.lang.String, java.lang.String, int),4]
10-17 11:23:00.795 I/dvm_lock_sample( 1594): [system_server,1,android.ui,23,ActivityManagerService.java,3378,void com.android.server.am.ActivityManagerService.dispatchUidsChanged(),-,14450,int com.android.server.am.ActivityManagerService.bindIsolatedService(android.app.IApplicationThread, android.os.IBinder, android.content.Intent, java.lang.String, android.app.IServiceConnection, int, java.lang.String, java.lang.String, int),4]
10-17 11:23:34.811 I/dvm_lock_sample( 1594): [system_server,0,miui.fg,27,ActivityManagerService.java,10090,int com.android.server.am.ActivityManagerService.getMemoryTrimLevel(),BroadcastQueue.java,984,void com.android.server.am.BroadcastQueue.processNextBroadcast(boolean, boolean),5]
10-17 11:23:34.837 I/dvm_lock_sample( 1594): [system_server,1,Binder:1594_13,46,ActivityManagerService.java,14285,android.content.ComponentName com.android.server.am.ActivityManagerService.startService(android.app.IApplicationThread, android.content.Intent, java.lang.String, boolean, java.lang.String, int),-,15989,int com.android.server.am.ActivityManagerService.broadcastIntent(android.app.IApplicationThread, android.content.Intent, java.lang.String, android.content.IIntentReceiver, int, java.lang.String, android.os.Bundle, java.lang.String[], int, android.os.Bundle, boolean, boolean, int),9]
