10-28 03:04:44.871 I/dvm_lock_sample( 1594): [system_server,1,main,7,BroadcastDispatcher.java,186,void com.android.server.am.BroadcastDispatcher$1.broadcastAlarmComplete(int),ActivityManagerService.java,16095,void com.android.server.am.ActivityManagerService.finishReceiver(android.os.IBinder, int, java.lang.String, android.os.Bundle, boolean, int),1]
10-28 03:04:55.272 I/dvm_lock_sample( 1594): [system_server,1,android.ui,16,ActivityManagerService.java,3378,void com.android.server.am.ActivityManagerService.dispatchUidsChanged(),-,1537,void com.android.server.am.ActivityManagerService$AppDeathRecipient.binderDied(),3]
10-28 03:05:17.308 I/am_pss  ( 1594): [15082,11398,com.idealinspecao.perueiroapp,127946752,123916288,238592,192651264,1,2,11]
10-28 03:16:13.614 I/dvm_lock_sample( 1594): [system_server,1,Binder:1594_B,5,ActivityManagerService.java,14450,int com.android.server.am.ActivityManagerService.bindIsolatedService(android.app.IApplicationThread, android.os.IBinder, android.content.Intent, java.lang.String, android.app.IServiceConnection, int, java.lang.String, java.lang.String, int),-,16095,void com.android.server.am.ActivityManagerService.finishReceiver(android.os.IBinder, int, java.lang.String, android.os.Bundle, boolean, int),1]
10-28 03:22:21.268 I/dvm_lock_sample( 1594): [system_server,0,android.bg,9,ActivityManagerService.java,1964,void com.android.server.am.ActivityManagerService$5.handleMessage(android.os.Message),-,5395,void com.android.server.am.ActivityManagerService.attachApplication(android.app.IApplicationThread, long),1]
10-28 03:22:21.831 I/dvm_lock_sample( 1594): [system_server,1,Binder:1594_F,19,ActivityManagerService.java,7717,boolean com.android.server.am.ActivityManagerService.refContentProvider(android.os.IBinder, int, int),-,14450,int com.android.server.am.ActivityManagerService.bindIsolatedService(android.app.IApplicationThread, android.os.IBinder, android.content.Intent, java.lang.String, android.app.IServiceConnection, int, java.lang.String, java.lang.String, int),3]
10-28 03:22:22.362 I/dvm_lock_sample( 1594): [system_server,1,Binder:1594_18,19,ActivityManagerService.java,14791,android.content.Intent com.android.server.am.ActivityManagerService.registerReceiver(android.app.IApplicationThread, java.lang.String, android.content.IIntentReceiver, android.content.IntentFilter, java.lang.String, int, int),-,14450,int com.android.server.am.ActivityManagerService.bindIsolatedService(android.app.IApplicationThread, android.os.IBinder, android.content.Intent, java.lang.String, android.app.IServiceConnection, int, java.lang.String, java.lang.String, int),3]
10-28 03:22:22.429 I/dvm_lock_sample( 1594): [system_server,1,Binder:1594_1B,28,ActivityManagerService.java,14450,int com.android.server.am.ActivityManagerService.bindIsolatedService(android.app.IApplicationThread, android.os.IBinder, android.content.Intent, java.lang.String, android.app.IServiceConnection, int, java.lang.String, java.lang.String, int),-,1537,void com.android.server.am.ActivityManagerService$AppDeathRecipient.binderDied(),5]
10-28 03:22:22.841 I/am_pss  ( 1594): [15082,11398,com.idealinspecao.perueiroapp,127828992,123912192,228352,192512000,1,2,11]
10-28 03:41:30.121 I/dvm_lock_sample( 1594): [system_server,1,Binder:1594_E,6,ActivityManagerService.java,8605,boolean com.android.server.am.ActivityManagerService.isUidActive(int, java.lang.String),-,14494,void com.android.server.am.ActivityManagerService.serviceDoneExecuting(android.os.IBinder, int, int, int),1]
10-28 04:00:00.289 I/dvm_lock_sample( 1594): [system_server,1,Binder:1594_1F,6,ActivityManagerService.java,14962,void com.android.server.am.ActivityManagerService.unregisterReceiver(android.content.IIntentReceiver),-,14450,int com.android.server.am.ActivityManagerService.bindIsolatedService(android.app.IApplicationThread, android.os.IBinder, android.content.Intent, java.lang.String, android.app.IServiceConnection, int, java.lang.String, java.lang.String, int),1]
10-28 04:24:44.885 I/am_pss  ( 1594): [15082,11398,com.idealinspecao.perueiroapp,127524864,123854848,206848,191934464,0,2,17]
10-28 04:33:37.774 I/dvm_lock_sample( 1594): [system_server,1,ActivityManager,16,ActiveServices.java,2189,void com.android.server.am.ActiveServices$ServiceRestarter.run(),ActivityManagerService.java,14463,boolean com.android.server.am.ActivityManagerService.unbindService(android.app.IServiceConnection),3]
10-28 04:33:48.529 I/dvm_lock_sample( 1594): [system_server,1,Binder:1594_9,14,ProcessManagerService.java,1704,java.util.List com.android.server.am.ProcessManagerService.getRunningProcessInfo(int, int, java.lang.String, java.lang.String, int),ActivityManagerService.java,1537,void com.android.server.am.ActivityManagerService$AppDeathRecipient.binderDied(),2]
10-28 04:33:48.529 I/dvm_lock_sample( 1594): [system_server,1,Binder:1594_C,12,ActivityManagerService.java,14875,android.content.Intent com.android.server.am.ActivityManagerService.registerReceiver(android.app.IApplicationThread, java.lang.String, android.content.IIntentReceiver, android.content.IntentFilter, java.lang.String, int, int),-,5395,void com.android.server.am.ActivityManagerService.attachApplication(android.app.IApplicationThread, long),2]
10-28 04:33:48.757 I/dvm_lock_sample( 1594): [system_server,1,Binder:1594_1E,15,ProcessManagerService.java,1704,java.util.List com.android.server.am.ProcessManagerService.getRunningProcessInfo(int, int, java.lang.String, java.lang.String, int),ActivityManagerService.java,1537,void com.android.server.am.ActivityManagerService$AppDeathRecipient.binderDied(),3]
10-28 04:44:16.282 I/dvm_lock_sample( 1594): [system_server,1,Binder:1594_1,10,ActivityManagerService.java,10031,java.util.List com.android.server.am.ActivityManagerService.getRunningAppProcesses(),-,1537,void com.android.server.am.ActivityManagerService$AppDeathRecipient.binderDied(),2]
10-28 04:44:16.556 I/dvm_lock_sample( 1594): [system_server,1,Binder:1594_1C,27,ProcessManagerService.java,1704,java.util.List com.android.server.am.ProcessManagerService.getRunningProcessInfo(int, int, java.lang.String, java.lang.String, int),ActivityManagerService.java,1537,void com.android.server.am.ActivityManagerService$AppDeathRecipient.binderDied(),5]
10-28 04:44:16.783 I/am_pss  ( 1594): [15082,11398,com.idealinspecao.perueiroapp,128015360,124088320,233472,191676416,1,2,11]
10-28 04:44:56.474 I/dvm_lock_sample( 1594): [system_server,0,Binder:1594_17,11,ActivityManagerService.java,7564,void com.android.server.am.ActivityManagerService.removeContentProvider(android.os.IBinder, boolean),-,5395,void com.android.server.am.ActivityManagerService.attachApplication(android.app.IApplicationThread, long),2]
10-28 04:50:01.486 I/dvm_lock_sample( 1594): [system_server,0,miui.fg,16,ActivityManagerService.java,5955,boolean com.android.server.am.ActivityManagerService.isAppBad(android.content.pm.ApplicationInfo),-,14450,int com.android.server.am.ActivityManagerService.bindIsolatedService(android.app.IApplicationThread, android.os.IBinder, android.content.Intent, java.lang.String, android.app.IServiceConnection, int, java.lang.String, java.lang.String, int),3]
10-28 04:50:01.733 I/dvm_lock_sample( 1594): [system_server,1,Binder:1594_20,16,ActivityManagerService.java,14474,void com.android.server.am.ActivityManagerService.publishService(android.os.IBinder, android.content.Intent, android.os.IBinder),-,14450,int com.android.server.am.ActivityManagerService.bindIsolatedService(android.app.IApplicationThread, android.os.IBinder, android.content.Intent, java.lang.String, android.app.IServiceConnection, int, java.lang.String, java.lang.String, int),3]
10-28 04:50:02.004 I/am_pss  ( 1594): [15082,11398,com.idealinspecao.perueiroapp,128114688,124088320,233472,191799296,1,2,12]
10-28 04:53:30.542 I/dvm_lock_sample( 1594): [system_server,1,Binder:1594_6,17,ActivityManagerService.java,14791,android.content.Intent com.android.server.am.ActivityManagerService.registerReceiver(android.app.IApplicationThread, java.lang.String, android.content.IIntentReceiver, android.content.IntentFilter, java.lang.String, int, int),-,14450,int com.android.server.am.ActivityManagerService.bindIsolatedService(android.app.IApplicationThread, android.os.IBinder, android.content.Intent, java.lang.String, android.app.IServiceConnection, int, java.lang.String, java.lang.String, int),3]
10-28 04:57:45.328 I/dvm_lock_sample( 1594): [system_server,1,Binder:1594_19,20,ActivityManagerService.java,14488,void com.android.server.am.ActivityManagerService.unbindFinished(android.os.IBinder, android.content.Intent, boolean),-,17200,void com.android.server.am.ActivityManagerService$ProcStatsRunnable.run(),4]
10-28 04:57:45.539 I/am_pss  ( 1594): [15082,11398,com.idealinspecao.perueiroapp,128038912,123977728,238592,191795200,2,2,11]
10-28 05:05:36.479 I/am_pss  ( 1594): [15082,11398,com.idealinspecao.perueiroapp,128241664,123949056,257024,191954944,1,2,11]
10-28 05:08:44.477 I/dvm_lock_sample( 1594): [system_server,1,Binder:1594_4,28,ProcessManagerService.java,1704,java.util.List com.android.server.am.ProcessManagerService.getRunningProcessInfo(int, int, java.lang.String, java.lang.String, int),ActivityManagerService.java,1537,void com.android.server.am.ActivityManagerService$AppDeathRecipient.binderDied(),5]
10-28 05:16:31.377 I/dvm_lock_sample( 1594): [system_server,1,Binder:1594_1A,65,ActivityManagerService.java,14791,android.content.Intent com.android.server.am.ActivityManagerService.registerReceiver(android.app.IApplicationThread, java.lang.String, android.content.IIntentReceiver, android.content.IntentFilter, java.lang.String, int, int),-,14450,int com.android.server.am.ActivityManagerService.bindIsolatedService(android.app.IApplicationThread, android.os.IBinder, android.content.Intent, java.lang.String, android.app.IServiceConnection, int, java.lang.String, java.lang.String, int),13]
10-28 05:16:38.686 I/dvm_lock_sample( 1594): [system_server,1,android.ui,7,ActivityManagerService.java,3378,void com.android.server.am.ActivityManagerService.dispatchUidsChanged(),BroadcastQueue.java,984,void com.android.server.am.BroadcastQueue.processNextBroadcast(boolean, boolean),1]
10-28 05:16:39.537 I/dvm_lock_sample( 1594): [system_server,0,Binder:1594_19,25,ActivityManagerService.java,7564,void com.android.server.am.ActivityManagerService.removeContentProvider(android.os.IBinder, boolean),-,5395,void com.android.server.am.ActivityManagerService.attachApplication(android.app.IApplicationThread, long),5]
10-28 05:16:50.569 I/dvm_lock_sample( 1594): [system_server,1,Binder:1594_1A,15,ActivityManagerService.java,1537,void com.android.server.am.ActivityManagerService$AppDeathRecipient.binderDied(),BroadcastQueue.java,984,void com.android.server.am.BroadcastQueue.processNextBroadcast(boolean, boolean),3]
10-28 05:20:02.882 I/dvm_lock_sample( 1594): [system_server,0,miui.fg,12,ActivityManagerService.java,5955,boolean com.android.server.am.ActivityManagerService.isAppBad(android.content.pm.ApplicationInfo),-,1537,void com.android.server.am.ActivityManagerService$AppDeathRecipient.binderDied(),2]
10-28 05:20:40.153 I/dvm_lock_sample( 1594): [system_server,1,android.ui,5,ActivityManagerService.java,3378,void com.android.server.am.ActivityManagerService.dispatchUidsChanged(),-,5395,void com.android.server.am.ActivityManagerService.attachApplication(android.app.IApplicationThread, long),1]
10-28 05:20:42.322 I/am_pss  ( 1594): [15082,11398,com.idealinspecao.perueiroapp,127967232,124203008,228352,190431232,1,2,12]
10-28 05:26:53.341 I/dvm_lock_sample( 1594): [system_server,0,Binder:1594_F,5,ActivityManagerService.java,14494,void com.android.server.am.ActivityManagerService.serviceDoneExecuting(android.os.IBinder, int, int, int),-,14450,int com.android.server.am.ActivityManagerService.bindIsolatedService(android.app.IApplicationThread, android.os.IBinder, android.content.Intent, java.lang.String, android.app.IServiceConnection, int, java.lang.String, java.lang.String, int),1]
10-28 05:35:54.709 I/dvm_lock_sample( 1594): [system_server,0,Binder:1594_6,14,ActivityManagerService.java,14494,void com.android.server.am.ActivityManagerService.serviceDoneExecuting(android.os.IBinder, int, int, int),-,14450,int com.android.server.am.ActivityManagerService.bindIsolatedService(android.app.IApplicationThread, android.os.IBinder, android.content.Intent, java.lang.String, android.app.IServiceConnection, int, java.lang.String, java.lang.String, int),2]
10-28 05:35:55.399 I/am_pss  ( 1594): [15082,11398,com.idealinspecao.perueiroapp,128036864,124080128,244736,190349312,1,2,10]
10-28 05:36:09.079 I/dvm_lock_sample( 1594): [system_server,1,Binder:1594_1D,10,ActivityManagerService.java,6752,java.lang.String com.android.server.am.ActivityManagerService.checkContentProviderAccess(java.lang.String, int),-,14450,int com.android.server.am.ActivityManagerService.bindIsolatedService(android.app.IApplicationThread, android.os.IBinder, android.content.Intent, java.lang.String, android.app.IServiceConnection, int, java.lang.String, java.lang.String, int),2]
10-28 05:36:29.047 I/dvm_lock_sample( 1594): [system_server,1,Binder:1594_1D,9,ActivityManagerService.java,14450,int com.android.server.am.ActivityManagerService.bindIsolatedService(android.app.IApplicationThread, android.os.IBinder, android.content.Intent, java.lang.String, android.app.IServiceConnection, int, java.lang.String, java.lang.String, int),-,5395,void com.android.server.am.ActivityManagerService.attachApplication(android.app.IApplicationThread, long),1]
10-28 05:46:06.317 I/dvm_lock_sample( 1594): [system_server,1,Binder:1594_A,6,ActivityManagerService.java,14335,boolean com.android.server.am.ActivityManagerService.stopServiceToken(android.content.ComponentName, android.os.IBinder, int),-,14450,int com.android.server.am.ActivityManagerService.bindIsolatedService(android.app.IApplicationThread, android.os.IBinder, android.content.Intent, java.lang.String, android.app.IServiceConnection, int, java.lang.String, java.lang.String, int),1]
10-28 05:53:37.418 I/dvm_lock_sample( 1594): [system_server,0,Binder:1594_B,7,ActivityManagerService.java,14494,void com.android.server.am.ActivityManagerService.serviceDoneExecuting(android.os.IBinder, int, int, int),-,14450,int com.android.server.am.ActivityManagerService.bindIsolatedService(android.app.IApplicationThread, android.os.IBinder, android.content.Intent, java.lang.String, android.app.IServiceConnection, int, java.lang.String, java.lang.String, int),1]
10-28 06:05:29.585 I/dvm_lock_sample( 1594): [system_server,1,Binder:1594_1F,8,ActivityManagerService.java,14450,int com.android.server.am.ActivityManagerService.bindIsolatedService(android.app.IApplicationThread, android.os.IBinder, android.content.Intent, java.lang.String, android.app.IServiceConnection, int, java.lang.String, java.lang.String, int),-,16095,void com.android.server.am.ActivityManagerService.finishReceiver(android.os.IBinder, int, java.lang.String, android.os.Bundle, boolean, int),1]
10-28 06:15:30.559 I/dvm_lock_sample( 1594): [system_server,1,Binder:1594_6,16,ActivityManagerService.java,8605,boolean com.android.server.am.ActivityManagerService.isUidActive(int, java.lang.String),-,5395,void com.android.server.am.ActivityManagerService.attachApplication(android.app.IApplicationThread, long),3]
10-28 06:15:32.727 I/dvm_lock_sample( 1594): [system_server,1,Binder:1594_A,5,ActivityManagerService.java,14450,int com.android.server.am.ActivityManagerService.bindIsolatedService(android.app.IApplicationThread, android.os.IBinder, android.content.Intent, java.lang.String, android.app.IServiceConnection, int, java.lang.String, java.lang.String, int),-,14343,void com.android.server.am.ActivityManagerService.setServiceForeground(android.content.ComponentName, android.os.IBinder, int, android.app.Notification, int, int),1]
10-28 06:21:12.997 I/dvm_lock_sample( 1594): [system_server,1,Binder:1594_1B,9,ActivityManagerService.java,6752,java.lang.String com.android.server.am.ActivityManagerService.checkContentProviderAccess(java.lang.String, int),-,14450,int com.android.server.am.ActivityManagerService.bindIsolatedService(android.app.IApplicationThread, android.os.IBinder, android.content.Intent, java.lang.String, android.app.IServiceConnection, int, java.lang.String, java.lang.String, int),1]
10-28 06:36:11.675 I/am_pss  ( 1594): [15082,11398,com.idealinspecao.perueiroapp,127457280,123883520,210944,189775872,0,2,16]
10-28 06:38:02.898 I/dvm_lock_sample( 1594): [system_server,0,android.bg,17,ActivityManagerService.java,1964,void com.android.server.am.ActivityManagerService$5.handleMessage(android.os.Message),-,14450,int com.android.server.am.ActivityManagerService.bindIsolatedService(android.app.IApplicationThread, android.os.IBinder, android.content.Intent, java.lang.String, android.app.IServiceConnection, int, java.lang.String, java.lang.String, int),3]
10-28 06:38:02.900 I/dvm_lock_sample( 1594): [system_server,0,Binder:1594_1B,19,ActivityManagerService.java,14494,void com.android.server.am.ActivityManagerService.serviceDoneExecuting(android.os.IBinder, int, int, int),-,14450,int com.android.server.am.ActivityManagerService.bindIsolatedService(android.app.IApplicationThread, android.os.IBinder, android.content.Intent, java.lang.String, android.app.IServiceConnection, int, java.lang.String, java.lang.String, int),3]
10-28 06:41:31.151 I/dvm_lock_sample( 1594): [system_server,1,Binder:1594_17,14,ActivityManagerService.java,7717,boolean com.android.server.am.ActivityManagerService.refContentProvider(android.os.IBinder, int, int),-,14463,boolean com.android.server.am.ActivityManagerService.unbindService(android.app.IServiceConnection),2]
10-28 07:06:33.589 I/dvm_lock_sample( 1594): [system_server,1,Binder:1594_D,5,ActivityManagerService.java,14474,void com.android.server.am.ActivityManagerService.publishService(android.os.IBinder, android.content.Intent, android.os.IBinder),-,14450,int com.android.server.am.ActivityManagerService.bindIsolatedService(android.app.IApplicationThread, android.os.IBinder, android.content.Intent, java.lang.String, android.app.IServiceConnection, int, java.lang.String, java.lang.String, int),1]
10-28 07:15:31.156 I/dvm_lock_sample( 1594): [system_server,0,miui.fg,5,ActivityManagerService.java,5955,boolean com.android.server.am.ActivityManagerService.isAppBad(android.content.pm.ApplicationInfo),-,14494,void com.android.server.am.ActivityManagerService.serviceDoneExecuting(android.os.IBinder, int, int, int),1]
10-28 07:36:15.798 I/am_pss  ( 1594): [15082,11398,com.idealinspecao.perueiroapp,127332352,123817984,202752,189534208,0,2,19]
10-28 07:36:46.782 I/dvm_lock_sample( 1594): [system_server,0,Binder:1594_1,24,ActivityManagerService.java,14494,void com.android.server.am.ActivityManagerService.serviceDoneExecuting(android.os.IBinder, int, int, int),-,14450,int com.android.server.am.ActivityManagerService.bindIsolatedService(android.app.IApplicationThread, android.os.IBinder, android.content.Intent, java.lang.String, android.app.IServiceConnection, int, java.lang.String, java.lang.String, int),4]
10-28 07:36:46.787 I/dvm_lock_sample( 1594): [system_server,1,Binder:1594_15,24,ActivityManagerService.java,5955,boolean com.android.server.am.ActivityManagerService.isAppBad(android.content.pm.ApplicationInfo),-,14450,int com.android.server.am.ActivityManagerService.bindIsolatedService(android.app.IApplicationThread, android.os.IBinder, android.content.Intent, java.lang.String, android.app.IServiceConnection, int, java.lang.String, java.lang.String, int),4]
10-28 07:37:31.372 I/dvm_lock_sample( 1594): [system_server,1,android.ui,17,ActivityManagerService.java,3378,void com.android.server.am.ActivityManagerService.dispatchUidsChanged(),-,14463,boolean com.android.server.am.ActivityManagerService.unbindService(android.app.IServiceConnection),3]
10-28 07:48:02.324 I/am_pss  ( 1594): [15082,11398,com.idealinspecao.perueiroapp,128259072,124235776,243712,190787584,1,2,12]
10-28 07:49:06.037 I/dvm_lock_sample( 1594): [system_server,1,Binder:1594_1E,10,ActivityManagerService.java,7717,boolean com.android.server.am.ActivityManagerService.refContentProvider(android.os.IBinder, int, int),-,14450,int com.android.server.am.ActivityManagerService.bindIsolatedService(android.app.IApplicationThread, android.os.IBinder, android.content.Intent, java.lang.String, android.app.IServiceConnection, int, java.lang.String, java.lang.String, int),2]
10-28 07:49:06.185 I/dvm_lock_sample( 1594): [system_server,1,Binder:1594_1E,6,ActivityManagerService.java,14791,android.content.Intent com.android.server.am.ActivityManagerService.registerReceiver(android.app.IApplicationThread, java.lang.String, android.content.IIntentReceiver, android.content.IntentFilter, java.lang.String, int, int),-,14463,boolean com.android.server.am.ActivityManagerService.unbindService(android.app.IServiceConnection),1]
10-28 07:49:06.248 I/dvm_lock_sample( 1594): [system_server,1,Binder:1594_19,7,ActivityManagerService.java,14450,int com.android.server.am.ActivityManagerService.bindIsolatedService(android.app.IApplicationThread, android.os.IBinder, android.content.Intent, java.lang.String, android.app.IServiceConnection, int, java.lang.String, java.lang.String, int),-,14450,int com.android.server.am.ActivityManagerService.bindIsolatedService(android.app.IApplicationThread, android.os.IBinder, android.content.Intent, java.lang.String, android.app.IServiceConnection, int, java.lang.String, java.lang.String, int),1]
10-28 07:53:30.021 I/am_pss  ( 1594): [15082,11398,com.idealinspecao.perueiroapp,128097280,124149760,238592,190738432,1,2,12]
10-28 07:53:32.057 I/dvm_lock_sample( 1594): [system_server,0,ranker,10,ActivityManagerService.java,6978,android.app.ContentProviderHolder com.android.server.am.ActivityManagerService.getContentProviderImpl(android.app.IApplicationThread, java.lang.String, android.os.IBinder, int, java.lang.String, java.lang.String, boolean, int),-,14450,int com.android.server.am.ActivityManagerService.bindIsolatedService(android.app.IApplicationThread, android.os.IBinder, android.content.Intent, java.lang.String, android.app.IServiceConnection, int, java.lang.String, java.lang.String, int),2]
10-28 07:57:59.814 I/am_pss  ( 1594): [15082,11398,com.idealinspecao.perueiroapp,127866880,124018688,228352,190488576,2,2,11]
10-28 08:03:45.191 I/dvm_lock_sample( 1594): [system_server,1,Binder:1594_1E,7,ActivityManagerService.java,4467,void com.android.server.am.ActivityManagerService.addPackageDependency(java.lang.String),-,14450,int com.android.server.am.ActivityManagerService.bindIsolatedService(android.app.IApplicationThread, android.os.IBinder, android.content.Intent, java.lang.String, android.app.IServiceConnection, int, java.lang.String, java.lang.String, int),1]
10-28 08:10:22.302 I/dvm_lock_sample( 1594): [system_server,1,Binder:1594_D,12,ActivityManagerService.java,14463,boolean com.android.server.am.ActivityManagerService.unbindService(android.app.IServiceConnection),-,1537,void com.android.server.am.ActivityManagerService$AppDeathRecipient.binderDied(),2]
10-28 08:16:28.459 I/dvm_lock_sample( 1594): [system_server,1,Binder:1594_1C,11,ActivityManagerService.java,14474,void com.android.server.am.ActivityManagerService.publishService(android.os.IBinder, android.content.Intent, android.os.IBinder),-,14450,int com.android.server.am.ActivityManagerService.bindIsolatedService(android.app.IApplicationThread, android.os.IBinder, android.content.Intent, java.lang.String, android.app.IServiceConnection, int, java.lang.String, java.lang.String, int),2]
10-28 08:20:12.673 I/dvm_lock_sample( 1594): [system_server,1,android.ui,19,ActivityManagerService.java,3378,void com.android.server.am.ActivityManagerService.dispatchUidsChanged(),-,14450,int com.android.server.am.ActivityManagerService.bindIsolatedService(android.app.IApplicationThread, android.os.IBinder, android.content.Intent, java.lang.String, android.app.IServiceConnection, int, java.lang.String, java.lang.String, int),3]
10-28 08:21:18.161 I/dvm_lock_sample( 1594): [system_server,0,Binder:1594_E,6,ActivityManagerService.java,14494,void com.android.server.am.ActivityManagerService.serviceDoneExecuting(android.os.IBinder, int, int, int),-,14463,boolean com.android.server.am.ActivityManagerService.unbindService(android.app.IServiceConnection),1]
10-28 08:21:18.198 I/dvm_lock_sample( 1594): [system_server,1,Binder:1594_E,13,ActivityManagerService.java,5955,boolean com.android.server.am.ActivityManagerService.isAppBad(android.content.pm.ApplicationInfo),ActiveServices.java,2189,void com.android.server.am.ActiveServices$ServiceRestarter.run(),2]
10-28 08:29:33.411 I/am_pss  ( 1594): [15082,11398,com.idealinspecao.perueiroapp,127666176,124026880,235520,189952000,1,2,12]
10-28 08:29:33.496 I/dvm_lock_sample( 1594): [system_server,0,android.bg,6,ActivityManagerService.java,2043,void com.android.server.am.ActivityManagerService$5.handleMessage(android.os.Message),-,7639,void com.android.server.am.ActivityManagerService.publishContentProviders(android.app.IApplicationThread, java.util.List),1]
10-28 08:39:00.035 I/dvm_lock_sample( 1594): [system_server,0,miui.fg,26,ActivityManagerService.java,5955,boolean com.android.server.am.ActivityManagerService.isAppBad(android.content.pm.ApplicationInfo),-,18666,int com.android.server.am.ActivityManagerService$LocalService.broadcastIntentInPackage(java.lang.String, int, int, int, android.content.Intent, java.lang.String, android.content.IIntentReceiver, int, java.lang.String, android.os.Bundle, java.lang.String, android.os.Bundle, boolean, boolean, int, boolean),5]
10-28 08:45:56.555 I/am_on_top_resumed_lost_called(15082): [0,com.idealinspecao.perueiroapp.MainActivity,topStateChangedWhenResumed]
10-28 08:45:56.561 I/am_pause_activity( 1594): [15082,146374948,com.idealinspecao.perueiroapp/.MainActivity,userLeaving=true]
10-28 08:45:56.571 I/am_on_paused_called(15082): [0,com.idealinspecao.perueiroapp.MainActivity,performPause,0]
10-28 08:45:57.296 I/am_set_resumed_activity( 1594): [0,com.idealinspecao.perueiroapp/.MainActivity,finishActivity]
10-28 08:45:57.476 I/am_set_resumed_activity( 1594): [0,com.idealinspecao.perueiroapp/.MainActivity,resumeTopActivityInnerLocked]
10-28 08:45:57.476 I/am_resume_activity( 1594): [0,146374948,1995,com.idealinspecao.perueiroapp/.MainActivity,15082]
10-28 08:45:57.483 I/am_on_resume_called(15082): [0,com.idealinspecao.perueiroapp.MainActivity,RESUME_ACTIVITY,4]
10-28 08:45:57.484 I/am_on_top_resumed_gained_called(15082): [0,com.idealinspecao.perueiroapp.MainActivity,topWhenResuming]
10-28 08:45:57.732 I/am_kill ( 1594): [0,15082,com.idealinspecao.perueiroapp,0,stop com.idealinspecao.perueiroapp: installPackageLI]
10-28 08:45:57.735 I/am_finish_activity( 1594): [0,146374948,1995,com.idealinspecao.perueiroapp/.MainActivity,proc died without state saved]
10-28 08:45:58.372 I/dvm_lock_sample( 1594): [system_server,1,ActivityManager,624,PackageManagerService.java,7389,java.lang.String com.android.server.pm.PackageManagerService.getInstantAppPackageName(int),-,17551,void com.android.server.pm.PackageManagerService.installPackagesLI(java.util.List),100]
10-28 08:45:58.382 I/dvm_lock_sample( 1594): [system_server,1,Binder:1594_10,534,Session.java,146,void com.android.server.wm.Session.binderDied(),ActivityTaskManagerService.java,6942,void com.android.server.wm.ActivityTaskManagerService$LocalService.handleAppDied(com.android.server.wm.WindowProcessController, boolean, java.lang.Runnable),100]
10-28 08:45:58.382 I/dvm_lock_sample( 1594): [system_server,1,android.display,646,TaskChangeNotificationController.java,176,void com.android.server.wm.TaskChangeNotificationController$MainHandler.handleMessage(android.os.Message),ActivityTaskManagerService.java,6942,void com.android.server.wm.ActivityTaskManagerService$LocalService.handleAppDied(com.android.server.wm.WindowProcessController, boolean, java.lang.Runnable),100]
10-28 08:45:58.382 I/dvm_lock_sample( 1594): [system_server,1,android.anim,644,InputMonitor.java,120,void com.android.server.wm.InputMonitor$1.run(),ActivityTaskManagerService.java,6942,void com.android.server.wm.ActivityTaskManagerService$LocalService.handleAppDied(com.android.server.wm.WindowProcessController, boolean, java.lang.Runnable),100]
10-28 08:45:58.390 I/dvm_lock_sample( 1594): [system_server,1,android.ui,658,ActivityManagerService.java,3378,void com.android.server.am.ActivityManagerService.dispatchUidsChanged(),-,1777,void com.android.server.am.ActivityManagerService$MainHandler.handleMessage(android.os.Message),100]
10-28 08:45:58.576 I/notification_cancel_all( 1594): [1000,1594,com.idealinspecao.perueiroapp,0,0,0,5,NULL]
10-28 08:45:58.960 I/sysui_multi_action( 1594): [757,147,758,4,759,1,806,com.idealinspecao.perueiroapp]
10-28 08:46:00.016 I/am_create_activity( 1594): [0,28482362,1997,com.idealinspecao.perueiroapp/.MainActivity,NULL,NULL,NULL,268435456]
10-28 08:46:00.154 I/dvm_lock_sample( 1594): [system_server,1,Binder:1594_6,331,WindowProcessUtils.java,405,java.lang.String com.android.server.wm.WindowProcessUtils.getCallerPackageName(com.android.server.wm.ActivityTaskManagerService, android.app.IApplicationThread),ActivityStarter.java,1313,int com.android.server.wm.ActivityStarter.startActivityMayWait(android.app.IApplicationThread, int, java.lang.String, int, int, android.content.Intent, java.lang.String, android.service.voice.IVoiceInteractionSession, com.android.internal.app.IVoiceInteractor, android.os.IBinder, java.lang.String, int, int, android.app.ProfilerInfo, android.app.WaitResult, android.content.res.Configuration, com.android.server.wm.SafeActivityOptions, boolean, int, com.android.server.wm.TaskRecord, java.lang.String, boolean, com.android.server.am.PendingIntentRecord, boolean),66]
10-28 08:46:00.166 I/binder_sample(30114): [android.app.IActivityManager,21,400,com.miui.global.packageinstaller,80]
10-28 08:46:00.180 I/dvm_lock_sample( 1594): [system_server,0,Binder:1594_4,393,ActivityManagerService.java,14494,void com.android.server.am.ActivityManagerService.serviceDoneExecuting(android.os.IBinder, int, int, int),-,7639,void com.android.server.am.ActivityManagerService.publishContentProviders(android.app.IApplicationThread, java.util.List),78]
10-28 08:46:00.180 I/dvm_lock_sample( 1594): [system_server,1,Binder:1594_5,391,ActivityManagerService.java,14310,int com.android.server.am.ActivityManagerService.stopService(android.app.IApplicationThread, android.content.Intent, java.lang.String, int),-,7639,void com.android.server.am.ActivityManagerService.publishContentProviders(android.app.IApplicationThread, java.util.List),78]
10-28 08:46:00.182 I/dvm_lock_sample( 1594): [system_server,1,Binder:1594_10,366,ActivityManagerService.java,6978,android.app.ContentProviderHolder com.android.server.am.ActivityManagerService.getContentProviderImpl(android.app.IApplicationThread, java.lang.String, android.os.IBinder, int, java.lang.String, java.lang.String, boolean, int),-,7639,void com.android.server.am.ActivityManagerService.publishContentProviders(android.app.IApplicationThread, java.util.List),73]
10-28 08:46:00.182 I/dvm_lock_sample( 1594): [system_server,1,Binder:1594_14,358,ActivityManagerService.java,8574,int com.android.server.am.ActivityManagerService.getUidProcessState(int, java.lang.String),-,7639,void com.android.server.am.ActivityManagerService.publishContentProviders(android.app.IApplicationThread, java.util.List),71]
10-28 08:46:00.182 I/dvm_lock_sample( 1594): [system_server,1,Binder:1594_16,242,ActivityManagerService.java,6752,java.lang.String com.android.server.am.ActivityManagerService.checkContentProviderAccess(java.lang.String, int),-,7639,void com.android.server.am.ActivityManagerService.publishContentProviders(android.app.IApplicationThread, java.util.List),48]
10-28 08:46:00.197 I/dvm_lock_sample( 1594): [system_server,1,Binder:1594_6,35,ActivityManagerService.java,14450,int com.android.server.am.ActivityManagerService.bindIsolatedService(android.app.IApplicationThread, android.os.IBinder, android.content.Intent, java.lang.String, android.app.IServiceConnection, int, java.lang.String, java.lang.String, int),-,7639,void com.android.server.am.ActivityManagerService.publishContentProviders(android.app.IApplicationThread, java.util.List),7]
10-28 08:46:00.222 I/binder_sample( 1354): [android.app.IActivityManager,30,390,com.google.android.gms,78]
10-28 08:46:00.284 I/am_proc_start( 1594): [0,30235,11398,com.idealinspecao.perueiroapp,activity,{com.idealinspecao.perueiroapp/com.idealinspecao.perueiroapp.MainActivity}]
10-28 08:46:00.285 D/OemNetd (  518): setPidForPackage: packageName=com.idealinspecao.perueiroapp, pid=30235, pid=11398
10-28 08:46:00.403 I/am_proc_bound( 1594): [0,30235,com.idealinspecao.perueiroapp]
10-28 08:46:00.410 I/am_restart_activity( 1594): [0,28482362,1997,com.idealinspecao.perueiroapp/.MainActivity,30235]
10-28 08:46:00.412 I/am_set_resumed_activity( 1594): [0,com.idealinspecao.perueiroapp/.MainActivity,minimalResumeActivityLocked]
10-28 08:46:00.412 I/GST     (10006): forePkg: com.idealinspecao.perueiroapp, preForePkg: com.miui.home
10-28 08:46:00.412 D/PerfEngineController(28104): ForegroundInfo{mForegroundPackageName='com.idealinspecao.perueiroapp', mForegroundUid=11398, mForegroundPid=30235, mLastForegroundPackageName='com.miui.home', mLastForegroundUid=10064, mLastForegroundPid=2404, mMultiWindowForegroundPackageName='null', mMultiWindowForegroundUid=-1, mFlags=1}
10-28 08:46:00.413 I/ProcessMonitor(17776): onForegroundInfoChanged: ForegroundInfo{mForegroundPackageName='com.idealinspecao.perueiroapp', mForegroundUid=11398, mForegroundPid=30235, mLastForegroundPackageName='com.miui.home', mLastForegroundUid=10064, mLastForegroundPid=2404, mMultiWindowForegroundPackageName='null', mMultiWindowForegroundUid=-1, mFlags=1}
10-28 08:46:00.413 D/AutoInstallService(27991): onForegroundInfoChanged: com.idealinspecao.perueiroapp
10-28 08:46:00.549 I/ActivityManager( 1594): Start proc 30294:com.huaqin.diaglogger/1000 for service {com.huaqin.diaglogger/com.huaqin.diaglogger.DiagLogService} caller=com.huaqin.diaglogger
10-28 08:46:00.591 I/PI-ScanDispatch(30114): service bind, pkgName = com.idealinspecao.perueiroapp, installer = null, isReplace = true, firstGoogleTime = 1614890563430
10-28 08:46:00.908 I/ActivityManager( 1594): Process com.xiaomi.mi_connect_service (pid 27185) has died: cch+95 SVC 
10-28 08:46:00.939 W/ActivityManager( 1594): Scheduling restart of crashed service com.xiaomi.mi_connect_service/.MiConnectService in 39576ms
10-28 08:46:00.942 W/ActivityManager( 1594): Scheduling restart of crashed service com.xiaomi.mi_connect_service/com.xiaomi.idm.handoff_process_service.HandoffProcessService in 49573ms
10-28 08:46:01.018 I/ActivityManager( 1594): Killing 28666:com.google.android.webview:webview_service/u0a112 (adj 985): empty #17
10-28 08:46:01.271 I/ActivityManager( 1594): Process com.google.process.gapps (pid 28872) has died: cch+85 CEM 
10-28 08:46:01.331 I/ActivityManager( 1594): Process com.google.android.gms.unstable (pid 28712) has died: cch+75 CEM 
10-28 08:46:01.351 I/dvm_lock_sample( 1594): [system_server,1,Binder:1594_14,6,ActivityManagerService.java,14791,android.content.Intent com.android.server.am.ActivityManagerService.registerReceiver(android.app.IApplicationThread, java.lang.String, android.content.IIntentReceiver, android.content.IntentFilter, java.lang.String, int, int),-,1537,void com.android.server.am.ActivityManagerService$AppDeathRecipient.binderDied(),1]
10-28 08:46:01.363 I/ActivityManager( 1594): Start proc 30446:com.google.android.webview:webview_service/u0a112 for service {com.google.android.webview/org.chromium.android_webview.services.VariationsSeedServer} caller=com.miui.global.packageinstaller
10-28 08:46:01.395 I/ActivityManager( 1594): Start proc 30465:com.google.android.webview:sandboxed_process0:org.chromium.content.app.SandboxedProcessService0:0/u0i445 for  {com.miui.global.packageinstaller/org.chromium.content.app.SandboxedProcessService0:0} caller=com.miui.global.packageinstaller
10-28 08:46:01.549 I/ActivityManager( 1594): Process com.milink.runtime (pid 29192) has died: cch+75 CEM 
10-28 08:46:01.674 I/ActivityManager( 1594): Process com.milink.service (pid 29161) has died: cch+75 CEM 
10-28 08:46:01.726 I/notification_cancel_all( 1594): [1000,1594,com.idealinspecao.perueiroapp,0,0,0,5,NULL]
10-28 08:46:01.777 I/ActivityManager( 1594): Process android.process.media (pid 29511) has died: cch+65 CEM 
10-28 08:46:01.992 I/ActivityManager( 1594): Process com.miui.videoplayer (pid 29359) has died: cch+65 CEM 
10-28 08:46:02.233 I/ActivityManager( 1594): Process com.xiaomi.glgm (pid 29341) has died: cch+55 CEM 
10-28 08:46:02.258 I/dvm_lock_sample( 1594): [system_server,1,Binder:1594_6,25,ActivityManagerService.java,14474,void com.android.server.am.ActivityManagerService.publishService(android.os.IBinder, android.content.Intent, android.os.IBinder),-,14450,int com.android.server.am.ActivityManagerService.bindIsolatedService(android.app.IApplicationThread, android.os.IBinder, android.content.Intent, java.lang.String, android.app.IServiceConnection, int, java.lang.String, java.lang.String, int),5]
10-28 08:46:02.259 I/ActivityManager( 1594): Process com.google.process.gservices (pid 15583) has died: cch+99 CEM 
10-28 08:46:02.307 I/ActivityManager( 1594): Process android.process.acore (pid 29799) has died: cch+75 CEM 
10-28 08:46:02.344 I/dvm_lock_sample( 1594): [system_server,1,Binder:1594_2,38,ActivityManagerService.java,14474,void com.android.server.am.ActivityManagerService.publishService(android.os.IBinder, android.content.Intent, android.os.IBinder),-,14450,int com.android.server.am.ActivityManagerService.bindIsolatedService(android.app.IApplicationThread, android.os.IBinder, android.content.Intent, java.lang.String, android.app.IServiceConnection, int, java.lang.String, java.lang.String, int),7]
10-28 08:46:02.490 I/ActivityManager( 1594): Process com.google.android.apps.messaging (pid 29708) has died: cch+75 CEM 
10-28 08:46:02.534 D/Launcher.Model( 2404): LauncherAppsCallback onPackageChanged|com.idealinspecao.perueiroapp|UserHandle{0}
10-28 08:46:02.534 D/Launcher.Model( 2404): Got broadcast:Intent { act=android.intent.action.PACKAGE_CHANGED dat=package:com.idealinspecao.perueiroapp (has extras) }
10-28 08:46:02.574 D/Launcher.AllAppsList( 2404): updatePackage, packageName=com.idealinspecao.perueiroapp, loadMissing=false, user=UserHandle{0}, matchedSize=1
10-28 08:46:02.579 D/Launcher.AllAppsList( 2404): updatePackage, find appInfo=AppInfo, id=-1, itemType=0, user=UserHandle{0}, mIconType=0, pkgName=com.idealinspecao.perueiroapp, className=com.idealinspecao.perueiroapp.MainActivity, screenId=-1, container=-1, cellX=-1, cellY=-1, spanX=1, spanY=1, isLandscapePos=false from ComponentInfo{com.idealinspecao.perueiroapp/com.idealinspecao.perueiroapp.MainActivity}
10-28 08:46:02.586 D/Launcher.Model( 2404): onReceiveBackground, mAllAppsList=add=[], remove=[], modified=[(0, AppInfo, id=-1, itemType=0, user=UserHandle{0}, mIconType=0, pkgName=com.idealinspecao.perueiroapp, className=com.idealinspecao.perueiroapp.MainActivity, screenId=-1, container=-1, cellX=-1, cellY=-1, spanX=1, spanY=1, isLandscapePos=false)]
10-28 08:46:03.061 I/ActivityManager( 1594): Process com.miui.securitycenter (pid 29981) has died: cch+45 CEM 
10-28 08:46:03.073 W/ActivityManager( 1594): setHasOverlayUi called on unknown pid: 29981
10-28 08:46:03.074 I/ActivityManager( 1594): Process com.android.cellbroadcastreceiver (pid 29296) has died: cch+55 CEM 
10-28 08:46:03.098 I/ActivityManager( 1594): Process com.android.keychain (pid 30083) has died: cch+35 CEM 
10-28 08:46:03.589 I/ActivityManager( 1594): Process com.google.android.webview:webview_service (pid 30446) has died: cch+15 CEM 
10-28 08:46:03.620 I/ActivityManager( 1594): Process com.android.vending:background (pid 28950) has died: cch+15 CEM 
10-28 08:46:04.696 I/ActivityManager( 1594): Process com.miui.global.packageinstaller (pid 30114) has died: cch+5 CEM 
10-28 08:46:04.717 I/ActivityManager( 1594): Killing 30465:com.google.android.webview:sandboxed_process0:org.chromium.content.app.SandboxedProcessService0:0/u0a121i445 (adj 0): isolated not needed
===== END SNAPSHOT =====
