10-15 19:30:09.286 I/dvm_lock_sample( 1594): [system_server,1,Binder:1594_15,118,ActivityTaskManagerService.java,7377,com.android.server.wm.WindowProcessController com.android.server.wm.ActivityTaskManagerService$LocalService.getTopApp(),ActivityStarter.java,1313,int com.android.server.wm.ActivityStarter.startActivityMayWait(android.app.IApplicationThread, int, java.lang.String, int, int, android.content.Intent, java.lang.String, android.service.voice.IVoiceInteractionSession, com.android.internal.app.IVoiceInteractor, android.os.IBinder, java.lang.String, int, int, android.app.ProfilerInfo, android.app.WaitResult, android.content.res.Configuration, com.android.server.wm.SafeActivityOptions, boolean, int, com.android.server.wm.TaskRecord, java.lang.String, boolean, com.android.server.am.PendingIntentRecord, boolean),23]
10-15 19:30:09.443 I/am_proc_start( 1594): [0,16174,11374,com.idealinspecao.perueiroapp,activity,{com.idealinspecao.perueiroapp/com.idealinspecao.perueiroapp.MainActivity}]
10-15 19:30:09.545 I/am_proc_bound( 1594): [0,16174,com.idealinspecao.perueiroapp]
10-15 19:30:09.553 I/am_restart_activity( 1594): [0,79285322,1464,com.idealinspecao.perueiroapp/.MainActivity,16174]
10-15 19:30:09.554 I/am_set_resumed_activity( 1594): [0,com.idealinspecao.perueiroapp/.MainActivity,minimalResumeActivityLocked]
10-15 19:30:10.425 I/dvm_lock_sample( 1594): [system_server,1,Binder:1594_1F,27,ActivityManagerService.java,14791,android.content.Intent com.android.server.am.ActivityManagerService.registerReceiver(android.app.IApplicationThread, java.lang.String, android.content.IIntentReceiver, android.content.IntentFilter, java.lang.String, int, int),-,1537,void com.android.server.am.ActivityManagerService$AppDeathRecipient.binderDied(),5]
10-15 19:30:11.120 I/notification_cancel_all( 1594): [1000,1594,com.idealinspecao.perueiroapp,0,0,0,5,NULL]
10-15 19:30:12.011 I/dvm_lock_sample( 1594): [system_server,1,Binder:1594_17,10,ActivityManagerService.java,14791,android.content.Intent com.android.server.am.ActivityManagerService.registerReceiver(android.app.IApplicationThread, java.lang.String, android.content.IIntentReceiver, android.content.IntentFilter, java.lang.String, int, int),-,1537,void com.android.server.am.ActivityManagerService$AppDeathRecipient.binderDied(),2]
10-15 19:30:12.644 I/dvm_lock_sample( 1594): [system_server,1,ActivityManager,7,BroadcastQueue.java,984,void com.android.server.am.BroadcastQueue.processNextBroadcast(boolean, boolean),ActivityManagerService.java,16095,void com.android.server.am.ActivityManagerService.finishReceiver(android.os.IBinder, int, java.lang.String, android.os.Bundle, boolean, int),1]
10-15 19:30:14.853 I/am_lifecycle_sample(16174): [0,com.idealinspecao.perueiroapp,110,5264]
10-15 19:30:15.059 I/am_on_create_called(16174): [0,com.idealinspecao.perueiroapp.MainActivity,performCreate,96]
10-15 19:30:15.072 I/am_on_start_called(16174): [0,com.idealinspecao.perueiroapp.MainActivity,handleStartActivity,1]
10-15 19:30:15.076 I/am_on_resume_called(16174): [0,com.idealinspecao.perueiroapp.MainActivity,RESUME_ACTIVITY,1]
10-15 19:30:15.116 I/am_on_top_resumed_gained_called(16174): [0,com.idealinspecao.perueiroapp.MainActivity,topStateChangedWhenResumed]
10-15 19:30:17.064 I/sysui_multi_action( 1594): [319,575,321,482,322,8063,325,921793,757,761,758,7,759,1,806,com.idealinspecao.perueiroapp,871,com.idealinspecao.perueiroapp.MainActivity,904,com.android.shell,905,0,945,547,1320,12,1321,1]
10-15 19:30:17.067 I/am_activity_launch_time( 1594): [0,79285322,com.idealinspecao.perueiroapp/.MainActivity,8063]
10-15 19:30:20.392 I/am_pss  ( 1594): [16174,11374,com.idealinspecao.perueiroapp,131732480,122368000,214016,217812992,0,2,21]
10-15 19:30:31.545 I/am_pss  ( 1594): [16174,11374,com.idealinspecao.perueiroapp,141496320,130899968,206848,230756352,0,2,15]
10-15 19:31:45.617 I/am_pss  ( 1594): [16174,11374,com.idealinspecao.perueiroapp,146467840,136110080,201728,237154304,0,2,20]
10-15 19:32:08.977 I/dvm_lock_sample( 1594): [system_server,1,ActivityManager,9,BroadcastQueue.java,984,void com.android.server.am.BroadcastQueue.processNextBroadcast(boolean, boolean),ActivityManagerService.java,16095,void com.android.server.am.ActivityManagerService.finishReceiver(android.os.IBinder, int, java.lang.String, android.os.Bundle, boolean, int),1]
10-15 19:33:17.943 I/am_pss  ( 1594): [16174,11374,com.idealinspecao.perueiroapp,143316992,134111232,205824,229715968,0,2,20]
10-15 19:33:25.917 I/am_on_top_resumed_lost_called(16174): [0,com.idealinspecao.perueiroapp.MainActivity,topStateChangedWhenResumed]
10-15 19:33:25.920 I/am_pause_activity( 1594): [16174,79285322,com.idealinspecao.perueiroapp/.MainActivity,userLeaving=true]
10-15 19:33:25.922 I/am_add_to_stopping( 1594): [0,79285322,com.idealinspecao.perueiroapp/.MainActivity,makeInvisible]
10-15 19:33:25.934 I/am_on_paused_called(16174): [0,com.idealinspecao.perueiroapp.MainActivity,performPause,0]
10-15 19:33:26.476 I/am_stop_activity( 1594): [0,79285322,com.idealinspecao.perueiroapp/.MainActivity]
10-15 19:33:26.523 I/am_on_stop_called(16174): [0,com.idealinspecao.perueiroapp.MainActivity,STOP_ACTIVITY_ITEM,0]
10-15 19:33:27.082 I/sysui_multi_action( 2131): [757,289,758,4,806,ComponentInfo{com.idealinspecao.perueiroapp/com.idealinspecao.perueiroapp.MainActivity}]
10-15 19:33:27.084 I/am_finish_activity( 1594): [16174,79285322,1464,com.idealinspecao.perueiroapp/.MainActivity,remove-task]
10-15 19:33:27.085 I/am_destroy_activity( 1594): [16174,79285322,1464,com.idealinspecao.perueiroapp/.MainActivity,finish-imm:finishActivityLocked]
10-15 19:33:27.104 I/am_kill ( 1594): [0,16174,com.idealinspecao.perueiroapp,905,SwipeUpClean]
10-15 19:33:27.189 I/am_proc_died( 1594): [0,16174,com.idealinspecao.perueiroapp,905,20]
10-15 19:54:06.404 I/dvm_lock_sample( 1594): [system_server,1,Binder:1594_1A,10,ActivityManagerService.java,8605,boolean com.android.server.am.ActivityManagerService.isUidActive(int, java.lang.String),-,14450,int com.android.server.am.ActivityManagerService.bindIsolatedService(android.app.IApplicationThread, android.os.IBinder, android.content.Intent, java.lang.String, android.app.IServiceConnection, int, java.lang.String, java.lang.String, int),2]
10-15 20:01:01.119 I/dvm_lock_sample( 1594): [system_server,0,Binder:1594_18,8,ActivityManagerService.java,14494,void com.android.server.am.ActivityManagerService.serviceDoneExecuting(android.os.IBinder, int, int, int),-,14450,int com.android.server.am.ActivityManagerService.bindIsolatedService(android.app.IApplicationThread, android.os.IBinder, android.content.Intent, java.lang.String, android.app.IServiceConnection, int, java.lang.String, java.lang.String, int),1]
10-15 20:09:27.258 I/dvm_lock_sample( 1594): [system_server,1,android.ui,8,ActivityManagerService.java,3378,void com.android.server.am.ActivityManagerService.dispatchUidsChanged(),-,14450,int com.android.server.am.ActivityManagerService.bindIsolatedService(android.app.IApplicationThread, android.os.IBinder, android.content.Intent, java.lang.String, android.app.IServiceConnection, int, java.lang.String, java.lang.String, int),1]
10-15 20:19:28.423 I/dvm_lock_sample( 1594): [system_server,1,Binder:1594_19,5,ActivityManagerService.java,6752,java.lang.String com.android.server.am.ActivityManagerService.checkContentProviderAccess(java.lang.String, int),ProcessList.java,1687,void com.android.server.am.ProcessList.lambda$startProcessLocked$0$ProcessList(com.android.server.am.ProcessRecord, java.lang.String, int[], int, int, java.lang.String, java.lang.String, java.lang.String, long),1]
10-15 20:35:02.286 I/sysui_multi_action( 1594): [757,147,758,4,759,1,806,com.idealinspecao.perueiroapp]
10-15 20:35:02.303 I/dvm_lock_sample( 1594): [system_server,1,ActivityManager,6,BroadcastQueue.java,984,void com.android.server.am.BroadcastQueue.processNextBroadcast(boolean, boolean),ActivityManagerService.java,14494,void com.android.server.am.ActivityManagerService.serviceDoneExecuting(android.os.IBinder, int, int, int),1]
10-15 20:35:02.873 I/dvm_lock_sample( 1594): [system_server,1,Binder:1594_D,28,ActivityManagerService.java,14285,android.content.ComponentName com.android.server.am.ActivityManagerService.startService(android.app.IApplicationThread, android.content.Intent, java.lang.String, boolean, java.lang.String, int),-,14494,void com.android.server.am.ActivityManagerService.serviceDoneExecuting(android.os.IBinder, int, int, int),5]
10-15 20:35:03.225 I/am_create_activity( 1594): [0,60442913,1466,com.idealinspecao.perueiroapp/.MainActivity,NULL,NULL,NULL,268435456]
10-15 20:35:03.332 I/am_proc_start( 1594): [0,19724,11374,com.idealinspecao.perueiroapp,activity,{com.idealinspecao.perueiroapp/com.idealinspecao.perueiroapp.MainActivity}]
10-15 20:35:03.593 I/am_proc_bound( 1594): [0,19724,com.idealinspecao.perueiroapp]
10-15 20:35:03.614 I/am_restart_activity( 1594): [0,60442913,1466,com.idealinspecao.perueiroapp/.MainActivity,19724]
10-15 20:35:03.615 I/am_set_resumed_activity( 1594): [0,com.idealinspecao.perueiroapp/.MainActivity,minimalResumeActivityLocked]
10-15 20:35:04.022 I/notification_cancel_all( 1594): [1000,1594,com.idealinspecao.perueiroapp,0,0,0,5,NULL]
10-15 20:35:04.046 I/notification_cancel_all( 1594): [1000,1594,com.idealinspecao.perueiroapp,0,0,0,5,NULL]
10-15 20:35:06.173 I/sysui_multi_action( 1594): [757,147,758,4,759,1,806,com.idealinspecao.perueiroapp]
10-15 20:35:08.333 I/am_lifecycle_sample(19724): [0,com.idealinspecao.perueiroapp,110,4679]
10-15 20:35:08.568 I/am_on_create_called(19724): [0,com.idealinspecao.perueiroapp.MainActivity,performCreate,96]
10-15 20:35:08.582 I/am_on_start_called(19724): [0,com.idealinspecao.perueiroapp.MainActivity,handleStartActivity,0]
10-15 20:35:08.586 I/am_on_resume_called(19724): [0,com.idealinspecao.perueiroapp.MainActivity,RESUME_ACTIVITY,1]
10-15 20:35:08.616 I/am_on_top_resumed_gained_called(19724): [0,com.idealinspecao.perueiroapp.MainActivity,topStateChangedWhenResumed]
10-15 20:35:10.470 I/sysui_multi_action( 1594): [319,571,321,554,322,7332,325,925687,757,761,758,7,759,1,806,com.idealinspecao.perueiroapp,871,com.idealinspecao.perueiroapp.MainActivity,904,com.android.shell,905,0,945,458,1320,12,1321,1]
10-15 20:35:10.474 I/am_activity_launch_time( 1594): [0,60442913,com.idealinspecao.perueiroapp/.MainActivity,7332]
10-15 20:35:13.800 I/am_pss  ( 1594): [19724,11374,com.idealinspecao.perueiroapp,129203200,120008704,171008,219803648,0,2,15]
10-15 20:35:25.215 I/am_pss  ( 1594): [19724,11374,com.idealinspecao.perueiroapp,126102528,117456896,169984,216363008,0,2,21]
10-15 20:35:30.154 I/dvm_lock_sample( 1594): [system_server,0,miui.fg,7,ActivityManagerService.java,5955,boolean com.android.server.am.ActivityManagerService.isAppBad(android.content.pm.ApplicationInfo),-,14285,android.content.ComponentName com.android.server.am.ActivityManagerService.startService(android.app.IApplicationThread, android.content.Intent, java.lang.String, boolean, java.lang.String, int),1]
10-15 20:36:02.706 I/dvm_lock_sample( 1594): [system_server,0,android.bg,5,ActivityManagerService.java,2043,void com.android.server.am.ActivityManagerService$5.handleMessage(android.os.Message),-,14463,boolean com.android.server.am.ActivityManagerService.unbindService(android.app.IServiceConnection),1]
10-15 20:36:59.985 I/am_pss  ( 1594): [19724,11374,com.idealinspecao.perueiroapp,125554688,117006336,172032,216104960,0,2,17]
10-15 20:39:05.412 I/am_pss  ( 1594): [19724,11374,com.idealinspecao.perueiroapp,124108800,115961856,172032,215048192,0,2,17]
10-15 20:41:25.967 I/am_pss  ( 1594): [19724,11374,com.idealinspecao.perueiroapp,145232896,136482816,172032,236335104,0,2,22]
10-15 20:45:09.848 I/am_pss  ( 1594): [19724,11374,com.idealinspecao.perueiroapp,136057856,127205376,172032,227024896,0,2,15]
10-15 20:45:41.998 I/dvm_lock_sample( 1594): [system_server,1,Binder:1594_3,10,ActivityManagerService.java,14474,void com.android.server.am.ActivityManagerService.publishService(android.os.IBinder, android.content.Intent, android.os.IBinder),-,14285,android.content.ComponentName com.android.server.am.ActivityManagerService.startService(android.app.IApplicationThread, android.content.Intent, java.lang.String, boolean, java.lang.String, int),2]
10-15 20:45:42.020 I/dvm_lock_sample( 1594): [system_server,1,Binder:1594_1,7,ActivityManagerService.java,14450,int com.android.server.am.ActivityManagerService.bindIsolatedService(android.app.IApplicationThread, android.os.IBinder, android.content.Intent, java.lang.String, android.app.IServiceConnection, int, java.lang.String, java.lang.String, int),-,14450,int com.android.server.am.ActivityManagerService.bindIsolatedService(android.app.IApplicationThread, android.os.IBinder, android.content.Intent, java.lang.String, android.app.IServiceConnection, int, java.lang.String, java.lang.String, int),1]
10-15 20:45:42.314 I/dvm_lock_sample( 1594): [system_server,1,Binder:1594_3,9,ActivityManagerService.java,14488,void com.android.server.am.ActivityManagerService.unbindFinished(android.os.IBinder, android.content.Intent, boolean),-,14463,boolean com.android.server.am.ActivityManagerService.unbindService(android.app.IServiceConnection),1]
10-15 20:51:37.412 I/am_pss  ( 1594): [19724,11374,com.idealinspecao.perueiroapp,136954880,128700416,172032,225628160,0,2,15]
10-15 20:51:40.307 I/dvm_lock_sample( 1594): [system_server,0,Binder:1594_13,11,ActivityManagerService.java,14494,void com.android.server.am.ActivityManagerService.serviceDoneExecuting(android.os.IBinder, int, int, int),-,14463,boolean com.android.server.am.ActivityManagerService.unbindService(android.app.IServiceConnection),2]
10-15 20:57:09.685 I/am_pss  ( 1594): [19724,11374,com.idealinspecao.perueiroapp,137640960,130371584,174080,218873856,0,2,21]
10-15 21:08:13.258 I/dvm_lock_sample( 1594): [system_server,1,Binder:1594_12,9,ProcessManagerService.java,1704,java.util.List com.android.server.am.ProcessManagerService.getRunningProcessInfo(int, int, java.lang.String, java.lang.String, int),ActivityManagerService.java,1537,void com.android.server.am.ActivityManagerService$AppDeathRecipient.binderDied(),1]
10-15 21:08:14.757 I/dvm_lock_sample( 1594): [system_server,1,android.ui,18,ActivityManagerService.java,3432,void com.android.server.am.ActivityManagerService.dispatchUidsChanged(),-,14494,void com.android.server.am.ActivityManagerService.serviceDoneExecuting(android.os.IBinder, int, int, int),3]
10-15 21:08:15.576 I/dvm_lock_sample( 1594): [system_server,1,android.ui,18,ActivityManagerService.java,3272,void com.android.server.am.ActivityManagerService.dispatchProcessesChanged(),-,14343,void com.android.server.am.ActivityManagerService.setServiceForeground(android.content.ComponentName, android.os.IBinder, int, android.app.Notification, int, int),3]
10-15 21:08:18.093 I/dvm_lock_sample( 1594): [system_server,0,Binder:1594_C,19,ActivityManagerService.java,7564,void com.android.server.am.ActivityManagerService.removeContentProvider(android.os.IBinder, boolean),-,1537,void com.android.server.am.ActivityManagerService$AppDeathRecipient.binderDied(),3]
10-15 21:08:20.249 I/dvm_lock_sample( 1594): [system_server,1,Binder:1594_19,19,ActivityManagerService.java,7717,boolean com.android.server.am.ActivityManagerService.refContentProvider(android.os.IBinder, int, int),-,1537,void com.android.server.am.ActivityManagerService$AppDeathRecipient.binderDied(),3]
10-15 21:08:24.269 I/dvm_lock_sample( 1594): [system_server,1,Binder:1594_B,15,ActivityManagerService.java,7717,boolean com.android.server.am.ActivityManagerService.refContentProvider(android.os.IBinder, int, int),-,14450,int com.android.server.am.ActivityManagerService.bindIsolatedService(android.app.IApplicationThread, android.os.IBinder, android.content.Intent, java.lang.String, android.app.IServiceConnection, int, java.lang.String, java.lang.String, int),3]
10-15 21:08:24.272 I/dvm_lock_sample( 1594): [system_server,1,Binder:1594_D,12,ActivityManagerService.java,6752,java.lang.String com.android.server.am.ActivityManagerService.checkContentProviderAccess(java.lang.String, int),-,14463,boolean com.android.server.am.ActivityManagerService.unbindService(android.app.IServiceConnection),2]
10-15 21:08:24.524 I/dvm_lock_sample( 1594): [system_server,1,Binder:1594_18,12,ActivityManagerService.java,6752,java.lang.String com.android.server.am.ActivityManagerService.checkContentProviderAccess(java.lang.String, int),-,5395,void com.android.server.am.ActivityManagerService.attachApplication(android.app.IApplicationThread, long),2]
10-15 21:08:27.067 I/dvm_lock_sample( 1594): [system_server,1,Binder:1594_C,5,ActivityManagerService.java,8605,boolean com.android.server.am.ActivityManagerService.isUidActive(int, java.lang.String),-,14494,void com.android.server.am.ActivityManagerService.serviceDoneExecuting(android.os.IBinder, int, int, int),1]
10-15 21:08:33.279 I/am_pss  ( 1594): [19724,11374,com.idealinspecao.perueiroapp,135366656,131125248,168960,202301440,0,2,15]
10-15 21:09:41.450 I/dvm_lock_sample( 1594): [system_server,0,Binder:1594_1E,5,ActivityManagerService.java,14494,void com.android.server.am.ActivityManagerService.serviceDoneExecuting(android.os.IBinder, int, int, int),-,14463,boolean com.android.server.am.ActivityManagerService.unbindService(android.app.IServiceConnection),1]
10-15 21:13:02.107 I/dvm_lock_sample( 1594): [system_server,1,android.ui,18,ActivityManagerService.java,3378,void com.android.server.am.ActivityManagerService.dispatchUidsChanged(),-,5395,void com.android.server.am.ActivityManagerService.attachApplication(android.app.IApplicationThread, long),3]
10-15 21:18:30.742 I/dvm_lock_sample( 1594): [system_server,1,android.ui,11,ActivityManagerService.java,3432,void com.android.server.am.ActivityManagerService.dispatchUidsChanged(),-,14494,void com.android.server.am.ActivityManagerService.serviceDoneExecuting(android.os.IBinder, int, int, int),2]
10-15 21:18:30.763 I/dvm_lock_sample( 1594): [system_server,0,miui.fg,21,ActivityManagerService.java,5955,boolean com.android.server.am.ActivityManagerService.isAppBad(android.content.pm.ApplicationInfo),-,14450,int com.android.server.am.ActivityManagerService.bindIsolatedService(android.app.IApplicationThread, android.os.IBinder, android.content.Intent, java.lang.String, android.app.IServiceConnection, int, java.lang.String, java.lang.String, int),4]
10-15 21:18:30.764 I/dvm_lock_sample( 1594): [system_server,1,Binder:1594_1E,19,ActivityManagerService.java,8605,boolean com.android.server.am.ActivityManagerService.isUidActive(int, java.lang.String),-,14450,int com.android.server.am.ActivityManagerService.bindIsolatedService(android.app.IApplicationThread, android.os.IBinder, android.content.Intent, java.lang.String, android.app.IServiceConnection, int, java.lang.String, java.lang.String, int),3]
10-15 21:26:02.849 I/am_pss  ( 1594): [19724,11374,com.idealinspecao.perueiroapp,129384448,125444096,172032,194473984,0,2,17]
10-15 21:33:05.737 I/dvm_lock_sample( 1594): [system_server,1,Binder:1594_12,12,ActivityManagerService.java,6181,boolean com.android.server.am.ActivityManagerService.isAppStartModeDisabled(int, java.lang.String),-,14450,int com.android.server.am.ActivityManagerService.bindIsolatedService(android.app.IApplicationThread, android.os.IBinder, android.content.Intent, java.lang.String, android.app.IServiceConnection, int, java.lang.String, java.lang.String, int),2]
10-15 21:33:06.126 I/dvm_lock_sample( 1594): [system_server,1,Binder:1594_9,14,ActivityManagerService.java,14285,android.content.ComponentName com.android.server.am.ActivityManagerService.startService(android.app.IApplicationThread, android.content.Intent, java.lang.String, boolean, java.lang.String, int),-,14450,int com.android.server.am.ActivityManagerService.bindIsolatedService(android.app.IApplicationThread, android.os.IBinder, android.content.Intent, java.lang.String, android.app.IServiceConnection, int, java.lang.String, java.lang.String, int),2]
10-15 21:37:42.491 I/dvm_lock_sample( 1594): [system_server,1,Binder:1594_C,13,ActivityManagerService.java,5827,java.lang.String com.android.server.am.ActivityManagerService.getTagForIntentSender(android.content.IIntentSender, java.lang.String),-,14450,int com.android.server.am.ActivityManagerService.bindIsolatedService(android.app.IApplicationThread, android.os.IBinder, android.content.Intent, java.lang.String, android.app.IServiceConnection, int, java.lang.String, java.lang.String, int),2]
10-15 21:51:45.748 I/am_pss  ( 1594): [19724,11374,com.idealinspecao.perueiroapp,124149760,120344576,176128,188903424,0,2,17]
10-15 21:55:46.806 I/dvm_lock_sample( 1594): [system_server,0,miui.fg,9,ActivityManagerService.java,5955,boolean com.android.server.am.ActivityManagerService.isAppBad(android.content.pm.ApplicationInfo),-,14494,void com.android.server.am.ActivityManagerService.serviceDoneExecuting(android.os.IBinder, int, int, int),1]
10-15 22:02:45.167 I/dvm_lock_sample( 1594): [system_server,0,Binder:1594_6,5,ActivityManagerService.java,14494,void com.android.server.am.ActivityManagerService.serviceDoneExecuting(android.os.IBinder, int, int, int),-,14450,int com.android.server.am.ActivityManagerService.bindIsolatedService(android.app.IApplicationThread, android.os.IBinder, android.content.Intent, java.lang.String, android.app.IServiceConnection, int, java.lang.String, java.lang.String, int),1]
10-15 22:10:47.180 I/dvm_lock_sample( 1594): [system_server,1,Binder:1594_A,22,ActivityManagerService.java,14791,android.content.Intent com.android.server.am.ActivityManagerService.registerReceiver(android.app.IApplicationThread, java.lang.String, android.content.IIntentReceiver, android.content.IntentFilter, java.lang.String, int, int),-,14463,boolean com.android.server.am.ActivityManagerService.unbindService(android.app.IServiceConnection),4]
10-15 22:18:31.207 I/dvm_lock_sample( 1594): [system_server,0,miui.fg,5,ActivityManagerService.java,5955,boolean com.android.server.am.ActivityManagerService.isAppBad(android.content.pm.ApplicationInfo),-,14494,void com.android.server.am.ActivityManagerService.serviceDoneExecuting(android.os.IBinder, int, int, int),1]
10-15 22:30:20.234 I/am_pss  ( 1594): [19724,11374,com.idealinspecao.perueiroapp,127694848,123822080,176128,192360448,0,2,17]
10-15 22:43:37.454 I/dvm_lock_sample( 1594): [system_server,1,Binder:1594_1D,7,ActivityManagerService.java,14488,void com.android.server.am.ActivityManagerService.unbindFinished(android.os.IBinder, android.content.Intent, boolean),-,14463,boolean com.android.server.am.ActivityManagerService.unbindService(android.app.IServiceConnection),1]
10-15 22:56:57.791 I/dvm_lock_sample( 1594): [system_server,0,miui.fg,14,ActivityManagerService.java,5955,boolean com.android.server.am.ActivityManagerService.isAppBad(android.content.pm.ApplicationInfo),BroadcastQueue.java,984,void com.android.server.am.BroadcastQueue.processNextBroadcast(boolean, boolean),2]
10-15 22:56:57.917 I/dvm_lock_sample( 1594): [system_server,0,miui.fg,13,ActivityManagerService.java,5963,int com.android.server.am.ActivityManagerService.getUidState(int),-,14450,int com.android.server.am.ActivityManagerService.bindIsolatedService(android.app.IApplicationThread, android.os.IBinder, android.content.Intent, java.lang.String, android.app.IServiceConnection, int, java.lang.String, java.lang.String, int),2]
10-15 23:26:05.488 I/am_pss  ( 1594): [19724,11374,com.idealinspecao.perueiroapp,127108096,123518976,172032,189992960,2,2,16]
10-15 23:34:25.332 I/dvm_lock_sample( 1594): [system_server,0,Binder:1594_1C,5,ActivityManagerService.java,14494,void com.android.server.am.ActivityManagerService.serviceDoneExecuting(android.os.IBinder, int, int, int),BroadcastQueue.java,984,void com.android.server.am.BroadcastQueue.processNextBroadcast(boolean, boolean),1]
10-15 23:39:12.231 I/am_on_top_resumed_lost_called(19724): [0,com.idealinspecao.perueiroapp.MainActivity,topStateChangedWhenResumed]
10-15 23:39:12.236 I/am_pause_activity( 1594): [19724,60442913,com.idealinspecao.perueiroapp/.MainActivity,userLeaving=true]
10-15 23:39:12.242 I/am_on_paused_called(19724): [0,com.idealinspecao.perueiroapp.MainActivity,performPause,0]
10-15 23:39:12.266 I/dvm_lock_sample( 1594): [system_server,1,Binder:1594_2,282,ActivityManagerService.java,14791,android.content.Intent com.android.server.am.ActivityManagerService.registerReceiver(android.app.IApplicationThread, java.lang.String, android.content.IIntentReceiver, android.content.IntentFilter, java.lang.String, int, int),-,16095,void com.android.server.am.ActivityManagerService.finishReceiver(android.os.IBinder, int, java.lang.String, android.os.Bundle, boolean, int),56]
10-15 23:39:12.274 I/dvm_lock_sample( 1594): [system_server,1,android.ui,287,ActivityManagerService.java,3432,void com.android.server.am.ActivityManagerService.dispatchUidsChanged(),-,16095,void com.android.server.am.ActivityManagerService.finishReceiver(android.os.IBinder, int, java.lang.String, android.os.Bundle, boolean, int),57]
10-15 23:47:59.890 I/dvm_lock_sample( 1594): [system_server,1,Binder:1594_C,11,ActivityManagerService.java,14791,android.content.Intent com.android.server.am.ActivityManagerService.registerReceiver(android.app.IApplicationThread, java.lang.String, android.content.IIntentReceiver, android.content.IntentFilter, java.lang.String, int, int),-,14450,int com.android.server.am.ActivityManagerService.bindIsolatedService(android.app.IApplicationThread, android.os.IBinder, android.content.Intent, java.lang.String, android.app.IServiceConnection, int, java.lang.String, java.lang.String, int),2]
10-15 23:56:58.022 I/dvm_lock_sample( 1594): [system_server,1,ClientModeImpl,6,ActivityManagerService.java,6181,boolean com.android.server.am.ActivityManagerService.isAppStartModeDisabled(int, java.lang.String),BroadcastQueue.java,984,void com.android.server.am.BroadcastQueue.processNextBroadcast(boolean, boolean),1]
10-16 00:11:59.421 I/dvm_lock_sample( 1594): [system_server,0,Binder:1594_11,5,ActivityManagerService.java,14494,void com.android.server.am.ActivityManagerService.serviceDoneExecuting(android.os.IBinder, int, int, int),-,14450,int com.android.server.am.ActivityManagerService.bindIsolatedService(android.app.IApplicationThread, android.os.IBinder, android.content.Intent, java.lang.String, android.app.IServiceConnection, int, java.lang.String, java.lang.String, int),1]
10-16 00:12:00.962 I/dvm_lock_sample( 1594): [system_server,1,Binder:1594_3,44,ActivityManagerService.java,14463,boolean com.android.server.am.ActivityManagerService.unbindService(android.app.IServiceConnection),-,1794,void com.android.server.am.ActivityManagerService$MainHandler.handleMessage(android.os.Message),8]
10-16 00:19:29.643 I/dvm_lock_sample( 1594): [system_server,0,miui.fg,6,ActivityManagerService.java,5955,boolean com.android.server.am.ActivityManagerService.isAppBad(android.content.pm.ApplicationInfo),-,14494,void com.android.server.am.ActivityManagerService.serviceDoneExecuting(android.os.IBinder, int, int, int),1]
10-16 00:26:07.285 I/am_pss  ( 1594): [19724,11374,com.idealinspecao.perueiroapp,124632064,120213504,172032,193044480,0,2,15]
10-16 00:36:47.013 I/dvm_lock_sample( 1594): [system_server,1,Binder:1594_5,5,ProcessManagerService.java,1704,java.util.List com.android.server.am.ProcessManagerService.getRunningProcessInfo(int, int, java.lang.String, java.lang.String, int),ActivityManagerService.java,1537,void com.android.server.am.ActivityManagerService$AppDeathRecipient.binderDied(),1]
10-16 00:46:07.478 I/dvm_lock_sample( 1594): [system_server,0,Binder:1594_A,6,ActivityManagerService.java,14494,void com.android.server.am.ActivityManagerService.serviceDoneExecuting(android.os.IBinder, int, int, int),-,14463,boolean com.android.server.am.ActivityManagerService.unbindService(android.app.IServiceConnection),1]
10-16 00:48:59.785 I/dvm_lock_sample( 1594): [system_server,1,Binder:1594_A,8,ActivityManagerService.java,5827,java.lang.String com.android.server.am.ActivityManagerService.getTagForIntentSender(android.content.IIntentSender, java.lang.String),BroadcastQueue.java,984,void com.android.server.am.BroadcastQueue.processNextBroadcast(boolean, boolean),1]
10-16 01:26:08.273 I/am_pss  ( 1594): [19724,11374,com.idealinspecao.perueiroapp,124763136,120180736,181248,193044480,0,2,16]
10-16 01:44:50.972 I/dvm_lock_sample( 1594): [system_server,1,Binder:1594_B,16,ActivityManagerService.java,5827,java.lang.String com.android.server.am.ActivityManagerService.getTagForIntentSender(android.content.IIntentSender, java.lang.String),-,14450,int com.android.server.am.ActivityManagerService.bindIsolatedService(android.app.IApplicationThread, android.os.IBinder, android.content.Intent, java.lang.String, android.app.IServiceConnection, int, java.lang.String, java.lang.String, int),3]
10-16 01:44:57.094 I/dvm_lock_sample( 1594): [system_server,1,Binder:1594_1,8,ActivityManagerService.java,14285,android.content.ComponentName com.android.server.am.ActivityManagerService.startService(android.app.IApplicationThread, android.content.Intent, java.lang.String, boolean, java.lang.String, int),-,14463,boolean com.android.server.am.ActivityManagerService.unbindService(android.app.IServiceConnection),1]
10-16 01:44:57.177 I/dvm_lock_sample( 1594): [system_server,1,Binder:1594_1,7,ActivityManagerService.java,14285,android.content.ComponentName com.android.server.am.ActivityManagerService.startService(android.app.IApplicationThread, android.content.Intent, java.lang.String, boolean, java.lang.String, int),-,14463,boolean com.android.server.am.ActivityManagerService.unbindService(android.app.IServiceConnection),1]
10-16 01:44:58.545 I/dvm_lock_sample( 1594): [system_server,0,Binder:1594_7,17,ActivityManagerService.java,14494,void com.android.server.am.ActivityManagerService.serviceDoneExecuting(android.os.IBinder, int, int, int),-,14450,int com.android.server.am.ActivityManagerService.bindIsolatedService(android.app.IApplicationThread, android.os.IBinder, android.content.Intent, java.lang.String, android.app.IServiceConnection, int, java.lang.String, java.lang.String, int),3]
10-16 01:44:59.794 I/dvm_lock_sample( 1594): [system_server,0,Binder:1594_2,9,ActivityManagerService.java,14494,void com.android.server.am.ActivityManagerService.serviceDoneExecuting(android.os.IBinder, int, int, int),-,14463,boolean com.android.server.am.ActivityManagerService.unbindService(android.app.IServiceConnection),1]
10-16 01:49:10.429 I/dvm_lock_sample( 1594): [system_server,1,android.ui,10,ActivityManagerService.java,3378,void com.android.server.am.ActivityManagerService.dispatchUidsChanged(),-,14450,int com.android.server.am.ActivityManagerService.bindIsolatedService(android.app.IApplicationThread, android.os.IBinder, android.content.Intent, java.lang.String, android.app.IServiceConnection, int, java.lang.String, java.lang.String, int),2]
10-16 02:01:00.574 I/dvm_lock_sample( 1594): [system_server,1,ActivityManager,6,ActiveServices.java,1099,void com.android.server.am.ActiveServices.updateForegroundApps(com.android.server.am.ActiveServices$ServiceMap),ActivityManagerService.java,14343,void com.android.server.am.ActivityManagerService.setServiceForeground(android.content.ComponentName, android.os.IBinder, int, android.app.Notification, int, int),1]
10-16 02:03:00.430 I/dvm_lock_sample( 1594): [system_server,0,android.bg,15,ActivityManagerService.java,1964,void com.android.server.am.ActivityManagerService$5.handleMessage(android.os.Message),-,14450,int com.android.server.am.ActivityManagerService.bindIsolatedService(android.app.IApplicationThread, android.os.IBinder, android.content.Intent, java.lang.String, android.app.IServiceConnection, int, java.lang.String, java.lang.String, int),3]
10-16 02:13:07.985 I/dvm_lock_sample( 1594): [system_server,1,Binder:1594_6,9,ActivityManagerService.java,6752,java.lang.String com.android.server.am.ActivityManagerService.checkContentProviderAccess(java.lang.String, int),-,14450,int com.android.server.am.ActivityManagerService.bindIsolatedService(android.app.IApplicationThread, android.os.IBinder, android.content.Intent, java.lang.String, android.app.IServiceConnection, int, java.lang.String, java.lang.String, int),1]
10-16 02:14:00.092 I/dvm_lock_sample( 1594): [system_server,1,Binder:1594_7,73,ActivityManagerService.java,10076,void com.android.server.am.ActivityManagerService.getMyMemoryState(android.app.ActivityManager$RunningAppProcessInfo),BroadcastQueue.java,984,void com.android.server.am.BroadcastQueue.processNextBroadcast(boolean, boolean),14]
10-16 02:15:46.862 I/dvm_lock_sample( 1594): [system_server,1,Binder:1594_9,21,ActivityManagerService.java,14450,int com.android.server.am.ActivityManagerService.bindIsolatedService(android.app.IApplicationThread, android.os.IBinder, android.content.Intent, java.lang.String, android.app.IServiceConnection, int, java.lang.String, java.lang.String, int),-,14450,int com.android.server.am.ActivityManagerService.bindIsolatedService(android.app.IApplicationThread, android.os.IBinder, android.content.Intent, java.lang.String, android.app.IServiceConnection, int, java.lang.String, java.lang.String, int),4]
10-16 02:15:47.069 I/dvm_lock_sample( 1594): [system_server,0,miui.fg,7,ActivityManagerService.java,5955,boolean com.android.server.am.ActivityManagerService.isAppBad(android.content.pm.ApplicationInfo),-,14494,void com.android.server.am.ActivityManagerService.serviceDoneExecuting(android.os.IBinder, int, int, int),1]
10-16 02:17:00.413 I/dvm_lock_sample( 1594): [system_server,0,android.bg,17,ActivityManagerService.java,1964,void com.android.server.am.ActivityManagerService$5.handleMessage(android.os.Message),-,14450,int com.android.server.am.ActivityManagerService.bindIsolatedService(android.app.IApplicationThread, android.os.IBinder, android.content.Intent, java.lang.String, android.app.IServiceConnection, int, java.lang.String, java.lang.String, int),3]
10-16 02:17:00.415 I/dvm_lock_sample( 1594): [system_server,1,android.ui,9,ActivityManagerService.java,3378,void com.android.server.am.ActivityManagerService.dispatchUidsChanged(),-,14450,int com.android.server.am.ActivityManagerService.bindIsolatedService(android.app.IApplicationThread, android.os.IBinder, android.content.Intent, java.lang.String, android.app.IServiceConnection, int, java.lang.String, java.lang.String, int),1]
10-16 02:26:45.475 I/am_pss  ( 1594): [19724,11374,com.idealinspecao.perueiroapp,123019264,119250944,168960,188297216,0,2,12]
10-16 02:30:46.826 I/am_pss  ( 1594): [19724,11374,com.idealinspecao.perueiroapp,123036672,119255040,168960,188297216,2,2,12]
10-16 02:30:47.910 I/dvm_lock_sample( 1594): [system_server,1,android.ui,10,ActivityManagerService.java,3378,void com.android.server.am.ActivityManagerService.dispatchUidsChanged(),-,14450,int com.android.server.am.ActivityManagerService.bindIsolatedService(android.app.IApplicationThread, android.os.IBinder, android.content.Intent, java.lang.String, android.app.IServiceConnection, int, java.lang.String, java.lang.String, int),2]
10-16 02:37:01.632 I/dvm_lock_sample( 1594): [system_server,1,Binder:1594_16,21,ActivityManagerService.java,14463,boolean com.android.server.am.ActivityManagerService.unbindService(android.app.IServiceConnection),-,1537,void com.android.server.am.ActivityManagerService$AppDeathRecipient.binderDied(),4]
10-16 02:37:01.958 I/dvm_lock_sample( 1594): [system_server,1,Binder:1594_19,17,ActivityManagerService.java,14791,android.content.Intent com.android.server.am.ActivityManagerService.registerReceiver(android.app.IApplicationThread, java.lang.String, android.content.IIntentReceiver, android.content.IntentFilter, java.lang.String, int, int),-,5395,void com.android.server.am.ActivityManagerService.attachApplication(android.app.IApplicationThread, long),3]
10-16 02:37:04.684 I/dvm_lock_sample( 1594): [system_server,1,Binder:1594_A,13,ActivityManagerService.java,14450,int com.android.server.am.ActivityManagerService.bindIsolatedService(android.app.IApplicationThread, android.os.IBinder, android.content.Intent, java.lang.String, android.app.IServiceConnection, int, java.lang.String, java.lang.String, int),-,14343,void com.android.server.am.ActivityManagerService.setServiceForeground(android.content.ComponentName, android.os.IBinder, int, android.app.Notification, int, int),2]
10-16 02:47:00.547 I/dvm_lock_sample( 1594): [system_server,0,Binder:1594_1B,9,ActivityManagerService.java,14494,void com.android.server.am.ActivityManagerService.serviceDoneExecuting(android.os.IBinder, int, int, int),-,14450,int com.android.server.am.ActivityManagerService.bindIsolatedService(android.app.IApplicationThread, android.os.IBinder, android.content.Intent, java.lang.String, android.app.IServiceConnection, int, java.lang.String, java.lang.String, int),1]
10-16 02:53:08.308 I/dvm_lock_sample( 1594): [system_server,1,Binder:1594_C,9,ActivityManagerService.java,7639,void com.android.server.am.ActivityManagerService.publishContentProviders(android.app.IApplicationThread, java.util.List),-,14450,int com.android.server.am.ActivityManagerService.bindIsolatedService(android.app.IApplicationThread, android.os.IBinder, android.content.Intent, java.lang.String, android.app.IServiceConnection, int, java.lang.String, java.lang.String, int),1]
10-16 03:00:00.587 I/dvm_lock_sample( 1594): [system_server,1,android.ui,5,ActivityManagerService.java,3378,void com.android.server.am.ActivityManagerService.dispatchUidsChanged(),-,1537,void com.android.server.am.ActivityManagerService$AppDeathRecipient.binderDied(),1]
10-16 03:30:56.596 I/am_pss  ( 1594): [19724,11374,com.idealinspecao.perueiroapp,122629120,118886400,176128,186585088,0,2,15]
10-16 03:54:31.319 I/am_pss  ( 1594): [19724,11374,com.idealinspecao.perueiroapp,123508736,119308288,192512,188071936,1,2,11]
10-16 04:13:19.561 I/dvm_lock_sample( 1594): [system_server,0,android.bg,7,ActivityManagerService.java,1964,void com.android.server.am.ActivityManagerService$5.handleMessage(android.os.Message),-,18684,android.content.ComponentName com.android.server.am.ActivityManagerService$LocalService.startServiceInPackage(int, android.content.Intent, java.lang.String, boolean, java.lang.String, int, boolean),1]
10-16 04:13:20.102 I/dvm_lock_sample( 1594): [system_server,1,Binder:1594_15,12,ActivityManagerService.java,8605,boolean com.android.server.am.ActivityManagerService.isUidActive(int, java.lang.String),-,14450,int com.android.server.am.ActivityManagerService.bindIsolatedService(android.app.IApplicationThread, android.os.IBinder, android.content.Intent, java.lang.String, android.app.IServiceConnection, int, java.lang.String, java.lang.String, int),2]
10-16 04:13:31.227 I/dvm_lock_sample( 1594): [system_server,0,Binder:1594_5,7,ActivityManagerService.java,14494,void com.android.server.am.ActivityManagerService.serviceDoneExecuting(android.os.IBinder, int, int, int),-,14463,boolean com.android.server.am.ActivityManagerService.unbindService(android.app.IServiceConnection),1]
10-16 04:16:40.147 I/am_pss  ( 1594): [19724,11374,com.idealinspecao.perueiroapp,123139072,119132160,184320,187760640,1,2,11]
10-16 04:39:21.715 I/dvm_lock_sample( 1594): [system_server,0,Binder:1594_9,6,ActivityManagerService.java,14494,void com.android.server.am.ActivityManagerService.serviceDoneExecuting(android.os.IBinder, int, int, int),-,14463,boolean com.android.server.am.ActivityManagerService.unbindService(android.app.IServiceConnection),1]
10-16 04:43:19.700 I/dvm_lock_sample( 1594): [system_server,1,Binder:1594_7,12,ActivityManagerService.java,8605,boolean com.android.server.am.ActivityManagerService.isUidActive(int, java.lang.String),-,5395,void com.android.server.am.ActivityManagerService.attachApplication(android.app.IApplicationThread, long),2]
10-16 04:43:22.036 I/dvm_lock_sample( 1594): [system_server,1,ActivityManager:procStart,17,ProcessList.java,1687,void com.android.server.am.ProcessList.lambda$startProcessLocked$0$ProcessList(com.android.server.am.ProcessRecord, java.lang.String, int[], int, int, java.lang.String, java.lang.String, java.lang.String, long),ActivityManagerService.java,1537,void com.android.server.am.ActivityManagerService$AppDeathRecipient.binderDied(),3]
10-16 05:00:08.681 I/dvm_lock_sample( 1594): [system_server,0,Binder:1594_16,5,ActivityManagerService.java,14494,void com.android.server.am.ActivityManagerService.serviceDoneExecuting(android.os.IBinder, int, int, int),-,14463,boolean com.android.server.am.ActivityManagerService.unbindService(android.app.IServiceConnection),1]
10-16 05:13:39.783 I/dvm_lock_sample( 1594): [system_server,1,android.ui,25,ActivityManagerService.java,3378,void com.android.server.am.ActivityManagerService.dispatchUidsChanged(),-,5395,void com.android.server.am.ActivityManagerService.attachApplication(android.app.IApplicationThread, long),5]
10-16 05:13:39.793 I/dvm_lock_sample( 1594): [system_server,1,Binder:1594_10,86,ActivityManagerService.java,14463,boolean com.android.server.am.ActivityManagerService.unbindService(android.app.IServiceConnection),-,5395,void com.android.server.am.ActivityManagerService.attachApplication(android.app.IApplicationThread, long),17]
10-16 05:13:40.349 I/dvm_lock_sample( 1594): [system_server,1,android.ui,18,ActivityManagerService.java,3378,void com.android.server.am.ActivityManagerService.dispatchUidsChanged(),-,14463,boolean com.android.server.am.ActivityManagerService.unbindService(android.app.IServiceConnection),3]
10-16 05:17:01.167 I/am_pss  ( 1594): [19724,11374,com.idealinspecao.perueiroapp,122430464,118870016,172032,185634816,0,2,13]
10-16 05:18:28.665 I/dvm_lock_sample( 1594): [system_server,1,Binder:1594_13,10,ActivityManagerService.java,6752,java.lang.String com.android.server.am.ActivityManagerService.checkContentProviderAccess(java.lang.String, int),-,14450,int com.android.server.am.ActivityManagerService.bindIsolatedService(android.app.IApplicationThread, android.os.IBinder, android.content.Intent, java.lang.String, android.app.IServiceConnection, int, java.lang.String, java.lang.String, int),2]
10-16 05:19:25.557 I/dvm_lock_sample( 1594): [system_server,1,Binder:1594_4,5,ActivityManagerService.java,8605,boolean com.android.server.am.ActivityManagerService.isUidActive(int, java.lang.String),-,14494,void com.android.server.am.ActivityManagerService.serviceDoneExecuting(android.os.IBinder, int, int, int),1]
10-16 05:31:46.383 I/dvm_lock_sample( 1594): [system_server,1,ActivityManager,7,ActivityManagerService.java,17200,void com.android.server.am.ActivityManagerService$ProcStatsRunnable.run(),-,14450,int com.android.server.am.ActivityManagerService.bindIsolatedService(android.app.IApplicationThread, android.os.IBinder, android.content.Intent, java.lang.String, android.app.IServiceConnection, int, java.lang.String, java.lang.String, int),1]
10-16 05:31:46.594 I/am_pss  ( 1594): [19724,11374,com.idealinspecao.perueiroapp,122316800,118800384,172032,184745984,2,2,11]
10-16 05:37:00.536 I/dvm_lock_sample( 1594): [system_server,1,Binder:1594_1C,15,ProcessManagerService.java,1704,java.util.List com.android.server.am.ProcessManagerService.getRunningProcessInfo(int, int, java.lang.String, java.lang.String, int),ActivityManagerService.java,1537,void com.android.server.am.ActivityManagerService$AppDeathRecipient.binderDied(),3]
10-16 05:37:01.030 I/dvm_lock_sample( 1594): [system_server,1,android.ui,5,ActivityManagerService.java,3378,void com.android.server.am.ActivityManagerService.dispatchUidsChanged(),-,14463,boolean com.android.server.am.ActivityManagerService.unbindService(android.app.IServiceConnection),1]
10-16 05:37:01.129 I/dvm_lock_sample( 1594): [system_server,1,Binder:1594_18,37,ActivityManagerService.java,14791,android.content.Intent com.android.server.am.ActivityManagerService.registerReceiver(android.app.IApplicationThread, java.lang.String, android.content.IIntentReceiver, android.content.IntentFilter, java.lang.String, int, int),-,1537,void com.android.server.am.ActivityManagerService$AppDeathRecipient.binderDied(),7]
10-16 05:38:11.035 I/dvm_lock_sample( 1594): [system_server,0,miui.fg,6,ActivityManagerService.java,5955,boolean com.android.server.am.ActivityManagerService.isAppBad(android.content.pm.ApplicationInfo),-,14494,void com.android.server.am.ActivityManagerService.serviceDoneExecuting(android.os.IBinder, int, int, int),1]
10-16 06:13:44.343 I/dvm_lock_sample( 1594): [system_server,1,ActivityManager,7,BroadcastQueue.java,984,void com.android.server.am.BroadcastQueue.processNextBroadcast(boolean, boolean),ActivityManagerService.java,14463,boolean com.android.server.am.ActivityManagerService.unbindService(android.app.IServiceConnection),1]
10-16 06:31:47.226 I/am_pss  ( 1594): [19724,11374,com.idealinspecao.perueiroapp,122280960,118800384,174080,183832576,0,2,15]
10-16 07:00:11.609 I/am_pss  ( 1594): [19724,11374,com.idealinspecao.perueiroapp,123151360,119136256,195584,185303040,1,2,12]
10-16 07:03:17.554 I/dvm_lock_sample( 1594): [system_server,1,android.ui,5,ActivityManagerService.java,3378,void com.android.server.am.ActivityManagerService.dispatchUidsChanged(),-,14450,int com.android.server.am.ActivityManagerService.bindIsolatedService(android.app.IApplicationThread, android.os.IBinder, android.content.Intent, java.lang.String, android.app.IServiceConnection, int, java.lang.String, java.lang.String, int),1]
10-16 07:11:00.734 I/dvm_lock_sample( 1594): [system_server,1,Binder:1594_F,7,ActivityManagerService.java,5955,boolean com.android.server.am.ActivityManagerService.isAppBad(android.content.pm.ApplicationInfo),-,5395,void com.android.server.am.ActivityManagerService.attachApplication(android.app.IApplicationThread, long),1]
10-16 07:24:22.833 I/dvm_lock_sample( 1594): [system_server,1,Binder:1594_B,9,ActivityManagerService.java,8605,boolean com.android.server.am.ActivityManagerService.isUidActive(int, java.lang.String),-,16095,void com.android.server.am.ActivityManagerService.finishReceiver(android.os.IBinder, int, java.lang.String, android.os.Bundle, boolean, int),1]
10-16 08:00:34.906 I/am_pss  ( 1594): [19724,11374,com.idealinspecao.perueiroapp,122669056,118935552,189440,184254464,0,2,15]
10-16 08:03:32.216 I/dvm_lock_sample( 1594): [system_server,0,android.bg,7,ActivityManagerService.java,1964,void com.android.server.am.ActivityManagerService$5.handleMessage(android.os.Message),-,14463,boolean com.android.server.am.ActivityManagerService.unbindService(android.app.IServiceConnection),1]
10-16 08:06:08.650 I/am_set_resumed_activity( 1594): [0,com.idealinspecao.perueiroapp/.MainActivity,finishActivity]
10-16 08:06:08.771 I/am_set_resumed_activity( 1594): [0,com.idealinspecao.perueiroapp/.MainActivity,resumeTopActivityInnerLocked]
10-16 08:06:08.773 I/am_resume_activity( 1594): [0,60442913,1466,com.idealinspecao.perueiroapp/.MainActivity,19724]
10-16 08:06:08.830 I/am_on_resume_called(19724): [0,com.idealinspecao.perueiroapp.MainActivity,RESUME_ACTIVITY,1]
10-16 08:06:08.833 I/am_on_top_resumed_gained_called(19724): [0,com.idealinspecao.perueiroapp.MainActivity,topWhenResuming]
10-16 08:06:08.850 I/dvm_lock_sample( 1594): [system_server,1,Binder:1594_8,89,WindowProcessUtils.java,405,java.lang.String com.android.server.wm.WindowProcessUtils.getCallerPackageName(com.android.server.wm.ActivityTaskManagerService, android.app.IApplicationThread),ActivityTaskManagerService.java,1755,void com.android.server.wm.ActivityTaskManagerService.activityPaused(android.os.IBinder),17]
10-16 08:06:08.873 I/dvm_lock_sample( 1594): [system_server,1,Binder:1594_1C,14,ActivityManagerService.java,15989,int com.android.server.am.ActivityManagerService.broadcastIntent(android.app.IApplicationThread, android.content.Intent, java.lang.String, android.content.IIntentReceiver, int, java.lang.String, android.os.Bundle, java.lang.String[], int, android.os.Bundle, boolean, boolean, int),ProcessRecord.java,1358,void com.android.server.am.ProcessRecord.updateProcessInfo(boolean, boolean, boolean),2]
10-16 08:06:14.111 I/dvm_lock_sample( 1594): [system_server,1,android.ui,7,ActivityManagerService.java,3378,void com.android.server.am.ActivityManagerService.dispatchUidsChanged(),-,14285,android.content.ComponentName com.android.server.am.ActivityManagerService.startService(android.app.IApplicationThread, android.content.Intent, java.lang.String, boolean, java.lang.String, int),1]
10-16 08:06:14.134 I/am_on_top_resumed_lost_called(19724): [0,com.idealinspecao.perueiroapp.MainActivity,topStateChangedWhenResumed]
10-16 08:06:14.139 I/am_pause_activity( 1594): [19724,60442913,com.idealinspecao.perueiroapp/.MainActivity,userLeaving=true]
10-16 08:06:14.145 I/am_on_paused_called(19724): [0,com.idealinspecao.perueiroapp.MainActivity,performPause,1]
10-16 08:06:54.651 I/am_set_resumed_activity( 1594): [0,com.idealinspecao.perueiroapp/.MainActivity,finishActivity]
10-16 08:06:54.684 I/am_set_resumed_activity( 1594): [0,com.idealinspecao.perueiroapp/.MainActivity,resumeTopActivityInnerLocked]
10-16 08:06:54.685 I/am_resume_activity( 1594): [0,60442913,1466,com.idealinspecao.perueiroapp/.MainActivity,19724]
10-16 08:06:54.726 I/am_on_resume_called(19724): [0,com.idealinspecao.perueiroapp.MainActivity,RESUME_ACTIVITY,1]
10-16 08:06:54.727 I/am_on_top_resumed_gained_called(19724): [0,com.idealinspecao.perueiroapp.MainActivity,topWhenResuming]
10-16 08:06:55.992 I/am_on_top_resumed_lost_called(19724): [0,com.idealinspecao.perueiroapp.MainActivity,topStateChangedWhenResumed]
10-16 08:06:55.996 I/am_pause_activity( 1594): [19724,60442913,com.idealinspecao.perueiroapp/.MainActivity,userLeaving=true]
10-16 08:06:55.998 I/am_add_to_stopping( 1594): [0,60442913,com.idealinspecao.perueiroapp/.MainActivity,makeInvisible]
10-16 08:06:56.008 I/am_on_paused_called(19724): [0,com.idealinspecao.perueiroapp.MainActivity,performPause,0]
10-16 08:06:56.458 I/am_stop_activity( 1594): [0,60442913,com.idealinspecao.perueiroapp/.MainActivity]
