01-29 15:22:04.269 I/dvm_lock_sample( 1626): [system_server,0,miui.fg,10,ActivityManagerService.java,5955,boolean com.android.server.am.ActivityManagerService.isAppBad(android.content.pm.ApplicationInfo),-,14494,void com.android.server.am.ActivityManagerService.serviceDoneExecuting(android.os.IBinder, int, int, int),2]
01-29 15:22:14.866 I/dvm_lock_sample( 1626): [system_server,1,Binder:1626_17,13,ActivityManagerService.java,7717,boolean com.android.server.am.ActivityManagerService.refContentProvider(android.os.IBinder, int, int),-,14450,int com.android.server.am.ActivityManagerService.bindIsolatedService(android.app.IApplicationThread, android.os.IBinder, android.content.Intent, java.lang.String, android.app.IServiceConnection, int, java.lang.String, java.lang.String, int),2]
01-29 15:22:37.656 I/dvm_lock_sample( 1626): [system_server,1,Binder:1626_2,11,ActivityManagerService.java,14474,void com.android.server.am.ActivityManagerService.publishService(android.os.IBinder, android.content.Intent, android.os.IBinder),-,14450,int com.android.server.am.ActivityManagerService.bindIsolatedService(android.app.IApplicationThread, android.os.IBinder, android.content.Intent, java.lang.String, android.app.IServiceConnection, int, java.lang.String, java.lang.String, int),2]
01-29 15:28:48.841 I/dvm_lock_sample( 1626): [system_server,1,Binder:1626_18,10,ActivityManagerService.java,14463,boolean com.android.server.am.ActivityManagerService.unbindService(android.app.IServiceConnection),-,1537,void com.android.server.am.ActivityManagerService$AppDeathRecipient.binderDied(),2]
01-29 15:38:26.524 I/am_pss  ( 1626): [20098,10016,com.softwareinc.perueiroapp,129183744,124309504,164864,193466368,0,2,17]
01-29 15:43:44.029 I/dvm_lock_sample( 1626): [system_server,1,Binder:1626_B,12,ActivityManagerService.java,14875,android.content.Intent com.android.server.am.ActivityManagerService.registerReceiver(android.app.IApplicationThread, java.lang.String, android.content.IIntentReceiver, android.content.IntentFilter, java.lang.String, int, int),-,14450,int com.android.server.am.ActivityManagerService.bindIsolatedService(android.app.IApplicationThread, android.os.IBinder, android.content.Intent, java.lang.String, android.app.IServiceConnection, int, java.lang.String, java.lang.String, int),2]
01-29 15:46:51.114 I/dvm_lock_sample( 1626): [system_server,1,Binder:1626_20,8,ActivityManagerService.java,5955,boolean com.android.server.am.ActivityManagerService.isAppBad(android.content.pm.ApplicationInfo),-,14285,android.content.ComponentName com.android.server.am.ActivityManagerService.startService(android.app.IApplicationThread, android.content.Intent, java.lang.String, boolean, java.lang.String, int),1]
01-29 15:48:06.009 I/dvm_lock_sample( 1626): [system_server,0,android.bg,8,ActivityManagerService.java,1964,void com.android.server.am.ActivityManagerService$5.handleMessage(android.os.Message),BroadcastDispatcher.java,169,void com.android.server.am.BroadcastDispatcher$1.broadcastAlarmPending(int),1]
01-29 15:51:37.857 I/am_relaunch_resume_activity( 1626): [20098,60094021,4420,com.softwareinc.perueiroapp/.MainActivity]
01-29 15:51:37.932 I/am_on_top_resumed_lost_called(20098): [0,com.softwareinc.perueiroapp.MainActivity,pausing]
01-29 15:51:37.933 I/am_on_paused_called(20098): [0,com.softwareinc.perueiroapp.MainActivity,performPause,0]
01-29 15:51:37.935 I/am_on_stop_called(20098): [0,com.softwareinc.perueiroapp.MainActivity,handleRelaunchActivity,0]
01-29 15:51:37.954 I/am_on_destroy_called(20098): [0,com.softwareinc.perueiroapp.MainActivity,performDestroy,0]
01-29 15:51:38.114 I/am_on_create_called(20098): [0,com.softwareinc.perueiroapp.MainActivity,performCreate,85]
01-29 15:51:38.120 I/am_on_start_called(20098): [0,com.softwareinc.perueiroapp.MainActivity,handleStartActivity,0]
01-29 15:51:38.152 I/am_on_resume_called(20098): [0,com.softwareinc.perueiroapp.MainActivity,RESUME_ACTIVITY,30]
01-29 15:51:38.153 I/am_on_top_resumed_gained_called(20098): [0,com.softwareinc.perueiroapp.MainActivity,topWhenResuming]
01-29 15:52:26.441 I/dvm_lock_sample( 1626): [system_server,1,Binder:1626_9,11,ActivityManagerService.java,14450,int com.android.server.am.ActivityManagerService.bindIsolatedService(android.app.IApplicationThread, android.os.IBinder, android.content.Intent, java.lang.String, android.app.IServiceConnection, int, java.lang.String, java.lang.String, int),-,14450,int com.android.server.am.ActivityManagerService.bindIsolatedService(android.app.IApplicationThread, android.os.IBinder, android.content.Intent, java.lang.String, android.app.IServiceConnection, int, java.lang.String, java.lang.String, int),2]
01-29 15:52:37.300 I/dvm_lock_sample( 1626): [system_server,1,Binder:1626_F,33,ActivityManagerService.java,8605,boolean com.android.server.am.ActivityManagerService.isUidActive(int, java.lang.String),-,14450,int com.android.server.am.ActivityManagerService.bindIsolatedService(android.app.IApplicationThread, android.os.IBinder, android.content.Intent, java.lang.String, android.app.IServiceConnection, int, java.lang.String, java.lang.String, int),6]
01-29 15:52:39.389 I/dvm_lock_sample( 1626): [system_server,1,Binder:1626_E,20,ActivityManagerService.java,6181,boolean com.android.server.am.ActivityManagerService.isAppStartModeDisabled(int, java.lang.String),BroadcastQueue.java,984,void com.android.server.am.BroadcastQueue.processNextBroadcast(boolean, boolean),4]
01-29 15:52:39.564 I/dvm_lock_sample( 1626): [system_server,1,Binder:1626_15,8,ActivityManagerService.java,14474,void com.android.server.am.ActivityManagerService.publishService(android.os.IBinder, android.content.Intent, android.os.IBinder),-,14450,int com.android.server.am.ActivityManagerService.bindIsolatedService(android.app.IApplicationThread, android.os.IBinder, android.content.Intent, java.lang.String, android.app.IServiceConnection, int, java.lang.String, java.lang.String, int),1]
01-29 15:52:39.775 I/am_on_top_resumed_lost_called(20098): [0,com.softwareinc.perueiroapp.MainActivity,topStateChangedWhenResumed]
01-29 15:52:39.780 I/am_pause_activity( 1626): [20098,60094021,com.softwareinc.perueiroapp/.MainActivity,userLeaving=true]
01-29 15:52:39.784 I/am_on_paused_called(20098): [0,com.softwareinc.perueiroapp.MainActivity,performPause,1]
01-29 15:52:40.295 I/am_pss  ( 1626): [20098,10016,com.softwareinc.perueiroapp,134460416,127029248,184320,217399296,1,2,14]
01-29 15:52:41.792 I/am_set_resumed_activity( 1626): [0,com.softwareinc.perueiroapp/.MainActivity,finishActivity]
01-29 15:52:41.821 I/am_set_resumed_activity( 1626): [0,com.softwareinc.perueiroapp/.MainActivity,resumeTopActivityInnerLocked]
01-29 15:52:41.823 I/am_resume_activity( 1626): [0,60094021,4420,com.softwareinc.perueiroapp/.MainActivity,20098]
01-29 15:52:41.829 I/am_on_resume_called(20098): [0,com.softwareinc.perueiroapp.MainActivity,RESUME_ACTIVITY,1]
01-29 15:52:41.830 I/am_on_top_resumed_gained_called(20098): [0,com.softwareinc.perueiroapp.MainActivity,topWhenResuming]
01-29 15:54:48.113 I/am_on_top_resumed_lost_called(20098): [0,com.softwareinc.perueiroapp.MainActivity,topStateChangedWhenResumed]
01-29 15:54:48.118 I/am_pause_activity( 1626): [20098,60094021,com.softwareinc.perueiroapp/.MainActivity,userLeaving=true]
01-29 15:54:48.123 I/am_on_paused_called(20098): [0,com.softwareinc.perueiroapp.MainActivity,performPause,0]
01-29 15:54:48.967 I/am_set_resumed_activity( 1626): [0,com.softwareinc.perueiroapp/.MainActivity,finishActivity]
01-29 15:54:49.122 I/am_set_resumed_activity( 1626): [0,com.softwareinc.perueiroapp/.MainActivity,resumeTopActivityInnerLocked]
01-29 15:54:49.124 I/am_resume_activity( 1626): [0,60094021,4420,com.softwareinc.perueiroapp/.MainActivity,20098]
01-29 15:54:49.135 I/am_on_resume_called(20098): [0,com.softwareinc.perueiroapp.MainActivity,RESUME_ACTIVITY,0]
01-29 15:54:49.136 I/am_on_top_resumed_gained_called(20098): [0,com.softwareinc.perueiroapp.MainActivity,topWhenResuming]
01-29 15:54:49.378 I/am_kill ( 1626): [0,20098,com.softwareinc.perueiroapp,0,stop com.softwareinc.perueiroapp: installPackageLI]
01-29 15:54:49.381 I/am_finish_activity( 1626): [0,60094021,4420,com.softwareinc.perueiroapp/.MainActivity,proc died without state saved]
01-29 15:54:49.845 I/dvm_lock_sample( 1626): [system_server,1,ActivityManager,449,PackageManagerService.java,7389,java.lang.String com.android.server.pm.PackageManagerService.getInstantAppPackageName(int),-,17551,void com.android.server.pm.PackageManagerService.installPackagesLI(java.util.List),89]
01-29 15:54:49.980 I/dvm_lock_sample( 1626): [system_server,1,android.display,599,TaskChangeNotificationController.java,176,void com.android.server.wm.TaskChangeNotificationController$MainHandler.handleMessage(android.os.Message),ActivityTaskManagerService.java,6942,void com.android.server.wm.ActivityTaskManagerService$LocalService.handleAppDied(com.android.server.wm.WindowProcessController, boolean, java.lang.Runnable),100]
01-29 15:54:49.980 I/dvm_lock_sample( 1626): [system_server,1,Binder:1626_A,115,WindowManagerService.java,2209,int com.android.server.wm.WindowManagerService.relayoutWindow(com.android.server.wm.Session, android.view.IWindow, int, android.view.WindowManager$LayoutParams, int, int, int, int, long, android.graphics.Rect, android.graphics.Rect, android.graphics.Rect, android.graphics.Rect, android.graphics.Rect, android.graphics.Rect, android.graphics.Rect, android.view.DisplayCutout$ParcelableWrapper, android.util.MergedConfiguration, android.view.SurfaceControl, android.view.InsetsState),ActivityTaskManagerService.java,6942,void com.android.server.wm.ActivityTaskManagerService$LocalService.handleAppDied(com.android.server.wm.WindowProcessController, boolean, java.lang.Runnable),23]
01-29 15:54:49.981 I/dvm_lock_sample( 1626): [system_server,1,Binder:1626_13,484,Session.java,146,void com.android.server.wm.Session.binderDied(),ActivityTaskManagerService.java,6942,void com.android.server.wm.ActivityTaskManagerService$LocalService.handleAppDied(com.android.server.wm.WindowProcessController, boolean, java.lang.Runnable),96]
01-29 15:54:49.981 I/dvm_lock_sample( 1626): [system_server,1,android.anim,597,InputMonitor.java,120,void com.android.server.wm.InputMonitor$1.run(),ActivityTaskManagerService.java,6942,void com.android.server.wm.ActivityTaskManagerService$LocalService.handleAppDied(com.android.server.wm.WindowProcessController, boolean, java.lang.Runnable),100]
01-29 15:54:50.014 I/dvm_lock_sample( 1626): [system_server,1,android.ui,636,ActivityManagerService.java,3378,void com.android.server.am.ActivityManagerService.dispatchUidsChanged(),-,1777,void com.android.server.am.ActivityManagerService$MainHandler.handleMessage(android.os.Message),100]
01-29 15:54:50.121 I/dvm_lock_sample( 1626): [system_server,1,android.display,15,ActivityManagerService.java,18535,void com.android.server.am.ActivityManagerService$LocalService.updateActivityUsageStats(android.content.ComponentName, int, int, android.os.IBinder, android.content.ComponentName),ActiveServices.java,2189,void com.android.server.am.ActiveServices$ServiceRestarter.run(),3]
01-29 15:54:50.257 I/sysui_multi_action( 1626): [757,147,758,4,759,1,806,com.softwareinc.perueiroapp]
01-29 15:54:50.283 I/dvm_lock_sample( 1626): [system_server,1,Binder:1626_12,12,ActivityManagerService.java,14450,int com.android.server.am.ActivityManagerService.bindIsolatedService(android.app.IApplicationThread, android.os.IBinder, android.content.Intent, java.lang.String, android.app.IServiceConnection, int, java.lang.String, java.lang.String, int),BroadcastQueue.java,984,void com.android.server.am.BroadcastQueue.processNextBroadcast(boolean, boolean),2]
01-29 15:54:50.446 I/dvm_lock_sample( 1626): [system_server,0,Binder:1626_E,45,ActivityManagerService.java,14494,void com.android.server.am.ActivityManagerService.serviceDoneExecuting(android.os.IBinder, int, int, int),-,5395,void com.android.server.am.ActivityManagerService.attachApplication(android.app.IApplicationThread, long),9]
01-29 15:54:50.522 I/dvm_lock_sample( 1626): [system_server,0,Binder:1626_E,43,ActivityManagerService.java,14494,void com.android.server.am.ActivityManagerService.serviceDoneExecuting(android.os.IBinder, int, int, int),-,5395,void com.android.server.am.ActivityManagerService.attachApplication(android.app.IApplicationThread, long),8]
01-29 15:54:50.546 I/dvm_lock_sample( 1626): [system_server,1,Binder:1626_13,10,ActivityManagerService.java,8605,boolean com.android.server.am.ActivityManagerService.isUidActive(int, java.lang.String),-,14285,android.content.ComponentName com.android.server.am.ActivityManagerService.startService(android.app.IApplicationThread, android.content.Intent, java.lang.String, boolean, java.lang.String, int),2]
01-29 15:54:51.059 I/dvm_lock_sample( 1626): [system_server,1,Binder:1626_16,72,ActivityManagerService.java,14285,android.content.ComponentName com.android.server.am.ActivityManagerService.startService(android.app.IApplicationThread, android.content.Intent, java.lang.String, boolean, java.lang.String, int),-,14285,android.content.ComponentName com.android.server.am.ActivityManagerService.startService(android.app.IApplicationThread, android.content.Intent, java.lang.String, boolean, java.lang.String, int),14]
01-29 15:54:51.457 I/dvm_lock_sample( 1626): [system_server,1,Binder:1626_15,7,ActivityManagerService.java,14450,int com.android.server.am.ActivityManagerService.bindIsolatedService(android.app.IApplicationThread, android.os.IBinder, android.content.Intent, java.lang.String, android.app.IServiceConnection, int, java.lang.String, java.lang.String, int),-,14450,int com.android.server.am.ActivityManagerService.bindIsolatedService(android.app.IApplicationThread, android.os.IBinder, android.content.Intent, java.lang.String, android.app.IServiceConnection, int, java.lang.String, java.lang.String, int),1]
01-29 15:54:51.601 I/am_create_activity( 1626): [0,27272780,4423,com.softwareinc.perueiroapp/.MainActivity,NULL,NULL,NULL,268435456]
01-29 15:54:51.691 I/dvm_lock_sample( 1626): [system_server,1,Binder:1626_5,72,ActivityManagerService.java,6978,android.app.ContentProviderHolder com.android.server.am.ActivityManagerService.getContentProviderImpl(android.app.IApplicationThread, java.lang.String, android.os.IBinder, int, java.lang.String, java.lang.String, boolean, int),-,5395,void com.android.server.am.ActivityManagerService.attachApplication(android.app.IApplicationThread, long),14]
01-29 15:54:51.693 I/dvm_lock_sample( 1626): [system_server,1,Binder:1626_E,68,ActivityManagerService.java,7717,boolean com.android.server.am.ActivityManagerService.refContentProvider(android.os.IBinder, int, int),-,5395,void com.android.server.am.ActivityManagerService.attachApplication(android.app.IApplicationThread, long),13]
01-29 15:54:51.725 I/am_proc_start( 1626): [0,17782,10016,com.softwareinc.perueiroapp,activity,{com.softwareinc.perueiroapp/com.softwareinc.perueiroapp.MainActivity}]
01-29 15:54:51.882 I/PI-ScanDispatch(17542): service bind, pkgName = com.softwareinc.perueiroapp, installer = null, isReplace = true, firstGoogleTime = 1614890563430
01-29 15:54:51.905 I/am_proc_bound( 1626): [0,17782,com.softwareinc.perueiroapp]
01-29 15:54:51.910 I/am_restart_activity( 1626): [0,27272780,4423,com.softwareinc.perueiroapp/.MainActivity,17782]
01-29 15:54:51.911 D/AutoInstallService(16683): onForegroundInfoChanged: com.softwareinc.perueiroapp
01-29 15:54:51.911 D/PerfEngineController(17026): ForegroundInfo{mForegroundPackageName='com.softwareinc.perueiroapp', mForegroundUid=10016, mForegroundPid=17782, mLastForegroundPackageName='com.miui.home', mLastForegroundUid=10064, mLastForegroundPid=2301, mMultiWindowForegroundPackageName='null', mMultiWindowForegroundUid=-1, mFlags=1}
01-29 15:54:51.911 I/GST     ( 9902): forePkg: com.softwareinc.perueiroapp, preForePkg: com.miui.home
01-29 15:54:51.913 I/am_set_resumed_activity( 1626): [0,com.softwareinc.perueiroapp/.MainActivity,minimalResumeActivityLocked]
01-29 15:54:51.923 I/ProcessMonitor( 3704): onForegroundInfoChanged: ForegroundInfo{mForegroundPackageName='com.softwareinc.perueiroapp', mForegroundUid=10016, mForegroundPid=17782, mLastForegroundPackageName='com.miui.home', mLastForegroundUid=10064, mLastForegroundPid=2301, mMultiWindowForegroundPackageName='null', mMultiWindowForegroundUid=-1, mFlags=1}
01-29 15:54:52.013 I/ActivityManager( 1626): Process com.miui.videoplayer (pid 15749) has died: cch+95 CEM 
01-29 15:54:52.347 I/ActivityManager( 1626): Process com.huaqin.sarcontroller:controller (pid 16646) has died: svcb SVC 
01-29 15:54:52.356 W/ActivityManager( 1626): Scheduling restart of crashed service com.huaqin.sarcontroller/.SarControllerService in 0ms
01-29 15:54:52.360 I/ActivityManager( 1626): Process com.google.android.gms.unstable (pid 14893) has died: cch+99 CEM 
01-29 15:54:52.395 W/BpBinder(17542): Slow Binder: BpBinder transact took 216ms, interface=android.app.IActivityManager, code=51 oneway=false
01-29 15:54:52.427 I/ActivityManager( 1626): Process com.google.android.googlequicksearchbox:search (pid 15733) has died: cch+95 CEM 
01-29 15:54:52.460 I/dvm_lock_sample( 1626): [system_server,1,Binder:1626_15,11,ProcessManagerService.java,1704,java.util.List com.android.server.am.ProcessManagerService.getRunningProcessInfo(int, int, java.lang.String, java.lang.String, int),ActivityManagerService.java,1537,void com.android.server.am.ActivityManagerService$AppDeathRecipient.binderDied(),2]
01-29 15:54:52.544 I/notification_cancel_all( 1626): [1000,1626,com.softwareinc.perueiroapp,0,0,0,5,NULL]
01-29 15:54:52.569 W/ActivityManager( 1626): Slow operation: 159ms so far, now at startProcess: returned from zygote!
01-29 15:54:52.570 W/ActivityManager( 1626): Slow operation: 161ms so far, now at startProcess: done updating battery stats
01-29 15:54:52.571 W/ActivityManager( 1626): Slow operation: 162ms so far, now at startProcess: building log message
01-29 15:54:52.571 I/ActivityManager( 1626): Start proc 17924:com.huaqin.sarcontroller:controller/1000 for service {com.huaqin.sarcontroller/com.huaqin.sarcontroller.SarControllerService} caller=com.huaqin.sarcontroller
01-29 15:54:52.571 W/ActivityManager( 1626): Slow operation: 162ms so far, now at startProcess: starting to update pids map
01-29 15:54:52.572 W/ActivityManager( 1626): Slow operation: 162ms so far, now at startProcess: done updating pids map
01-29 15:54:52.583 I/notification_cancel_all( 1626): [1000,1626,com.softwareinc.perueiroapp,0,0,0,5,NULL]
01-29 15:54:52.693 I/ActivityManager( 1626): Start proc 17977:com.google.android.webview:webview_service/u0a112 for service {com.google.android.webview/org.chromium.android_webview.services.VariationsSeedServer} caller=com.miui.global.packageinstaller
01-29 15:54:52.976 I/ActivityManager( 1626): Process com.google.process.gapps (pid 16858) has died: cch+75 CEM 
01-29 15:54:53.053 I/ActivityManager( 1626): Process com.xiaomi.mipicks (pid 16096) has died: cch+75 CEM 
01-29 15:54:53.098 W/ActivityManager( 1626): Slow operation: 122ms so far, now at startProcess: done updating battery stats
01-29 15:54:53.101 W/ActivityManager( 1626): Slow operation: 125ms so far, now at startProcess: building log message
01-29 15:54:53.101 I/ActivityManager( 1626): Start proc 18044:com.google.android.webview:sandboxed_process0:org.chromium.content.app.SandboxedProcessService0:0/u0i467 for  {com.miui.global.packageinstaller/org.chromium.content.app.SandboxedProcessService0:0} caller=com.miui.global.packageinstaller
01-29 15:54:53.101 W/ActivityManager( 1626): Slow operation: 125ms so far, now at startProcess: starting to update pids map
01-29 15:54:53.101 W/ActivityManager( 1626): Slow operation: 125ms so far, now at startProcess: done updating pids map
01-29 15:54:53.170 I/ActivityManager( 1626): Process com.google.process.gservices (pid 20633) has died: cch+65 CEM 
01-29 15:54:53.194 D/Launcher.Model( 2301): LauncherAppsCallback onPackageChanged|com.softwareinc.perueiroapp|UserHandle{0}
01-29 15:54:53.195 D/Launcher.Model( 2301): Got broadcast:Intent { act=android.intent.action.PACKAGE_CHANGED dat=package:com.softwareinc.perueiroapp (has extras) }
01-29 15:54:53.250 I/dvm_lock_sample( 1626): [system_server,1,Binder:1626_1D,34,ProcessManagerService.java,1704,java.util.List com.android.server.am.ProcessManagerService.getRunningProcessInfo(int, int, java.lang.String, java.lang.String, int),ActivityManagerService.java,5395,void com.android.server.am.ActivityManagerService.attachApplication(android.app.IApplicationThread, long),6]
01-29 15:54:53.269 I/ActivityManager( 1626): Process com.google.android.apps.photos (pid 15348) has died: cch+55 CEM 
01-29 15:54:53.362 D/Launcher.AllAppsList( 2301): updatePackage, packageName=com.softwareinc.perueiroapp, loadMissing=false, user=UserHandle{0}, matchedSize=1
01-29 15:54:53.362 D/Launcher.AllAppsList( 2301): updatePackage, find appInfo=AppInfo, id=-1, itemType=0, user=UserHandle{0}, mIconType=0, pkgName=com.softwareinc.perueiroapp, className=com.softwareinc.perueiroapp.MainActivity, screenId=-1, container=-1, cellX=-1, cellY=-1, spanX=1, spanY=1, isLandscapePos=false from ComponentInfo{com.softwareinc.perueiroapp/com.softwareinc.perueiroapp.MainActivity}
01-29 15:54:53.391 D/Launcher.Model( 2301): onReceiveBackground, mAllAppsList=add=[], remove=[], modified=[(0, AppInfo, id=-1, itemType=0, user=UserHandle{0}, mIconType=0, pkgName=com.softwareinc.perueiroapp, className=com.softwareinc.perueiroapp.MainActivity, screenId=-1, container=-1, cellX=-1, cellY=-1, spanX=1, spanY=1, isLandscapePos=false)]
01-29 15:54:53.895 I/ActivityManager( 1626): Start proc 18147:com.google.process.gservices/u0a29 for content provider {com.google.android.gsf/com.google.android.gsf.gservices.GservicesProvider} caller=com.android.vending
01-29 15:54:54.038 I/dvm_lock_sample( 1626): [system_server,1,android.ui,27,ActivityManagerService.java,3378,void com.android.server.am.ActivityManagerService.dispatchUidsChanged(),-,14450,int com.android.server.am.ActivityManagerService.bindIsolatedService(android.app.IApplicationThread, android.os.IBinder, android.content.Intent, java.lang.String, android.app.IServiceConnection, int, java.lang.String, java.lang.String, int),5]
01-29 15:54:54.096 I/dvm_lock_sample( 1626): [system_server,1,Binder:1626_14,18,ActivityManagerService.java,14285,android.content.ComponentName com.android.server.am.ActivityManagerService.startService(android.app.IApplicationThread, android.content.Intent, java.lang.String, boolean, java.lang.String, int),-,14463,boolean com.android.server.am.ActivityManagerService.unbindService(android.app.IServiceConnection),3]
01-29 15:54:54.116 I/ActivityManager( 1626): Process com.miui.core (pid 16683) has died: svcb SVC 
01-29 15:54:54.121 W/ActivityManager( 1626): Scheduling restart of crashed service com.miui.core/miui.autoinstall.config.service.AutoInstallService in 1000ms
01-29 15:54:54.128 I/dvm_lock_sample( 1626): [system_server,0,Binder:1626_1,10,ActivityManagerService.java,14494,void com.android.server.am.ActivityManagerService.serviceDoneExecuting(android.os.IBinder, int, int, int),-,1537,void com.android.server.am.ActivityManagerService$AppDeathRecipient.binderDied(),2]
01-29 15:54:54.331 I/ActivityManager( 1626): Process com.google.android.apps.turbo (pid 16601) has died: cch+75 CEM 
01-29 15:54:54.401 I/dvm_lock_sample( 1626): [system_server,1,Binder:1626_3,21,ActivityManagerService.java,14310,int com.android.server.am.ActivityManagerService.stopService(android.app.IApplicationThread, android.content.Intent, java.lang.String, int),-,14450,int com.android.server.am.ActivityManagerService.bindIsolatedService(android.app.IApplicationThread, android.os.IBinder, android.content.Intent, java.lang.String, android.app.IServiceConnection, int, java.lang.String, java.lang.String, int),4]
01-29 15:54:54.413 W/BpBinder(17566): Slow Binder: BpBinder transact took 565ms, interface=android.app.IActivityManager, code=20 oneway=false
01-29 15:54:54.417 I/dvm_lock_sample( 1626): [system_server,1,Binder:1626_14,26,ActivityManagerService.java,14285,android.content.ComponentName com.android.server.am.ActivityManagerService.startService(android.app.IApplicationThread, android.content.Intent, java.lang.String, boolean, java.lang.String, int),-,14450,int com.android.server.am.ActivityManagerService.bindIsolatedService(android.app.IApplicationThread, android.os.IBinder, android.content.Intent, java.lang.String, android.app.IServiceConnection, int, java.lang.String, java.lang.String, int),5]
01-29 15:54:54.443 I/ActivityManager( 1626): Process com.android.keychain (pid 17519) has died: cch+45 CEM 
01-29 15:54:54.456 I/ActivityManager( 1626): Process com.huaqin.diaglogger (pid 16759) has died: svcb SVC 
01-29 15:54:54.460 W/ActivityManager( 1626): Scheduling restart of crashed service com.huaqin.diaglogger/.DiagLogService in 10662ms
01-29 15:54:54.651 I/ActivityManager( 1626): Start proc 18239:com.google.process.gapps/u0a29 for content provider {com.google.android.gsf/com.google.android.gsf.settings.GoogleSettingsProvider} caller=com.android.vending
01-29 15:54:54.810 I/ActivityManager( 1626): Process com.miui.securitycenter (pid 17392) has died: cch+45 CEM 
01-29 15:54:54.838 W/ActivityManager( 1626): setHasOverlayUi called on unknown pid: 17392
01-29 15:54:55.162 W/BpBinder(17566): Slow Binder: BpBinder transact took 569ms, interface=android.app.IActivityManager, code=20 oneway=false
01-29 15:54:55.188 I/ActivityManager( 1626): Start proc 18300:com.miui.core/u0a75 for service {com.miui.core/miui.autoinstall.config.service.AutoInstallService} caller=com.miui.core
01-29 15:54:55.370 I/Finsky  (17566): [2] AIM: AppInfoCacheUpdater -> invalidating apps: [com.softwareinc.perueiroapp]
01-29 15:54:55.416 I/Finsky  (17566): [48270] AIM: AppInfoManager-Perf > OnDeviceAppInfo > cacheHitCount=0, cacheMissCount=1. Missed  in cache (limit 10) : [com.softwareinc.perueiroapp]
01-29 15:54:55.937 I/ActivityManager( 1626): Start proc 18369:com.google.android.apps.photos/u0a103 for broadcast {com.google.android.apps.photos/com.google.android.libraries.notifications.entrypoints.blockstatechanged.BlockStateChangedReceiver} caller=android
01-29 15:54:56.370 I/ActivityManager( 1626): Process com.qualcomm.qti.workloadclassifier (pid 16818) has died: svcb SVC 
01-29 15:54:56.374 W/ActivityManager( 1626): Scheduling restart of crashed service com.qualcomm.qti.workloadclassifier/.WLCService in 18748ms
01-29 15:54:56.418 I/ActivityManager( 1626): Process com.xiaomi.account (pid 17725) has died: cch+25 CEM 
01-29 15:54:56.664 I/sysui_multi_action( 1626): [757,147,758,4,759,1,806,com.softwareinc.perueiroapp]
01-29 15:54:56.996 I/ActivityManager( 1626): Process com.miui.global.packageinstaller (pid 17542) has died: cch+15 CEM 
01-29 15:54:57.026 I/ActivityManager( 1626): Killing 18044:com.google.android.webview:sandboxed_process0:org.chromium.content.app.SandboxedProcessService0:0/u0a121i467 (adj 0): isolated not needed
01-29 15:54:57.048 I/dvm_lock_sample( 1626): [system_server,1,android.ui,29,ActivityManagerService.java,3378,void com.android.server.am.ActivityManagerService.dispatchUidsChanged(),-,1537,void com.android.server.am.ActivityManagerService$AppDeathRecipient.binderDied(),5]
01-29 15:54:57.103 W/BroadcastQueue( 1626): Background execution not allowed: receiving Intent { act=android.intent.action.PACKAGE_REPLACED dat=package:com.softwareinc.perueiroapp flg=0x4000010 (has extras) } to com.facebook.appmanager/com.facebook.oxygen.common.packages.event.manifest.ManifestPackageEventReceiver
01-29 15:54:57.111 W/BroadcastQueue( 1626): Background execution not allowed: receiving Intent { act=android.intent.action.PACKAGE_REPLACED dat=package:com.softwareinc.perueiroapp flg=0x4000010 (has extras) } to com.google.android.gms/.chimera.GmsIntentOperationService$PersistentTrustedReceiver
01-29 15:54:57.113 W/BroadcastQueue( 1626): Background execution not allowed: receiving Intent { act=android.intent.action.PACKAGE_REPLACED dat=package:com.softwareinc.perueiroapp flg=0x4000010 (has extras) } to com.google.android.gms/.gass.chimera.PackageChangeBroadcastReceiver
01-29 15:54:57.113 W/BroadcastQueue( 1626): Background execution not allowed: receiving Intent { act=android.intent.action.PACKAGE_REPLACED dat=package:com.softwareinc.perueiroapp flg=0x4000010 (has extras) } to com.miui.audioeffect/com.android.musicfx.Compatibility$Receiver
01-29 15:54:57.114 W/BroadcastQueue( 1626): Background execution not allowed: receiving Intent { act=android.intent.action.PACKAGE_REPLACED dat=package:com.softwareinc.perueiroapp flg=0x4000010 (has extras) } to com.miui.notes/com.miui.floatwindow.BootBroadcastReceiver
01-29 15:54:57.114 W/BroadcastQueue( 1626): Background execution not allowed: receiving Intent { act=android.intent.action.PACKAGE_REPLACED dat=package:com.softwareinc.perueiroapp flg=0x4000010 (has extras) } to com.google.android.apps.photos/.account.full.FetchAccountPropertiesAppUpgradeBroadcastReceiver
01-29 15:54:57.114 W/BroadcastQueue( 1626): Background execution not allowed: receiving Intent { act=android.intent.action.PACKAGE_REPLACED dat=package:com.softwareinc.perueiroapp flg=0x4000010 (has extras) } to com.google.android.apps.photos/.account.full.SyncAccountsForLoginBroadcastReceiver
01-29 15:54:57.115 W/BroadcastQueue( 1626): Background execution not allowed: receiving Intent { act=android.intent.action.PACKAGE_REPLACED dat=package:com.softwareinc.perueiroapp flg=0x4000010 (has extras) } to com.google.android.apps.photos/.notificationchannels.AppUpdateBroadcastReceiver
01-29 15:54:57.163 I/ActivityManager( 1626): Start proc 18429:com.android.vending:background/u0a54 for broadcast {com.android.vending/com.google.android.finsky.packagemonitor.backgroundimpl.BackgroundPackageMonitorReceiverImpl$RegisteredReceiver} caller=null
01-29 15:54:57.520 I/ActivityManager( 1626): Process com.google.android.webview:webview_service (pid 17977) has died: cch+15 CEM 
01-29 15:54:57.540 I/am_lifecycle_sample(17782): [0,com.softwareinc.perueiroapp,110,5598]
01-29 15:54:57.637 E/Perf    (17782): Fail to get file list com.softwareinc.perueiroapp
01-29 15:54:57.638 E/Perf    (17782): Fail to get file list com.softwareinc.perueiroapp
01-29 15:54:57.723 D/ForceDarkHelper(17782): updateByCheckExcludeList: pkg: com.softwareinc.perueiroapp activity: com.softwareinc.perueiroapp.MainActivity@b09125d
01-29 15:54:57.734 D/ForceDarkHelper(17782): updateByCheckExcludeList: pkg: com.softwareinc.perueiroapp activity: com.softwareinc.perueiroapp.MainActivity@b09125d
01-29 15:54:57.760 D/ForceDarkHelper(17782): updateByCheckExcludeList: pkg: com.softwareinc.perueiroapp activity: com.softwareinc.perueiroapp.MainActivity@b09125d
01-29 15:54:57.835 I/am_on_create_called(17782): [0,com.softwareinc.perueiroapp.MainActivity,performCreate,170]
01-29 15:54:57.867 I/am_on_start_called(17782): [0,com.softwareinc.perueiroapp.MainActivity,handleStartActivity,0]
01-29 15:54:57.875 I/am_on_resume_called(17782): [0,com.softwareinc.perueiroapp.MainActivity,RESUME_ACTIVITY,1]
01-29 15:54:57.916 W/Looper  (17782): Slow Looper main: Activity com.softwareinc.perueiroapp/.MainActivity is 5569ms late (wall=370ms running=0ms ClientTransaction{ callbacks=[android.app.servertransaction.LaunchActivityItem] lifecycleRequest=android.app.servertransaction.ResumeActivityItem }) because of 1 msg, msg 1 took 5600ms (seq=2 late=10ms h=android.app.ActivityThread$H w=110)
01-29 15:54:57.917 I/am_on_top_resumed_gained_called(17782): [0,com.softwareinc.perueiroapp.MainActivity,topStateChangedWhenResumed]
01-29 15:54:57.918 W/Looper  (17782): Slow Looper main: Activity com.softwareinc.perueiroapp/.MainActivity is 5940ms late (wall=1ms running=0ms ClientTransaction{ callbacks=[android.app.servertransaction.TopResumedActivityChangeItem] }) because of 2 msg, msg 1 took 5600ms (seq=2 late=10ms h=android.app.ActivityThread$H w=110), msg 2 took 370ms (seq=3 late=5569ms h=android.app.ActivityThread$H w=159)
01-29 15:54:58.180 W/BroadcastQueue( 1626): 	at com.android.server.am.ActivityManagerService.finishReceiver(ActivityManagerService.java:16109)
01-29 15:54:58.180 W/BroadcastQueue( 1626): 	at android.app.IActivityManager$Stub.onTransact(IActivityManager.java:2094)
01-29 15:54:58.180 W/BroadcastQueue( 1626): 	at com.android.server.am.ActivityManagerService.onTransact(ActivityManagerService.java:2800)
01-29 15:54:58.219 I/ActivityManager( 1626): Start proc 18521:com.android.vending/u0a54 for broadcast {com.android.vending/com.google.android.finsky.verifier.impl.settings.SingleUserSettingsReceiver} caller=com.android.vending
01-29 15:54:58.247 D/ForceDarkHelper(17782): updateByCheckExcludeList: pkg: com.softwareinc.perueiroapp activity: com.softwareinc.perueiroapp.MainActivity@b09125d
01-29 15:54:58.408 I/ActivityManager( 1626): Process com.google.android.apps.photos (pid 18369) has died: cch+15 CEM 
01-29 15:54:58.506 E/Recents ( 2014): packageMonitor   onPackageModified  packageName=com.softwareinc.perueiroapp   mIsRecentsWithinLauncher=true
01-29 15:54:58.506 E/Recents ( 2014): packageMonitor   onPackageModified  packageName=com.softwareinc.perueiroapp   mIsRecentsWithinLauncher=true
01-29 15:54:58.515 D/Avrcp_ext( 1993): AvrcpServiceBroadcastReceiver-> packageName: com.softwareinc.perueiroapp
01-29 15:54:58.516 D/Avrcp_ext( 1993): packageName: com.softwareinc.perueiroapp removed: false
01-29 15:54:58.518 D/ImsResolver( 2453): maybeAddedImsService, packageName: com.softwareinc.perueiroapp
01-29 15:54:58.578 I/ActivityManager( 1626): Start proc 18568:com.google.android.permissioncontroller/u0a233 for service {com.google.android.permissioncontroller/com.android.packageinstaller.role.service.RoleControllerServiceImpl} caller=android
01-29 15:54:58.603 D/Launcher.Model( 2301): LauncherAppsCallback onPackageChanged|com.softwareinc.perueiroapp|UserHandle{0}
01-29 15:54:58.603 D/Launcher.Model( 2301): Got broadcast:Intent { act=android.intent.action.PACKAGE_CHANGED dat=package:com.softwareinc.perueiroapp (has extras) }
01-29 15:54:58.616 D/Launcher.AllAppsList( 2301): updatePackage, packageName=com.softwareinc.perueiroapp, loadMissing=false, user=UserHandle{0}, matchedSize=1
01-29 15:54:58.616 D/Launcher.AllAppsList( 2301): updatePackage, find appInfo=AppInfo, id=-1, itemType=0, user=UserHandle{0}, mIconType=0, pkgName=com.softwareinc.perueiroapp, className=com.softwareinc.perueiroapp.MainActivity, screenId=-1, container=-1, cellX=-1, cellY=-1, spanX=1, spanY=1, isLandscapePos=false from ComponentInfo{com.softwareinc.perueiroapp/com.softwareinc.perueiroapp.MainActivity}
01-29 15:54:58.625 D/Launcher.Model( 2301): onReceiveBackground, mAllAppsList=add=[], remove=[], modified=[(0, AppInfo, id=-1, itemType=0, user=UserHandle{0}, mIconType=0, pkgName=com.softwareinc.perueiroapp, className=com.softwareinc.perueiroapp.MainActivity, screenId=-1, container=-1, cellX=-1, cellY=-1, spanX=1, spanY=1, isLandscapePos=false)]
===== END SNAPSHOT =====
