10-27 14:23:27.183 I/dvm_lock_sample( 1594): [system_server,0,Binder:1594_1E,6,ActivityManagerService.java,14494,void com.android.server.am.ActivityManagerService.serviceDoneExecuting(android.os.IBinder, int, int, int),-,2043,void com.android.server.am.ActivityManagerService$5.handleMessage(android.os.Message),1]
10-27 14:25:22.717 I/dvm_lock_sample( 1594): [system_server,1,Binder:1594_19,34,ProcessManagerService.java,1704,java.util.List com.android.server.am.ProcessManagerService.getRunningProcessInfo(int, int, java.lang.String, java.lang.String, int),ActivityManagerService.java,14463,boolean com.android.server.am.ActivityManagerService.unbindService(android.app.IServiceConnection),6]
10-27 14:37:48.348 I/dvm_lock_sample( 1594): [system_server,0,Binder:1594_1A,41,ActivityTaskManagerService.java,6586,boolean com.android.server.wm.ActivityTaskManagerService$LocalService.isSleeping(),WindowManagerService.java,2209,int com.android.server.wm.WindowManagerService.relayoutWindow(com.android.server.wm.Session, android.view.IWindow, int, android.view.WindowManager$LayoutParams, int, int, int, int, long, android.graphics.Rect, android.graphics.Rect, android.graphics.Rect, android.graphics.Rect, android.graphics.Rect, android.graphics.Rect, android.graphics.Rect, android.view.DisplayCutout$ParcelableWrapper, android.util.MergedConfiguration, android.view.SurfaceControl, android.view.InsetsState),8]
10-27 14:38:13.532 I/dvm_lock_sample( 1594): [system_server,0,Binder:1594_9,18,ActivityManagerService.java,14494,void com.android.server.am.ActivityManagerService.serviceDoneExecuting(android.os.IBinder, int, int, int),-,14450,int com.android.server.am.ActivityManagerService.bindIsolatedService(android.app.IApplicationThread, android.os.IBinder, android.content.Intent, java.lang.String, android.app.IServiceConnection, int, java.lang.String, java.lang.String, int),3]
10-27 14:38:14.925 I/dvm_lock_sample( 1594): [system_server,1,Binder:1594_1A,15,ActivityManagerService.java,14463,boolean com.android.server.am.ActivityManagerService.unbindService(android.app.IServiceConnection),-,14463,boolean com.android.server.am.ActivityManagerService.unbindService(android.app.IServiceConnection),3]
10-27 14:40:00.482 I/dvm_lock_sample( 1594): [system_server,1,Binder:1594_1B,8,ActivityManagerService.java,10031,java.util.List com.android.server.am.ActivityManagerService.getRunningAppProcesses(),-,14450,int com.android.server.am.ActivityManagerService.bindIsolatedService(android.app.IApplicationThread, android.os.IBinder, android.content.Intent, java.lang.String, android.app.IServiceConnection, int, java.lang.String, java.lang.String, int),1]
10-27 14:41:01.802 I/dvm_lock_sample( 1594): [system_server,1,Binder:1594_8,7,ActivityManagerService.java,7717,boolean com.android.server.am.ActivityManagerService.refContentProvider(android.os.IBinder, int, int),-,14450,int com.android.server.am.ActivityManagerService.bindIsolatedService(android.app.IApplicationThread, android.os.IBinder, android.content.Intent, java.lang.String, android.app.IServiceConnection, int, java.lang.String, java.lang.String, int),1]
10-27 14:41:02.558 I/dvm_lock_sample( 1594): [system_server,1,Binder:1594_F,14,ActivityManagerService.java,6181,boolean com.android.server.am.ActivityManagerService.isAppStartModeDisabled(int, java.lang.String),-,5955,boolean com.android.server.am.ActivityManagerService.isAppBad(android.content.pm.ApplicationInfo),2]
10-27 14:53:16.738 I/dvm_lock_sample( 1594): [system_server,1,Binder:1594_1E,23,ActivityManagerService.java,1537,void com.android.server.am.ActivityManagerService$AppDeathRecipient.binderDied(),-,14875,android.content.Intent com.android.server.am.ActivityManagerService.registerReceiver(android.app.IApplicationThread, java.lang.String, android.content.IIntentReceiver, android.content.IntentFilter, java.lang.String, int, int),4]
10-27 14:53:16.782 I/dvm_lock_sample( 1594): [system_server,1,android.ui,15,ActivityManagerService.java,3378,void com.android.server.am.ActivityManagerService.dispatchUidsChanged(),-,1537,void com.android.server.am.ActivityManagerService$AppDeathRecipient.binderDied(),3]
10-27 14:53:18.552 I/dvm_lock_sample( 1594): [system_server,1,Binder:1594_C,10,ActivityManagerService.java,8605,boolean com.android.server.am.ActivityManagerService.isUidActive(int, java.lang.String),-,16095,void com.android.server.am.ActivityManagerService.finishReceiver(android.os.IBinder, int, java.lang.String, android.os.Bundle, boolean, int),2]
10-27 14:54:20.160 I/dvm_lock_sample( 1594): [system_server,1,Binder:1594_2,7,ActivityManagerService.java,5955,boolean com.android.server.am.ActivityManagerService.isAppBad(android.content.pm.ApplicationInfo),-,14463,boolean com.android.server.am.ActivityManagerService.unbindService(android.app.IServiceConnection),1]
10-27 14:57:02.573 I/dvm_lock_sample( 1594): [system_server,1,android.anim,5,InputMonitor.java,120,void com.android.server.wm.InputMonitor$1.run(),ActivityTaskManagerService.java,1817,void com.android.server.wm.ActivityTaskManagerService.activityDestroyed(android.os.IBinder),1]
10-27 15:04:13.452 I/dvm_lock_sample( 1594): [system_server,1,Binder:1594_9,14,ActivityManagerService.java,6752,java.lang.String com.android.server.am.ActivityManagerService.checkContentProviderAccess(java.lang.String, int),-,14463,boolean com.android.server.am.ActivityManagerService.unbindService(android.app.IServiceConnection),2]
10-27 15:38:20.177 I/dvm_lock_sample( 1594): [system_server,1,Binder:1594_8,8,ActivityManagerService.java,5827,java.lang.String com.android.server.am.ActivityManagerService.getTagForIntentSender(android.content.IIntentSender, java.lang.String),-,1537,void com.android.server.am.ActivityManagerService$AppDeathRecipient.binderDied(),1]
10-27 15:41:28.982 I/dvm_lock_sample( 1594): [system_server,1,Binder:1594_1C,8,ActivityManagerService.java,14450,int com.android.server.am.ActivityManagerService.bindIsolatedService(android.app.IApplicationThread, android.os.IBinder, android.content.Intent, java.lang.String, android.app.IServiceConnection, int, java.lang.String, java.lang.String, int),-,14463,boolean com.android.server.am.ActivityManagerService.unbindService(android.app.IServiceConnection),1]
10-27 15:41:28.987 I/dvm_lock_sample( 1594): [system_server,1,Binder:1594_12,16,ActivityManagerService.java,6978,android.app.ContentProviderHolder com.android.server.am.ActivityManagerService.getContentProviderImpl(android.app.IApplicationThread, java.lang.String, android.os.IBinder, int, java.lang.String, java.lang.String, boolean, int),-,14463,boolean com.android.server.am.ActivityManagerService.unbindService(android.app.IServiceConnection),3]
10-27 15:41:30.651 I/dvm_lock_sample( 1594): [system_server,0,Binder:1594_12,5,ActivityManagerService.java,14494,void com.android.server.am.ActivityManagerService.serviceDoneExecuting(android.os.IBinder, int, int, int),-,14450,int com.android.server.am.ActivityManagerService.bindIsolatedService(android.app.IApplicationThread, android.os.IBinder, android.content.Intent, java.lang.String, android.app.IServiceConnection, int, java.lang.String, java.lang.String, int),1]
10-27 15:48:39.872 I/dvm_lock_sample( 1594): [system_server,1,android.ui,8,ActivityManagerService.java,3378,void com.android.server.am.ActivityManagerService.dispatchUidsChanged(),-,5395,void com.android.server.am.ActivityManagerService.attachApplication(android.app.IApplicationThread, long),1]
10-27 15:48:40.249 I/dvm_lock_sample( 1594): [system_server,1,Binder:1594_1A,5,ActivityManagerService.java,14463,boolean com.android.server.am.ActivityManagerService.unbindService(android.app.IServiceConnection),-,14494,void com.android.server.am.ActivityManagerService.serviceDoneExecuting(android.os.IBinder, int, int, int),1]
10-27 16:08:20.501 I/dvm_lock_sample( 1594): [system_server,1,Binder:1594_A,11,ActivityManagerService.java,18411,boolean com.android.server.am.ActivityManagerService$LocalService.isUidActive(int),-,14494,void com.android.server.am.ActivityManagerService.serviceDoneExecuting(android.os.IBinder, int, int, int),2]
10-27 16:12:43.301 I/dvm_lock_sample( 1594): [system_server,1,Binder:1594_18,5,ActivityManagerService.java,6978,android.app.ContentProviderHolder com.android.server.am.ActivityManagerService.getContentProviderImpl(android.app.IApplicationThread, java.lang.String, android.os.IBinder, int, java.lang.String, java.lang.String, boolean, int),-,16095,void com.android.server.am.ActivityManagerService.finishReceiver(android.os.IBinder, int, java.lang.String, android.os.Bundle, boolean, int),1]
10-27 16:19:38.432 I/dvm_lock_sample( 1594): [system_server,1,Binder:1594_1F,15,ActivityManagerService.java,10076,void com.android.server.am.ActivityManagerService.getMyMemoryState(android.app.ActivityManager$RunningAppProcessInfo),-,1537,void com.android.server.am.ActivityManagerService$AppDeathRecipient.binderDied(),3]
10-27 16:19:40.200 I/dvm_lock_sample( 1594): [system_server,1,Binder:1594_C,11,ActivityManagerService.java,5395,void com.android.server.am.ActivityManagerService.attachApplication(android.app.IApplicationThread, long),-,14450,int com.android.server.am.ActivityManagerService.bindIsolatedService(android.app.IApplicationThread, android.os.IBinder, android.content.Intent, java.lang.String, android.app.IServiceConnection, int, java.lang.String, java.lang.String, int),2]
10-27 16:23:49.829 I/dvm_lock_sample( 1594): [system_server,1,Binder:1594_10,13,ActivityManagerService.java,5955,boolean com.android.server.am.ActivityManagerService.isAppBad(android.content.pm.ApplicationInfo),-,14450,int com.android.server.am.ActivityManagerService.bindIsolatedService(android.app.IApplicationThread, android.os.IBinder, android.content.Intent, java.lang.String, android.app.IServiceConnection, int, java.lang.String, java.lang.String, int),2]
10-27 16:23:53.574 I/dvm_lock_sample( 1594): [system_server,1,ActivityManager,32,BroadcastQueue.java,984,void com.android.server.am.BroadcastQueue.processNextBroadcast(boolean, boolean),ActivityManagerService.java,14285,android.content.ComponentName com.android.server.am.ActivityManagerService.startService(android.app.IApplicationThread, android.content.Intent, java.lang.String, boolean, java.lang.String, int),6]
10-27 16:23:53.981 I/dvm_lock_sample( 1594): [system_server,1,android.ui,8,ActivityManagerService.java,3432,void com.android.server.am.ActivityManagerService.dispatchUidsChanged(),-,14285,android.content.ComponentName com.android.server.am.ActivityManagerService.startService(android.app.IApplicationThread, android.content.Intent, java.lang.String, boolean, java.lang.String, int),1]
10-27 16:23:57.181 I/dvm_lock_sample( 1594): [system_server,1,Binder:1594_18,10,ActivityManagerService.java,6752,java.lang.String com.android.server.am.ActivityManagerService.checkContentProviderAccess(java.lang.String, int),-,14463,boolean com.android.server.am.ActivityManagerService.unbindService(android.app.IServiceConnection),2]
10-27 16:38:55.575 I/dvm_lock_sample( 1594): [system_server,1,Binder:1594_8,11,ActivityManagerService.java,14791,android.content.Intent com.android.server.am.ActivityManagerService.registerReceiver(android.app.IApplicationThread, java.lang.String, android.content.IIntentReceiver, android.content.IntentFilter, java.lang.String, int, int),-,14450,int com.android.server.am.ActivityManagerService.bindIsolatedService(android.app.IApplicationThread, android.os.IBinder, android.content.Intent, java.lang.String, android.app.IServiceConnection, int, java.lang.String, java.lang.String, int),2]
10-27 16:41:38.695 I/dvm_lock_sample( 1594): [system_server,1,android.ui,7,ActivityManagerService.java,3378,void com.android.server.am.ActivityManagerService.dispatchUidsChanged(),-,14494,void com.android.server.am.ActivityManagerService.serviceDoneExecuting(android.os.IBinder, int, int, int),1]
10-27 16:41:50.874 I/dvm_lock_sample( 1594): [system_server,0,Binder:1594_18,6,ActivityManagerService.java,14494,void com.android.server.am.ActivityManagerService.serviceDoneExecuting(android.os.IBinder, int, int, int),-,14463,boolean com.android.server.am.ActivityManagerService.unbindService(android.app.IServiceConnection),1]
10-27 16:55:14.570 I/dvm_lock_sample( 1594): [system_server,1,Binder:1594_5,20,ActivityManagerService.java,7717,boolean com.android.server.am.ActivityManagerService.refContentProvider(android.os.IBinder, int, int),-,14450,int com.android.server.am.ActivityManagerService.bindIsolatedService(android.app.IApplicationThread, android.os.IBinder, android.content.Intent, java.lang.String, android.app.IServiceConnection, int, java.lang.String, java.lang.String, int),4]
10-27 17:09:02.256 I/dvm_lock_sample( 1594): [system_server,1,ActivityManager,16,BroadcastQueue.java,984,void com.android.server.am.BroadcastQueue.processNextBroadcast(boolean, boolean),ActivityManagerService.java,14285,android.content.ComponentName com.android.server.am.ActivityManagerService.startService(android.app.IApplicationThread, android.content.Intent, java.lang.String, boolean, java.lang.String, int),3]
10-27 17:11:55.096 I/dvm_lock_sample( 1594): [system_server,1,android.ui,26,ActivityManagerService.java,3378,void com.android.server.am.ActivityManagerService.dispatchUidsChanged(),-,1537,void com.android.server.am.ActivityManagerService$AppDeathRecipient.binderDied(),5]
10-27 17:11:55.395 I/dvm_lock_sample( 1594): [system_server,1,Binder:1594_1,18,ActivityManagerService.java,14474,void com.android.server.am.ActivityManagerService.publishService(android.os.IBinder, android.content.Intent, android.os.IBinder),-,14450,int com.android.server.am.ActivityManagerService.bindIsolatedService(android.app.IApplicationThread, android.os.IBinder, android.content.Intent, java.lang.String, android.app.IServiceConnection, int, java.lang.String, java.lang.String, int),3]
10-27 17:11:55.655 I/dvm_lock_sample( 1594): [system_server,1,android.ui,11,ActivityManagerService.java,3378,void com.android.server.am.ActivityManagerService.dispatchUidsChanged(),-,14450,int com.android.server.am.ActivityManagerService.bindIsolatedService(android.app.IApplicationThread, android.os.IBinder, android.content.Intent, java.lang.String, android.app.IServiceConnection, int, java.lang.String, java.lang.String, int),2]
10-27 17:17:05.583 I/dvm_lock_sample( 1594): [system_server,1,Binder:1594_C,412,ActivityManagerService.java,14463,boolean com.android.server.am.ActivityManagerService.unbindService(android.app.IServiceConnection),-,1777,void com.android.server.am.ActivityManagerService$MainHandler.handleMessage(android.os.Message),82]
10-27 17:17:05.583 I/dvm_lock_sample( 1594): [system_server,0,Binder:1594_8,522,ActivityManagerService.java,14494,void com.android.server.am.ActivityManagerService.serviceDoneExecuting(android.os.IBinder, int, int, int),-,1777,void com.android.server.am.ActivityManagerService$MainHandler.handleMessage(android.os.Message),100]
10-27 17:17:35.696 I/dvm_lock_sample( 1594): [system_server,1,android.ui,17,ActivityManagerService.java,3378,void com.android.server.am.ActivityManagerService.dispatchUidsChanged(),-,5395,void com.android.server.am.ActivityManagerService.attachApplication(android.app.IApplicationThread, long),3]
10-27 17:17:45.467 I/dvm_lock_sample( 1594): [system_server,0,PackageInstaller,54,ActivityManagerService.java,18666,int com.android.server.am.ActivityManagerService$LocalService.broadcastIntentInPackage(java.lang.String, int, int, int, android.content.Intent, java.lang.String, android.content.IIntentReceiver, int, java.lang.String, android.os.Bundle, java.lang.String, android.os.Bundle, boolean, boolean, int, boolean),BroadcastQueue.java,984,void com.android.server.am.BroadcastQueue.processNextBroadcast(boolean, boolean),10]
10-27 17:17:45.490 I/dvm_lock_sample( 1594): [system_server,1,Binder:1594_6,35,ProcessManagerService.java,1704,java.util.List com.android.server.am.ProcessManagerService.getRunningProcessInfo(int, int, java.lang.String, java.lang.String, int),ActivityManagerService.java,14463,boolean com.android.server.am.ActivityManagerService.unbindService(android.app.IServiceConnection),7]
10-27 17:17:47.471 I/dvm_lock_sample( 1594): [system_server,1,Binder:1594_14,30,ActivityManagerService.java,14335,boolean com.android.server.am.ActivityManagerService.stopServiceToken(android.content.ComponentName, android.os.IBinder, int),-,1537,void com.android.server.am.ActivityManagerService$AppDeathRecipient.binderDied(),6]
10-27 17:17:47.476 I/dvm_lock_sample( 1594): [system_server,1,Binder:1594_1B,29,ActivityManagerService.java,14450,int com.android.server.am.ActivityManagerService.bindIsolatedService(android.app.IApplicationThread, android.os.IBinder, android.content.Intent, java.lang.String, android.app.IServiceConnection, int, java.lang.String, java.lang.String, int),-,1537,void com.android.server.am.ActivityManagerService$AppDeathRecipient.binderDied(),5]
10-27 17:17:47.706 I/dvm_lock_sample( 1594): [system_server,1,Binder:1594_14,49,ActivityManagerService.java,14450,int com.android.server.am.ActivityManagerService.bindIsolatedService(android.app.IApplicationThread, android.os.IBinder, android.content.Intent, java.lang.String, android.app.IServiceConnection, int, java.lang.String, java.lang.String, int),-,1537,void com.android.server.am.ActivityManagerService$AppDeathRecipient.binderDied(),9]
10-27 17:17:49.295 I/dvm_lock_sample( 1594): [system_server,1,Binder:1594_2,23,ActivityManagerService.java,15989,int com.android.server.am.ActivityManagerService.broadcastIntent(android.app.IApplicationThread, android.content.Intent, java.lang.String, android.content.IIntentReceiver, int, java.lang.String, android.os.Bundle, java.lang.String[], int, android.os.Bundle, boolean, boolean, int),-,14450,int com.android.server.am.ActivityManagerService.bindIsolatedService(android.app.IApplicationThread, android.os.IBinder, android.content.Intent, java.lang.String, android.app.IServiceConnection, int, java.lang.String, java.lang.String, int),4]
10-27 17:17:49.330 I/dvm_lock_sample( 1594): [system_server,1,Binder:1594_1C,14,ActivityManagerService.java,14474,void com.android.server.am.ActivityManagerService.publishService(android.os.IBinder, android.content.Intent, android.os.IBinder),-,14450,int com.android.server.am.ActivityManagerService.bindIsolatedService(android.app.IApplicationThread, android.os.IBinder, android.content.Intent, java.lang.String, android.app.IServiceConnection, int, java.lang.String, java.lang.String, int),2]
10-27 17:17:50.160 I/dvm_lock_sample( 1594): [system_server,1,Binder:1594_20,18,ActivityManagerService.java,6752,java.lang.String com.android.server.am.ActivityManagerService.checkContentProviderAccess(java.lang.String, int),-,14285,android.content.ComponentName com.android.server.am.ActivityManagerService.startService(android.app.IApplicationThread, android.content.Intent, java.lang.String, boolean, java.lang.String, int),3]
10-27 17:17:51.591 I/dvm_lock_sample( 1594): [system_server,1,android.ui,12,ActivityManagerService.java,3378,void com.android.server.am.ActivityManagerService.dispatchUidsChanged(),-,14450,int com.android.server.am.ActivityManagerService.bindIsolatedService(android.app.IApplicationThread, android.os.IBinder, android.content.Intent, java.lang.String, android.app.IServiceConnection, int, java.lang.String, java.lang.String, int),2]
10-27 17:17:58.499 I/dvm_lock_sample( 1594): [system_server,0,miui.fg,81,ActivityManagerService.java,10090,int com.android.server.am.ActivityManagerService.getMemoryTrimLevel(),-,14335,boolean com.android.server.am.ActivityManagerService.stopServiceToken(android.content.ComponentName, android.os.IBinder, int),16]
10-27 17:17:58.499 I/dvm_lock_sample( 1594): [system_server,1,Binder:1594_C,63,ActivityManagerService.java,14488,void com.android.server.am.ActivityManagerService.unbindFinished(android.os.IBinder, android.content.Intent, boolean),-,1537,void com.android.server.am.ActivityManagerService$AppDeathRecipient.binderDied(),12]
10-27 17:18:22.839 I/dvm_lock_sample( 1594): [system_server,1,Binder:1594_1C,49,ActivityManagerService.java,14791,android.content.Intent com.android.server.am.ActivityManagerService.registerReceiver(android.app.IApplicationThread, java.lang.String, android.content.IIntentReceiver, android.content.IntentFilter, java.lang.String, int, int),-,1537,void com.android.server.am.ActivityManagerService$AppDeathRecipient.binderDied(),9]
10-27 17:18:25.787 I/dvm_lock_sample( 1594): [system_server,0,Binder:1594_1F,44,ActivityManagerService.java,7564,void com.android.server.am.ActivityManagerService.removeContentProvider(android.os.IBinder, boolean),-,14285,android.content.ComponentName com.android.server.am.ActivityManagerService.startService(android.app.IApplicationThread, android.content.Intent, java.lang.String, boolean, java.lang.String, int),8]
10-27 17:18:25.993 I/dvm_lock_sample( 1594): [system_server,0,Binder:1594_15,47,ActivityManagerService.java,14494,void com.android.server.am.ActivityManagerService.serviceDoneExecuting(android.os.IBinder, int, int, int),-,14450,int com.android.server.am.ActivityManagerService.bindIsolatedService(android.app.IApplicationThread, android.os.IBinder, android.content.Intent, java.lang.String, android.app.IServiceConnection, int, java.lang.String, java.lang.String, int),9]
10-27 17:18:26.471 I/dvm_lock_sample( 1594): [system_server,0,Binder:1594_5,8,ActivityManagerService.java,14494,void com.android.server.am.ActivityManagerService.serviceDoneExecuting(android.os.IBinder, int, int, int),-,14463,boolean com.android.server.am.ActivityManagerService.unbindService(android.app.IServiceConnection),1]
10-27 17:18:27.238 I/dvm_lock_sample( 1594): [system_server,0,Binder:1594_1D,24,ActivityManagerService.java,14494,void com.android.server.am.ActivityManagerService.serviceDoneExecuting(android.os.IBinder, int, int, int),-,1537,void com.android.server.am.ActivityManagerService$AppDeathRecipient.binderDied(),4]
10-27 17:18:28.127 I/dvm_lock_sample( 1594): [system_server,1,Binder:1594_8,7,ActivityManagerService.java,14463,boolean com.android.server.am.ActivityManagerService.unbindService(android.app.IServiceConnection),-,1537,void com.android.server.am.ActivityManagerService$AppDeathRecipient.binderDied(),1]
10-27 17:18:29.989 I/dvm_lock_sample( 1594): [system_server,1,Binder:1594_4,16,ActivityManagerService.java,14450,int com.android.server.am.ActivityManagerService.bindIsolatedService(android.app.IApplicationThread, android.os.IBinder, android.content.Intent, java.lang.String, android.app.IServiceConnection, int, java.lang.String, java.lang.String, int),-,1537,void com.android.server.am.ActivityManagerService$AppDeathRecipient.binderDied(),3]
10-27 17:18:30.892 I/dvm_lock_sample( 1594): [system_server,1,Binder:1594_11,22,ActivityManagerService.java,6752,java.lang.String com.android.server.am.ActivityManagerService.checkContentProviderAccess(java.lang.String, int),-,14463,boolean com.android.server.am.ActivityManagerService.unbindService(android.app.IServiceConnection),4]
10-27 17:18:38.819 I/dvm_lock_sample( 1594): [system_server,1,Binder:1594_B,15,ActivityManagerService.java,6978,android.app.ContentProviderHolder com.android.server.am.ActivityManagerService.getContentProviderImpl(android.app.IApplicationThread, java.lang.String, android.os.IBinder, int, java.lang.String, java.lang.String, boolean, int),-,14450,int com.android.server.am.ActivityManagerService.bindIsolatedService(android.app.IApplicationThread, android.os.IBinder, android.content.Intent, java.lang.String, android.app.IServiceConnection, int, java.lang.String, java.lang.String, int),3]
10-27 17:26:58.267 I/dvm_lock_sample( 1594): [system_server,1,NetworkPolicy.uid,5,ActivityManagerService.java,18347,void com.android.server.am.ActivityManagerService$LocalService.notifyNetworkPolicyRulesUpdated(int, long),-,14463,boolean com.android.server.am.ActivityManagerService.unbindService(android.app.IServiceConnection),1]
10-27 17:29:30.892 I/dvm_lock_sample( 1594): [system_server,0,Binder:1594_1C,12,ActivityManagerService.java,14494,void com.android.server.am.ActivityManagerService.serviceDoneExecuting(android.os.IBinder, int, int, int),-,14463,boolean com.android.server.am.ActivityManagerService.unbindService(android.app.IServiceConnection),2]
10-27 17:45:46.855 I/dvm_lock_sample( 1594): [system_server,1,Binder:1594_1B,7,ProcessManagerService.java,1704,java.util.List com.android.server.am.ProcessManagerService.getRunningProcessInfo(int, int, java.lang.String, java.lang.String, int),ActivityManagerService.java,1537,void com.android.server.am.ActivityManagerService$AppDeathRecipient.binderDied(),1]
10-27 17:58:03.684 I/dvm_lock_sample( 1594): [system_server,1,Binder:1594_19,13,ActivityManagerService.java,8605,boolean com.android.server.am.ActivityManagerService.isUidActive(int, java.lang.String),-,14450,int com.android.server.am.ActivityManagerService.bindIsolatedService(android.app.IApplicationThread, android.os.IBinder, android.content.Intent, java.lang.String, android.app.IServiceConnection, int, java.lang.String, java.lang.String, int),2]
10-27 18:07:58.663 I/dvm_lock_sample( 1594): [system_server,1,android.ui,5,ActivityManagerService.java,3378,void com.android.server.am.ActivityManagerService.dispatchUidsChanged(),-,14463,boolean com.android.server.am.ActivityManagerService.unbindService(android.app.IServiceConnection),1]
10-27 18:09:20.588 I/dvm_lock_sample( 1594): [system_server,1,Binder:1594_10,8,ActivityManagerService.java,14474,void com.android.server.am.ActivityManagerService.publishService(android.os.IBinder, android.content.Intent, android.os.IBinder),-,14450,int com.android.server.am.ActivityManagerService.bindIsolatedService(android.app.IApplicationThread, android.os.IBinder, android.content.Intent, java.lang.String, android.app.IServiceConnection, int, java.lang.String, java.lang.String, int),1]
10-27 18:09:45.132 I/dvm_lock_sample( 1594): [system_server,1,Binder:1594_C,22,ActivityManagerService.java,14474,void com.android.server.am.ActivityManagerService.publishService(android.os.IBinder, android.content.Intent, android.os.IBinder),-,14450,int com.android.server.am.ActivityManagerService.bindIsolatedService(android.app.IApplicationThread, android.os.IBinder, android.content.Intent, java.lang.String, android.app.IServiceConnection, int, java.lang.String, java.lang.String, int),4]
10-27 18:11:20.851 I/dvm_lock_sample( 1594): [system_server,0,Binder:1594_14,10,ActivityManagerService.java,14494,void com.android.server.am.ActivityManagerService.serviceDoneExecuting(android.os.IBinder, int, int, int),-,14450,int com.android.server.am.ActivityManagerService.bindIsolatedService(android.app.IApplicationThread, android.os.IBinder, android.content.Intent, java.lang.String, android.app.IServiceConnection, int, java.lang.String, java.lang.String, int),2]
10-27 18:13:04.491 I/dvm_lock_sample( 1594): [system_server,0,miui.fg,10,ActivityManagerService.java,5955,boolean com.android.server.am.ActivityManagerService.isAppBad(android.content.pm.ApplicationInfo),-,1537,void com.android.server.am.ActivityManagerService$AppDeathRecipient.binderDied(),2]
10-27 18:25:14.125 I/sysui_multi_action( 1594): [757,147,758,4,759,1,806,com.idealinspecao.perueiroapp]
10-27 18:25:14.225 I/dvm_lock_sample( 1594): [system_server,1,Binder:1594_16,50,ActivityManagerService.java,8605,boolean com.android.server.am.ActivityManagerService.isUidActive(int, java.lang.String),-,17649,void com.android.server.am.ActivityManagerService.pushTempWhitelist(),10]
10-27 18:25:14.943 I/am_create_activity( 1594): [0,51352768,1984,com.idealinspecao.perueiroapp/.MainActivity,NULL,NULL,NULL,268435456]
10-27 18:25:15.012 I/dvm_lock_sample( 1594): [system_server,1,Binder:1594_A,122,ActivityTaskManagerService.java,7377,com.android.server.wm.WindowProcessController com.android.server.wm.ActivityTaskManagerService$LocalService.getTopApp(),ActivityStarter.java,1313,int com.android.server.wm.ActivityStarter.startActivityMayWait(android.app.IApplicationThread, int, java.lang.String, int, int, android.content.Intent, java.lang.String, android.service.voice.IVoiceInteractionSession, com.android.internal.app.IVoiceInteractor, android.os.IBinder, java.lang.String, int, int, android.app.ProfilerInfo, android.app.WaitResult, android.content.res.Configuration, com.android.server.wm.SafeActivityOptions, boolean, int, com.android.server.wm.TaskRecord, java.lang.String, boolean, com.android.server.am.PendingIntentRecord, boolean),24]
10-27 18:25:15.086 I/am_proc_start( 1594): [0,11588,11398,com.idealinspecao.perueiroapp,activity,{com.idealinspecao.perueiroapp/com.idealinspecao.perueiroapp.MainActivity}]
10-27 18:25:15.261 I/PI-ScanDispatch(11454): service bind, pkgName = com.idealinspecao.perueiroapp, installer = null, isReplace = false, firstGoogleTime = 1614890563430
10-27 18:25:15.389 I/am_proc_bound( 1594): [0,11588,com.idealinspecao.perueiroapp]
10-27 18:25:15.400 I/am_restart_activity( 1594): [0,51352768,1984,com.idealinspecao.perueiroapp/.MainActivity,11588]
10-27 18:25:15.401 I/am_set_resumed_activity( 1594): [0,com.idealinspecao.perueiroapp/.MainActivity,minimalResumeActivityLocked]
10-27 18:25:15.402 W/ActivityTaskManager( 1594): Request to remove task ignored for non-existent task 1983
10-27 18:25:15.402 I/ProcessMonitor(17776): onForegroundInfoChanged: ForegroundInfo{mForegroundPackageName='com.idealinspecao.perueiroapp', mForegroundUid=11398, mForegroundPid=11588, mLastForegroundPackageName='com.miui.home', mLastForegroundUid=10064, mLastForegroundPid=2404, mMultiWindowForegroundPackageName='null', mMultiWindowForegroundUid=-1, mFlags=1}
10-27 18:25:15.402 I/GST     (10006): forePkg: com.idealinspecao.perueiroapp, preForePkg: com.miui.home
10-27 18:25:15.403 D/AutoInstallService(10902): onForegroundInfoChanged: com.idealinspecao.perueiroapp
10-27 18:25:15.839 I/ActivityManager( 1594): Process android.process.acore (pid 10498) has died: cch+65 CEM 
10-27 18:25:15.871 I/ActivityManager( 1594): Process com.huaqin.diaglogger (pid 10538) has died: svcb SVC 
10-27 18:25:15.877 W/ActivityManager( 1594): Scheduling restart of crashed service com.huaqin.diaglogger/.DiagLogService in 1000ms
10-27 18:25:15.953 D/AppActiveReceiver(11606): receive app active broadcast for: com.idealinspecao.perueiroapp, install from: null
10-27 18:25:16.102 I/ActivityManager( 1594): Process com.google.android.apps.turbo:aab (pid 10647) has died: cch+55 CEM 
10-27 18:25:16.114 W/ActivityManager( 1594): Slow operation: 146ms so far, now at startProcess: done updating battery stats
10-27 18:25:16.121 W/ActivityManager( 1594): Slow operation: 153ms so far, now at startProcess: returned from zygote!
10-27 18:25:16.126 W/ActivityManager( 1594): Slow operation: 158ms so far, now at startProcess: building log message
10-27 18:25:16.126 I/ActivityManager( 1594): Start proc 11764:com.xiaomi.mipicks/u0a135 for broadcast {com.xiaomi.mipicks/com.xiaomi.market.receiver.AppActiveReceiver} caller=null
10-27 18:25:16.126 W/ActivityManager( 1594): Slow operation: 158ms so far, now at startProcess: starting to update pids map
10-27 18:25:16.126 W/ActivityManager( 1594): Slow operation: 158ms so far, now at startProcess: done updating pids map
10-27 18:25:16.199 I/dvm_lock_sample( 1594): [system_server,1,Binder:1594_A,73,ActivityManagerService.java,14343,void com.android.server.am.ActivityManagerService.setServiceForeground(android.content.ComponentName, android.os.IBinder, int, android.app.Notification, int, int),-,5395,void com.android.server.am.ActivityManagerService.attachApplication(android.app.IApplicationThread, long),14]
10-27 18:25:16.212 I/dvm_lock_sample( 1594): [system_server,1,Binder:1594_9,79,ActivityManagerService.java,6752,java.lang.String com.android.server.am.ActivityManagerService.checkContentProviderAccess(java.lang.String, int),-,5395,void com.android.server.am.ActivityManagerService.attachApplication(android.app.IApplicationThread, long),15]
10-27 18:25:16.215 I/ActivityManager( 1594): Process com.miui.videoplayer (pid 9897) has died: cch+95 CEM 
10-27 18:25:16.260 I/ActivityManager( 1594): Process com.android.chrome (pid 10862) has died: cch+75 CEM 
10-27 18:25:16.310 W/system_server( 1594): Long monitor contention with owner Binder:1594_1F (4639) at int com.android.server.am.ActivityManagerService.bindIsolatedService(android.app.IApplicationThread, android.os.IBinder, android.content.Intent, java.lang.String, android.app.IServiceConnection, int, java.lang.String, java.lang.String, int)(ActivityManagerService.java:14450) waiters=6 in void com.android.server.am.ProcessList.lambda$startProcessLocked$0$ProcessList(com.android.server.am.ProcessRecord, java.lang.String, int[], int, int, java.lang.String, java.lang.String, java.lang.String, long) for 122ms
10-27 18:25:16.311 I/dvm_lock_sample( 1594): [system_server,1,ActivityManager:procStart,122,ProcessList.java,1687,void com.android.server.am.ProcessList.lambda$startProcessLocked$0$ProcessList(com.android.server.am.ProcessRecord, java.lang.String, int[], int, int, java.lang.String, java.lang.String, java.lang.String, long),ActivityManagerService.java,14450,int com.android.server.am.ActivityManagerService.bindIsolatedService(android.app.IApplicationThread, android.os.IBinder, android.content.Intent, java.lang.String, android.app.IServiceConnection, int, java.lang.String, java.lang.String, int),24]
10-27 18:25:16.313 W/Looper  ( 1594): Slow dispatch took 134ms android.ui h=com.android.server.am.ActivityManagerService$UiHandler c=null m=53
10-27 18:25:16.313 W/system_server( 1594): Long monitor contention with owner Binder:1594_4 (2060) at void com.android.server.am.ActivityManagerService.removeContentProvider(android.os.IBinder, boolean)(ActivityManagerService.java:7564) waiters=7 in android.app.ContentProviderHolder com.android.server.am.ActivityManagerService.getContentProviderImpl(android.app.IApplicationThread, java.lang.String, android.os.IBinder, int, java.lang.String, java.lang.String, boolean, int) for 103ms
10-27 18:25:16.313 I/ActivityManager( 1594): Process com.google.android.partnersetup (pid 10629) has died: cch+65 CEM 
10-27 18:25:16.319 I/dvm_lock_sample( 1594): [system_server,1,Binder:1594_15,103,ActivityManagerService.java,6978,android.app.ContentProviderHolder com.android.server.am.ActivityManagerService.getContentProviderImpl(android.app.IApplicationThread, java.lang.String, android.os.IBinder, int, java.lang.String, java.lang.String, boolean, int),-,7564,void com.android.server.am.ActivityManagerService.removeContentProvider(android.os.IBinder, boolean),20]
10-27 18:25:16.330 W/system_server( 1594): Long monitor contention with owner Binder:1594_9 (2490) at java.lang.String com.android.server.am.ActivityManagerService.checkContentProviderAccess(java.lang.String, int)(ActivityManagerService.java:6752) waiters=9 in void com.android.server.am.ActivityManagerService$AppDeathRecipient.binderDied() for 117ms
10-27 18:25:16.330 I/dvm_lock_sample( 1594): [system_server,1,Binder:1594_1A,117,ActivityManagerService.java,1537,void com.android.server.am.ActivityManagerService$AppDeathRecipient.binderDied(),-,6752,java.lang.String com.android.server.am.ActivityManagerService.checkContentProviderAccess(java.lang.String, int),23]
10-27 18:25:16.330 I/ActivityManager( 1594): Process com.google.process.gapps (pid 10829) has died: cch+65 CEM 
10-27 18:25:16.360 I/ActivityManager( 1594): Process com.google.process.gservices (pid 29316) has died: cch+55 CEM 
10-27 18:25:16.445 W/ActivityManager( 1594): Slow operation: 102ms so far, now at startProcess: returned from zygote!
10-27 18:25:16.460 W/Looper  ( 1594): Slow dispatch took 119ms android.ui h=com.android.server.am.ActivityManagerService$UiHandler c=null m=53
10-27 18:25:16.463 W/ActivityManager( 1594): Slow operation: 119ms so far, now at startProcess: done updating battery stats
10-27 18:25:16.464 W/ActivityManager( 1594): Slow operation: 120ms so far, now at startProcess: building log message
10-27 18:25:16.464 I/ActivityManager( 1594): Start proc 11828:com.android.vending/u0a54 for service {com.android.vending/com.google.android.finsky.developergroupidinfo.DeveloperGroupIdInfoService} caller=com.google.android.gms
10-27 18:25:16.464 W/ActivityManager( 1594): Slow operation: 120ms so far, now at startProcess: starting to update pids map
10-27 18:25:16.464 W/ActivityManager( 1594): Slow operation: 120ms so far, now at startProcess: done updating pids map
10-27 18:25:16.511 I/dvm_lock_sample( 1594): [system_server,1,android.ui,13,ActivityManagerService.java,3378,void com.android.server.am.ActivityManagerService.dispatchUidsChanged(),-,5395,void com.android.server.am.ActivityManagerService.attachApplication(android.app.IApplicationThread, long),2]
10-27 18:25:16.522 I/ActivityManager( 1594): Start proc 11867:android.process.acore/u0a41 for content provider {com.android.providers.contacts/com.android.providers.contacts.ContactsProvider2} caller=android
10-27 18:25:16.532 I/ActivityManager( 1594): Process com.google.android.apps.photos (pid 10942) has died: cch+55 CEM 
10-27 18:25:16.800 I/ActivityManager( 1594): Process com.google.android.youtube (pid 9676) has died: cch+45 CEM 
10-27 18:25:16.829 I/notification_cancel_all( 1594): [1000,1594,com.idealinspecao.perueiroapp,0,0,0,5,NULL]
10-27 18:25:16.980 W/ActivityManager( 1594): Slow operation: 102ms so far, now at startProcess: returned from zygote!
10-27 18:25:16.980 W/ActivityManager( 1594): Slow operation: 102ms so far, now at startProcess: done updating battery stats
10-27 18:25:16.981 W/ActivityManager( 1594): Slow operation: 103ms so far, now at startProcess: building log message
10-27 18:25:16.981 I/ActivityManager( 1594): Start proc 11937:com.huaqin.diaglogger/1000 for service {com.huaqin.diaglogger/com.huaqin.diaglogger.DiagLogService} caller=com.huaqin.diaglogger
10-27 18:25:16.981 W/ActivityManager( 1594): Slow operation: 103ms so far, now at startProcess: starting to update pids map
10-27 18:25:16.982 W/ActivityManager( 1594): Slow operation: 103ms so far, now at startProcess: done updating pids map
10-27 18:25:17.108 I/dvm_lock_sample( 1594): [system_server,1,Binder:1594_10,47,ActivityManagerService.java,4467,void com.android.server.am.ActivityManagerService.addPackageDependency(java.lang.String),-,5395,void com.android.server.am.ActivityManagerService.attachApplication(android.app.IApplicationThread, long),9]
10-27 18:25:17.179 I/ActivityManager( 1594): Process com.android.cellbroadcastreceiver (pid 11168) has died: cch+45 CEM 
10-27 18:25:17.261 W/ActivityManager( 1594): Receiver with filter android.content.IntentFilter@5028e7 already registered for pid 11764, callerPackage is com.xiaomi.mipicks
10-27 18:25:17.376 I/ActivityManager( 1594): Process com.google.android.packageinstaller (pid 11427) has died: cch+25 CEM 
10-27 18:25:17.580 I/ActivityManager( 1594): Process com.miui.securitycenter (pid 11310) has died: cch+25 CEM 
10-27 18:25:17.591 W/ActivityManager( 1594): setHasOverlayUi called on unknown pid: 11310
10-27 18:25:17.598 W/XSpaceManagerService( 1594): update XSpace App: packageName:com.idealinspecao.perueiroapp, user:UserHandle{0}, action:android.intent.action.PACKAGE_ADDED
10-27 18:25:17.599 D/Launcher.Model( 2404): LauncherAppsCallback onPackageAdded|com.idealinspecao.perueiroapp|UserHandle{0}
10-27 18:25:17.616 D/Launcher.Model( 2404): Got broadcast:Intent { act=android.intent.action.PACKAGE_ADDED dat=package:com.idealinspecao.perueiroapp (has extras) }
10-27 18:25:17.621 I/ActivityManager( 1594): Process com.miui.global.packageinstaller (pid 11454) has died: cch+15 CEM 
10-27 18:25:17.819 E/Launcher.AllAppsList( 2404): Can't load postion for packageName: com.idealinspecao.perueiroapp activityName: com.idealinspecao.perueiroapp.MainActivity
10-27 18:25:17.837 D/AppActiveReceiver(11764): receive app active broadcast for: com.idealinspecao.perueiroapp, install from: null
10-27 18:25:17.854 D/AutoInstallsParser( 2404): isPAIPackageName: com.idealinspecao.perueiroapp
10-27 18:25:17.878 D/Launcher.Model( 2404): onReceiveBackground, mAllAppsList=add=[(0, AppInfo, id=-1, itemType=0, user=UserHandle{0}, mIconType=0, pkgName=com.idealinspecao.perueiroapp, className=com.idealinspecao.perueiroapp.MainActivity, screenId=-1, container=-1, cellX=-1, cellY=-1, spanX=1, spanY=1, isLandscapePos=false)], remove=[], modified=[]
10-27 18:25:17.961 D/Launcher( 2404): add item to launcher when bind apps added, info=ShortcutInfo, id=-1, itemType=0, user=UserHandle{0}, mIconType=0, pkgName=com.idealinspecao.perueiroapp, className=com.idealinspecao.perueiroapp.MainActivity, screenId=-1, container=-1, cellX=-1, cellY=-1, spanX=1, spanY=1, isLandscapePos=false
10-27 18:25:17.965 D/Launcher( 2404): addItemToWorkspace, add item into db, item=ShortcutInfo, id=-1, itemType=0, user=UserHandle{0}, mIconType=0, pkgName=com.idealinspecao.perueiroapp, className=com.idealinspecao.perueiroapp.MainActivity, screenId=2, container=-100, cellX=2, cellY=4, spanX=1, spanY=1, isLandscapePos=false
10-27 18:25:17.965 D/Launcher.Model( 2404): Insert item com.idealinspecao.perueiroapp to database (2, 4) of screen 2
10-27 18:25:17.966 D/Launcher.ShortcutInfo( 2404): onAddToDatabase, this=ShortcutInfo, id=1343, itemType=0, user=UserHandle{0}, mIconType=0, pkgName=com.idealinspecao.perueiroapp, className=com.idealinspecao.perueiroapp.MainActivity, screenId=2, container=-100, cellX=2, cellY=4, spanX=1, spanY=1, isLandscapePos=false
10-27 18:25:17.966 D/Launcher.CellLayout( 2404): updateCellOccupiedMarks, update, ShortcutInfo, id=1343, itemType=0, user=UserHandle{0}, mIconType=0, pkgName=com.idealinspecao.perueiroapp, className=com.idealinspecao.perueiroapp.MainActivity, screenId=2, container=-100, cellX=2, cellY=4, spanX=1, spanY=1, isLandscapePos=false
10-27 18:25:17.970 I/ActivityManager( 1594): Process com.xiaomi.discover (pid 11606) has died: cch+5 CEM 
10-27 18:25:18.079 I/ActivityManager( 1594): Process com.qualcomm.qti.workloadclassifier (pid 10785) has died: svcb SVC 
10-27 18:25:18.085 W/ActivityManager( 1594): Scheduling restart of crashed service com.qualcomm.qti.workloadclassifier/.WLCService in 1000ms
10-27 18:25:18.131 I/am_pss  ( 1594): [11588,11398,com.idealinspecao.perueiroapp,67056640,62279680,354304,129228800,1,2,9]
10-27 18:25:18.153 I/ActivityManager( 1594): Process android.process.media (pid 10582) has died: svcb SVC 
10-27 18:25:18.159 W/ActivityManager( 1594): Canceling start item Intent { cmp=com.android.providers.media/.MtpService (has extras) } in service com.android.providers.media/.MtpService
10-27 18:25:18.159 W/ActivityManager( 1594): Scheduling restart of crashed service com.android.providers.media/.MtpService in 71256ms
10-27 18:25:18.164 I/ActivityManager( 1594): Process com.miui.core (pid 10902) has died: svcb SVC 
10-27 18:25:18.169 W/ActivityManager( 1594): Scheduling restart of crashed service com.miui.core/miui.autoinstall.config.service.AutoInstallService in 71246ms
10-27 18:25:18.213 I/ActivityManager( 1594): Process com.qualcomm.qti.qdma (pid 11369) has died: svcb SVC 
10-27 18:25:18.220 W/ActivityManager( 1594): Scheduling restart of crashed service com.qualcomm.qti.qdma/.job.QDMAJobService in 81195ms
10-27 18:25:18.220 W/ActivityManager( 1594): Scheduling restart of crashed service com.qualcomm.qti.qdma/.uploader.UploaderService in 91195ms
10-27 18:25:18.227 D/Launcher.CellLayout( 2404): updateCellOccupiedMarks, update, ShortcutInfo, id=1343, itemType=0, user=UserHandle{0}, mIconType=0, pkgName=com.idealinspecao.perueiroapp, className=com.idealinspecao.perueiroapp.MainActivity, screenId=2, container=-100, cellX=2, cellY=4, spanX=1, spanY=1, isLandscapePos=false
10-27 18:25:18.479 I/ActivityManager( 1594): Process com.android.settings:remote (pid 10696) has died: svcb SVC 
10-27 18:25:18.484 W/ActivityManager( 1594): Scheduling restart of crashed service com.android.settings/.dangerousoptions.DangerousOptionsWarningService in 100932ms
10-27 18:25:18.634 I/ActivityManager( 1594): Start proc 12250:com.google.process.gservices/u0a29 for content provider {com.google.android.gsf/com.google.android.gsf.gservices.GservicesProvider} caller=com.android.vending
10-27 18:25:18.889 I/ActivityManager( 1594): Process com.huaqin.sarcontroller:controller (pid 11033) has died: svcb SVC 
10-27 18:25:18.895 W/ActivityManager( 1594): Scheduling restart of crashed service com.huaqin.sarcontroller/.SarControllerService in 0ms
10-27 18:25:18.936 I/ActivityManager( 1594): Start proc 12300:com.huaqin.sarcontroller:controller/1000 for service {com.huaqin.sarcontroller/com.huaqin.sarcontroller.SarControllerService} caller=com.huaqin.sarcontroller
10-27 18:25:18.959 I/ActivityManager( 1594): Process com.huaqin.diaglogger (pid 11937) has died: svcb SVC 
10-27 18:25:18.965 W/ActivityManager( 1594): Scheduling restart of crashed service com.huaqin.diaglogger/.DiagLogService in 110451ms
10-27 18:25:18.999 I/ActivityManager( 1594): Process com.qualcomm.telephony (pid 10742) has died: svcb SVC 
10-27 18:25:19.004 W/ActivityManager( 1594): Scheduling restart of crashed service com.qualcomm.atfwd/.AtFwdService in 120412ms
10-27 18:25:19.010 W/BpBinder(11828): Slow Binder: BpBinder transact took 441ms, interface=android.app.IActivityManager, code=20 oneway=false
10-27 18:25:19.017 W/Looper  ( 1594): Slow Looper android.bg: Long Msg: seq=975769 plan=18:25:16.403  late=1397ms wall=1217ms running=0ms h=com.android.server.am.ActivityManagerService$5 w=1
10-27 18:25:19.209 W/ActivityManager( 1594): Slow operation: 123ms so far, now at startProcess: returned from zygote!
10-27 18:25:19.215 W/ActivityManager( 1594): Slow operation: 129ms so far, now at startProcess: done updating battery stats
10-27 18:25:19.216 W/ActivityManager( 1594): Slow operation: 130ms so far, now at startProcess: building log message
10-27 18:25:19.216 I/ActivityManager( 1594): Start proc 12342:com.qualcomm.qti.workloadclassifier/1000 for service {com.qualcomm.qti.workloadclassifier/com.qualcomm.qti.workloadclassifier.WLCService} caller=com.qualcomm.qti.workloadclassifier
10-27 18:25:19.216 W/ActivityManager( 1594): Slow operation: 130ms so far, now at startProcess: starting to update pids map
10-27 18:25:19.217 W/ActivityManager( 1594): Slow operation: 130ms so far, now at startProcess: done updating pids map
10-27 18:25:19.382 I/ActivityManager( 1594): Start proc 12371:com.google.process.gapps/u0a29 for content provider {com.google.android.gsf/com.google.android.gsf.settings.GoogleSettingsProvider} caller=com.android.vending
10-27 18:25:19.502 I/ActivityManager( 1594): Process com.xiaomi.mipicks (pid 11764) has died: cch+5 CEM 
10-27 18:25:19.569 I/ActivityManager( 1594): Process com.xiaomi.bluetooth (pid 7066) has died: svc SVC 
10-27 18:25:19.574 W/ActivityManager( 1594): Scheduling restart of crashed service com.xiaomi.bluetooth/com.android.bluetooth.ble.app.MiuiBleAppService in 129841ms
10-27 18:25:19.575 W/ActivityManager( 1594): Scheduling restart of crashed service com.xiaomi.bluetooth/com.android.bluetooth.ble.app.MiuiFastConnectService in 139841ms
10-27 18:25:19.575 W/ActivityManager( 1594): Scheduling restart of crashed service com.xiaomi.bluetooth/com.android.bluetooth.ble.app.MiuiNearbyService in 149841ms
10-27 18:25:19.681 W/BpBinder(11828): Slow Binder: BpBinder transact took 334ms, interface=android.app.IActivityManager, code=20 oneway=false
10-27 18:25:20.003 I/ActivityManager( 1594): Process com.android.vending (pid 11828) has died: cch+15 CEM 
10-27 18:25:21.525 I/ThumbnailBlurUtils(17776): loadPrivacyThumbnailBlurMonthly successd{"com.anydesk.anydeskandroid":5,"com.miui.player":27,"com.xiaomi.mipicks":5,"videoeditor.videorecorder.screenrecorder":5,"com.miui.compass":5,"com.miui.calculator":5,"com.android.deskclock":5,"com.xiaomi.scanner":5,"com.xiaomi.midrop":5,"com.ozforensics.liveness.demo":-1,"com.miui.securitycenter":5,"com.google.android.apps.meetings":-1,"com.android.vending":5,"com.android.chrome":-1,"com.google.android.apps.photos":-1,"com.mi.android.globalFileexplorer":5,"com.google.android.apps.docs":5,"br.com.otimizaugc.vistosoftapp":-1,"com.duokan.phone.remotecontroller":5,"com.miui.gallery":6,"com.ypcc.otgcamera":-1,"com.google.android.youtube":-1,"com.idealinspecao.perueiroapp":-1,"com.miui.screenrecorder":5,"com.google.android.apps.maps":-1,"com.google.android.apps.tachyon":5,"com.miui.videoplayer":27,"net.sourceforge.opencamera":5,"com.mi.globalbrowser":5,"com.google.android.apps.messaging":5,"com.miui.notes":5,"com.google.android.videos":-1,"com.google.android.googlequicksearchbox":-1,"com.miui.miservice":5,"com.google.ar.lens":5,"com.google.android.contacts":-1,"net.openvpn.openvpn":5,"com.mi.android.globalminusscreen":5,"com.airbeat.device.inspector":5,"com.miui.weather2":5,"com.miui.fm":27,"com.android.providers.downloads.ui":5,"com.android.thememanager":5,"com.xiaomi.calendar":-1,"com.google.android.dialer":-1,"com.android.camera":6,"com.google.android.gm":5,"com.tony.molink.howifi":-1,"com.android.settings":-1,"com.xiaomi.glgm":5,"com.google.android.music":5,"com.google.android.apps.authenticator2":-1,"com.android.soundrecorder":5}
===== END SNAPSHOT =====
