10-11 16:46:28.719 I/dvm_lock_sample( 1594): [system_server,0,Binder:1594_D,16,ActivityManagerService.java,14494,void com.android.server.am.ActivityManagerService.serviceDoneExecuting(android.os.IBinder, int, int, int),-,14450,int com.android.server.am.ActivityManagerService.bindIsolatedService(android.app.IApplicationThread, android.os.IBinder, android.content.Intent, java.lang.String, android.app.IServiceConnection, int, java.lang.String, java.lang.String, int),3]
10-11 16:46:29.953 I/notification_cancel_all( 1594): [1000,1594,com.idealinspecao.perueiroapp,0,0,0,5,NULL]
10-11 16:46:30.053 I/notification_cancel_all( 1594): [1000,1594,com.idealinspecao.perueiroapp,0,0,0,5,NULL]
10-11 16:46:31.384 I/dvm_lock_sample( 1594): [system_server,1,Binder:1594_20,25,ActivityManagerService.java,14791,android.content.Intent com.android.server.am.ActivityManagerService.registerReceiver(android.app.IApplicationThread, java.lang.String, android.content.IIntentReceiver, android.content.IntentFilter, java.lang.String, int, int),-,14450,int com.android.server.am.ActivityManagerService.bindIsolatedService(android.app.IApplicationThread, android.os.IBinder, android.content.Intent, java.lang.String, android.app.IServiceConnection, int, java.lang.String, java.lang.String, int),5]
10-11 16:46:32.919 I/am_lifecycle_sample(20767): [0,com.idealinspecao.perueiroapp,110,4862]
10-11 16:46:33.144 I/am_on_create_called(20767): [0,com.idealinspecao.perueiroapp.MainActivity,performCreate,109]
10-11 16:46:33.159 I/am_on_start_called(20767): [0,com.idealinspecao.perueiroapp.MainActivity,handleStartActivity,0]
10-11 16:46:33.163 I/am_on_resume_called(20767): [0,com.idealinspecao.perueiroapp.MainActivity,RESUME_ACTIVITY,1]
10-11 16:46:33.201 I/am_on_top_resumed_gained_called(20767): [0,com.idealinspecao.perueiroapp.MainActivity,topStateChangedWhenResumed]
10-11 16:46:35.009 I/sysui_multi_action( 1594): [319,475,321,443,322,7410,325,572658,757,761,758,7,759,1,806,com.idealinspecao.perueiroapp,871,com.idealinspecao.perueiroapp.MainActivity,904,com.android.shell,905,0,945,436,1320,12,1321,1]
10-11 16:46:35.014 I/am_activity_launch_time( 1594): [0,114454992,com.idealinspecao.perueiroapp/.MainActivity,7410]
10-11 16:46:38.522 I/am_pss  ( 1594): [20767,11368,com.idealinspecao.perueiroapp,126995456,117616640,202752,216858624,0,2,16]
10-11 16:46:43.045 I/dvm_lock_sample( 1594): [system_server,0,Binder:1594_1E,9,ActivityManagerService.java,14494,void com.android.server.am.ActivityManagerService.serviceDoneExecuting(android.os.IBinder, int, int, int),-,14463,boolean com.android.server.am.ActivityManagerService.unbindService(android.app.IServiceConnection),1]
10-11 16:46:48.626 I/am_pss  ( 1594): [20767,11368,com.idealinspecao.perueiroapp,126221312,116543488,202752,216604672,0,2,19]
10-11 16:47:51.334 I/am_pss  ( 1594): [20767,11368,com.idealinspecao.perueiroapp,124217344,115470336,193536,215597056,0,2,20]
10-11 16:49:52.073 I/dvm_lock_sample( 1594): [system_server,0,miui.fg,15,ActivityManagerService.java,5955,boolean com.android.server.am.ActivityManagerService.isAppBad(android.content.pm.ApplicationInfo),-,18684,android.content.ComponentName com.android.server.am.ActivityManagerService$LocalService.startServiceInPackage(int, android.content.Intent, java.lang.String, boolean, java.lang.String, int, boolean),3]
10-11 16:49:52.093 I/am_pss  ( 1594): [20767,11368,com.idealinspecao.perueiroapp,124216320,115470336,193536,215597056,0,2,17]
10-11 16:50:07.257 I/am_pss  ( 1594): [20767,11368,com.idealinspecao.perueiroapp,124215296,115470336,193536,215597056,0,2,19]
10-11 16:53:59.189 I/am_pss  ( 1594): [20767,11368,com.idealinspecao.perueiroapp,124078080,115470336,183296,215597056,0,2,16]
10-11 16:58:56.818 I/am_on_top_resumed_lost_called(20767): [0,com.idealinspecao.perueiroapp.MainActivity,topStateChangedWhenResumed]
10-11 16:58:56.829 I/am_pause_activity( 1594): [20767,114454992,com.idealinspecao.perueiroapp/.MainActivity,userLeaving=true]
10-11 16:58:56.835 I/dvm_lock_sample( 1594): [system_server,1,Binder:1594_E,15,ActivityTaskManagerService.java,1746,void com.android.server.wm.ActivityTaskManagerService.activityTopResumedStateLost(),ActivityStarter.java,1313,int com.android.server.wm.ActivityStarter.startActivityMayWait(android.app.IApplicationThread, int, java.lang.String, int, int, android.content.Intent, java.lang.String, android.service.voice.IVoiceInteractionSession, com.android.internal.app.IVoiceInteractor, android.os.IBinder, java.lang.String, int, int, android.app.ProfilerInfo, android.app.WaitResult, android.content.res.Configuration, com.android.server.wm.SafeActivityOptions, boolean, int, com.android.server.wm.TaskRecord, java.lang.String, boolean, com.android.server.am.PendingIntentRecord, boolean),3]
10-11 16:58:56.842 I/am_on_paused_called(20767): [0,com.idealinspecao.perueiroapp.MainActivity,performPause,0]
10-11 16:58:58.690 I/am_set_resumed_activity( 1594): [0,com.idealinspecao.perueiroapp/.MainActivity,finishActivity]
10-11 16:58:58.697 I/am_set_resumed_activity( 1594): [0,com.idealinspecao.perueiroapp/.MainActivity,resumeTopActivityInnerLocked]
10-11 16:58:58.698 I/am_resume_activity( 1594): [0,114454992,1245,com.idealinspecao.perueiroapp/.MainActivity,20767]
10-11 16:58:58.708 I/am_on_resume_called(20767): [0,com.idealinspecao.perueiroapp.MainActivity,RESUME_ACTIVITY,1]
10-11 16:58:58.709 I/am_on_top_resumed_gained_called(20767): [0,com.idealinspecao.perueiroapp.MainActivity,topWhenResuming]
10-11 16:59:00.929 I/am_on_top_resumed_lost_called(20767): [0,com.idealinspecao.perueiroapp.MainActivity,topStateChangedWhenResumed]
10-11 16:59:00.933 I/am_pause_activity( 1594): [20767,114454992,com.idealinspecao.perueiroapp/.MainActivity,userLeaving=true]
10-11 16:59:00.935 I/am_add_to_stopping( 1594): [0,114454992,com.idealinspecao.perueiroapp/.MainActivity,makeInvisible]
10-11 16:59:00.943 I/am_on_paused_called(20767): [0,com.idealinspecao.perueiroapp.MainActivity,performPause,0]
10-11 16:59:01.350 I/am_stop_activity( 1594): [0,114454992,com.idealinspecao.perueiroapp/.MainActivity]
10-11 16:59:01.380 I/am_on_stop_called(20767): [0,com.idealinspecao.perueiroapp.MainActivity,STOP_ACTIVITY_ITEM,0]
10-11 16:59:02.145 I/sysui_multi_action( 2131): [757,289,758,4,806,ComponentInfo{com.idealinspecao.perueiroapp/com.idealinspecao.perueiroapp.MainActivity}]
10-11 16:59:02.149 I/am_finish_activity( 1594): [20767,114454992,1245,com.idealinspecao.perueiroapp/.MainActivity,remove-task]
10-11 16:59:02.149 I/am_destroy_activity( 1594): [20767,114454992,1245,com.idealinspecao.perueiroapp/.MainActivity,finish-imm:finishActivityLocked]
10-11 16:59:02.170 I/am_kill ( 1594): [0,20767,com.idealinspecao.perueiroapp,905,SwipeUpClean]
10-11 16:59:02.275 I/am_proc_died( 1594): [0,20767,com.idealinspecao.perueiroapp,905,20]
10-11 16:59:04.672 I/dvm_lock_sample( 1594): [system_server,1,android.ui,23,ActivityManagerService.java,3432,void com.android.server.am.ActivityManagerService.dispatchUidsChanged(),-,5955,boolean com.android.server.am.ActivityManagerService.isAppBad(android.content.pm.ApplicationInfo),4]
10-11 17:01:02.111 I/dvm_lock_sample( 1594): [system_server,1,Binder:1594_C,39,ActivityManagerService.java,14791,android.content.Intent com.android.server.am.ActivityManagerService.registerReceiver(android.app.IApplicationThread, java.lang.String, android.content.IIntentReceiver, android.content.IntentFilter, java.lang.String, int, int),-,14463,boolean com.android.server.am.ActivityManagerService.unbindService(android.app.IServiceConnection),7]
10-11 17:01:02.232 I/dvm_lock_sample( 1594): [system_server,1,Binder:1594_F,18,ActivityManagerService.java,14791,android.content.Intent com.android.server.am.ActivityManagerService.registerReceiver(android.app.IApplicationThread, java.lang.String, android.content.IIntentReceiver, android.content.IntentFilter, java.lang.String, int, int),-,14463,boolean com.android.server.am.ActivityManagerService.unbindService(android.app.IServiceConnection),3]
10-11 17:03:40.655 I/dvm_lock_sample( 1594): [system_server,1,android.ui,5,ActivityManagerService.java,3378,void com.android.server.am.ActivityManagerService.dispatchUidsChanged(),-,1537,void com.android.server.am.ActivityManagerService$AppDeathRecipient.binderDied(),1]
10-11 17:07:08.338 I/dvm_lock_sample( 1594): [system_server,1,android.ui,6,ActivityManagerService.java,3378,void com.android.server.am.ActivityManagerService.dispatchUidsChanged(),-,5395,void com.android.server.am.ActivityManagerService.attachApplication(android.app.IApplicationThread, long),1]
10-11 17:07:10.456 I/dvm_lock_sample( 1594): [system_server,1,Binder:1594_1F,45,ActivityManagerService.java,7717,boolean com.android.server.am.ActivityManagerService.refContentProvider(android.os.IBinder, int, int),-,1537,void com.android.server.am.ActivityManagerService$AppDeathRecipient.binderDied(),9]
10-11 17:11:54.611 I/dvm_lock_sample( 1594): [system_server,1,Binder:1594_4,16,ActivityManagerService.java,7717,boolean com.android.server.am.ActivityManagerService.refContentProvider(android.os.IBinder, int, int),-,5395,void com.android.server.am.ActivityManagerService.attachApplication(android.app.IApplicationThread, long),3]
10-11 17:11:54.673 I/dvm_lock_sample( 1594): [system_server,1,Binder:1594_B,7,ActivityManagerService.java,6181,boolean com.android.server.am.ActivityManagerService.isAppStartModeDisabled(int, java.lang.String),-,14463,boolean com.android.server.am.ActivityManagerService.unbindService(android.app.IServiceConnection),1]
10-11 17:11:56.262 I/dvm_lock_sample( 1594): [system_server,1,Binder:1594_F,5,ActivityManagerService.java,14450,int com.android.server.am.ActivityManagerService.bindIsolatedService(android.app.IApplicationThread, android.os.IBinder, android.content.Intent, java.lang.String, android.app.IServiceConnection, int, java.lang.String, java.lang.String, int),-,14450,int com.android.server.am.ActivityManagerService.bindIsolatedService(android.app.IApplicationThread, android.os.IBinder, android.content.Intent, java.lang.String, android.app.IServiceConnection, int, java.lang.String, java.lang.String, int),1]
10-11 17:11:57.646 I/dvm_lock_sample( 1594): [system_server,1,Binder:1594_12,7,ActivityManagerService.java,5827,java.lang.String com.android.server.am.ActivityManagerService.getTagForIntentSender(android.content.IIntentSender, java.lang.String),-,14450,int com.android.server.am.ActivityManagerService.bindIsolatedService(android.app.IApplicationThread, android.os.IBinder, android.content.Intent, java.lang.String, android.app.IServiceConnection, int, java.lang.String, java.lang.String, int),1]
10-11 17:20:21.266 I/dvm_lock_sample( 1594): [system_server,1,Binder:1594_1F,29,ActivityManagerService.java,6752,java.lang.String com.android.server.am.ActivityManagerService.checkContentProviderAccess(java.lang.String, int),-,16095,void com.android.server.am.ActivityManagerService.finishReceiver(android.os.IBinder, int, java.lang.String, android.os.Bundle, boolean, int),5]
10-11 17:20:21.522 I/am_wtf  ( 1594): [0,1594,system_server,-1,ActivityManager,Killcom.google.android.gms in idle maint: pss=120948, swapPss=15585, initialPss=76294, period=+30m29s403ms, lowRamPeriod=+13m11s423ms]
10-11 17:20:21.758 I/dvm_lock_sample( 1594): [system_server,1,Binder:1594_9,19,ActivityManagerService.java,14450,int com.android.server.am.ActivityManagerService.bindIsolatedService(android.app.IApplicationThread, android.os.IBinder, android.content.Intent, java.lang.String, android.app.IServiceConnection, int, java.lang.String, java.lang.String, int),-,1537,void com.android.server.am.ActivityManagerService$AppDeathRecipient.binderDied(),3]
10-11 17:20:22.374 I/dvm_lock_sample( 1594): [system_server,1,Binder:1594_F,11,ActivityTaskManagerService.java,7377,com.android.server.wm.WindowProcessController com.android.server.wm.ActivityTaskManagerService$LocalService.getTopApp(),-,4006,void com.android.server.wm.ActivityTaskManagerService.keyguardGoingAway(int),2]
10-11 17:20:23.064 I/dvm_lock_sample( 1594): [system_server,1,Binder:1594_5,13,ActivityTaskManagerService.java,4726,int com.android.server.wm.ActivityTaskManagerService.getLastResumedActivityUserId(),WindowManagerService.java,1979,void com.android.server.wm.WindowManagerService.removeWindow(com.android.server.wm.Session, android.view.IWindow),2]
10-11 17:20:23.075 I/dvm_lock_sample( 1594): [system_server,1,Binder:1594_18,5,WindowProcessUtils.java,405,java.lang.String com.android.server.wm.WindowProcessUtils.getCallerPackageName(com.android.server.wm.ActivityTaskManagerService, android.app.IApplicationThread),WindowAnimator.java,144,void com.android.server.wm.WindowAnimator.animate(long),1]
10-11 17:20:23.094 I/dvm_lock_sample( 1594): [system_server,1,Binder:1594_F,21,ActivityManagerService.java,6978,android.app.ContentProviderHolder com.android.server.am.ActivityManagerService.getContentProviderImpl(android.app.IApplicationThread, java.lang.String, android.os.IBinder, int, java.lang.String, java.lang.String, boolean, int),BroadcastQueue.java,984,void com.android.server.am.BroadcastQueue.processNextBroadcast(boolean, boolean),4]
10-11 17:20:23.180 I/dvm_lock_sample( 1594): [system_server,1,Binder:1594_8,14,ActivityTaskManagerService.java,6559,boolean com.android.server.wm.ActivityTaskManagerService$LocalService.isHeavyWeightProcess(com.android.server.wm.WindowProcessController),WindowManagerService.java,2115,void com.android.server.wm.WindowManagerService.setInsetsWindow(com.android.server.wm.Session, android.view.IWindow, int, android.graphics.Rect, android.graphics.Rect, android.graphics.Region),2]
10-11 17:20:23.264 I/dvm_lock_sample( 1594): [system_server,1,Binder:1594_1D,17,WindowProcessUtils.java,405,java.lang.String com.android.server.wm.WindowProcessUtils.getCallerPackageName(com.android.server.wm.ActivityTaskManagerService, android.app.IApplicationThread),WindowSurfacePlacer.java,61,void com.android.server.wm.WindowSurfacePlacer.lambda$new$0$WindowSurfacePlacer(),3]
10-11 17:20:23.406 I/dvm_lock_sample( 1594): [system_server,1,Binder:1594_8,48,ActivityManagerService.java,18411,boolean com.android.server.am.ActivityManagerService$LocalService.isUidActive(int),-,14450,int com.android.server.am.ActivityManagerService.bindIsolatedService(android.app.IApplicationThread, android.os.IBinder, android.content.Intent, java.lang.String, android.app.IServiceConnection, int, java.lang.String, java.lang.String, int),9]
10-11 17:20:23.551 I/dvm_lock_sample( 1594): [system_server,1,Binder:1594_1D,14,ActivityManagerService.java,5955,boolean com.android.server.am.ActivityManagerService.isAppBad(android.content.pm.ApplicationInfo),-,16095,void com.android.server.am.ActivityManagerService.finishReceiver(android.os.IBinder, int, java.lang.String, android.os.Bundle, boolean, int),2]
10-11 17:20:23.578 I/dvm_lock_sample( 1594): [system_server,0,Binder:1594_D,26,ActivityManagerService.java,14494,void com.android.server.am.ActivityManagerService.serviceDoneExecuting(android.os.IBinder, int, int, int),-,14474,void com.android.server.am.ActivityManagerService.publishService(android.os.IBinder, android.content.Intent, android.os.IBinder),5]
10-11 17:20:25.142 I/dvm_lock_sample( 1594): [system_server,0,android.bg,162,ActivityManagerService.java,2043,void com.android.server.am.ActivityManagerService$5.handleMessage(android.os.Message),-,14494,void com.android.server.am.ActivityManagerService.serviceDoneExecuting(android.os.IBinder, int, int, int),32]
10-11 17:20:25.143 I/dvm_lock_sample( 1594): [system_server,1,Binder:1594_4,158,ActivityManagerService.java,14463,boolean com.android.server.am.ActivityManagerService.unbindService(android.app.IServiceConnection),-,14494,void com.android.server.am.ActivityManagerService.serviceDoneExecuting(android.os.IBinder, int, int, int),31]
10-11 17:20:25.154 I/dvm_lock_sample( 1594): [system_server,1,Binder:1594_9,107,ActivityManagerService.java,6978,android.app.ContentProviderHolder com.android.server.am.ActivityManagerService.getContentProviderImpl(android.app.IApplicationThread, java.lang.String, android.os.IBinder, int, java.lang.String, java.lang.String, boolean, int),-,14494,void com.android.server.am.ActivityManagerService.serviceDoneExecuting(android.os.IBinder, int, int, int),21]
10-11 17:20:25.154 I/dvm_lock_sample( 1594): [system_server,1,Binder:1594_C,122,ActivityManagerService.java,6978,android.app.ContentProviderHolder com.android.server.am.ActivityManagerService.getContentProviderImpl(android.app.IApplicationThread, java.lang.String, android.os.IBinder, int, java.lang.String, java.lang.String, boolean, int),-,14494,void com.android.server.am.ActivityManagerService.serviceDoneExecuting(android.os.IBinder, int, int, int),24]
10-11 17:20:26.480 I/dvm_lock_sample( 1594): [system_server,1,Binder:1594_3,32,ActivityManagerService.java,14463,boolean com.android.server.am.ActivityManagerService.unbindService(android.app.IServiceConnection),-,14450,int com.android.server.am.ActivityManagerService.bindIsolatedService(android.app.IApplicationThread, android.os.IBinder, android.content.Intent, java.lang.String, android.app.IServiceConnection, int, java.lang.String, java.lang.String, int),6]
10-11 17:20:29.428 I/dvm_lock_sample( 1594): [system_server,1,Binder:1594_12,19,ActivityManagerService.java,6752,java.lang.String com.android.server.am.ActivityManagerService.checkContentProviderAccess(java.lang.String, int),-,6752,java.lang.String com.android.server.am.ActivityManagerService.checkContentProviderAccess(java.lang.String, int),3]
10-11 17:20:33.228 I/dvm_lock_sample( 1594): [system_server,1,Binder:1594_12,10,ActivityManagerService.java,5827,java.lang.String com.android.server.am.ActivityManagerService.getTagForIntentSender(android.content.IIntentSender, java.lang.String),-,14450,int com.android.server.am.ActivityManagerService.bindIsolatedService(android.app.IApplicationThread, android.os.IBinder, android.content.Intent, java.lang.String, android.app.IServiceConnection, int, java.lang.String, java.lang.String, int),2]
10-11 17:20:38.215 I/am_create_activity( 1594): [0,239712020,1247,com.idealinspecao.perueiroapp/.MainActivity,android.intent.action.MAIN,NULL,NULL,270532608]
10-11 17:20:38.266 I/am_proc_start( 1594): [0,28824,11368,com.idealinspecao.perueiroapp,activity,{com.idealinspecao.perueiroapp/com.idealinspecao.perueiroapp.MainActivity}]
10-11 17:20:38.358 I/am_proc_bound( 1594): [0,28824,com.idealinspecao.perueiroapp]
10-11 17:20:38.363 I/am_restart_activity( 1594): [0,239712020,1247,com.idealinspecao.perueiroapp/.MainActivity,28824]
10-11 17:20:38.364 I/am_set_resumed_activity( 1594): [0,com.idealinspecao.perueiroapp/.MainActivity,minimalResumeActivityLocked]
10-11 17:20:38.786 I/am_on_create_called(28824): [0,com.idealinspecao.perueiroapp.MainActivity,performCreate,58]
10-11 17:20:38.795 I/am_on_start_called(28824): [0,com.idealinspecao.perueiroapp.MainActivity,handleStartActivity,0]
10-11 17:20:38.799 I/am_on_resume_called(28824): [0,com.idealinspecao.perueiroapp.MainActivity,RESUME_ACTIVITY,1]
10-11 17:20:38.817 I/am_on_top_resumed_gained_called(28824): [0,com.idealinspecao.perueiroapp.MainActivity,topStateChangedWhenResumed]
10-11 17:20:39.355 I/sysui_multi_action( 1594): [319,174,321,105,322,1154,325,574708,757,761,758,7,759,1,806,com.idealinspecao.perueiroapp,871,com.idealinspecao.perueiroapp.MainActivity,904,com.miui.home,905,0,945,161,1320,5,1321,5]
10-11 17:20:39.357 I/am_activity_launch_time( 1594): [0,239712020,com.idealinspecao.perueiroapp/.MainActivity,1154]
10-11 17:20:48.510 I/am_pss  ( 1594): [28824,11368,com.idealinspecao.perueiroapp,83874816,74559488,173056,177852416,0,2,13]
10-11 17:20:49.884 I/dvm_lock_sample( 1594): [system_server,1,Binder:1594_8,13,ActivityManagerService.java,5827,java.lang.String com.android.server.am.ActivityManagerService.getTagForIntentSender(android.content.IIntentSender, java.lang.String),-,14450,int com.android.server.am.ActivityManagerService.bindIsolatedService(android.app.IApplicationThread, android.os.IBinder, android.content.Intent, java.lang.String, android.app.IServiceConnection, int, java.lang.String, java.lang.String, int),2]
10-11 17:20:55.051 I/am_on_top_resumed_lost_called(28824): [0,com.idealinspecao.perueiroapp.MainActivity,topStateChangedWhenResumed]
10-11 17:20:55.054 I/am_pause_activity( 1594): [28824,239712020,com.idealinspecao.perueiroapp/.MainActivity,userLeaving=true]
10-11 17:20:55.056 I/am_add_to_stopping( 1594): [0,239712020,com.idealinspecao.perueiroapp/.MainActivity,makeInvisible]
10-11 17:20:55.065 I/am_on_paused_called(28824): [0,com.idealinspecao.perueiroapp.MainActivity,performPause,1]
10-11 17:20:55.492 I/am_stop_activity( 1594): [0,239712020,com.idealinspecao.perueiroapp/.MainActivity]
10-11 17:20:55.535 I/am_on_stop_called(28824): [0,com.idealinspecao.perueiroapp.MainActivity,STOP_ACTIVITY_ITEM,0]
10-11 17:21:18.695 I/am_pss  ( 1594): [28824,11368,com.idealinspecao.perueiroapp,64377856,55873536,173056,154255360,0,16,16]
10-11 17:21:39.604 I/am_pss  ( 1594): [28824,11368,com.idealinspecao.perueiroapp,64489472,55947264,175104,154329088,0,16,15]
10-11 17:23:08.303 I/dvm_lock_sample( 1594): [system_server,1,Binder:1594_20,27,ActivityManagerService.java,7717,boolean com.android.server.am.ActivityManagerService.refContentProvider(android.os.IBinder, int, int),-,14450,int com.android.server.am.ActivityManagerService.bindIsolatedService(android.app.IApplicationThread, android.os.IBinder, android.content.Intent, java.lang.String, android.app.IServiceConnection, int, java.lang.String, java.lang.String, int),5]
10-11 17:28:47.264 I/am_set_resumed_activity( 1594): [0,com.idealinspecao.perueiroapp/.MainActivity,bringingFoundTaskToFront]
10-11 17:28:47.286 I/am_set_resumed_activity( 1594): [0,com.idealinspecao.perueiroapp/.MainActivity,resumeTopActivityInnerLocked]
10-11 17:28:47.287 I/am_resume_activity( 1594): [0,239712020,1247,com.idealinspecao.perueiroapp/.MainActivity,28824]
10-11 17:28:47.300 I/dvm_lock_sample( 1594): [system_server,1,android.display,15,ActivityMetricsLogger.java,544,void com.android.server.wm.ActivityMetricsLogger.checkVisibility(com.android.server.wm.TaskRecord, com.android.server.wm.ActivityRecord),ActivityTaskManagerService.java,1755,void com.android.server.wm.ActivityTaskManagerService.activityPaused(android.os.IBinder),3]
10-11 17:28:47.373 I/am_on_restart_called(28824): [0,com.idealinspecao.perueiroapp.MainActivity,performRestartActivity,0]
10-11 17:28:47.422 I/am_on_start_called(28824): [0,com.idealinspecao.perueiroapp.MainActivity,handleStartActivity,48]
10-11 17:28:47.492 I/am_on_resume_called(28824): [0,com.idealinspecao.perueiroapp.MainActivity,RESUME_ACTIVITY,2]
10-11 17:28:47.493 I/am_on_top_resumed_gained_called(28824): [0,com.idealinspecao.perueiroapp.MainActivity,topWhenResuming]
10-11 17:28:47.554 I/sysui_multi_action( 1594): [319,40,321,32,322,286,325,575197,757,761,758,9,759,4,806,com.idealinspecao.perueiroapp,871,com.idealinspecao.perueiroapp.MainActivity,904,com.miui.home,905,0,1320,5,1321,5]
10-11 17:28:59.209 I/am_on_top_resumed_lost_called(28824): [0,com.idealinspecao.perueiroapp.MainActivity,topStateChangedWhenResumed]
10-11 17:28:59.214 I/am_pause_activity( 1594): [28824,239712020,com.idealinspecao.perueiroapp/.MainActivity,userLeaving=true]
10-11 17:28:59.216 I/am_add_to_stopping( 1594): [0,239712020,com.idealinspecao.perueiroapp/.MainActivity,makeInvisible]
10-11 17:28:59.224 I/am_on_paused_called(28824): [0,com.idealinspecao.perueiroapp.MainActivity,performPause,0]
10-11 17:28:59.649 I/am_stop_activity( 1594): [0,239712020,com.idealinspecao.perueiroapp/.MainActivity]
10-11 17:28:59.678 I/am_on_stop_called(28824): [0,com.idealinspecao.perueiroapp.MainActivity,STOP_ACTIVITY_ITEM,0]
10-11 17:29:00.293 I/sysui_multi_action( 2131): [757,289,758,4,806,ComponentInfo{com.idealinspecao.perueiroapp/com.idealinspecao.perueiroapp.MainActivity}]
10-11 17:29:00.296 I/am_finish_activity( 1594): [28824,239712020,1247,com.idealinspecao.perueiroapp/.MainActivity,remove-task]
10-11 17:29:00.296 I/am_destroy_activity( 1594): [28824,239712020,1247,com.idealinspecao.perueiroapp/.MainActivity,finish-imm:finishActivityLocked]
10-11 17:29:00.312 I/am_kill ( 1594): [0,28824,com.idealinspecao.perueiroapp,905,SwipeUpClean]
10-11 17:29:00.399 I/am_proc_died( 1594): [0,28824,com.idealinspecao.perueiroapp,905,20]
10-11 17:29:01.883 I/am_create_activity( 1594): [0,210732028,1249,com.idealinspecao.perueiroapp/.MainActivity,android.intent.action.MAIN,NULL,NULL,270532608]
10-11 17:29:01.935 I/am_proc_start( 1594): [0,30132,11368,com.idealinspecao.perueiroapp,activity,{com.idealinspecao.perueiroapp/com.idealinspecao.perueiroapp.MainActivity}]
10-11 17:29:02.017 I/am_proc_bound( 1594): [0,30132,com.idealinspecao.perueiroapp]
10-11 17:29:02.021 I/am_restart_activity( 1594): [0,210732028,1249,com.idealinspecao.perueiroapp/.MainActivity,30132]
10-11 17:29:02.022 I/am_set_resumed_activity( 1594): [0,com.idealinspecao.perueiroapp/.MainActivity,minimalResumeActivityLocked]
10-11 17:29:02.351 I/am_on_create_called(30132): [0,com.idealinspecao.perueiroapp.MainActivity,performCreate,62]
10-11 17:29:02.367 I/am_on_start_called(30132): [0,com.idealinspecao.perueiroapp.MainActivity,handleStartActivity,0]
10-11 17:29:02.370 I/am_on_resume_called(30132): [0,com.idealinspecao.perueiroapp.MainActivity,RESUME_ACTIVITY,1]
10-11 17:29:02.393 I/am_on_top_resumed_gained_called(30132): [0,com.idealinspecao.perueiroapp.MainActivity,topStateChangedWhenResumed]
10-11 17:29:02.882 I/sysui_multi_action( 1594): [319,162,321,72,322,1008,325,575212,757,761,758,7,759,1,806,com.idealinspecao.perueiroapp,871,com.idealinspecao.perueiroapp.MainActivity,904,com.miui.home,905,0,945,146,1320,5,1321,5]
10-11 17:29:02.888 I/am_activity_launch_time( 1594): [0,210732028,com.idealinspecao.perueiroapp/.MainActivity,1008]
10-11 17:29:15.835 I/am_pss  ( 1594): [30132,11368,com.idealinspecao.perueiroapp,87590912,79433728,183296,176930816,0,2,18]
10-11 17:30:08.588 I/am_on_top_resumed_lost_called(30132): [0,com.idealinspecao.perueiroapp.MainActivity,topStateChangedWhenResumed]
10-11 17:30:08.597 I/am_pause_activity( 1594): [30132,210732028,com.idealinspecao.perueiroapp/.MainActivity,userLeaving=true]
10-11 17:30:08.599 I/am_add_to_stopping( 1594): [0,210732028,com.idealinspecao.perueiroapp/.MainActivity,makeInvisible]
10-11 17:30:08.616 I/dvm_lock_sample( 1594): [system_server,1,Binder:1594_11,16,ActivityTaskManagerService.java,1746,void com.android.server.wm.ActivityTaskManagerService.activityTopResumedStateLost(),ActivityStarter.java,1313,int com.android.server.wm.ActivityStarter.startActivityMayWait(android.app.IApplicationThread, int, java.lang.String, int, int, android.content.Intent, java.lang.String, android.service.voice.IVoiceInteractionSession, com.android.internal.app.IVoiceInteractor, android.os.IBinder, java.lang.String, int, int, android.app.ProfilerInfo, android.app.WaitResult, android.content.res.Configuration, com.android.server.wm.SafeActivityOptions, boolean, int, com.android.server.wm.TaskRecord, java.lang.String, boolean, com.android.server.am.PendingIntentRecord, boolean),3]
10-11 17:30:08.618 I/am_on_paused_called(30132): [0,com.idealinspecao.perueiroapp.MainActivity,performPause,0]
10-11 17:30:08.635 I/am_pss  ( 1594): [30132,11368,com.idealinspecao.perueiroapp,87603200,79446016,183296,176943104,0,2,10]
10-11 17:30:09.038 I/am_stop_activity( 1594): [0,210732028,com.idealinspecao.perueiroapp/.MainActivity]
10-11 17:30:09.085 I/am_on_stop_called(30132): [0,com.idealinspecao.perueiroapp.MainActivity,STOP_ACTIVITY_ITEM,0]
10-11 17:30:09.732 I/sysui_multi_action( 2131): [757,289,758,4,806,ComponentInfo{com.idealinspecao.perueiroapp/com.idealinspecao.perueiroapp.MainActivity}]
10-11 17:30:09.735 I/am_finish_activity( 1594): [30132,210732028,1249,com.idealinspecao.perueiroapp/.MainActivity,remove-task]
10-11 17:30:09.736 I/am_destroy_activity( 1594): [30132,210732028,1249,com.idealinspecao.perueiroapp/.MainActivity,finish-imm:finishActivityLocked]
10-11 17:30:09.752 I/am_kill ( 1594): [0,30132,com.idealinspecao.perueiroapp,700,SwipeUpClean]
10-11 17:30:09.840 I/am_proc_died( 1594): [0,30132,com.idealinspecao.perueiroapp,700,16]
10-11 17:35:58.523 I/dvm_lock_sample( 1594): [system_server,1,android.ui,6,ActivityManagerService.java,3432,void com.android.server.am.ActivityManagerService.dispatchUidsChanged(),-,16095,void com.android.server.am.ActivityManagerService.finishReceiver(android.os.IBinder, int, java.lang.String, android.os.Bundle, boolean, int),1]
10-11 17:43:38.852 I/dvm_lock_sample( 1594): [system_server,0,android.bg,6,ActivityManagerService.java,1964,void com.android.server.am.ActivityManagerService$5.handleMessage(android.os.Message),-,5395,void com.android.server.am.ActivityManagerService.attachApplication(android.app.IApplicationThread, long),1]
10-11 17:43:45.863 I/auditd  ( 1594): type=1400 audit(0.0:95306): avc: denied { getpgid } for comm="ActivityManager" scontext=u:r:system_server:s0 tcontext=u:r:app_zygote:s0:c512,c768 tclass=process permissive=0
10-11 17:43:45.893 I/auditd  ( 1594): type=1400 audit(0.0:95314): avc: denied { getpgid } for comm="ActivityManager" scontext=u:r:system_server:s0 tcontext=u:r:app_zygote:s0:c512,c768 tclass=process permissive=0
10-11 17:57:23.645 I/dvm_lock_sample( 1594): [system_server,1,Binder:1594_12,8,ActivityManagerService.java,14474,void com.android.server.am.ActivityManagerService.publishService(android.os.IBinder, android.content.Intent, android.os.IBinder),-,14463,boolean com.android.server.am.ActivityManagerService.unbindService(android.app.IServiceConnection),1]
10-11 18:10:24.253 I/dvm_lock_sample( 1594): [system_server,1,main,7,BroadcastDispatcher.java,186,void com.android.server.am.BroadcastDispatcher$1.broadcastAlarmComplete(int),ActivityManagerService.java,16095,void com.android.server.am.ActivityManagerService.finishReceiver(android.os.IBinder, int, java.lang.String, android.os.Bundle, boolean, int),1]
10-11 18:12:08.074 I/dvm_lock_sample( 1594): [system_server,0,Binder:1594_E,12,ActivityManagerService.java,7564,void com.android.server.am.ActivityManagerService.removeContentProvider(android.os.IBinder, boolean),-,14463,boolean com.android.server.am.ActivityManagerService.unbindService(android.app.IServiceConnection),2]
10-11 18:27:27.128 I/dvm_lock_sample( 1594): [system_server,1,android.ui,12,ActivityManagerService.java,3272,void com.android.server.am.ActivityManagerService.dispatchProcessesChanged(),-,14285,android.content.ComponentName com.android.server.am.ActivityManagerService.startService(android.app.IApplicationThread, android.content.Intent, java.lang.String, boolean, java.lang.String, int),2]
10-11 18:45:09.777 I/dvm_lock_sample( 1594): [system_server,1,android.ui,16,ActivityManagerService.java,3378,void com.android.server.am.ActivityManagerService.dispatchUidsChanged(),-,1537,void com.android.server.am.ActivityManagerService$AppDeathRecipient.binderDied(),3]
10-11 18:48:04.714 I/dvm_lock_sample( 1594): [system_server,1,android.ui,7,ActivityManagerService.java,3378,void com.android.server.am.ActivityManagerService.dispatchUidsChanged(),-,14450,int com.android.server.am.ActivityManagerService.bindIsolatedService(android.app.IApplicationThread, android.os.IBinder, android.content.Intent, java.lang.String, android.app.IServiceConnection, int, java.lang.String, java.lang.String, int),1]
10-11 19:06:06.418 I/dvm_lock_sample( 1594): [system_server,1,Binder:1594_C,21,ActivityManagerService.java,14450,int com.android.server.am.ActivityManagerService.bindIsolatedService(android.app.IApplicationThread, android.os.IBinder, android.content.Intent, java.lang.String, android.app.IServiceConnection, int, java.lang.String, java.lang.String, int),-,14450,int com.android.server.am.ActivityManagerService.bindIsolatedService(android.app.IApplicationThread, android.os.IBinder, android.content.Intent, java.lang.String, android.app.IServiceConnection, int, java.lang.String, java.lang.String, int),4]
10-11 19:18:04.642 I/dvm_lock_sample( 1594): [system_server,1,android.ui,10,ActivityManagerService.java,3378,void com.android.server.am.ActivityManagerService.dispatchUidsChanged(),-,14450,int com.android.server.am.ActivityManagerService.bindIsolatedService(android.app.IApplicationThread, android.os.IBinder, android.content.Intent, java.lang.String, android.app.IServiceConnection, int, java.lang.String, java.lang.String, int),2]
10-11 19:18:05.927 I/dvm_lock_sample( 1594): [system_server,1,Binder:1594_20,5,ActivityManagerService.java,5955,boolean com.android.server.am.ActivityManagerService.isAppBad(android.content.pm.ApplicationInfo),-,14450,int com.android.server.am.ActivityManagerService.bindIsolatedService(android.app.IApplicationThread, android.os.IBinder, android.content.Intent, java.lang.String, android.app.IServiceConnection, int, java.lang.String, java.lang.String, int),1]
10-11 19:18:05.985 I/dvm_lock_sample( 1594): [system_server,1,Binder:1594_9,5,ActivityManagerService.java,6181,boolean com.android.server.am.ActivityManagerService.isAppStartModeDisabled(int, java.lang.String),-,14463,boolean com.android.server.am.ActivityManagerService.unbindService(android.app.IServiceConnection),1]
10-11 19:22:25.693 I/dvm_lock_sample( 1594): [system_server,1,Binder:1594_1F,6,ActivityManagerService.java,8605,boolean com.android.server.am.ActivityManagerService.isUidActive(int, java.lang.String),-,16095,void com.android.server.am.ActivityManagerService.finishReceiver(android.os.IBinder, int, java.lang.String, android.os.Bundle, boolean, int),1]
10-11 19:25:00.212 I/dvm_lock_sample( 1594): [system_server,0,android.bg,21,ActivityManagerService.java,2012,void com.android.server.am.ActivityManagerService$5.handleMessage(android.os.Message),-,14450,int com.android.server.am.ActivityManagerService.bindIsolatedService(android.app.IApplicationThread, android.os.IBinder, android.content.Intent, java.lang.String, android.app.IServiceConnection, int, java.lang.String, java.lang.String, int),4]
10-11 19:25:00.314 I/dvm_lock_sample( 1594): [system_server,0,Binder:1594_12,14,ActivityManagerService.java,14494,void com.android.server.am.ActivityManagerService.serviceDoneExecuting(android.os.IBinder, int, int, int),-,14450,int com.android.server.am.ActivityManagerService.bindIsolatedService(android.app.IApplicationThread, android.os.IBinder, android.content.Intent, java.lang.String, android.app.IServiceConnection, int, java.lang.String, java.lang.String, int),2]
10-11 19:25:00.315 I/dvm_lock_sample( 1594): [system_server,1,Binder:1594_11,14,ActivityManagerService.java,5827,java.lang.String com.android.server.am.ActivityManagerService.getTagForIntentSender(android.content.IIntentSender, java.lang.String),-,14474,void com.android.server.am.ActivityManagerService.publishService(android.os.IBinder, android.content.Intent, android.os.IBinder),2]
10-11 19:27:26.694 I/dvm_lock_sample( 1594): [system_server,1,Binder:1594_C,12,ActivityManagerService.java,1537,void com.android.server.am.ActivityManagerService$AppDeathRecipient.binderDied(),-,14463,boolean com.android.server.am.ActivityManagerService.unbindService(android.app.IServiceConnection),2]
10-11 19:34:41.604 I/dvm_lock_sample( 1594): [system_server,1,Binder:1594_19,6,ActivityManagerService.java,8605,boolean com.android.server.am.ActivityManagerService.isUidActive(int, java.lang.String),-,14463,boolean com.android.server.am.ActivityManagerService.unbindService(android.app.IServiceConnection),1]
10-11 19:50:12.353 I/dvm_lock_sample( 1594): [system_server,0,android.bg,24,ActivityManagerService.java,2012,void com.android.server.am.ActivityManagerService$5.handleMessage(android.os.Message),-,17200,void com.android.server.am.ActivityManagerService$ProcStatsRunnable.run(),4]
10-11 20:04:41.494 I/dvm_lock_sample( 1594): [system_server,1,android.ui,6,ActivityManagerService.java,3378,void com.android.server.am.ActivityManagerService.dispatchUidsChanged(),-,14450,int com.android.server.am.ActivityManagerService.bindIsolatedService(android.app.IApplicationThread, android.os.IBinder, android.content.Intent, java.lang.String, android.app.IServiceConnection, int, java.lang.String, java.lang.String, int),1]
10-11 20:06:52.046 I/dvm_lock_sample( 1594): [system_server,0,miui.fg,9,ActivityManagerService.java,5955,boolean com.android.server.am.ActivityManagerService.isAppBad(android.content.pm.ApplicationInfo),-,14494,void com.android.server.am.ActivityManagerService.serviceDoneExecuting(android.os.IBinder, int, int, int),1]
10-11 20:07:21.823 I/notification_cancel_all( 1594): [1000,1594,com.idealinspecao.perueiroapp,0,0,0,5,NULL]
10-11 20:07:21.879 I/dvm_lock_sample( 1594): [system_server,1,Binder:1594_1B,26,ActivityManagerService.java,14450,int com.android.server.am.ActivityManagerService.bindIsolatedService(android.app.IApplicationThread, android.os.IBinder, android.content.Intent, java.lang.String, android.app.IServiceConnection, int, java.lang.String, java.lang.String, int),BroadcastQueue.java,984,void com.android.server.am.BroadcastQueue.processNextBroadcast(boolean, boolean),5]
10-11 20:07:21.976 I/dvm_lock_sample( 1594): [system_server,1,ActivityManager,25,BroadcastQueue.java,984,void com.android.server.am.BroadcastQueue.processNextBroadcast(boolean, boolean),ActivityManagerService.java,15989,int com.android.server.am.ActivityManagerService.broadcastIntent(android.app.IApplicationThread, android.content.Intent, java.lang.String, android.content.IIntentReceiver, int, java.lang.String, android.os.Bundle, java.lang.String[], int, android.os.Bundle, boolean, boolean, int),5]
10-11 20:07:22.005 I/sysui_multi_action( 1594): [757,147,758,4,759,1,806,com.idealinspecao.perueiroapp]
10-11 20:07:22.071 I/dvm_lock_sample( 1594): [system_server,1,android.ui,5,ActivityManagerService.java,3378,void com.android.server.am.ActivityManagerService.dispatchUidsChanged(),-,14285,android.content.ComponentName com.android.server.am.ActivityManagerService.startService(android.app.IApplicationThread, android.content.Intent, java.lang.String, boolean, java.lang.String, int),1]
10-11 20:07:22.112 I/dvm_lock_sample( 1594): [system_server,1,Binder:1594_10,11,ActivityManagerService.java,12299,java.util.ArrayList com.android.server.am.ActivityManagerService.collectProcesses(java.io.PrintWriter, int, boolean, java.lang.String[]),-,5395,void com.android.server.am.ActivityManagerService.attachApplication(android.app.IApplicationThread, long),2]
10-11 20:07:22.866 I/am_create_activity( 1594): [0,23924236,1251,com.idealinspecao.perueiroapp/.MainActivity,NULL,NULL,NULL,268435456]
10-11 20:07:22.960 I/dvm_lock_sample( 1594): [system_server,1,Binder:1594_5,94,ActivityTaskManagerService.java,1746,void com.android.server.wm.ActivityTaskManagerService.activityTopResumedStateLost(),ActivityStarter.java,1313,int com.android.server.wm.ActivityStarter.startActivityMayWait(android.app.IApplicationThread, int, java.lang.String, int, int, android.content.Intent, java.lang.String, android.service.voice.IVoiceInteractionSession, com.android.internal.app.IVoiceInteractor, android.os.IBinder, java.lang.String, int, int, android.app.ProfilerInfo, android.app.WaitResult, android.content.res.Configuration, com.android.server.wm.SafeActivityOptions, boolean, int, com.android.server.wm.TaskRecord, java.lang.String, boolean, com.android.server.am.PendingIntentRecord, boolean),18]
10-11 20:07:23.014 I/am_proc_start( 1594): [0,8286,11368,com.idealinspecao.perueiroapp,activity,{com.idealinspecao.perueiroapp/com.idealinspecao.perueiroapp.MainActivity}]
10-11 20:07:23.209 I/am_proc_bound( 1594): [0,8286,com.idealinspecao.perueiroapp]
10-11 20:07:23.217 I/am_restart_activity( 1594): [0,23924236,1251,com.idealinspecao.perueiroapp/.MainActivity,8286]
10-11 20:07:23.218 I/am_set_resumed_activity( 1594): [0,com.idealinspecao.perueiroapp/.MainActivity,minimalResumeActivityLocked]
10-11 20:07:24.414 I/notification_cancel_all( 1594): [1000,1594,com.idealinspecao.perueiroapp,0,0,0,5,NULL]
10-11 20:07:25.607 I/dvm_lock_sample( 1594): [system_server,1,Binder:1594_1D,5,ActivityManagerService.java,14335,boolean com.android.server.am.ActivityManagerService.stopServiceToken(android.content.ComponentName, android.os.IBinder, int),-,14450,int com.android.server.am.ActivityManagerService.bindIsolatedService(android.app.IApplicationThread, android.os.IBinder, android.content.Intent, java.lang.String, android.app.IServiceConnection, int, java.lang.String, java.lang.String, int),1]
10-11 20:07:26.094 I/dvm_lock_sample( 1594): [system_server,1,Binder:1594_1E,27,ActivityManagerService.java,6752,java.lang.String com.android.server.am.ActivityManagerService.checkContentProviderAccess(java.lang.String, int),-,1537,void com.android.server.am.ActivityManagerService$AppDeathRecipient.binderDied(),5]
10-11 20:07:26.619 I/dvm_lock_sample( 1594): [system_server,1,Binder:1594_1A,14,ActivityManagerService.java,14335,boolean com.android.server.am.ActivityManagerService.stopServiceToken(android.content.ComponentName, android.os.IBinder, int),-,14463,boolean com.android.server.am.ActivityManagerService.unbindService(android.app.IServiceConnection),2]
10-11 20:07:26.982 I/dvm_lock_sample( 1594): [system_server,0,Binder:1594_19,13,ActivityManagerService.java,14494,void com.android.server.am.ActivityManagerService.serviceDoneExecuting(android.os.IBinder, int, int, int),-,1537,void com.android.server.am.ActivityManagerService$AppDeathRecipient.binderDied(),2]
10-11 20:07:27.183 I/dvm_lock_sample( 1594): [system_server,1,Binder:1594_11,15,ActivityManagerService.java,14791,android.content.Intent com.android.server.am.ActivityManagerService.registerReceiver(android.app.IApplicationThread, java.lang.String, android.content.IIntentReceiver, android.content.IntentFilter, java.lang.String, int, int),-,14450,int com.android.server.am.ActivityManagerService.bindIsolatedService(android.app.IApplicationThread, android.os.IBinder, android.content.Intent, java.lang.String, android.app.IServiceConnection, int, java.lang.String, java.lang.String, int),3]
10-11 20:07:29.085 I/am_lifecycle_sample( 8286): [0,com.idealinspecao.perueiroapp,110,5844]
10-11 20:07:29.303 I/am_on_create_called( 8286): [0,com.idealinspecao.perueiroapp.MainActivity,performCreate,104]
10-11 20:07:29.318 I/am_on_start_called( 8286): [0,com.idealinspecao.perueiroapp.MainActivity,handleStartActivity,1]
10-11 20:07:29.322 I/am_on_resume_called( 8286): [0,com.idealinspecao.perueiroapp.MainActivity,RESUME_ACTIVITY,1]
10-11 20:07:29.357 I/am_on_top_resumed_gained_called( 8286): [0,com.idealinspecao.perueiroapp.MainActivity,topStateChangedWhenResumed]
10-11 20:07:31.452 I/sysui_multi_action( 1594): [319,411,321,222,322,8616,325,584713,757,761,758,7,759,1,806,com.idealinspecao.perueiroapp,871,com.idealinspecao.perueiroapp.MainActivity,904,com.android.shell,905,0,945,377,1320,12,1321,1]
10-11 20:07:31.457 I/am_activity_launch_time( 1594): [0,23924236,com.idealinspecao.perueiroapp/.MainActivity,8616]
10-11 20:07:33.281 I/am_pss  ( 1594): [8286,11368,com.idealinspecao.perueiroapp,122326016,113414144,196608,210280448,0,2,14]
10-11 20:07:44.400 I/am_pss  ( 1594): [8286,11368,com.idealinspecao.perueiroapp,126857216,117506048,193536,216031232,0,2,20]
10-11 20:09:10.007 I/am_pss  ( 1594): [8286,11368,com.idealinspecao.perueiroapp,126425088,117170176,193536,215433216,0,2,15]
10-11 20:10:42.569 I/am_pss  ( 1594): [8286,11368,com.idealinspecao.perueiroapp,126407680,117170176,193536,215433216,0,2,21]
10-11 20:13:13.669 I/am_pss  ( 1594): [8286,11368,com.idealinspecao.perueiroapp,126401536,117170176,193536,215425024,0,2,16]
10-11 20:14:44.868 I/dvm_lock_sample( 1594): [system_server,1,main,7,BroadcastDispatcher.java,186,void com.android.server.am.BroadcastDispatcher$1.broadcastAlarmComplete(int),ActivityManagerService.java,16095,void com.android.server.am.ActivityManagerService.finishReceiver(android.os.IBinder, int, java.lang.String, android.os.Bundle, boolean, int),1]
10-11 20:17:29.044 I/am_pss  ( 1594): [8286,11368,com.idealinspecao.perueiroapp,125349888,116600832,185344,215224320,0,2,17]
10-11 20:22:42.068 I/am_pss  ( 1594): [8286,11368,com.idealinspecao.perueiroapp,119808000,111693824,180224,209448960,0,2,20]
10-11 20:30:18.847 I/am_pss  ( 1594): [8286,11368,com.idealinspecao.perueiroapp,119425024,111636480,175104,209043456,0,2,17]
10-11 20:31:53.996 I/dvm_lock_sample( 1594): [system_server,1,Binder:1594_1,25,ProcessManagerService.java,1704,java.util.List com.android.server.am.ProcessManagerService.getRunningProcessInfo(int, int, java.lang.String, java.lang.String, int),ActivityManagerService.java,1537,void com.android.server.am.ActivityManagerService$AppDeathRecipient.binderDied(),5]
10-11 20:34:34.542 I/dvm_lock_sample( 1594): [system_server,0,Binder:1594_20,17,ActivityManagerService.java,14463,boolean com.android.server.am.ActivityManagerService.unbindService(android.app.IServiceConnection),-,14450,int com.android.server.am.ActivityManagerService.bindIsolatedService(android.app.IApplicationThread, android.os.IBinder, android.content.Intent, java.lang.String, android.app.IServiceConnection, int, java.lang.String, java.lang.String, int),3]
10-11 20:34:34.543 I/dvm_lock_sample( 1594): [system_server,0,Binder:1594_1F,20,ActivityManagerService.java,14494,void com.android.server.am.ActivityManagerService.serviceDoneExecuting(android.os.IBinder, int, int, int),-,14450,int com.android.server.am.ActivityManagerService.bindIsolatedService(android.app.IApplicationThread, android.os.IBinder, android.content.Intent, java.lang.String, android.app.IServiceConnection, int, java.lang.String, java.lang.String, int),4]
10-11 20:42:28.964 I/am_pss  ( 1594): [8286,11368,com.idealinspecao.perueiroapp,116376576,110006272,175104,199733248,0,2,17]
10-11 20:46:19.834 I/dvm_lock_sample( 1594): [system_server,1,android.ui,7,ActivityManagerService.java,3378,void com.android.server.am.ActivityManagerService.dispatchUidsChanged(),-,14463,boolean com.android.server.am.ActivityManagerService.unbindService(android.app.IServiceConnection),1]
10-11 20:47:31.697 I/dvm_lock_sample( 1594): [system_server,1,Binder:1594_3,7,ActivityManagerService.java,5827,java.lang.String com.android.server.am.ActivityManagerService.getTagForIntentSender(android.content.IIntentSender, java.lang.String),-,14450,int com.android.server.am.ActivityManagerService.bindIsolatedService(android.app.IApplicationThread, android.os.IBinder, android.content.Intent, java.lang.String, android.app.IServiceConnection, int, java.lang.String, java.lang.String, int),1]
10-11 21:00:12.400 I/am_pss  ( 1594): [8286,11368,com.idealinspecao.perueiroapp,112655360,108224512,180224,185442304,0,2,19]
10-11 21:10:13.540 I/dvm_lock_sample( 1594): [system_server,1,NetworkPolicy.uid,17,ActivityManagerService.java,18347,void com.android.server.am.ActivityManagerService$LocalService.notifyNetworkPolicyRulesUpdated(int, long),-,14450,int com.android.server.am.ActivityManagerService.bindIsolatedService(android.app.IApplicationThread, android.os.IBinder, android.content.Intent, java.lang.String, android.app.IServiceConnection, int, java.lang.String, java.lang.String, int),3]
10-11 21:10:38.460 I/dvm_lock_sample( 1594): [system_server,1,Binder:1594_A,6,ActivityManagerService.java,14488,void com.android.server.am.ActivityManagerService.unbindFinished(android.os.IBinder, android.content.Intent, boolean),-,14463,boolean com.android.server.am.ActivityManagerService.unbindService(android.app.IServiceConnection),1]
10-11 21:15:20.670 I/am_on_top_resumed_lost_called( 8286): [0,com.idealinspecao.perueiroapp.MainActivity,topStateChangedWhenResumed]
10-11 21:15:20.689 I/am_pause_activity( 1594): [8286,23924236,com.idealinspecao.perueiroapp/.MainActivity,userLeaving=true]
10-11 21:15:20.693 I/dvm_lock_sample( 1594): [system_server,0,Binder:1594_F,333,ActivityTaskManagerService.java,6586,boolean com.android.server.wm.ActivityTaskManagerService$LocalService.isSleeping(),ActivityStarter.java,1313,int com.android.server.wm.ActivityStarter.startActivityMayWait(android.app.IApplicationThread, int, java.lang.String, int, int, android.content.Intent, java.lang.String, android.service.voice.IVoiceInteractionSession, com.android.internal.app.IVoiceInteractor, android.os.IBinder, java.lang.String, int, int, android.app.ProfilerInfo, android.app.WaitResult, android.content.res.Configuration, com.android.server.wm.SafeActivityOptions, boolean, int, com.android.server.wm.TaskRecord, java.lang.String, boolean, com.android.server.am.PendingIntentRecord, boolean),66]
10-11 21:15:20.694 I/dvm_lock_sample( 1594): [system_server,1,Binder:1594_19,296,ActivityTaskManagerService.java,2913,android.app.ActivityManager$StackInfo com.android.server.wm.ActivityTaskManagerService.getStackInfo(int, int),ActivityStarter.java,1313,int com.android.server.wm.ActivityStarter.startActivityMayWait(android.app.IApplicationThread, int, java.lang.String, int, int, android.content.Intent, java.lang.String, android.service.voice.IVoiceInteractionSession, com.android.internal.app.IVoiceInteractor, android.os.IBinder, java.lang.String, int, int, android.app.ProfilerInfo, android.app.WaitResult, android.content.res.Configuration, com.android.server.wm.SafeActivityOptions, boolean, int, com.android.server.wm.TaskRecord, java.lang.String, boolean, com.android.server.am.PendingIntentRecord, boolean),59]
10-11 21:15:20.698 I/am_on_paused_called( 8286): [0,com.idealinspecao.perueiroapp.MainActivity,performPause,1]
10-11 21:15:20.717 I/dvm_lock_sample( 1594): [system_server,1,Binder:1594_1E,361,ActivityManagerService.java,8605,boolean com.android.server.am.ActivityManagerService.isUidActive(int, java.lang.String),-,16095,void com.android.server.am.ActivityManagerService.finishReceiver(android.os.IBinder, int, java.lang.String, android.os.Bundle, boolean, int),72]
10-11 21:15:20.719 I/binder_sample(25243): [android.app.IActivityManager,10,347,android.process.media,69]
