10-15 18:27:13.158 I/dvm_lock_sample( 1594): [system_server,1,Binder:1594_19,89,ActivityTaskManagerService.java,1746,void com.android.server.wm.ActivityTaskManagerService.activityTopResumedStateLost(),ActivityStarter.java,1313,int com.android.server.wm.ActivityStarter.startActivityMayWait(android.app.IApplicationThread, int, java.lang.String, int, int, android.content.Intent, java.lang.String, android.service.voice.IVoiceInteractionSession, com.android.internal.app.IVoiceInteractor, android.os.IBinder, java.lang.String, int, int, android.app.ProfilerInfo, android.app.WaitResult, android.content.res.Configuration, com.android.server.wm.SafeActivityOptions, boolean, int, com.android.server.wm.TaskRecord, java.lang.String, boolean, com.android.server.am.PendingIntentRecord, boolean),17]
10-15 18:27:13.172 I/dvm_lock_sample( 1594): [system_server,0,Binder:1594_17,140,ActivityManagerService.java,14494,void com.android.server.am.ActivityManagerService.serviceDoneExecuting(android.os.IBinder, int, int, int),-,17671,void com.android.server.am.ActivityManagerService.trimApplications(java.lang.String),28]
10-15 18:27:13.172 I/dvm_lock_sample( 1594): [system_server,1,Binder:1594_1,138,ActivityManagerService.java,6978,android.app.ContentProviderHolder com.android.server.am.ActivityManagerService.getContentProviderImpl(android.app.IApplicationThread, java.lang.String, android.os.IBinder, int, java.lang.String, java.lang.String, boolean, int),-,17671,void com.android.server.am.ActivityManagerService.trimApplications(java.lang.String),27]
10-15 18:27:13.218 I/am_proc_start( 1594): [0,11347,11374,com.idealinspecao.perueiroapp,activity,{com.idealinspecao.perueiroapp/com.idealinspecao.perueiroapp.MainActivity}]
10-15 18:27:13.386 I/am_proc_bound( 1594): [0,11347,com.idealinspecao.perueiroapp]
10-15 18:27:13.398 I/am_restart_activity( 1594): [0,41692655,1461,com.idealinspecao.perueiroapp/.MainActivity,11347]
10-15 18:27:13.402 I/am_set_resumed_activity( 1594): [0,com.idealinspecao.perueiroapp/.MainActivity,minimalResumeActivityLocked]
10-15 18:27:13.704 I/dvm_lock_sample( 1594): [system_server,1,Binder:1594_D,163,ActivityManagerService.java,14791,android.content.Intent com.android.server.am.ActivityManagerService.registerReceiver(android.app.IApplicationThread, java.lang.String, android.content.IIntentReceiver, android.content.IntentFilter, java.lang.String, int, int),-,1663,void com.android.server.am.ActivityManagerService$UiHandler.handleMessage(android.os.Message),32]
10-15 18:27:13.737 I/dvm_lock_sample( 1594): [system_server,1,Binder:1594_20,138,ActivityManagerService.java,14474,void com.android.server.am.ActivityManagerService.publishService(android.os.IBinder, android.content.Intent, android.os.IBinder),-,1663,void com.android.server.am.ActivityManagerService$UiHandler.handleMessage(android.os.Message),27]
10-15 18:27:13.738 I/dvm_lock_sample( 1594): [system_server,1,Binder:1594_1F,84,ActivityManagerService.java,14791,android.content.Intent com.android.server.am.ActivityManagerService.registerReceiver(android.app.IApplicationThread, java.lang.String, android.content.IIntentReceiver, android.content.IntentFilter, java.lang.String, int, int),-,1663,void com.android.server.am.ActivityManagerService$UiHandler.handleMessage(android.os.Message),16]
10-15 18:27:14.028 I/dvm_lock_sample( 1594): [system_server,1,android.ui,7,ActivityManagerService.java,3432,void com.android.server.am.ActivityManagerService.dispatchUidsChanged(),-,14494,void com.android.server.am.ActivityManagerService.serviceDoneExecuting(android.os.IBinder, int, int, int),1]
10-15 18:27:14.158 I/notification_cancel_all( 1594): [1000,1594,com.idealinspecao.perueiroapp,0,0,0,5,NULL]
10-15 18:27:14.159 I/notification_cancel_all( 1594): [1000,1594,com.idealinspecao.perueiroapp,0,0,0,5,NULL]
10-15 18:27:14.388 I/dvm_lock_sample( 1594): [system_server,1,Binder:1594_1A,10,ActivityManagerService.java,7717,boolean com.android.server.am.ActivityManagerService.refContentProvider(android.os.IBinder, int, int),-,14450,int com.android.server.am.ActivityManagerService.bindIsolatedService(android.app.IApplicationThread, android.os.IBinder, android.content.Intent, java.lang.String, android.app.IServiceConnection, int, java.lang.String, java.lang.String, int),2]
10-15 18:27:21.349 I/am_lifecycle_sample(11347): [0,com.idealinspecao.perueiroapp,110,7906]
10-15 18:27:22.030 I/am_on_create_called(11347): [0,com.idealinspecao.perueiroapp.MainActivity,performCreate,340]
10-15 18:27:22.083 I/am_on_start_called(11347): [0,com.idealinspecao.perueiroapp.MainActivity,handleStartActivity,1]
10-15 18:27:22.096 I/am_on_resume_called(11347): [0,com.idealinspecao.perueiroapp.MainActivity,RESUME_ACTIVITY,4]
10-15 18:27:22.168 I/am_on_top_resumed_gained_called(11347): [0,com.idealinspecao.perueiroapp.MainActivity,topStateChangedWhenResumed]
10-15 18:27:23.504 I/am_pss  ( 1594): [11347,11374,com.idealinspecao.perueiroapp,88551424,82493440,185344,168800256,0,2,14]
10-15 18:27:26.418 I/sysui_multi_action( 1594): [319,407,321,377,322,13399,325,918017,757,761,758,7,759,1,806,com.idealinspecao.perueiroapp,871,com.idealinspecao.perueiroapp.MainActivity,904,com.android.shell,905,0,945,369,1320,12,1321,1]
10-15 18:27:26.432 I/am_activity_launch_time( 1594): [0,41692655,com.idealinspecao.perueiroapp/.MainActivity,13399]
10-15 18:27:34.970 I/am_pss  ( 1594): [11347,11374,com.idealinspecao.perueiroapp,126676992,117579776,168960,218722304,0,2,18]
10-15 18:27:39.626 I/auditd  (11953): type=1400 audit(0.0:145785): avc: granted { execute } for comm="transport" path="/data/data/com.idealinspecao.perueiroapp/code_cache/transport" dev="mmcblk0p62" ino=2359472 scontext=u:r:runas_app:s0:c94,c261,c512,c768 tcontext=u:object_r:app_data_file:s0:c94,c261,c512,c768 tclass=file
10-15 18:27:41.376 I/auditd  (11976): type=1400 audit(0.0:145787): avc: granted { execute } for comm="transport" path="/data/data/com.idealinspecao.perueiroapp/code_cache/transport" dev="mmcblk0p62" ino=2359472 scontext=u:r:runas_app:s0:c94,c261,c512,c768 tcontext=u:object_r:app_data_file:s0:c94,c261,c512,c768 tclass=file
10-15 18:27:41.466 I/auditd  (11347): type=1400 audit(0.0:145788): avc: granted { execute } for comm="cao.perueiroapp" path="/data/data/com.idealinspecao.perueiroapp/code_cache/libjvmtiagent_arm64.so" dev="mmcblk0p62" ino=2361334 scontext=u:r:untrusted_app:s0:c94,c261,c512,c768 tcontext=u:object_r:app_data_file:s0:c94,c261,c512,c768 tclass=file
10-15 18:27:43.964 I/dvm_lock_sample(11347): [com.idealinspecao.perueiroapp,0,Studio:back.ins [backgroundtask.inspection primary],240,AppInspectionService.java,295,java.util.List com.android.tools.agent.app.inspection.AppInspectionService$1.apply(java.lang.String),-,313,java.util.List com.android.tools.agent.app.inspection.AppInspectionService$2.apply(java.lang.String),48]
10-15 18:27:44.407 I/dvm_lock_sample(11347): [com.idealinspecao.perueiroapp,0,Studio:sqli.ins [androidx.sqlite.inspection primary],620,AppInspectionService.java,295,java.util.List com.android.tools.agent.app.inspection.AppInspectionService$1.apply(java.lang.String),-,313,java.util.List com.android.tools.agent.app.inspection.AppInspectionService$2.apply(java.lang.String),100]
10-15 18:27:44.861 I/dvm_lock_sample(11347): [com.idealinspecao.perueiroapp,0,Studio:netw.ins [studio.network.inspection primary],873,AppInspectionService.java,313,java.util.List com.android.tools.agent.app.inspection.AppInspectionService$2.apply(java.lang.String),-,295,java.util.List com.android.tools.agent.app.inspection.AppInspectionService$1.apply(java.lang.String),100]
10-15 18:27:45.326 I/dvm_lock_sample(11347): [com.idealinspecao.perueiroapp,0,Studio:back.ins [backgroundtask.inspection primary],918,AppInspectionService.java,295,java.util.List com.android.tools.agent.app.inspection.AppInspectionService$1.apply(java.lang.String),-,295,java.util.List com.android.tools.agent.app.inspection.AppInspectionService$1.apply(java.lang.String),100]
10-15 18:27:45.778 I/dvm_lock_sample(11347): [com.idealinspecao.perueiroapp,0,Studio:netw.ins [studio.network.inspection primary],916,AppInspectionService.java,313,java.util.List com.android.tools.agent.app.inspection.AppInspectionService$2.apply(java.lang.String),-,313,java.util.List com.android.tools.agent.app.inspection.AppInspectionService$2.apply(java.lang.String),100]
10-15 18:27:46.241 I/dvm_lock_sample(11347): [com.idealinspecao.perueiroapp,0,Studio:back.ins [backgroundtask.inspection primary],916,AppInspectionService.java,295,java.util.List com.android.tools.agent.app.inspection.AppInspectionService$1.apply(java.lang.String),-,295,java.util.List com.android.tools.agent.app.inspection.AppInspectionService$1.apply(java.lang.String),100]
10-15 18:27:46.700 I/dvm_lock_sample(11347): [com.idealinspecao.perueiroapp,0,Studio:netw.ins [studio.network.inspection primary],921,AppInspectionService.java,313,java.util.List com.android.tools.agent.app.inspection.AppInspectionService$2.apply(java.lang.String),-,313,java.util.List com.android.tools.agent.app.inspection.AppInspectionService$2.apply(java.lang.String),100]
10-15 18:27:46.713 I/dvm_lock_sample(11347): [com.idealinspecao.perueiroapp,0,Studio:back.ins [backgroundtask.inspection primary],471,AppInspectionService.java,295,java.util.List com.android.tools.agent.app.inspection.AppInspectionService$1.apply(java.lang.String),-,313,java.util.List com.android.tools.agent.app.inspection.AppInspectionService$2.apply(java.lang.String),94]
10-15 18:27:47.157 I/dvm_lock_sample(11347): [com.idealinspecao.perueiroapp,0,Studio:sqli.ins [androidx.sqlite.inspection primary],455,AppInspectionService.java,295,java.util.List com.android.tools.agent.app.inspection.AppInspectionService$1.apply(java.lang.String),-,313,java.util.List com.android.tools.agent.app.inspection.AppInspectionService$2.apply(java.lang.String),91]
10-15 18:27:47.618 I/dvm_lock_sample(11347): [com.idealinspecao.perueiroapp,0,Studio:back.ins [backgroundtask.inspection primary],435,AppInspectionService.java,295,java.util.List com.android.tools.agent.app.inspection.AppInspectionService$1.apply(java.lang.String),-,295,java.util.List com.android.tools.agent.app.inspection.AppInspectionService$1.apply(java.lang.String),87]
10-15 18:27:48.069 I/dvm_lock_sample(11347): [com.idealinspecao.perueiroapp,0,Studio:sqli.ins [androidx.sqlite.inspection primary],450,AppInspectionService.java,313,java.util.List com.android.tools.agent.app.inspection.AppInspectionService$2.apply(java.lang.String),-,295,java.util.List com.android.tools.agent.app.inspection.AppInspectionService$1.apply(java.lang.String),90]
10-15 18:27:48.533 I/dvm_lock_sample(11347): [com.idealinspecao.perueiroapp,0,Studio:back.ins [backgroundtask.inspection primary],463,AppInspectionService.java,313,java.util.List com.android.tools.agent.app.inspection.AppInspectionService$2.apply(java.lang.String),-,313,java.util.List com.android.tools.agent.app.inspection.AppInspectionService$2.apply(java.lang.String),92]
10-15 18:27:49.410 I/dvm_lock_sample(11347): [com.idealinspecao.perueiroapp,0,Studio:back.ins [backgroundtask.inspection primary],429,AppInspectionService.java,295,java.util.List com.android.tools.agent.app.inspection.AppInspectionService$1.apply(java.lang.String),-,295,java.util.List com.android.tools.agent.app.inspection.AppInspectionService$1.apply(java.lang.String),85]
10-15 18:27:50.278 I/dvm_lock_sample(11347): [com.idealinspecao.perueiroapp,0,Studio:back.ins [backgroundtask.inspection primary],429,AppInspectionService.java,313,java.util.List com.android.tools.agent.app.inspection.AppInspectionService$2.apply(java.lang.String),-,313,java.util.List com.android.tools.agent.app.inspection.AppInspectionService$2.apply(java.lang.String),85]
10-15 18:27:50.728 I/dvm_lock_sample(11347): [com.idealinspecao.perueiroapp,0,Studio:sqli.ins [androidx.sqlite.inspection primary],449,AppInspectionService.java,313,java.util.List com.android.tools.agent.app.inspection.AppInspectionService$2.apply(java.lang.String),-,313,java.util.List com.android.tools.agent.app.inspection.AppInspectionService$2.apply(java.lang.String),89]
10-15 18:27:51.155 I/dvm_lock_sample(11347): [com.idealinspecao.perueiroapp,0,Studio:back.ins [backgroundtask.inspection primary],427,AppInspectionService.java,295,java.util.List com.android.tools.agent.app.inspection.AppInspectionService$1.apply(java.lang.String),-,313,java.util.List com.android.tools.agent.app.inspection.AppInspectionService$2.apply(java.lang.String),85]
10-15 18:27:51.603 I/dvm_lock_sample(11347): [com.idealinspecao.perueiroapp,0,Studio:sqli.ins [androidx.sqlite.inspection primary],448,AppInspectionService.java,313,java.util.List com.android.tools.agent.app.inspection.AppInspectionService$2.apply(java.lang.String),-,295,java.util.List com.android.tools.agent.app.inspection.AppInspectionService$1.apply(java.lang.String),89]
10-15 18:27:52.032 I/dvm_lock_sample(11347): [com.idealinspecao.perueiroapp,0,Studio:back.ins [backgroundtask.inspection primary],429,AppInspectionService.java,313,java.util.List com.android.tools.agent.app.inspection.AppInspectionService$2.apply(java.lang.String),-,313,java.util.List com.android.tools.agent.app.inspection.AppInspectionService$2.apply(java.lang.String),85]
10-15 18:27:52.487 I/dvm_lock_sample(11347): [com.idealinspecao.perueiroapp,0,Studio:sqli.ins [androidx.sqlite.inspection primary],454,AppInspectionService.java,313,java.util.List com.android.tools.agent.app.inspection.AppInspectionService$2.apply(java.lang.String),-,313,java.util.List com.android.tools.agent.app.inspection.AppInspectionService$2.apply(java.lang.String),90]
10-15 18:27:52.942 I/dvm_lock_sample(11347): [com.idealinspecao.perueiroapp,0,Studio:back.ins [backgroundtask.inspection primary],454,ConcurrentHashMap.java,2486,void java.util.concurrent.ConcurrentHashMap.transfer(java.util.concurrent.ConcurrentHashMap$Node[], java.util.concurrent.ConcurrentHashMap$Node[]),AppInspectionService.java,-2,void com.android.tools.agent.app.inspection.AppInspectionService.nativeRegisterExitHook(long, java.lang.Class, java.lang.String),90]
10-15 18:27:53.406 I/dvm_lock_sample(11347): [com.idealinspecao.perueiroapp,0,Studio:back.ins [backgroundtask.inspection primary],462,AppInspectionService.java,295,java.util.List com.android.tools.agent.app.inspection.AppInspectionService$1.apply(java.lang.String),-,295,java.util.List com.android.tools.agent.app.inspection.AppInspectionService$1.apply(java.lang.String),92]
10-15 18:27:54.299 I/dvm_lock_sample(11347): [com.idealinspecao.perueiroapp,0,Studio:sqli.ins [androidx.sqlite.inspection primary],442,AppInspectionService.java,313,java.util.List com.android.tools.agent.app.inspection.AppInspectionService$2.apply(java.lang.String),-,313,java.util.List com.android.tools.agent.app.inspection.AppInspectionService$2.apply(java.lang.String),88]
10-15 18:27:54.744 I/dvm_lock_sample(11347): [com.idealinspecao.perueiroapp,0,Studio:sqli.ins [androidx.sqlite.inspection primary],444,AppInspectionService.java,313,java.util.List com.android.tools.agent.app.inspection.AppInspectionService$2.apply(java.lang.String),-,295,java.util.List com.android.tools.agent.app.inspection.AppInspectionService$1.apply(java.lang.String),88]
10-15 18:27:55.190 I/dvm_lock_sample(11347): [com.idealinspecao.perueiroapp,0,Studio:sqli.ins [androidx.sqlite.inspection primary],445,AppInspectionService.java,313,java.util.List com.android.tools.agent.app.inspection.AppInspectionService$2.apply(java.lang.String),-,313,java.util.List com.android.tools.agent.app.inspection.AppInspectionService$2.apply(java.lang.String),89]
10-15 18:27:55.649 I/dvm_lock_sample(11347): [com.idealinspecao.perueiroapp,0,Studio:back.ins [backgroundtask.inspection primary],459,AppInspectionService.java,295,java.util.List com.android.tools.agent.app.inspection.AppInspectionService$1.apply(java.lang.String),-,313,java.util.List com.android.tools.agent.app.inspection.AppInspectionService$2.apply(java.lang.String),91]
10-15 18:27:56.097 I/dvm_lock_sample(11347): [com.idealinspecao.perueiroapp,0,Studio:sqli.ins [androidx.sqlite.inspection primary],448,AppInspectionService.java,295,java.util.List com.android.tools.agent.app.inspection.AppInspectionService$1.apply(java.lang.String),-,295,java.util.List com.android.tools.agent.app.inspection.AppInspectionService$1.apply(java.lang.String),89]
10-15 18:27:56.534 I/dvm_lock_sample(11347): [com.idealinspecao.perueiroapp,0,Studio:back.ins [backgroundtask.inspection primary],436,AppInspectionService.java,295,java.util.List com.android.tools.agent.app.inspection.AppInspectionService$1.apply(java.lang.String),-,295,java.util.List com.android.tools.agent.app.inspection.AppInspectionService$1.apply(java.lang.String),87]
10-15 18:28:40.601 I/am_pss  ( 1594): [11347,11374,com.idealinspecao.perueiroapp,178324480,169041920,151552,270893056,0,2,22]
10-15 18:31:21.354 I/am_pss  ( 1594): [11347,11374,com.idealinspecao.perueiroapp,179254272,170020864,151552,271003648,0,2,19]
10-15 18:31:56.856 I/dvm_lock_sample( 1594): [system_server,1,NetworkPolicy.uid,10,ActivityManagerService.java,18347,void com.android.server.am.ActivityManagerService$LocalService.notifyNetworkPolicyRulesUpdated(int, long),-,14335,boolean com.android.server.am.ActivityManagerService.stopServiceToken(android.content.ComponentName, android.os.IBinder, int),2]
10-15 18:32:03.708 I/dvm_lock_sample( 1594): [system_server,1,Binder:1594_12,11,ActivityManagerService.java,7717,boolean com.android.server.am.ActivityManagerService.refContentProvider(android.os.IBinder, int, int),-,14450,int com.android.server.am.ActivityManagerService.bindIsolatedService(android.app.IApplicationThread, android.os.IBinder, android.content.Intent, java.lang.String, android.app.IServiceConnection, int, java.lang.String, java.lang.String, int),2]
10-15 18:32:13.748 I/am_kill ( 1594): [0,11347,com.idealinspecao.perueiroapp,0,stop com.idealinspecao.perueiroapp: from process:12245]
10-15 18:32:13.752 I/am_finish_activity( 1594): [0,41692655,1461,com.idealinspecao.perueiroapp/.MainActivity,proc died without state saved]
10-15 18:32:13.795 I/notification_cancel_all( 1594): [1000,1594,com.idealinspecao.perueiroapp,0,0,0,5,NULL]
10-15 18:32:31.770 I/dvm_lock_sample( 1594): [system_server,1,Binder:1594_11,5,ActivityManagerService.java,15989,int com.android.server.am.ActivityManagerService.broadcastIntent(android.app.IApplicationThread, android.content.Intent, java.lang.String, android.content.IIntentReceiver, int, java.lang.String, android.os.Bundle, java.lang.String[], int, android.os.Bundle, boolean, boolean, int),-,14450,int com.android.server.am.ActivityManagerService.bindIsolatedService(android.app.IApplicationThread, android.os.IBinder, android.content.Intent, java.lang.String, android.app.IServiceConnection, int, java.lang.String, java.lang.String, int),1]
10-15 18:32:32.080 I/dvm_lock_sample( 1594): [system_server,1,android.display,15,ActivityManagerService.java,18519,void com.android.server.am.ActivityManagerService$LocalService.updateCpuStats(),-,16095,void com.android.server.am.ActivityManagerService.finishReceiver(android.os.IBinder, int, java.lang.String, android.os.Bundle, boolean, int),3]
10-15 18:32:32.245 I/dvm_lock_sample( 1594): [system_server,1,Binder:1594_19,9,ActivityTaskManagerService.java,4726,int com.android.server.wm.ActivityTaskManagerService.getLastResumedActivityUserId(),WindowSurfacePlacer.java,61,void com.android.server.wm.WindowSurfacePlacer.lambda$new$0$WindowSurfacePlacer(),1]
10-15 18:32:41.691 I/dvm_lock_sample( 1594): [system_server,1,Binder:1594_11,7,ActivityManagerService.java,8605,boolean com.android.server.am.ActivityManagerService.isUidActive(int, java.lang.String),-,14494,void com.android.server.am.ActivityManagerService.serviceDoneExecuting(android.os.IBinder, int, int, int),1]
10-15 18:34:44.866 I/dvm_lock_sample( 1594): [system_server,1,main,7,BroadcastDispatcher.java,186,void com.android.server.am.BroadcastDispatcher$1.broadcastAlarmComplete(int),ActivityManagerService.java,16095,void com.android.server.am.ActivityManagerService.finishReceiver(android.os.IBinder, int, java.lang.String, android.os.Bundle, boolean, int),1]
10-15 18:39:16.979 I/dvm_lock_sample( 1594): [system_server,1,Binder:1594_D,5,ActivityManagerService.java,14791,android.content.Intent com.android.server.am.ActivityManagerService.registerReceiver(android.app.IApplicationThread, java.lang.String, android.content.IIntentReceiver, android.content.IntentFilter, java.lang.String, int, int),-,14450,int com.android.server.am.ActivityManagerService.bindIsolatedService(android.app.IApplicationThread, android.os.IBinder, android.content.Intent, java.lang.String, android.app.IServiceConnection, int, java.lang.String, java.lang.String, int),1]
10-15 18:40:56.438 I/dvm_lock_sample( 1594): [system_server,1,Binder:1594_3,6,ActivityManagerService.java,14488,void com.android.server.am.ActivityManagerService.unbindFinished(android.os.IBinder, android.content.Intent, boolean),-,14463,boolean com.android.server.am.ActivityManagerService.unbindService(android.app.IServiceConnection),1]
10-15 18:49:00.693 I/dvm_lock_sample( 1594): [system_server,1,ActivityManager,40,ActiveServices.java,2189,void com.android.server.am.ActiveServices$ServiceRestarter.run(),ActivityManagerService.java,1537,void com.android.server.am.ActivityManagerService$AppDeathRecipient.binderDied(),8]
10-15 18:49:01.574 I/dvm_lock_sample( 1594): [system_server,0,Binder:1594_10,8,ActivityManagerService.java,16095,void com.android.server.am.ActivityManagerService.finishReceiver(android.os.IBinder, int, java.lang.String, android.os.Bundle, boolean, int),-,14463,boolean com.android.server.am.ActivityManagerService.unbindService(android.app.IServiceConnection),1]
10-15 18:49:01.760 I/dvm_lock_sample( 1594): [system_server,1,android.ui,12,ActivityManagerService.java,3378,void com.android.server.am.ActivityManagerService.dispatchUidsChanged(),-,14450,int com.android.server.am.ActivityManagerService.bindIsolatedService(android.app.IApplicationThread, android.os.IBinder, android.content.Intent, java.lang.String, android.app.IServiceConnection, int, java.lang.String, java.lang.String, int),2]
10-15 19:15:31.889 I/dvm_lock_sample( 1594): [system_server,0,Binder:1594_16,9,ActivityManagerService.java,14494,void com.android.server.am.ActivityManagerService.serviceDoneExecuting(android.os.IBinder, int, int, int),-,14463,boolean com.android.server.am.ActivityManagerService.unbindService(android.app.IServiceConnection),1]
10-15 19:17:58.347 I/dvm_lock_sample( 1594): [system_server,1,Binder:1594_A,5,ActivityManagerService.java,14791,android.content.Intent com.android.server.am.ActivityManagerService.registerReceiver(android.app.IApplicationThread, java.lang.String, android.content.IIntentReceiver, android.content.IntentFilter, java.lang.String, int, int),-,14463,boolean com.android.server.am.ActivityManagerService.unbindService(android.app.IServiceConnection),1]
10-15 19:19:29.471 I/dvm_lock_sample( 1594): [system_server,1,android.ui,15,ActivityManagerService.java,3272,void com.android.server.am.ActivityManagerService.dispatchProcessesChanged(),-,14343,void com.android.server.am.ActivityManagerService.setServiceForeground(android.content.ComponentName, android.os.IBinder, int, android.app.Notification, int, int),3]
10-15 19:19:29.530 I/dvm_lock_sample( 1594): [system_server,0,Binder:1594_2,29,ActivityManagerService.java,14494,void com.android.server.am.ActivityManagerService.serviceDoneExecuting(android.os.IBinder, int, int, int),-,14450,int com.android.server.am.ActivityManagerService.bindIsolatedService(android.app.IApplicationThread, android.os.IBinder, android.content.Intent, java.lang.String, android.app.IServiceConnection, int, java.lang.String, java.lang.String, int),5]
10-15 19:21:45.565 I/dvm_lock_sample( 1594): [system_server,1,ActivityManager,49,AlarmManagerService.java,1691,void com.android.server.AlarmManagerService.removeImpl(android.app.PendingIntent, android.app.IAlarmListener),-,4041,void com.android.server.AlarmManagerService$AlarmThread.run(),9]
10-15 19:30:08.101 I/dvm_lock_sample( 1594): [system_server,0,PackageManager,49,ActivityManagerService.java,15989,int com.android.server.am.ActivityManagerService.broadcastIntent(android.app.IApplicationThread, android.content.Intent, java.lang.String, android.content.IIntentReceiver, int, java.lang.String, android.os.Bundle, java.lang.String[], int, android.os.Bundle, boolean, boolean, int),BroadcastQueue.java,984,void com.android.server.am.BroadcastQueue.processNextBroadcast(boolean, boolean),9]
10-15 19:30:08.130 I/notification_cancel_all( 1594): [1000,1594,com.idealinspecao.perueiroapp,0,0,0,5,NULL]
10-15 19:30:08.205 I/dvm_lock_sample( 1594): [system_server,0,PackageManager,79,ActivityManagerService.java,15989,int com.android.server.am.ActivityManagerService.broadcastIntent(android.app.IApplicationThread, android.content.Intent, java.lang.String, android.content.IIntentReceiver, int, java.lang.String, android.os.Bundle, java.lang.String[], int, android.os.Bundle, boolean, boolean, int),-,14285,android.content.ComponentName com.android.server.am.ActivityManagerService.startService(android.app.IApplicationThread, android.content.Intent, java.lang.String, boolean, java.lang.String, int),15]
10-15 19:30:08.264 I/dvm_lock_sample( 1594): [system_server,0,PackageManager,30,ActivityManagerService.java,15989,int com.android.server.am.ActivityManagerService.broadcastIntent(android.app.IApplicationThread, android.content.Intent, java.lang.String, android.content.IIntentReceiver, int, java.lang.String, android.os.Bundle, java.lang.String[], int, android.os.Bundle, boolean, boolean, int),-,7564,void com.android.server.am.ActivityManagerService.removeContentProvider(android.os.IBinder, boolean),6]
10-15 19:30:08.389 I/sysui_multi_action( 1594): [757,147,758,4,759,1,806,com.idealinspecao.perueiroapp]
10-15 19:30:08.524 I/dvm_lock_sample( 1594): [system_server,1,Binder:1594_13,95,ActivityManagerService.java,14285,android.content.ComponentName com.android.server.am.ActivityManagerService.startService(android.app.IApplicationThread, android.content.Intent, java.lang.String, boolean, java.lang.String, int),-,5395,void com.android.server.am.ActivityManagerService.attachApplication(android.app.IApplicationThread, long),19]
10-15 19:30:09.204 I/am_create_activity( 1594): [0,79285322,1464,com.idealinspecao.perueiroapp/.MainActivity,NULL,NULL,NULL,268435456]
10-15 19:30:09.285 I/dvm_lock_sample( 1594): [system_server,1,Binder:1594_8,263,WindowProcessUtils.java,405,java.lang.String com.android.server.wm.WindowProcessUtils.getCallerPackageName(com.android.server.wm.ActivityTaskManagerService, android.app.IApplicationThread),ActivityStarter.java,1313,int com.android.server.wm.ActivityStarter.startActivityMayWait(android.app.IApplicationThread, int, java.lang.String, int, int, android.content.Intent, java.lang.String, android.service.voice.IVoiceInteractionSession, com.android.internal.app.IVoiceInteractor, android.os.IBinder, java.lang.String, int, int, android.app.ProfilerInfo, android.app.WaitResult, android.content.res.Configuration, com.android.server.wm.SafeActivityOptions, boolean, int, com.android.server.wm.TaskRecord, java.lang.String, boolean, com.android.server.am.PendingIntentRecord, boolean),52]
10-15 19:30:09.286 I/dvm_lock_sample( 1594): [system_server,1,Binder:1594_B,280,WindowProcessUtils.java,405,java.lang.String com.android.server.wm.WindowProcessUtils.getCallerPackageName(com.android.server.wm.ActivityTaskManagerService, android.app.IApplicationThread),ActivityStarter.java,1313,int com.android.server.wm.ActivityStarter.startActivityMayWait(android.app.IApplicationThread, int, java.lang.String, int, int, android.content.Intent, java.lang.String, android.service.voice.IVoiceInteractionSession, com.android.internal.app.IVoiceInteractor, android.os.IBinder, java.lang.String, int, int, android.app.ProfilerInfo, android.app.WaitResult, android.content.res.Configuration, com.android.server.wm.SafeActivityOptions, boolean, int, com.android.server.wm.TaskRecord, java.lang.String, boolean, com.android.server.am.PendingIntentRecord, boolean),56]
10-15 19:30:09.286 I/dvm_lock_sample( 1594): [system_server,1,Binder:1594_1F,199,WindowProcessUtils.java,405,java.lang.String com.android.server.wm.WindowProcessUtils.getCallerPackageName(com.android.server.wm.ActivityTaskManagerService, android.app.IApplicationThread),ActivityStarter.java,1313,int com.android.server.wm.ActivityStarter.startActivityMayWait(android.app.IApplicationThread, int, java.lang.String, int, int, android.content.Intent, java.lang.String, android.service.voice.IVoiceInteractionSession, com.android.internal.app.IVoiceInteractor, android.os.IBinder, java.lang.String, int, int, android.app.ProfilerInfo, android.app.WaitResult, android.content.res.Configuration, com.android.server.wm.SafeActivityOptions, boolean, int, com.android.server.wm.TaskRecord, java.lang.String, boolean, com.android.server.am.PendingIntentRecord, boolean),39]
10-15 19:30:09.286 I/dvm_lock_sample( 1594): [system_server,1,Binder:1594_15,118,ActivityTaskManagerService.java,7377,com.android.server.wm.WindowProcessController com.android.server.wm.ActivityTaskManagerService$LocalService.getTopApp(),ActivityStarter.java,1313,int com.android.server.wm.ActivityStarter.startActivityMayWait(android.app.IApplicationThread, int, java.lang.String, int, int, android.content.Intent, java.lang.String, android.service.voice.IVoiceInteractionSession, com.android.internal.app.IVoiceInteractor, android.os.IBinder, java.lang.String, int, int, android.app.ProfilerInfo, android.app.WaitResult, android.content.res.Configuration, com.android.server.wm.SafeActivityOptions, boolean, int, com.android.server.wm.TaskRecord, java.lang.String, boolean, com.android.server.am.PendingIntentRecord, boolean),23]
10-15 19:30:09.443 I/am_proc_start( 1594): [0,16174,11374,com.idealinspecao.perueiroapp,activity,{com.idealinspecao.perueiroapp/com.idealinspecao.perueiroapp.MainActivity}]
10-15 19:30:09.545 I/am_proc_bound( 1594): [0,16174,com.idealinspecao.perueiroapp]
10-15 19:30:09.553 I/am_restart_activity( 1594): [0,79285322,1464,com.idealinspecao.perueiroapp/.MainActivity,16174]
10-15 19:30:09.554 I/am_set_resumed_activity( 1594): [0,com.idealinspecao.perueiroapp/.MainActivity,minimalResumeActivityLocked]
10-15 19:30:10.425 I/dvm_lock_sample( 1594): [system_server,1,Binder:1594_1F,27,ActivityManagerService.java,14791,android.content.Intent com.android.server.am.ActivityManagerService.registerReceiver(android.app.IApplicationThread, java.lang.String, android.content.IIntentReceiver, android.content.IntentFilter, java.lang.String, int, int),-,1537,void com.android.server.am.ActivityManagerService$AppDeathRecipient.binderDied(),5]
10-15 19:30:11.120 I/notification_cancel_all( 1594): [1000,1594,com.idealinspecao.perueiroapp,0,0,0,5,NULL]
10-15 19:30:12.011 I/dvm_lock_sample( 1594): [system_server,1,Binder:1594_17,10,ActivityManagerService.java,14791,android.content.Intent com.android.server.am.ActivityManagerService.registerReceiver(android.app.IApplicationThread, java.lang.String, android.content.IIntentReceiver, android.content.IntentFilter, java.lang.String, int, int),-,1537,void com.android.server.am.ActivityManagerService$AppDeathRecipient.binderDied(),2]
10-15 19:30:12.644 I/dvm_lock_sample( 1594): [system_server,1,ActivityManager,7,BroadcastQueue.java,984,void com.android.server.am.BroadcastQueue.processNextBroadcast(boolean, boolean),ActivityManagerService.java,16095,void com.android.server.am.ActivityManagerService.finishReceiver(android.os.IBinder, int, java.lang.String, android.os.Bundle, boolean, int),1]
10-15 19:30:14.853 I/am_lifecycle_sample(16174): [0,com.idealinspecao.perueiroapp,110,5264]
10-15 19:30:15.059 I/am_on_create_called(16174): [0,com.idealinspecao.perueiroapp.MainActivity,performCreate,96]
10-15 19:30:15.072 I/am_on_start_called(16174): [0,com.idealinspecao.perueiroapp.MainActivity,handleStartActivity,1]
10-15 19:30:15.076 I/am_on_resume_called(16174): [0,com.idealinspecao.perueiroapp.MainActivity,RESUME_ACTIVITY,1]
10-15 19:30:15.116 I/am_on_top_resumed_gained_called(16174): [0,com.idealinspecao.perueiroapp.MainActivity,topStateChangedWhenResumed]
10-15 19:30:17.064 I/sysui_multi_action( 1594): [319,575,321,482,322,8063,325,921793,757,761,758,7,759,1,806,com.idealinspecao.perueiroapp,871,com.idealinspecao.perueiroapp.MainActivity,904,com.android.shell,905,0,945,547,1320,12,1321,1]
10-15 19:30:17.067 I/am_activity_launch_time( 1594): [0,79285322,com.idealinspecao.perueiroapp/.MainActivity,8063]
10-15 19:30:20.392 I/am_pss  ( 1594): [16174,11374,com.idealinspecao.perueiroapp,131732480,122368000,214016,217812992,0,2,21]
10-15 19:30:31.545 I/am_pss  ( 1594): [16174,11374,com.idealinspecao.perueiroapp,141496320,130899968,206848,230756352,0,2,15]
10-15 19:31:45.617 I/am_pss  ( 1594): [16174,11374,com.idealinspecao.perueiroapp,146467840,136110080,201728,237154304,0,2,20]
10-15 19:32:08.977 I/dvm_lock_sample( 1594): [system_server,1,ActivityManager,9,BroadcastQueue.java,984,void com.android.server.am.BroadcastQueue.processNextBroadcast(boolean, boolean),ActivityManagerService.java,16095,void com.android.server.am.ActivityManagerService.finishReceiver(android.os.IBinder, int, java.lang.String, android.os.Bundle, boolean, int),1]
10-15 19:33:17.943 I/am_pss  ( 1594): [16174,11374,com.idealinspecao.perueiroapp,143316992,134111232,205824,229715968,0,2,20]
10-15 19:33:25.822 D/RecentsImpl( 2131): startRecentsActivity runningTask: ComponentInfo{com.idealinspecao.perueiroapp/com.idealinspecao.perueiroapp.MainActivity}
10-15 19:33:25.917 I/am_on_top_resumed_lost_called(16174): [0,com.idealinspecao.perueiroapp.MainActivity,topStateChangedWhenResumed]
10-15 19:33:25.920 I/am_pause_activity( 1594): [16174,79285322,com.idealinspecao.perueiroapp/.MainActivity,userLeaving=true]
10-15 19:33:25.922 I/am_add_to_stopping( 1594): [0,79285322,com.idealinspecao.perueiroapp/.MainActivity,makeInvisible]
10-15 19:33:25.923 I/GST     (10006): forePkg: com.android.systemui, preForePkg: com.idealinspecao.perueiroapp
10-15 19:33:25.923 D/PerfEngineController(13444): ForegroundInfo{mForegroundPackageName='com.android.systemui', mForegroundUid=1000, mForegroundPid=2131, mLastForegroundPackageName='com.idealinspecao.perueiroapp', mLastForegroundUid=11374, mLastForegroundPid=16174, mMultiWindowForegroundPackageName='null', mMultiWindowForegroundUid=-1, mFlags=0}
10-15 19:33:25.923 I/ProcessMonitor(13735): onForegroundInfoChanged: ForegroundInfo{mForegroundPackageName='com.android.systemui', mForegroundUid=1000, mForegroundPid=2131, mLastForegroundPackageName='com.idealinspecao.perueiroapp', mLastForegroundUid=11374, mLastForegroundPid=16174, mMultiWindowForegroundPackageName='null', mMultiWindowForegroundUid=-1, mFlags=0}
10-15 19:33:25.934 I/am_on_paused_called(16174): [0,com.idealinspecao.perueiroapp.MainActivity,performPause,0]
10-15 19:33:26.476 I/am_stop_activity( 1594): [0,79285322,com.idealinspecao.perueiroapp/.MainActivity]
10-15 19:33:26.523 I/am_on_stop_called(16174): [0,com.idealinspecao.perueiroapp.MainActivity,STOP_ACTIVITY_ITEM,0]
10-15 19:33:27.082 I/sysui_multi_action( 2131): [757,289,758,4,806,ComponentInfo{com.idealinspecao.perueiroapp/com.idealinspecao.perueiroapp.MainActivity}]
10-15 19:33:27.084 I/am_finish_activity( 1594): [16174,79285322,1464,com.idealinspecao.perueiroapp/.MainActivity,remove-task]
10-15 19:33:27.085 I/am_destroy_activity( 1594): [16174,79285322,1464,com.idealinspecao.perueiroapp/.MainActivity,finish-imm:finishActivityLocked]
10-15 19:33:27.089 D/WindowProcessUtils( 1594): remove task: TaskRecord{b38c6e0 #1464 A=com.idealinspecao.perueiroapp U=0 StackId=699 sz=1}
10-15 19:33:27.104 I/am_kill ( 1594): [0,16174,com.idealinspecao.perueiroapp,905,SwipeUpClean]
10-15 19:33:27.184 W/InputDispatcher( 1594): channel 'f31999a com.idealinspecao.perueiroapp/com.idealinspecao.perueiroapp.MainActivity (server)' ~ Consumer closed input channel or an error occurred.  events=0x9
10-15 19:33:27.184 E/InputDispatcher( 1594): channel 'f31999a com.idealinspecao.perueiroapp/com.idealinspecao.perueiroapp.MainActivity (server)' ~ Channel is unrecoverably broken and will be disposed!
10-15 19:33:27.186 W/InputDispatcher( 1594): Attempted to unregister already unregistered input channel 'f31999a com.idealinspecao.perueiroapp/com.idealinspecao.perueiroapp.MainActivity (server)'
10-15 19:33:27.189 I/am_proc_died( 1594): [0,16174,com.idealinspecao.perueiroapp,905,20]
10-15 19:54:06.404 I/dvm_lock_sample( 1594): [system_server,1,Binder:1594_1A,10,ActivityManagerService.java,8605,boolean com.android.server.am.ActivityManagerService.isUidActive(int, java.lang.String),-,14450,int com.android.server.am.ActivityManagerService.bindIsolatedService(android.app.IApplicationThread, android.os.IBinder, android.content.Intent, java.lang.String, android.app.IServiceConnection, int, java.lang.String, java.lang.String, int),2]
10-15 20:01:01.119 I/dvm_lock_sample( 1594): [system_server,0,Binder:1594_18,8,ActivityManagerService.java,14494,void com.android.server.am.ActivityManagerService.serviceDoneExecuting(android.os.IBinder, int, int, int),-,14450,int com.android.server.am.ActivityManagerService.bindIsolatedService(android.app.IApplicationThread, android.os.IBinder, android.content.Intent, java.lang.String, android.app.IServiceConnection, int, java.lang.String, java.lang.String, int),1]
10-15 20:09:27.258 I/dvm_lock_sample( 1594): [system_server,1,android.ui,8,ActivityManagerService.java,3378,void com.android.server.am.ActivityManagerService.dispatchUidsChanged(),-,14450,int com.android.server.am.ActivityManagerService.bindIsolatedService(android.app.IApplicationThread, android.os.IBinder, android.content.Intent, java.lang.String, android.app.IServiceConnection, int, java.lang.String, java.lang.String, int),1]
10-15 20:16:17.702 W/Binder  ( 1594): 	at com.android.server.am.ActivityManagerService.getProviderMimeType(ActivityManagerService.java:7973)
10-15 20:16:17.702 W/Binder  ( 1594): 	at android.app.IActivityManager$Stub.onTransact(IActivityManager.java:3308)
10-15 20:16:17.702 W/Binder  ( 1594): 	at com.android.server.am.ActivityManagerService.onTransact(ActivityManagerService.java:2800)
10-15 20:19:28.423 I/dvm_lock_sample( 1594): [system_server,1,Binder:1594_19,5,ActivityManagerService.java,6752,java.lang.String com.android.server.am.ActivityManagerService.checkContentProviderAccess(java.lang.String, int),ProcessList.java,1687,void com.android.server.am.ProcessList.lambda$startProcessLocked$0$ProcessList(com.android.server.am.ProcessRecord, java.lang.String, int[], int, int, java.lang.String, java.lang.String, java.lang.String, long),1]
10-15 20:34:59.819 W/System.err( 7808): 	at d.c.a.b.f.b.a(ActivityManagerCompat.java:11)
10-15 20:34:59.820 W/System.err( 7808): 	at android.app.IActivityTaskManager$Stub$Proxy.getStackInfo(IActivityTaskManager.java:6398)
10-15 20:34:59.820 W/System.err( 7808): 	at com.android.server.am.ActivityManagerService.enforceCallingPermission(ActivityManagerService.java:6163)
10-15 20:34:59.820 W/System.err( 7808): 	at com.android.server.am.ActivityManagerService$LocalService.enforceCallingPermission(ActivityManagerService.java:18443)
10-15 20:34:59.820 W/System.err( 7808): 	at com.android.server.wm.ActivityTaskManagerService.enforceCallerIsRecentsOrHasPermission(ActivityTaskManagerService.java:3666)
10-15 20:34:59.820 W/System.err( 7808): 	at com.android.server.wm.ActivityTaskManagerService.getStackInfo(ActivityTaskManagerService.java:2910)
10-15 20:34:59.820 W/System.err( 7808): 	at android.app.IActivityTaskManager$Stub.onTransact(IActivityTaskManager.java:3003)
10-15 20:35:02.097 D/MiuiNetworkPolicyAppBuckets( 1594): updateAppPN packageName=com.idealinspecao.perueiroapp,uid=11374,installed=false
10-15 20:35:02.098 E/InstallApkReceiver( 2404): uninstall:package:com.idealinspecao.perueiroapp
10-15 20:35:02.104 D/BluetoothMapAppObserver(30467): The removed package is: com.idealinspecao.perueiroapp
10-15 20:35:02.114 D/MiuiNetworkPolicyAppBuckets( 1594): updateAppPN packageName=com.idealinspecao.perueiroapp,uid=11374,installed=true
10-15 20:35:02.118 E/Recents ( 2131): packageMonitor   onPackageModified  packageName=com.idealinspecao.perueiroapp   mIsRecentsWithinLauncher=true
10-15 20:35:02.120 I/PackageInstallReceiver( 2406): action = android.intent.action.PACKAGE_REMOVED packageName = com.idealinspecao.perueiroapp
10-15 20:35:02.120 I/ShortCutsCardView( 2406): onAppChanged com.idealinspecao.perueiroapp
10-15 20:35:02.121 D/ImsResolver( 2395): maybeAddedImsService, packageName: com.idealinspecao.perueiroapp
10-15 20:35:02.122 E/InstallApkReceiver( 2404): install:package:com.idealinspecao.perueiroapp
10-15 20:35:02.133 D/AppInstalledReceiver(13735): packageName: com.idealinspecao.perueiroapp
10-15 20:35:02.142 D/Avrcp_ext(30467): AvrcpServiceBroadcastReceiver-> packageName: com.idealinspecao.perueiroapp
10-15 20:35:02.142 D/Avrcp_ext(30467): packageName: com.idealinspecao.perueiroapp removed: false
10-15 20:35:02.149 D/BluetoothMapAppObserver(30467): The installed package is: com.idealinspecao.perueiroapp
10-15 20:35:02.278 I/PackageInstallReceiver( 2406): xspace packageName=com.idealinspecao.perueiroapp
10-15 20:35:02.278 I/ShortCutsCardView( 2406): onAppChanged com.idealinspecao.perueiroapp
10-15 20:35:02.282 I/MiPicks-LocalAppManager(17023): add package to list: com.idealinspecao.perueiroapp
10-15 20:35:02.286 I/sysui_multi_action( 1594): [757,147,758,4,759,1,806,com.idealinspecao.perueiroapp]
10-15 20:35:02.303 I/dvm_lock_sample( 1594): [system_server,1,ActivityManager,6,BroadcastQueue.java,984,void com.android.server.am.BroadcastQueue.processNextBroadcast(boolean, boolean),ActivityManagerService.java,14494,void com.android.server.am.ActivityManagerService.serviceDoneExecuting(android.os.IBinder, int, int, int),1]
10-15 20:35:02.317 I/PackageInstallReceiver( 2406): action = android.intent.action.PACKAGE_ADDED packageName = com.idealinspecao.perueiroapp
10-15 20:35:02.317 I/ShortCutsCardView( 2406): onAppChanged com.idealinspecao.perueiroapp
10-15 20:35:02.388 I/PackageInstallReceiver( 2406): xspace packageName=com.idealinspecao.perueiroapp
10-15 20:35:02.388 I/ShortCutsCardView( 2406): onAppChanged com.idealinspecao.perueiroapp
10-15 20:35:02.395 I/PackageInstallReceiver( 2406): action = android.intent.action.PACKAGE_REPLACED packageName = com.idealinspecao.perueiroapp
10-15 20:35:02.396 I/ShortCutsCardView( 2406): onAppChanged com.idealinspecao.perueiroapp
10-15 20:35:02.401 I/PackageInstallReceiver( 2406): xspace packageName=com.idealinspecao.perueiroapp
10-15 20:35:02.401 I/ShortCutsCardView( 2406): onAppChanged com.idealinspecao.perueiroapp
10-15 20:35:02.873 I/dvm_lock_sample( 1594): [system_server,1,Binder:1594_D,28,ActivityManagerService.java,14285,android.content.ComponentName com.android.server.am.ActivityManagerService.startService(android.app.IApplicationThread, android.content.Intent, java.lang.String, boolean, java.lang.String, int),-,14494,void com.android.server.am.ActivityManagerService.serviceDoneExecuting(android.os.IBinder, int, int, int),5]
10-15 20:35:03.221 I/PI-ScanDispatch(19538): service bind, pkgName = com.idealinspecao.perueiroapp, installer = null, isReplace = true, firstGoogleTime = 1614890563430
10-15 20:35:03.225 I/am_create_activity( 1594): [0,60442913,1466,com.idealinspecao.perueiroapp/.MainActivity,NULL,NULL,NULL,268435456]
10-15 20:35:03.332 I/am_proc_start( 1594): [0,19724,11374,com.idealinspecao.perueiroapp,activity,{com.idealinspecao.perueiroapp/com.idealinspecao.perueiroapp.MainActivity}]
10-15 20:35:03.333 D/OemNetd (  518): setPidForPackage: packageName=com.idealinspecao.perueiroapp, pid=19724, pid=11374
10-15 20:35:03.593 I/am_proc_bound( 1594): [0,19724,com.idealinspecao.perueiroapp]
10-15 20:35:03.614 I/am_restart_activity( 1594): [0,60442913,1466,com.idealinspecao.perueiroapp/.MainActivity,19724]
10-15 20:35:03.615 I/am_set_resumed_activity( 1594): [0,com.idealinspecao.perueiroapp/.MainActivity,minimalResumeActivityLocked]
10-15 20:35:03.617 D/PerfEngineController(13444): ForegroundInfo{mForegroundPackageName='com.idealinspecao.perueiroapp', mForegroundUid=11374, mForegroundPid=19724, mLastForegroundPackageName='com.miui.home', mLastForegroundUid=10064, mLastForegroundPid=2404, mMultiWindowForegroundPackageName='null', mMultiWindowForegroundUid=-1, mFlags=1}
10-15 20:35:03.617 D/AutoInstallService(16921): onForegroundInfoChanged: com.idealinspecao.perueiroapp
10-15 20:35:03.617 I/ProcessMonitor(13735): onForegroundInfoChanged: ForegroundInfo{mForegroundPackageName='com.idealinspecao.perueiroapp', mForegroundUid=11374, mForegroundPid=19724, mLastForegroundPackageName='com.miui.home', mLastForegroundUid=10064, mLastForegroundPid=2404, mMultiWindowForegroundPackageName='null', mMultiWindowForegroundUid=-1, mFlags=1}
10-15 20:35:03.618 I/GST     (10006): forePkg: com.idealinspecao.perueiroapp, preForePkg: com.miui.home
10-15 20:35:04.022 I/notification_cancel_all( 1594): [1000,1594,com.idealinspecao.perueiroapp,0,0,0,5,NULL]
10-15 20:35:04.046 I/notification_cancel_all( 1594): [1000,1594,com.idealinspecao.perueiroapp,0,0,0,5,NULL]
10-15 20:35:04.149 I/Finsky  (19571): [2] AIM: AppInfoCacheUpdater -> invalidating apps: [com.idealinspecao.perueiroapp]
10-15 20:35:04.197 D/Launcher.Model( 2404): LauncherAppsCallback onPackageChanged|com.idealinspecao.perueiroapp|UserHandle{0}
10-15 20:35:04.198 D/Launcher.Model( 2404): Got broadcast:Intent { act=android.intent.action.PACKAGE_CHANGED dat=package:com.idealinspecao.perueiroapp (has extras) }
10-15 20:35:04.306 I/Finsky  (19571): [66505] AIM: AppInfoManager-Perf > OnDeviceAppInfo > cacheHitCount=0, cacheMissCount=1. Missed  in cache (limit 10) : [com.idealinspecao.perueiroapp]
10-15 20:35:04.342 D/Launcher.AllAppsList( 2404): updatePackage, packageName=com.idealinspecao.perueiroapp, loadMissing=false, user=UserHandle{0}, matchedSize=1
10-15 20:35:04.342 D/Launcher.AllAppsList( 2404): updatePackage, find appInfo=AppInfo, id=-1, itemType=0, user=UserHandle{0}, mIconType=0, pkgName=com.idealinspecao.perueiroapp, className=com.idealinspecao.perueiroapp.MainActivity, screenId=-1, container=-1, cellX=-1, cellY=-1, spanX=1, spanY=1, isLandscapePos=false from ComponentInfo{com.idealinspecao.perueiroapp/com.idealinspecao.perueiroapp.MainActivity}
10-15 20:35:04.350 D/Launcher.Model( 2404): onReceiveBackground, mAllAppsList=add=[], remove=[], modified=[(0, AppInfo, id=-1, itemType=0, user=UserHandle{0}, mIconType=0, pkgName=com.idealinspecao.perueiroapp, className=com.idealinspecao.perueiroapp.MainActivity, screenId=-1, container=-1, cellX=-1, cellY=-1, spanX=1, spanY=1, isLandscapePos=false)]
10-15 20:35:05.645 W/ActivityManager( 1594): Sending non-protected broadcast android.intent.action.APPLICATION_MESSAGE_UPDATE from system 2131:com.android.systemui/1000 pkg com.android.systemui. Callers=
10-15 20:35:06.173 I/sysui_multi_action( 1594): [757,147,758,4,759,1,806,com.idealinspecao.perueiroapp]
10-15 20:35:08.333 I/am_lifecycle_sample(19724): [0,com.idealinspecao.perueiroapp,110,4679]
10-15 20:35:08.360 E/Perf    (19724): Fail to get file list com.idealinspecao.perueiroapp
10-15 20:35:08.360 E/Perf    (19724): Fail to get file list com.idealinspecao.perueiroapp
10-15 20:35:08.506 D/ForceDarkHelper(19724): updateByCheckExcludeList: pkg: com.idealinspecao.perueiroapp activity: com.idealinspecao.perueiroapp.MainActivity@894484a
10-15 20:35:08.568 I/am_on_create_called(19724): [0,com.idealinspecao.perueiroapp.MainActivity,performCreate,96]
10-15 20:35:08.582 I/am_on_start_called(19724): [0,com.idealinspecao.perueiroapp.MainActivity,handleStartActivity,0]
10-15 20:35:08.586 I/am_on_resume_called(19724): [0,com.idealinspecao.perueiroapp.MainActivity,RESUME_ACTIVITY,1]
10-15 20:35:08.615 W/Looper  (19724): Slow Looper main: Activity com.idealinspecao.perueiroapp/.MainActivity is 4623ms late (wall=254ms running=0ms ClientTransaction{ callbacks=[android.app.servertransaction.LaunchActivityItem] lifecycleRequest=android.app.servertransaction.ResumeActivityItem }) because of 1 msg, msg 1 took 4680ms (seq=2 late=2ms h=android.app.ActivityThread$H w=110)
10-15 20:35:08.616 I/am_on_top_resumed_gained_called(19724): [0,com.idealinspecao.perueiroapp.MainActivity,topStateChangedWhenResumed]
10-15 20:35:08.616 W/Looper  (19724): Slow Looper main: Activity com.idealinspecao.perueiroapp/.MainActivity is 4877ms late (wall=0ms running=0ms ClientTransaction{ callbacks=[android.app.servertransaction.TopResumedActivityChangeItem] }) because of 2 msg, msg 1 took 4680ms (seq=2 late=2ms h=android.app.ActivityThread$H w=110), msg 2 took 254ms (seq=3 late=4623ms h=android.app.ActivityThread$H w=159)
10-15 20:35:08.511 I/chatty  (19724): uid=11374(com.idealinspecao.perueiroapp) identical 1 line
10-15 20:35:08.522 D/ForceDarkHelper(19724): updateByCheckExcludeList: pkg: com.idealinspecao.perueiroapp activity: com.idealinspecao.perueiroapp.MainActivity@894484a
10-15 20:35:08.872 D/ForceDarkHelper(19724): updateByCheckExcludeList: pkg: com.idealinspecao.perueiroapp activity: com.idealinspecao.perueiroapp.MainActivity@894484a
10-15 20:35:10.466 D/ForceDarkHelper(19724): updateByCheckExcludeList: pkg: com.idealinspecao.perueiroapp activity: com.idealinspecao.perueiroapp.MainActivity@894484a
10-15 20:35:10.469 I/Timeline( 1594): Timeline: Activity_windows_visible id: ActivityRecord{39a4921 u0 com.idealinspecao.perueiroapp/.MainActivity t1466} time:925694466
10-15 20:35:10.470 I/sysui_multi_action( 1594): [319,571,321,554,322,7332,325,925687,757,761,758,7,759,1,806,com.idealinspecao.perueiroapp,871,com.idealinspecao.perueiroapp.MainActivity,904,com.android.shell,905,0,945,458,1320,12,1321,1]
10-15 20:35:10.474 I/am_activity_launch_time( 1594): [0,60442913,com.idealinspecao.perueiroapp/.MainActivity,7332]
