10-15 16:25:05.716 I/dvm_lock_sample( 1594): [system_server,1,Binder:1594_17,132,ActivityManagerService.java,14463,boolean com.android.server.am.ActivityManagerService.unbindService(android.app.IServiceConnection),-,14463,boolean com.android.server.am.ActivityManagerService.unbindService(android.app.IServiceConnection),26]
10-15 16:25:13.353 I/dvm_lock_sample( 1594): [system_server,1,android.ui,8,ActivityManagerService.java,3378,void com.android.server.am.ActivityManagerService.dispatchUidsChanged(),-,5395,void com.android.server.am.ActivityManagerService.attachApplication(android.app.IApplicationThread, long),1]
10-15 16:26:15.541 I/dvm_lock_sample( 1594): [system_server,1,Binder:1594_E,10,ActivityTaskManagerService.java,2097,android.app.ActivityManager$StackInfo com.android.server.wm.ActivityTaskManagerService.getFocusedStackInfo(),WindowAnimator.java,144,void com.android.server.wm.WindowAnimator.animate(long),2]
10-15 16:30:26.795 I/dvm_lock_sample( 1594): [system_server,1,Binder:1594_9,12,ActivityManagerService.java,14450,int com.android.server.am.ActivityManagerService.bindIsolatedService(android.app.IApplicationThread, android.os.IBinder, android.content.Intent, java.lang.String, android.app.IServiceConnection, int, java.lang.String, java.lang.String, int),-,18684,android.content.ComponentName com.android.server.am.ActivityManagerService$LocalService.startServiceInPackage(int, android.content.Intent, java.lang.String, boolean, java.lang.String, int, boolean),2]
10-15 16:33:22.307 I/dvm_lock_sample( 1594): [system_server,1,Binder:1594_B,6,ActivityManagerService.java,14450,int com.android.server.am.ActivityManagerService.bindIsolatedService(android.app.IApplicationThread, android.os.IBinder, android.content.Intent, java.lang.String, android.app.IServiceConnection, int, java.lang.String, java.lang.String, int),-,14285,android.content.ComponentName com.android.server.am.ActivityManagerService.startService(android.app.IApplicationThread, android.content.Intent, java.lang.String, boolean, java.lang.String, int),1]
10-15 16:33:22.366 I/dvm_lock_sample( 1594): [system_server,1,Binder:1594_B,12,ActivityManagerService.java,14463,boolean com.android.server.am.ActivityManagerService.unbindService(android.app.IServiceConnection),-,1537,void com.android.server.am.ActivityManagerService$AppDeathRecipient.binderDied(),2]
10-15 16:33:22.596 I/dvm_lock_sample( 1594): [system_server,1,Binder:1594_9,18,ActivityManagerService.java,14450,int com.android.server.am.ActivityManagerService.bindIsolatedService(android.app.IApplicationThread, android.os.IBinder, android.content.Intent, java.lang.String, android.app.IServiceConnection, int, java.lang.String, java.lang.String, int),-,1537,void com.android.server.am.ActivityManagerService$AppDeathRecipient.binderDied(),3]
10-15 16:33:24.188 I/dvm_lock_sample( 1594): [system_server,1,Binder:1594_16,47,ActivityManagerService.java,14791,android.content.Intent com.android.server.am.ActivityManagerService.registerReceiver(android.app.IApplicationThread, java.lang.String, android.content.IIntentReceiver, android.content.IntentFilter, java.lang.String, int, int),-,1537,void com.android.server.am.ActivityManagerService$AppDeathRecipient.binderDied(),9]
10-15 16:33:27.279 I/dvm_lock_sample( 1594): [system_server,1,Binder:1594_1A,6,ActivityManagerService.java,14791,android.content.Intent com.android.server.am.ActivityManagerService.registerReceiver(android.app.IApplicationThread, java.lang.String, android.content.IIntentReceiver, android.content.IntentFilter, java.lang.String, int, int),-,14463,boolean com.android.server.am.ActivityManagerService.unbindService(android.app.IServiceConnection),1]
10-15 16:33:50.439 I/dvm_lock_sample( 1594): [system_server,1,Binder:1594_1A,6,ActivityManagerService.java,14791,android.content.Intent com.android.server.am.ActivityManagerService.registerReceiver(android.app.IApplicationThread, java.lang.String, android.content.IIntentReceiver, android.content.IntentFilter, java.lang.String, int, int),-,14450,int com.android.server.am.ActivityManagerService.bindIsolatedService(android.app.IApplicationThread, android.os.IBinder, android.content.Intent, java.lang.String, android.app.IServiceConnection, int, java.lang.String, java.lang.String, int),1]
10-15 16:51:38.380 I/dvm_lock_sample( 1594): [system_server,1,ActivityManager,389,PackageManagerService.java,25144,boolean com.android.server.pm.PackageManagerService$PackageManagerInternalImpl.isPermissionsReviewRequired(java.lang.String, int),-,19575,void com.android.server.pm.PackageManagerService.removePackageDataLIF(com.android.server.pm.PackageSetting, int[], com.android.server.pm.PackageManagerService$PackageRemovedInfo, int, boolean),77]
10-15 16:51:41.226 I/dvm_lock_sample( 1594): [system_server,0,Binder:1594_10,11,ActivityManagerService.java,14494,void com.android.server.am.ActivityManagerService.serviceDoneExecuting(android.os.IBinder, int, int, int),-,14463,boolean com.android.server.am.ActivityManagerService.unbindService(android.app.IServiceConnection),2]
10-15 16:52:34.019 I/dvm_lock_sample( 1594): [system_server,1,Binder:1594_D,16,ActivityManagerService.java,15989,int com.android.server.am.ActivityManagerService.broadcastIntent(android.app.IApplicationThread, android.content.Intent, java.lang.String, android.content.IIntentReceiver, int, java.lang.String, android.os.Bundle, java.lang.String[], int, android.os.Bundle, boolean, boolean, int),-,5395,void com.android.server.am.ActivityManagerService.attachApplication(android.app.IApplicationThread, long),3]
10-15 16:52:37.285 I/dvm_lock_sample( 1594): [system_server,1,Binder:1594_1B,297,ActivityManagerService.java,15989,int com.android.server.am.ActivityManagerService.broadcastIntent(android.app.IApplicationThread, android.content.Intent, java.lang.String, android.content.IIntentReceiver, int, java.lang.String, android.os.Bundle, java.lang.String[], int, android.os.Bundle, boolean, boolean, int),-,1537,void com.android.server.am.ActivityManagerService$AppDeathRecipient.binderDied(),59]
10-15 16:52:37.288 I/dvm_lock_sample( 1594): [system_server,1,Binder:1594_17,201,ActivityManagerService.java,6752,java.lang.String com.android.server.am.ActivityManagerService.checkContentProviderAccess(java.lang.String, int),-,1537,void com.android.server.am.ActivityManagerService$AppDeathRecipient.binderDied(),40]
10-15 16:52:37.294 I/dvm_lock_sample( 1594): [system_server,1,Binder:1594_6,68,ActivityManagerService.java,5395,void com.android.server.am.ActivityManagerService.attachApplication(android.app.IApplicationThread, long),-,1537,void com.android.server.am.ActivityManagerService$AppDeathRecipient.binderDied(),13]
10-15 16:52:37.322 I/dvm_lock_sample( 1594): [system_server,1,Binder:1594_8,59,ProcessManagerService.java,1704,java.util.List com.android.server.am.ProcessManagerService.getRunningProcessInfo(int, int, java.lang.String, java.lang.String, int),ActivityManagerService.java,1537,void com.android.server.am.ActivityManagerService$AppDeathRecipient.binderDied(),11]
10-15 16:52:37.324 I/dvm_lock_sample( 1594): [system_server,1,Binder:1594_1B,19,ActivityManagerService.java,1537,void com.android.server.am.ActivityManagerService$AppDeathRecipient.binderDied(),-,5395,void com.android.server.am.ActivityManagerService.attachApplication(android.app.IApplicationThread, long),3]
10-15 16:52:37.391 I/dvm_lock_sample( 1594): [system_server,1,Binder:1594_17,35,ActivityManagerService.java,6752,java.lang.String com.android.server.am.ActivityManagerService.checkContentProviderAccess(java.lang.String, int),-,7564,void com.android.server.am.ActivityManagerService.removeContentProvider(android.os.IBinder, boolean),7]
10-15 16:53:49.660 I/dvm_lock_sample( 1594): [system_server,1,main,8,BroadcastDispatcher.java,186,void com.android.server.am.BroadcastDispatcher$1.broadcastAlarmComplete(int),ActivityManagerService.java,16095,void com.android.server.am.ActivityManagerService.finishReceiver(android.os.IBinder, int, java.lang.String, android.os.Bundle, boolean, int),1]
10-15 16:54:21.909 I/dvm_lock_sample( 1594): [system_server,1,Binder:1594_4,14,ActivityManagerService.java,14791,android.content.Intent com.android.server.am.ActivityManagerService.registerReceiver(android.app.IApplicationThread, java.lang.String, android.content.IIntentReceiver, android.content.IntentFilter, java.lang.String, int, int),-,14450,int com.android.server.am.ActivityManagerService.bindIsolatedService(android.app.IApplicationThread, android.os.IBinder, android.content.Intent, java.lang.String, android.app.IServiceConnection, int, java.lang.String, java.lang.String, int),2]
10-15 16:54:21.957 I/dvm_lock_sample( 1594): [system_server,1,main,17,ActivityManagerService.java,3226,int com.android.server.am.ActivityManagerService.getPackageProcessState(java.lang.String, java.lang.String),-,14450,int com.android.server.am.ActivityManagerService.bindIsolatedService(android.app.IApplicationThread, android.os.IBinder, android.content.Intent, java.lang.String, android.app.IServiceConnection, int, java.lang.String, java.lang.String, int),3]
10-15 16:55:02.010 I/dvm_lock_sample( 1594): [system_server,1,Binder:1594_1A,37,ActivityManagerService.java,6978,android.app.ContentProviderHolder com.android.server.am.ActivityManagerService.getContentProviderImpl(android.app.IApplicationThread, java.lang.String, android.os.IBinder, int, java.lang.String, java.lang.String, boolean, int),-,14343,void com.android.server.am.ActivityManagerService.setServiceForeground(android.content.ComponentName, android.os.IBinder, int, android.app.Notification, int, int),7]
10-15 16:55:05.575 I/dvm_lock_sample( 1594): [system_server,1,android.ui,18,ActivityManagerService.java,3312,void com.android.server.am.ActivityManagerService.dispatchProcessesChanged(),-,14494,void com.android.server.am.ActivityManagerService.serviceDoneExecuting(android.os.IBinder, int, int, int),3]
10-15 16:55:22.146 I/dvm_lock_sample( 1594): [system_server,0,android.bg,7,ActivityManagerService.java,2043,void com.android.server.am.ActivityManagerService$5.handleMessage(android.os.Message),-,14463,boolean com.android.server.am.ActivityManagerService.unbindService(android.app.IServiceConnection),1]
10-15 16:56:07.613 I/dvm_lock_sample( 1594): [system_server,1,NetworkPolicy.uid,7,ActivityManagerService.java,18347,void com.android.server.am.ActivityManagerService$LocalService.notifyNetworkPolicyRulesUpdated(int, long),-,16095,void com.android.server.am.ActivityManagerService.finishReceiver(android.os.IBinder, int, java.lang.String, android.os.Bundle, boolean, int),1]
10-15 16:56:41.789 I/dvm_lock_sample( 1594): [system_server,1,android.ui,16,ActivityManagerService.java,3432,void com.android.server.am.ActivityManagerService.dispatchUidsChanged(),-,14343,void com.android.server.am.ActivityManagerService.setServiceForeground(android.content.ComponentName, android.os.IBinder, int, android.app.Notification, int, int),3]
10-15 16:57:43.065 I/dvm_lock_sample( 1594): [system_server,1,ActivityManager,8,AlarmManagerService.java,1691,void com.android.server.AlarmManagerService.removeImpl(android.app.PendingIntent, android.app.IAlarmListener),-,4041,void com.android.server.AlarmManagerService$AlarmThread.run(),1]
10-15 16:57:46.878 I/dvm_lock_sample( 1594): [system_server,1,Binder:1594_13,35,ActivityTaskManagerService.java,2889,android.content.pm.ParceledListSlice com.android.server.wm.ActivityTaskManagerService.getRecentTasks(int, int, int),WindowSurfacePlacer.java,61,void com.android.server.wm.WindowSurfacePlacer.lambda$new$0$WindowSurfacePlacer(),7]
10-15 16:57:48.819 I/dvm_lock_sample( 1594): [system_server,1,android.ui,5,ActivityManagerService.java,3378,void com.android.server.am.ActivityManagerService.dispatchUidsChanged(),-,16095,void com.android.server.am.ActivityManagerService.finishReceiver(android.os.IBinder, int, java.lang.String, android.os.Bundle, boolean, int),1]
10-15 16:58:15.557 I/dvm_lock_sample( 1594): [system_server,1,Binder:1594_15,13,ActivityManagerService.java,14791,android.content.Intent com.android.server.am.ActivityManagerService.registerReceiver(android.app.IApplicationThread, java.lang.String, android.content.IIntentReceiver, android.content.IntentFilter, java.lang.String, int, int),-,14450,int com.android.server.am.ActivityManagerService.bindIsolatedService(android.app.IApplicationThread, android.os.IBinder, android.content.Intent, java.lang.String, android.app.IServiceConnection, int, java.lang.String, java.lang.String, int),2]
10-15 17:08:09.839 I/dvm_lock_sample( 1594): [system_server,1,main,10,BroadcastDispatcher.java,186,void com.android.server.am.BroadcastDispatcher$1.broadcastAlarmComplete(int),ActivityManagerService.java,16095,void com.android.server.am.ActivityManagerService.finishReceiver(android.os.IBinder, int, java.lang.String, android.os.Bundle, boolean, int),2]
10-15 17:08:09.840 I/dvm_lock_sample( 1594): [system_server,1,android.ui,11,ActivityManagerService.java,3378,void com.android.server.am.ActivityManagerService.dispatchUidsChanged(),-,16095,void com.android.server.am.ActivityManagerService.finishReceiver(android.os.IBinder, int, java.lang.String, android.os.Bundle, boolean, int),2]
10-15 17:08:14.867 I/dvm_lock_sample( 1594): [system_server,1,android.ui,13,ActivityManagerService.java,3272,void com.android.server.am.ActivityManagerService.dispatchProcessesChanged(),-,14343,void com.android.server.am.ActivityManagerService.setServiceForeground(android.content.ComponentName, android.os.IBinder, int, android.app.Notification, int, int),2]
10-15 17:08:16.511 I/dvm_lock_sample( 1594): [system_server,0,miui.fg,8,ActivityManagerService.java,5955,boolean com.android.server.am.ActivityManagerService.isAppBad(android.content.pm.ApplicationInfo),-,14450,int com.android.server.am.ActivityManagerService.bindIsolatedService(android.app.IApplicationThread, android.os.IBinder, android.content.Intent, java.lang.String, android.app.IServiceConnection, int, java.lang.String, java.lang.String, int),1]
10-15 17:08:27.884 I/dvm_lock_sample( 1594): [system_server,1,android.ui,16,ActivityManagerService.java,3378,void com.android.server.am.ActivityManagerService.dispatchUidsChanged(),-,14450,int com.android.server.am.ActivityManagerService.bindIsolatedService(android.app.IApplicationThread, android.os.IBinder, android.content.Intent, java.lang.String, android.app.IServiceConnection, int, java.lang.String, java.lang.String, int),3]
10-15 17:11:15.510 I/dvm_lock_sample( 1594): [system_server,1,Binder:1594_B,16,ActivityManagerService.java,8605,boolean com.android.server.am.ActivityManagerService.isUidActive(int, java.lang.String),-,14450,int com.android.server.am.ActivityManagerService.bindIsolatedService(android.app.IApplicationThread, android.os.IBinder, android.content.Intent, java.lang.String, android.app.IServiceConnection, int, java.lang.String, java.lang.String, int),3]
10-15 17:19:01.114 I/dvm_lock_sample( 1594): [system_server,1,android.ui,13,ActivityManagerService.java,3378,void com.android.server.am.ActivityManagerService.dispatchUidsChanged(),-,14450,int com.android.server.am.ActivityManagerService.bindIsolatedService(android.app.IApplicationThread, android.os.IBinder, android.content.Intent, java.lang.String, android.app.IServiceConnection, int, java.lang.String, java.lang.String, int),2]
10-15 17:22:12.716 I/dvm_lock_sample( 1594): [system_server,0,AlarmManager,19,BroadcastDispatcher.java,169,void com.android.server.am.BroadcastDispatcher$1.broadcastAlarmPending(int),ActivityManagerService.java,17200,void com.android.server.am.ActivityManagerService$ProcStatsRunnable.run(),3]
10-15 17:22:12.853 I/dvm_lock_sample( 1594): [system_server,0,android.bg,10,ActivityManagerService.java,2043,void com.android.server.am.ActivityManagerService$5.handleMessage(android.os.Message),-,14450,int com.android.server.am.ActivityManagerService.bindIsolatedService(android.app.IApplicationThread, android.os.IBinder, android.content.Intent, java.lang.String, android.app.IServiceConnection, int, java.lang.String, java.lang.String, int),2]
10-15 17:31:58.817 I/dvm_lock_sample( 1594): [system_server,1,Binder:1594_1,182,WindowProcessUtils.java,405,java.lang.String com.android.server.wm.WindowProcessUtils.getCallerPackageName(com.android.server.wm.ActivityTaskManagerService, android.app.IApplicationThread),ActivityStarter.java,1313,int com.android.server.wm.ActivityStarter.startActivityMayWait(android.app.IApplicationThread, int, java.lang.String, int, int, android.content.Intent, java.lang.String, android.service.voice.IVoiceInteractionSession, com.android.internal.app.IVoiceInteractor, android.os.IBinder, java.lang.String, int, int, android.app.ProfilerInfo, android.app.WaitResult, android.content.res.Configuration, com.android.server.wm.SafeActivityOptions, boolean, int, com.android.server.wm.TaskRecord, java.lang.String, boolean, com.android.server.am.PendingIntentRecord, boolean),36]
10-15 17:32:11.398 I/dvm_lock_sample( 1594): [system_server,1,Binder:1594_A,15,ActivityTaskManagerService.java,4726,int com.android.server.wm.ActivityTaskManagerService.getLastResumedActivityUserId(),-,1755,void com.android.server.wm.ActivityTaskManagerService.activityPaused(android.os.IBinder),3]
10-15 17:32:18.786 I/dvm_lock_sample( 1594): [system_server,1,Binder:1594_9,229,WindowProcessUtils.java,405,java.lang.String com.android.server.wm.WindowProcessUtils.getCallerPackageName(com.android.server.wm.ActivityTaskManagerService, android.app.IApplicationThread),ActivityStarter.java,1313,int com.android.server.wm.ActivityStarter.startActivityMayWait(android.app.IApplicationThread, int, java.lang.String, int, int, android.content.Intent, java.lang.String, android.service.voice.IVoiceInteractionSession, com.android.internal.app.IVoiceInteractor, android.os.IBinder, java.lang.String, int, int, android.app.ProfilerInfo, android.app.WaitResult, android.content.res.Configuration, com.android.server.wm.SafeActivityOptions, boolean, int, com.android.server.wm.TaskRecord, java.lang.String, boolean, com.android.server.am.PendingIntentRecord, boolean),45]
10-15 17:32:18.788 I/dvm_lock_sample( 1594): [system_server,1,Binder:1594_A,381,ActivityManagerService.java,12299,java.util.ArrayList com.android.server.am.ActivityManagerService.collectProcesses(java.io.PrintWriter, int, boolean, java.lang.String[]),-,7639,void com.android.server.am.ActivityManagerService.publishContentProviders(android.app.IApplicationThread, java.util.List),76]
10-15 17:32:18.788 I/dvm_lock_sample( 1594): [system_server,1,Binder:1594_16,226,ActivityManagerService.java,6752,java.lang.String com.android.server.am.ActivityManagerService.checkContentProviderAccess(java.lang.String, int),-,7639,void com.android.server.am.ActivityManagerService.publishContentProviders(android.app.IApplicationThread, java.util.List),45]
10-15 17:32:18.789 I/dvm_lock_sample( 1594): [system_server,1,Binder:1594_1D,108,ActivityManagerService.java,7639,void com.android.server.am.ActivityManagerService.publishContentProviders(android.app.IApplicationThread, java.util.List),-,7639,void com.android.server.am.ActivityManagerService.publishContentProviders(android.app.IApplicationThread, java.util.List),21]
10-15 17:32:18.788 I/binder_sample( 4431): [android.app.IActivityManager,21,408,com.google.android.permissioncontroller,81]
10-15 17:32:18.793 I/dvm_lock_sample( 1594): [system_server,1,Binder:1594_5,342,WindowProcessUtils.java,405,java.lang.String com.android.server.wm.WindowProcessUtils.getCallerPackageName(com.android.server.wm.ActivityTaskManagerService, android.app.IApplicationThread),ActivityStarter.java,1313,int com.android.server.wm.ActivityStarter.startActivityMayWait(android.app.IApplicationThread, int, java.lang.String, int, int, android.content.Intent, java.lang.String, android.service.voice.IVoiceInteractionSession, com.android.internal.app.IVoiceInteractor, android.os.IBinder, java.lang.String, int, int, android.app.ProfilerInfo, android.app.WaitResult, android.content.res.Configuration, com.android.server.wm.SafeActivityOptions, boolean, int, com.android.server.wm.TaskRecord, java.lang.String, boolean, com.android.server.am.PendingIntentRecord, boolean),68]
10-15 17:32:18.869 I/dvm_lock_sample( 1594): [system_server,0,Binder:1594_9,45,ActivityManagerService.java,14494,void com.android.server.am.ActivityManagerService.serviceDoneExecuting(android.os.IBinder, int, int, int),-,14450,int com.android.server.am.ActivityManagerService.bindIsolatedService(android.app.IApplicationThread, android.os.IBinder, android.content.Intent, java.lang.String, android.app.IServiceConnection, int, java.lang.String, java.lang.String, int),9]
10-15 17:32:21.052 I/dvm_lock_sample( 1594): [system_server,0,Binder:1594_1B,12,ActivityManagerService.java,7564,void com.android.server.am.ActivityManagerService.removeContentProvider(android.os.IBinder, boolean),-,1537,void com.android.server.am.ActivityManagerService$AppDeathRecipient.binderDied(),2]
10-15 17:32:22.714 I/dvm_lock_sample( 1594): [system_server,0,Binder:1594_7,5,ActivityManagerService.java,14494,void com.android.server.am.ActivityManagerService.serviceDoneExecuting(android.os.IBinder, int, int, int),-,14463,boolean com.android.server.am.ActivityManagerService.unbindService(android.app.IServiceConnection),1]
10-15 17:32:41.082 W/ActivityManager( 1594): Sending non-protected broadcast action_temp_state_change from system 5214:com.miui.powerkeeper/1000 pkg com.miui.powerkeeper. Callers=
10-15 17:32:41.082 W/ActivityManager( 1594): Sending non-protected broadcast action_temp_state_change from system 5214:com.miui.powerkeeper/1000 pkg com.miui.powerkeeper. Callers=
10-15 17:32:43.706 W/PowerKeeper-ReflectionUtils( 5214): failed to callStaticMethod class com.miui.whetstone.WhetstoneActivityManager.enableMiuiStandby
10-15 17:32:43.706 W/PowerKeeper-ReflectionUtils( 5214): java.lang.NoSuchMethodException: com.miui.whetstone.WhetstoneActivityManager.enableMiuiStandby [boolean]
10-15 17:34:17.252 I/AndroidRuntime( 4278): VM exiting with result code 0, cleanup skipped.
10-15 17:34:23.160 W/ActivityManager( 1594): Sending non-protected broadcast com.miui.gamebooster.UNINSTALLAPP from system 13735:com.miui.securitycenter.remote/1000 pkg com.miui.securitycenter. Callers=
10-15 17:34:23.982 I/dvm_lock_sample( 1594): [system_server,1,Binder:1594_11,6,ActivityManagerService.java,7717,boolean com.android.server.am.ActivityManagerService.refContentProvider(android.os.IBinder, int, int),-,16095,void com.android.server.am.ActivityManagerService.finishReceiver(android.os.IBinder, int, java.lang.String, android.os.Bundle, boolean, int),1]
10-15 17:34:28.103 I/dvm_lock_sample( 1594): [system_server,1,Binder:1594_2,10,ActivityManagerService.java,10031,java.util.List com.android.server.am.ActivityManagerService.getRunningAppProcesses(),-,5395,void com.android.server.am.ActivityManagerService.attachApplication(android.app.IApplicationThread, long),2]
10-15 17:34:56.848 W/System.err( 7808): 	at d.c.a.b.f.b.a(ActivityManagerCompat.java:11)
10-15 17:34:56.848 W/System.err( 7808): 	at android.app.IActivityTaskManager$Stub$Proxy.getStackInfo(IActivityTaskManager.java:6398)
10-15 17:34:56.848 W/System.err( 7808): 	at com.android.server.am.ActivityManagerService.enforceCallingPermission(ActivityManagerService.java:6163)
10-15 17:34:56.848 W/System.err( 7808): 	at com.android.server.am.ActivityManagerService$LocalService.enforceCallingPermission(ActivityManagerService.java:18443)
10-15 17:34:56.848 W/System.err( 7808): 	at com.android.server.wm.ActivityTaskManagerService.enforceCallerIsRecentsOrHasPermission(ActivityTaskManagerService.java:3666)
10-15 17:34:56.848 W/System.err( 7808): 	at com.android.server.wm.ActivityTaskManagerService.getStackInfo(ActivityTaskManagerService.java:2910)
10-15 17:34:56.848 W/System.err( 7808): 	at android.app.IActivityTaskManager$Stub.onTransact(IActivityTaskManager.java:3003)
10-15 17:34:59.770 D/MiuiNetworkPolicyAppBuckets( 1594): updateAppPN packageName=com.idealinspecao.perueiroapp,uid=11374,installed=false
10-15 17:34:59.778 E/InstallApkReceiver( 2404): uninstall:package:com.idealinspecao.perueiroapp
10-15 17:34:59.809 D/BluetoothMapAppObserver(30467): The removed package is: com.idealinspecao.perueiroapp
10-15 17:34:59.823 I/PackageInstallReceiver( 2406): action = android.intent.action.PACKAGE_REMOVED packageName = com.idealinspecao.perueiroapp
10-15 17:34:59.827 I/ShortCutsCardView( 2406): onAppChanged com.idealinspecao.perueiroapp
10-15 17:34:59.836 D/MiuiNetworkPolicyAppBuckets( 1594): updateAppPN packageName=com.idealinspecao.perueiroapp,uid=11374,installed=true
10-15 17:34:59.842 E/Recents ( 2131): packageMonitor   onPackageModified  packageName=com.idealinspecao.perueiroapp   mIsRecentsWithinLauncher=true
10-15 17:34:59.845 E/InstallApkReceiver( 2404): install:package:com.idealinspecao.perueiroapp
10-15 17:34:59.850 D/Avrcp_ext(30467): AvrcpServiceBroadcastReceiver-> packageName: com.idealinspecao.perueiroapp
10-15 17:34:59.850 D/Avrcp_ext(30467): packageName: com.idealinspecao.perueiroapp removed: false
10-15 17:34:59.852 D/AppInstalledReceiver(13735): packageName: com.idealinspecao.perueiroapp
10-15 17:34:59.856 D/BluetoothMapAppObserver(30467): The installed package is: com.idealinspecao.perueiroapp
10-15 17:34:59.858 D/ImsResolver( 2395): maybeAddedImsService, packageName: com.idealinspecao.perueiroapp
10-15 17:34:59.878 I/Finsky  ( 5753): [2] AIM: AppInfoCacheUpdater -> invalidating apps: [com.idealinspecao.perueiroapp]
10-15 17:34:59.882 I/Finsky  ( 5753): [65795] AIM: AppInfoManager-Perf > OnDeviceAppInfo > cacheHitCount=0, cacheMissCount=1. Missed  in cache (limit 10) : [com.idealinspecao.perueiroapp]
10-15 17:34:59.916 I/PackageInstallReceiver( 2406): xspace packageName=com.idealinspecao.perueiroapp
10-15 17:34:59.916 I/ShortCutsCardView( 2406): onAppChanged com.idealinspecao.perueiroapp
10-15 17:34:59.959 I/PackageInstallReceiver( 2406): action = android.intent.action.PACKAGE_ADDED packageName = com.idealinspecao.perueiroapp
10-15 17:34:59.959 I/ShortCutsCardView( 2406): onAppChanged com.idealinspecao.perueiroapp
10-15 17:35:00.008 I/sysui_multi_action( 1594): [757,147,758,4,759,1,806,com.idealinspecao.perueiroapp]
10-15 17:35:00.009 I/dvm_lock_sample( 1594): [system_server,1,Binder:1594_4,46,ActivityManagerService.java,14285,android.content.ComponentName com.android.server.am.ActivityManagerService.startService(android.app.IApplicationThread, android.content.Intent, java.lang.String, boolean, java.lang.String, int),-,15989,int com.android.server.am.ActivityManagerService.broadcastIntent(android.app.IApplicationThread, android.content.Intent, java.lang.String, android.content.IIntentReceiver, int, java.lang.String, android.os.Bundle, java.lang.String[], int, android.os.Bundle, boolean, boolean, int),9]
10-15 17:35:00.011 I/dvm_lock_sample( 1594): [system_server,1,Binder:1594_C,31,ActivityManagerService.java,12299,java.util.ArrayList com.android.server.am.ActivityManagerService.collectProcesses(java.io.PrintWriter, int, boolean, java.lang.String[]),-,15989,int com.android.server.am.ActivityManagerService.broadcastIntent(android.app.IApplicationThread, android.content.Intent, java.lang.String, android.content.IIntentReceiver, int, java.lang.String, android.os.Bundle, java.lang.String[], int, android.os.Bundle, boolean, boolean, int),6]
10-15 17:35:00.052 I/Finsky  ( 5753): [2] AIM: AppInfoCacheUpdater -> invalidating apps: [com.idealinspecao.perueiroapp]
10-15 17:35:00.075 I/Finsky  ( 5753): [65804] AIM: AppInfoManager-Perf > OnDeviceAppInfo > cacheHitCount=0, cacheMissCount=1. Missed  in cache (limit 10) : [com.idealinspecao.perueiroapp]
10-15 17:35:00.082 I/Finsky:background( 5893): [2] IQ: onPackageRemoved com.idealinspecao.perueiroapp, replacing=true, uninstallingFromPlay=false
10-15 17:35:00.088 I/dvm_lock_sample( 1594): [system_server,1,android.ui,74,ActivityManagerService.java,3378,void com.android.server.am.ActivityManagerService.dispatchUidsChanged(),-,14450,int com.android.server.am.ActivityManagerService.bindIsolatedService(android.app.IApplicationThread, android.os.IBinder, android.content.Intent, java.lang.String, android.app.IServiceConnection, int, java.lang.String, java.lang.String, int),14]
10-15 17:35:00.095 I/PackageInstallReceiver( 2406): xspace packageName=com.idealinspecao.perueiroapp
10-15 17:35:00.095 I/ShortCutsCardView( 2406): onAppChanged com.idealinspecao.perueiroapp
10-15 17:35:00.114 I/dvm_lock_sample( 1594): [system_server,1,Binder:1594_B,8,ActivityManagerService.java,12299,java.util.ArrayList com.android.server.am.ActivityManagerService.collectProcesses(java.io.PrintWriter, int, boolean, java.lang.String[]),-,14285,android.content.ComponentName com.android.server.am.ActivityManagerService.startService(android.app.IApplicationThread, android.content.Intent, java.lang.String, boolean, java.lang.String, int),1]
10-15 17:35:00.152 I/PackageInstallReceiver( 2406): action = android.intent.action.PACKAGE_REPLACED packageName = com.idealinspecao.perueiroapp
10-15 17:35:00.153 I/ShortCutsCardView( 2406): onAppChanged com.idealinspecao.perueiroapp
10-15 17:35:00.159 I/PackageInstallReceiver( 2406): xspace packageName=com.idealinspecao.perueiroapp
10-15 17:35:00.159 I/ShortCutsCardView( 2406): onAppChanged com.idealinspecao.perueiroapp
10-15 17:35:00.246 I/dvm_lock_sample( 1594): [system_server,1,android.ui,40,ActivityManagerService.java,3378,void com.android.server.am.ActivityManagerService.dispatchUidsChanged(),-,5395,void com.android.server.am.ActivityManagerService.attachApplication(android.app.IApplicationThread, long),8]
10-15 17:35:00.294 I/notification_cancel_all( 1594): [1000,1594,com.idealinspecao.perueiroapp,0,0,0,5,NULL]
10-15 17:35:00.451 D/Launcher.Model( 2404): LauncherAppsCallback onPackageChanged|com.idealinspecao.perueiroapp|UserHandle{0}
10-15 17:35:00.452 D/Launcher.Model( 2404): Got broadcast:Intent { act=android.intent.action.PACKAGE_CHANGED dat=package:com.idealinspecao.perueiroapp (has extras) }
10-15 17:35:00.294 I/notification_cancel_all( 1594): [1000,1594,com.idealinspecao.perueiroapp,0,0,0,5,NULL]
10-15 17:35:00.509 D/Launcher.AllAppsList( 2404): updatePackage, packageName=com.idealinspecao.perueiroapp, loadMissing=false, user=UserHandle{0}, matchedSize=1
10-15 17:35:00.521 D/Launcher.AllAppsList( 2404): updatePackage, find appInfo=AppInfo, id=-1, itemType=0, user=UserHandle{0}, mIconType=0, pkgName=com.idealinspecao.perueiroapp, className=com.idealinspecao.perueiroapp.MainActivity, screenId=-1, container=-1, cellX=-1, cellY=-1, spanX=1, spanY=1, isLandscapePos=false from ComponentInfo{com.idealinspecao.perueiroapp/com.idealinspecao.perueiroapp.MainActivity}
10-15 17:35:00.549 D/Launcher.Model( 2404): onReceiveBackground, mAllAppsList=add=[], remove=[], modified=[(0, AppInfo, id=-1, itemType=0, user=UserHandle{0}, mIconType=0, pkgName=com.idealinspecao.perueiroapp, className=com.idealinspecao.perueiroapp.MainActivity, screenId=-1, container=-1, cellX=-1, cellY=-1, spanX=1, spanY=1, isLandscapePos=false)]
10-15 17:35:00.709 I/am_create_activity( 1594): [0,42128408,1459,com.idealinspecao.perueiroapp/.MainActivity,NULL,NULL,NULL,268435456]
10-15 17:35:00.741 I/dvm_lock_sample( 1594): [system_server,1,android.display,18,ActivityManagerService.java,18527,void com.android.server.am.ActivityManagerService$LocalService.updateBatteryStats(android.content.ComponentName, int, int, boolean),-,14450,int com.android.server.am.ActivityManagerService.bindIsolatedService(android.app.IApplicationThread, android.os.IBinder, android.content.Intent, java.lang.String, android.app.IServiceConnection, int, java.lang.String, java.lang.String, int),3]
10-15 17:35:00.787 I/am_proc_start( 1594): [0,6544,11374,com.idealinspecao.perueiroapp,activity,{com.idealinspecao.perueiroapp/com.idealinspecao.perueiroapp.MainActivity}]
10-15 17:35:00.788 D/OemNetd (  518): setPidForPackage: packageName=com.idealinspecao.perueiroapp, pid=6544, pid=11374
10-15 17:35:00.894 I/am_proc_bound( 1594): [0,6544,com.idealinspecao.perueiroapp]
10-15 17:35:00.904 I/am_restart_activity( 1594): [0,42128408,1459,com.idealinspecao.perueiroapp/.MainActivity,6544]
10-15 17:35:00.906 I/am_set_resumed_activity( 1594): [0,com.idealinspecao.perueiroapp/.MainActivity,minimalResumeActivityLocked]
10-15 17:35:00.906 I/GST     (10006): forePkg: com.idealinspecao.perueiroapp, preForePkg: com.miui.home
10-15 17:35:00.907 I/ProcessMonitor(13735): onForegroundInfoChanged: ForegroundInfo{mForegroundPackageName='com.idealinspecao.perueiroapp', mForegroundUid=11374, mForegroundPid=6544, mLastForegroundPackageName='com.miui.home', mLastForegroundUid=10064, mLastForegroundPid=2404, mMultiWindowForegroundPackageName='null', mMultiWindowForegroundUid=-1, mFlags=1}
10-15 17:35:00.908 D/PerfEngineController( 5214): ForegroundInfo{mForegroundPackageName='com.idealinspecao.perueiroapp', mForegroundUid=11374, mForegroundPid=6544, mLastForegroundPackageName='com.miui.home', mLastForegroundUid=10064, mLastForegroundPid=2404, mMultiWindowForegroundPackageName='null', mMultiWindowForegroundUid=-1, mFlags=1}
10-15 17:35:00.908 D/AutoInstallService( 6036): onForegroundInfoChanged: com.idealinspecao.perueiroapp
10-15 17:35:00.927 I/PI-ScanDispatch( 6469): service bind, pkgName = com.idealinspecao.perueiroapp, installer = null, isReplace = true, firstGoogleTime = 1614890563430
10-15 17:35:05.395 I/am_lifecycle_sample( 6544): [0,com.idealinspecao.perueiroapp,110,4470]
10-15 17:35:05.400 E/Perf    ( 6544): Fail to get file list com.idealinspecao.perueiroapp
10-15 17:35:05.400 E/Perf    ( 6544): Fail to get file list com.idealinspecao.perueiroapp
10-15 17:35:05.544 D/ForceDarkHelper( 6544): updateByCheckExcludeList: pkg: com.idealinspecao.perueiroapp activity: com.idealinspecao.perueiroapp.MainActivity@894484a
10-15 17:35:05.606 I/am_on_create_called( 6544): [0,com.idealinspecao.perueiroapp.MainActivity,performCreate,96]
10-15 17:35:05.619 I/am_on_start_called( 6544): [0,com.idealinspecao.perueiroapp.MainActivity,handleStartActivity,0]
10-15 17:35:05.622 I/am_on_resume_called( 6544): [0,com.idealinspecao.perueiroapp.MainActivity,RESUME_ACTIVITY,1]
10-15 17:35:05.655 W/Looper  ( 6544): Slow Looper main: Activity com.idealinspecao.perueiroapp/.MainActivity is 4405ms late (wall=254ms running=0ms ClientTransaction{ callbacks=[android.app.servertransaction.LaunchActivityItem] lifecycleRequest=android.app.servertransaction.ResumeActivityItem }) because of 1 msg, msg 1 took 4471ms (seq=2 late=2ms h=android.app.ActivityThread$H w=110)
10-15 17:35:05.655 I/am_on_top_resumed_gained_called( 6544): [0,com.idealinspecao.perueiroapp.MainActivity,topStateChangedWhenResumed]
10-15 17:35:05.656 W/Looper  ( 6544): Slow Looper main: Activity com.idealinspecao.perueiroapp/.MainActivity is 4660ms late (wall=0ms running=0ms ClientTransaction{ callbacks=[android.app.servertransaction.TopResumedActivityChangeItem] }) because of 2 msg, msg 1 took 4471ms (seq=2 late=2ms h=android.app.ActivityThread$H w=110), msg 2 took 254ms (seq=3 late=4405ms h=android.app.ActivityThread$H w=159)
10-15 17:35:05.560 I/chatty  ( 6544): uid=11374(com.idealinspecao.perueiroapp) identical 2 lines
10-15 17:35:05.911 D/ForceDarkHelper( 6544): updateByCheckExcludeList: pkg: com.idealinspecao.perueiroapp activity: com.idealinspecao.perueiroapp.MainActivity@894484a
10-15 17:35:07.632 D/ForceDarkHelper( 6544): updateByCheckExcludeList: pkg: com.idealinspecao.perueiroapp activity: com.idealinspecao.perueiroapp.MainActivity@894484a
10-15 17:35:07.635 I/sysui_multi_action( 1594): [319,261,321,125,322,6966,325,914884,757,761,758,7,759,1,806,com.idealinspecao.perueiroapp,871,com.idealinspecao.perueiroapp.MainActivity,904,com.android.shell,905,0,945,228,1320,12,1321,1]
10-15 17:35:07.635 I/Timeline( 1594): Timeline: Activity_windows_visible id: ActivityRecord{282d418 u0 com.idealinspecao.perueiroapp/.MainActivity t1459} time:914891632
10-15 17:35:07.640 I/am_activity_launch_time( 1594): [0,42128408,com.idealinspecao.perueiroapp/.MainActivity,6966]
10-15 17:35:07.642 I/ActivityTaskManager( 1594): Displayed com.idealinspecao.perueiroapp/.MainActivity: +6s966ms
10-15 17:35:07.823 I/GoogleInputMethodService(15542): GoogleInputMethodService.onStartInput():1346 onStartInput(EditorInfo{EditorInfo{packageName=com.idealinspecao.perueiroapp, inputType=0, inputTypeString=NULL, enableLearning=false, autoCorrection=false, autoComplete=false, imeOptions=0, privateImeOptions=null, actionName=UNSPECIFIED, actionLabel=null, initialSelStart=-1, initialSelEnd=-1, initialCapsMode=0, label=null, fieldId=-1, fieldName=null, extras=null, hintText=null, hintLocales=[]}}, false)
===== END SNAPSHOT =====
