10-11 21:15:22.223 I/am_set_resumed_activity( 1594): [0,com.idealinspecao.perueiroapp/.MainActivity,finishActivity]
10-11 21:15:22.234 I/am_set_resumed_activity( 1594): [0,com.idealinspecao.perueiroapp/.MainActivity,resumeTopActivityInnerLocked]
10-11 21:15:22.235 I/am_resume_activity( 1594): [0,23924236,1251,com.idealinspecao.perueiroapp/.MainActivity,8286]
10-11 21:15:22.343 I/am_on_resume_called( 8286): [0,com.idealinspecao.perueiroapp.MainActivity,RESUME_ACTIVITY,1]
10-11 21:15:22.345 I/am_on_top_resumed_gained_called( 8286): [0,com.idealinspecao.perueiroapp.MainActivity,topWhenResuming]
10-11 21:20:40.646 I/dvm_lock_sample( 1594): [system_server,1,ActivityManager,7,NotificationManagerService.java,8485,boolean com.android.server.notification.NotificationManagerService$NotificationListeners.isListenerPackage(java.lang.String),-,6357,void com.android.server.notification.NotificationManagerService.handleRankingSort(),1]
10-11 21:26:11.323 I/am_pss  ( 1594): [8286,11368,com.idealinspecao.perueiroapp,136516608,129748992,174080,216780800,0,2,19]
10-11 21:28:10.426 I/am_wtf  ( 1594): android.os.RemoteCallbackList.register:124 android.os.RemoteCallbackList.register:89 com.android.server.am.PendingIntentRecord.registerCancelListenerLocked:249 com.android.server.am.PendingIntentController.registerIntentSenderCancelListener:256 com.android.server.am.ActivityManagerService.registerIntentSenderCancelListener:5728 
10-11 21:28:10.426 I/am_wtf  ( 1594): android.os.RemoteCallbackList.register:124 android.os.RemoteCallbackList.register:89 com.android.server.am.PendingIntentRecord.registerCancelListenerLocked:249 com.android.server.am.PendingIntentController.registerIntentSenderCancelListener:256 com.android.server.am.ActivityManagerService.registerIntentSenderCancelListener:5728 
10-11 21:41:27.437 I/dvm_lock_sample( 1594): [system_server,1,Binder:1594_9,12,ActivityManagerService.java,8605,boolean com.android.server.am.ActivityManagerService.isUidActive(int, java.lang.String),-,16095,void com.android.server.am.ActivityManagerService.finishReceiver(android.os.IBinder, int, java.lang.String, android.os.Bundle, boolean, int),2]
10-11 21:49:02.385 I/dvm_lock_sample( 1594): [system_server,0,Binder:1594_8,7,ActivityManagerService.java,14494,void com.android.server.am.ActivityManagerService.serviceDoneExecuting(android.os.IBinder, int, int, int),-,14450,int com.android.server.am.ActivityManagerService.bindIsolatedService(android.app.IApplicationThread, android.os.IBinder, android.content.Intent, java.lang.String, android.app.IServiceConnection, int, java.lang.String, java.lang.String, int),1]
10-11 21:51:06.139 I/am_pss  ( 1594): [8286,11368,com.idealinspecao.perueiroapp,135527424,129335296,174080,210866176,2,2,12]
10-11 21:59:12.491 I/dvm_lock_sample( 1594): [system_server,1,Binder:1594_6,10,ActivityManagerService.java,14474,void com.android.server.am.ActivityManagerService.publishService(android.os.IBinder, android.content.Intent, android.os.IBinder),-,14450,int com.android.server.am.ActivityManagerService.bindIsolatedService(android.app.IApplicationThread, android.os.IBinder, android.content.Intent, java.lang.String, android.app.IServiceConnection, int, java.lang.String, java.lang.String, int),2]
10-11 22:14:44.879 I/dvm_lock_sample( 1594): [system_server,1,main,8,BroadcastDispatcher.java,186,void com.android.server.am.BroadcastDispatcher$1.broadcastAlarmComplete(int),ActivityManagerService.java,16095,void com.android.server.am.ActivityManagerService.finishReceiver(android.os.IBinder, int, java.lang.String, android.os.Bundle, boolean, int),1]
10-11 22:18:56.659 I/dvm_lock_sample( 1594): [system_server,1,Binder:1594_1E,19,ActivityManagerService.java,8605,boolean com.android.server.am.ActivityManagerService.isUidActive(int, java.lang.String),ProcessList.java,1687,void com.android.server.am.ProcessList.lambda$startProcessLocked$0$ProcessList(com.android.server.am.ProcessRecord, java.lang.String, int[], int, int, java.lang.String, java.lang.String, java.lang.String, long),3]
10-11 22:18:56.781 I/dvm_lock_sample( 1594): [system_server,0,Binder:1594_D,13,ActivityManagerService.java,14494,void com.android.server.am.ActivityManagerService.serviceDoneExecuting(android.os.IBinder, int, int, int),-,1537,void com.android.server.am.ActivityManagerService$AppDeathRecipient.binderDied(),2]
10-11 22:18:56.787 I/dvm_lock_sample( 1594): [system_server,1,Binder:1594_16,10,ProcessManagerService.java,1704,java.util.List com.android.server.am.ProcessManagerService.getRunningProcessInfo(int, int, java.lang.String, java.lang.String, int),ActivityManagerService.java,1537,void com.android.server.am.ActivityManagerService$AppDeathRecipient.binderDied(),2]
10-11 22:19:02.577 I/dvm_lock_sample( 1594): [system_server,1,Binder:1594_19,9,ActivityManagerService.java,10076,void com.android.server.am.ActivityManagerService.getMyMemoryState(android.app.ActivityManager$RunningAppProcessInfo),-,1537,void com.android.server.am.ActivityManagerService$AppDeathRecipient.binderDied(),1]
10-11 22:19:02.981 I/dvm_lock_sample( 1594): [system_server,1,Binder:1594_1A,8,ActivityManagerService.java,5955,boolean com.android.server.am.ActivityManagerService.isAppBad(android.content.pm.ApplicationInfo),-,14450,int com.android.server.am.ActivityManagerService.bindIsolatedService(android.app.IApplicationThread, android.os.IBinder, android.content.Intent, java.lang.String, android.app.IServiceConnection, int, java.lang.String, java.lang.String, int),1]
10-11 22:20:09.341 I/dvm_lock_sample( 1594): [system_server,0,Binder:1594_16,6,ActivityManagerService.java,14494,void com.android.server.am.ActivityManagerService.serviceDoneExecuting(android.os.IBinder, int, int, int),-,14463,boolean com.android.server.am.ActivityManagerService.unbindService(android.app.IServiceConnection),1]
10-11 22:25:02.466 I/dvm_lock_sample( 1594): [system_server,1,android.ui,9,ActivityManagerService.java,3432,void com.android.server.am.ActivityManagerService.dispatchUidsChanged(),-,14494,void com.android.server.am.ActivityManagerService.serviceDoneExecuting(android.os.IBinder, int, int, int),1]
10-11 22:25:03.035 I/dvm_lock_sample( 1594): [system_server,1,Binder:1594_12,12,ActivityManagerService.java,6752,java.lang.String com.android.server.am.ActivityManagerService.checkContentProviderAccess(java.lang.String, int),-,5395,void com.android.server.am.ActivityManagerService.attachApplication(android.app.IApplicationThread, long),2]
10-11 22:30:29.386 I/dvm_lock_sample( 1594): [system_server,1,Binder:1594_C,7,ActivityManagerService.java,5395,void com.android.server.am.ActivityManagerService.attachApplication(android.app.IApplicationThread, long),-,14450,int com.android.server.am.ActivityManagerService.bindIsolatedService(android.app.IApplicationThread, android.os.IBinder, android.content.Intent, java.lang.String, android.app.IServiceConnection, int, java.lang.String, java.lang.String, int),1]
10-11 22:48:46.768 I/am_pss  ( 1594): [8286,11368,com.idealinspecao.perueiroapp,132911104,127893504,174080,202022912,0,2,20]
10-11 23:07:57.851 I/dvm_lock_sample( 1594): [system_server,0,Binder:1594_17,9,ActivityManagerService.java,14494,void com.android.server.am.ActivityManagerService.serviceDoneExecuting(android.os.IBinder, int, int, int),-,14450,int com.android.server.am.ActivityManagerService.bindIsolatedService(android.app.IApplicationThread, android.os.IBinder, android.content.Intent, java.lang.String, android.app.IServiceConnection, int, java.lang.String, java.lang.String, int),1]
10-11 23:11:50.124 I/am_on_top_resumed_lost_called( 8286): [0,com.idealinspecao.perueiroapp.MainActivity,topStateChangedWhenResumed]
10-11 23:11:50.129 I/am_pause_activity( 1594): [8286,23924236,com.idealinspecao.perueiroapp/.MainActivity,userLeaving=true]
10-11 23:11:50.131 I/am_add_to_stopping( 1594): [0,23924236,com.idealinspecao.perueiroapp/.MainActivity,makeInvisible]
10-11 23:11:50.160 I/am_on_paused_called( 8286): [0,com.idealinspecao.perueiroapp.MainActivity,performPause,5]
10-11 23:11:50.571 I/am_stop_activity( 1594): [0,23924236,com.idealinspecao.perueiroapp/.MainActivity]
10-11 23:11:50.599 I/am_on_stop_called( 8286): [0,com.idealinspecao.perueiroapp.MainActivity,STOP_ACTIVITY_ITEM,0]
10-11 23:11:51.363 I/sysui_multi_action( 2131): [757,289,758,4,806,ComponentInfo{com.idealinspecao.perueiroapp/com.idealinspecao.perueiroapp.MainActivity}]
10-11 23:11:51.365 I/am_finish_activity( 1594): [8286,23924236,1251,com.idealinspecao.perueiroapp/.MainActivity,remove-task]
10-11 23:11:51.365 I/am_destroy_activity( 1594): [8286,23924236,1251,com.idealinspecao.perueiroapp/.MainActivity,finish-imm:finishActivityLocked]
10-11 23:11:51.414 I/am_kill ( 1594): [0,8286,com.idealinspecao.perueiroapp,700,SwipeUpClean]
10-11 23:11:51.561 I/am_proc_died( 1594): [0,8286,com.idealinspecao.perueiroapp,700,16]
10-11 23:11:51.587 I/dvm_lock_sample( 1594): [system_server,1,Binder:1594_1D,17,ProcessManagerService.java,1704,java.util.List com.android.server.am.ProcessManagerService.getRunningProcessInfo(int, int, java.lang.String, java.lang.String, int),ActivityManagerService.java,1537,void com.android.server.am.ActivityManagerService$AppDeathRecipient.binderDied(),3]
10-11 23:12:44.793 I/dvm_lock_sample( 1594): [system_server,0,android.bg,6,ActivityManagerService.java,1964,void com.android.server.am.ActivityManagerService$5.handleMessage(android.os.Message),-,14494,void com.android.server.am.ActivityManagerService.serviceDoneExecuting(android.os.IBinder, int, int, int),1]
10-11 23:13:33.235 I/dvm_lock_sample( 1594): [system_server,0,Binder:1594_18,27,ActivityManagerService.java,14494,void com.android.server.am.ActivityManagerService.serviceDoneExecuting(android.os.IBinder, int, int, int),-,15989,int com.android.server.am.ActivityManagerService.broadcastIntent(android.app.IApplicationThread, android.content.Intent, java.lang.String, android.content.IIntentReceiver, int, java.lang.String, android.os.Bundle, java.lang.String[], int, android.os.Bundle, boolean, boolean, int),5]
10-11 23:13:33.262 I/sysui_multi_action( 1594): [757,147,758,4,759,1,806,com.idealinspecao.perueiroapp]
10-11 23:13:33.351 I/dvm_lock_sample( 1594): [system_server,1,Binder:1594_3,11,ActivityManagerService.java,12299,java.util.ArrayList com.android.server.am.ActivityManagerService.collectProcesses(java.io.PrintWriter, int, boolean, java.lang.String[]),-,8605,boolean com.android.server.am.ActivityManagerService.isUidActive(int, java.lang.String),2]
10-11 23:13:33.458 I/dvm_lock_sample( 1594): [system_server,1,android.ui,32,ActivityManagerService.java,3378,void com.android.server.am.ActivityManagerService.dispatchUidsChanged(),-,5395,void com.android.server.am.ActivityManagerService.attachApplication(android.app.IApplicationThread, long),6]
10-11 23:13:33.983 I/am_create_activity( 1594): [0,30244817,1254,com.idealinspecao.perueiroapp/.MainActivity,NULL,NULL,NULL,268435456]
10-11 23:13:34.050 I/dvm_lock_sample( 1594): [system_server,0,Binder:1594_11,284,ActivityTaskManagerService.java,7377,com.android.server.wm.WindowProcessController com.android.server.wm.ActivityTaskManagerService$LocalService.getTopApp(),ActivityStarter.java,1313,int com.android.server.wm.ActivityStarter.startActivityMayWait(android.app.IApplicationThread, int, java.lang.String, int, int, android.content.Intent, java.lang.String, android.service.voice.IVoiceInteractionSession, com.android.internal.app.IVoiceInteractor, android.os.IBinder, java.lang.String, int, int, android.app.ProfilerInfo, android.app.WaitResult, android.content.res.Configuration, com.android.server.wm.SafeActivityOptions, boolean, int, com.android.server.wm.TaskRecord, java.lang.String, boolean, com.android.server.am.PendingIntentRecord, boolean),56]
10-11 23:13:34.050 I/dvm_lock_sample( 1594): [system_server,1,Binder:1594_6,267,WindowProcessUtils.java,405,java.lang.String com.android.server.wm.WindowProcessUtils.getCallerPackageName(com.android.server.wm.ActivityTaskManagerService, android.app.IApplicationThread),ActivityStarter.java,1313,int com.android.server.wm.ActivityStarter.startActivityMayWait(android.app.IApplicationThread, int, java.lang.String, int, int, android.content.Intent, java.lang.String, android.service.voice.IVoiceInteractionSession, com.android.internal.app.IVoiceInteractor, android.os.IBinder, java.lang.String, int, int, android.app.ProfilerInfo, android.app.WaitResult, android.content.res.Configuration, com.android.server.wm.SafeActivityOptions, boolean, int, com.android.server.wm.TaskRecord, java.lang.String, boolean, com.android.server.am.PendingIntentRecord, boolean),53]
10-11 23:13:34.051 I/dvm_lock_sample( 1594): [system_server,1,Binder:1594_18,202,WindowProcessUtils.java,405,java.lang.String com.android.server.wm.WindowProcessUtils.getCallerPackageName(com.android.server.wm.ActivityTaskManagerService, android.app.IApplicationThread),ActivityStarter.java,1313,int com.android.server.wm.ActivityStarter.startActivityMayWait(android.app.IApplicationThread, int, java.lang.String, int, int, android.content.Intent, java.lang.String, android.service.voice.IVoiceInteractionSession, com.android.internal.app.IVoiceInteractor, android.os.IBinder, java.lang.String, int, int, android.app.ProfilerInfo, android.app.WaitResult, android.content.res.Configuration, com.android.server.wm.SafeActivityOptions, boolean, int, com.android.server.wm.TaskRecord, java.lang.String, boolean, com.android.server.am.PendingIntentRecord, boolean),40]
10-11 23:13:34.051 I/dvm_lock_sample( 1594): [system_server,1,Binder:1594_20,164,WindowProcessUtils.java,405,java.lang.String com.android.server.wm.WindowProcessUtils.getCallerPackageName(com.android.server.wm.ActivityTaskManagerService, android.app.IApplicationThread),ActivityStarter.java,1313,int com.android.server.wm.ActivityStarter.startActivityMayWait(android.app.IApplicationThread, int, java.lang.String, int, int, android.content.Intent, java.lang.String, android.service.voice.IVoiceInteractionSession, com.android.internal.app.IVoiceInteractor, android.os.IBinder, java.lang.String, int, int, android.app.ProfilerInfo, android.app.WaitResult, android.content.res.Configuration, com.android.server.wm.SafeActivityOptions, boolean, int, com.android.server.wm.TaskRecord, java.lang.String, boolean, com.android.server.am.PendingIntentRecord, boolean),32]
10-11 23:13:34.065 I/dvm_lock_sample( 1594): [system_server,1,Binder:1594_A,209,ActivityManagerService.java,7639,void com.android.server.am.ActivityManagerService.publishContentProviders(android.app.IApplicationThread, java.util.List),-,14494,void com.android.server.am.ActivityManagerService.serviceDoneExecuting(android.os.IBinder, int, int, int),41]
10-11 23:13:34.065 I/dvm_lock_sample( 1594): [system_server,1,Binder:1594_1C,199,ActivityManagerService.java,15989,int com.android.server.am.ActivityManagerService.broadcastIntent(android.app.IApplicationThread, android.content.Intent, java.lang.String, android.content.IIntentReceiver, int, java.lang.String, android.os.Bundle, java.lang.String[], int, android.os.Bundle, boolean, boolean, int),-,14494,void com.android.server.am.ActivityManagerService.serviceDoneExecuting(android.os.IBinder, int, int, int),39]
10-11 23:13:34.069 I/dvm_lock_sample( 1594): [system_server,1,Binder:1594_F,55,ActivityManagerService.java,7639,void com.android.server.am.ActivityManagerService.publishContentProviders(android.app.IApplicationThread, java.util.List),-,14494,void com.android.server.am.ActivityManagerService.serviceDoneExecuting(android.os.IBinder, int, int, int),11]
10-11 23:13:34.134 I/am_proc_start( 1594): [0,20160,11368,com.idealinspecao.perueiroapp,activity,{com.idealinspecao.perueiroapp/com.idealinspecao.perueiroapp.MainActivity}]
10-11 23:13:34.451 I/am_proc_bound( 1594): [0,20160,com.idealinspecao.perueiroapp]
10-11 23:13:34.457 I/am_restart_activity( 1594): [0,30244817,1254,com.idealinspecao.perueiroapp/.MainActivity,20160]
10-11 23:13:34.459 I/am_set_resumed_activity( 1594): [0,com.idealinspecao.perueiroapp/.MainActivity,minimalResumeActivityLocked]
10-11 23:13:34.463 I/GST     (10006): forePkg: com.idealinspecao.perueiroapp, preForePkg: com.miui.home
10-11 23:13:34.463 D/AutoInstallService(17489): onForegroundInfoChanged: com.idealinspecao.perueiroapp
10-11 23:13:34.463 D/PerfEngineController( 8592): ForegroundInfo{mForegroundPackageName='com.idealinspecao.perueiroapp', mForegroundUid=11368, mForegroundPid=20160, mLastForegroundPackageName='com.miui.home', mLastForegroundUid=10064, mLastForegroundPid=2404, mMultiWindowForegroundPackageName='null', mMultiWindowForegroundUid=-1, mFlags=1}
10-11 23:13:34.466 I/ProcessMonitor(13735): onForegroundInfoChanged: ForegroundInfo{mForegroundPackageName='com.idealinspecao.perueiroapp', mForegroundUid=11368, mForegroundPid=20160, mLastForegroundPackageName='com.miui.home', mLastForegroundUid=10064, mLastForegroundPid=2404, mMultiWindowForegroundPackageName='null', mMultiWindowForegroundUid=-1, mFlags=1}
10-11 23:13:34.706 I/PI-ScanDispatch(20045): service bind, pkgName = com.idealinspecao.perueiroapp, installer = null, isReplace = true, firstGoogleTime = 1614890563430
10-11 23:13:34.982 I/ActivityManager( 1594): Process com.huaqin.diaglogger (pid 17146) has died: cch+95 SVC 
10-11 23:13:34.987 W/ActivityManager( 1594): Scheduling restart of crashed service com.huaqin.diaglogger/.DiagLogService in 1000ms
10-11 23:13:35.061 I/ActivityManager( 1594): Process com.miui.core (pid 17489) has died: cch+85 SVC 
10-11 23:13:35.064 W/ActivityManager( 1594): Scheduling restart of crashed service com.miui.core/miui.autoinstall.config.service.AutoInstallService in 10923ms
10-11 23:13:35.151 I/ActivityManager( 1594): Process com.google.android.apps.turbo:aab (pid 18034) has died: cch+65 CEM 
10-11 23:13:35.221 I/ActivityManager( 1594): Process com.qualcomm.qti.qdma (pid 17518) has died: cch+75 SVC 
10-11 23:13:35.227 W/ActivityManager( 1594): Scheduling restart of crashed service com.qualcomm.qti.qdma/.job.QDMAJobService in 20761ms
10-11 23:13:35.227 W/ActivityManager( 1594): Scheduling restart of crashed service com.qualcomm.qti.qdma/.uploader.UploaderService in 30761ms
10-11 23:13:35.294 I/dvm_lock_sample( 1594): [system_server,1,Binder:1594_1,12,ActivityManagerService.java,1537,void com.android.server.am.ActivityManagerService$AppDeathRecipient.binderDied(),-,14494,void com.android.server.am.ActivityManagerService.serviceDoneExecuting(android.os.IBinder, int, int, int),2]
10-11 23:13:35.295 I/ActivityManager( 1594): Process com.qualcomm.qti.workloadclassifier (pid 17734) has died: cch+75 SVC 
10-11 23:13:35.299 W/ActivityManager( 1594): Scheduling restart of crashed service com.qualcomm.qti.workloadclassifier/.WLCService in 40688ms
10-11 23:13:35.390 I/ActivityManager( 1594): Start proc 20377:com.google.process.gapps/u0a29 for content provider {com.google.android.gsf/com.google.android.gsf.settings.GoogleSettingsProvider} caller=com.android.vending
10-11 23:13:35.461 I/ActivityManager( 1594): Process android.process.media (pid 25243) has died: cch+65 SVC 
10-11 23:13:35.477 W/ActivityManager( 1594): Scheduling restart of crashed service com.android.providers.media/.MtpService in 14190252ms
10-11 23:13:35.497 I/ActivityManager( 1594): Process com.xiaomi.mipicks (pid 18432) has died: cch+65 CEM 
10-11 23:13:35.651 I/Finsky  (20080): [2] AIM: AppInfoCacheUpdater -> invalidating apps: [com.idealinspecao.perueiroapp]
10-11 23:13:35.837 I/Finsky  (20080): [41281] AIM: AppInfoManager-Perf > OnDeviceAppInfo > cacheHitCount=0, cacheMissCount=1. Missed  in cache (limit 10) : [com.idealinspecao.perueiroapp]
10-11 23:13:36.059 I/ActivityManager( 1594): Start proc 20506:com.huaqin.diaglogger/1000 for service {com.huaqin.diaglogger/com.huaqin.diaglogger.DiagLogService} caller=com.huaqin.diaglogger
10-11 23:13:36.062 I/ActivityManager( 1594): Process com.google.android.googlequicksearchbox:googleapp (pid 17602) has died: cch+55 CEM 
10-11 23:13:36.078 W/BpBinder(20080): Slow Binder: BpBinder transact took 720ms, interface=android.app.IActivityManager, code=20 oneway=false
10-11 23:13:36.416 I/notification_cancel_all( 1594): [1000,1594,com.idealinspecao.perueiroapp,0,0,0,5,NULL]
10-11 23:13:36.423 I/notification_cancel_all( 1594): [1000,1594,com.idealinspecao.perueiroapp,0,0,0,5,NULL]
10-11 23:13:36.458 I/ActivityManager( 1594): Start proc 20572:com.google.android.apps.maps/u0a149 for service {com.google.android.apps.maps/com.google.android.apps.gmm.offline.update.OfflineAutoUpdateJobServiceV2} caller=android
10-11 23:13:36.523 I/dvm_lock_sample( 1594): [system_server,1,Binder:1594_12,24,ActivityManagerService.java,14791,android.content.Intent com.android.server.am.ActivityManagerService.registerReceiver(android.app.IApplicationThread, java.lang.String, android.content.IIntentReceiver, android.content.IntentFilter, java.lang.String, int, int),-,5395,void com.android.server.am.ActivityManagerService.attachApplication(android.app.IApplicationThread, long),4]
10-11 23:13:36.533 I/dvm_lock_sample( 1594): [system_server,1,Binder:1594_12,7,ActivityManagerService.java,14791,android.content.Intent com.android.server.am.ActivityManagerService.registerReceiver(android.app.IApplicationThread, java.lang.String, android.content.IIntentReceiver, android.content.IntentFilter, java.lang.String, int, int),-,14463,boolean com.android.server.am.ActivityManagerService.unbindService(android.app.IServiceConnection),1]
10-11 23:13:36.617 I/ActivityManager( 1594): Start proc 20598:com.android.vending:background/u0a54 for broadcast {com.android.vending/com.google.android.finsky.packagemonitor.backgroundimpl.BackgroundPackageMonitorReceiverImpl$RegisteredReceiver} caller=null
10-11 23:13:36.785 I/ActivityManager( 1594): Start proc 20623:com.google.android.webview:sandboxed_process0:org.chromium.content.app.SandboxedProcessService0:0/u0i430 for  {com.miui.global.packageinstaller/org.chromium.content.app.SandboxedProcessService0:0} caller=com.miui.global.packageinstaller
10-11 23:13:36.975 D/Launcher.Model( 2404): LauncherAppsCallback onPackageChanged|com.idealinspecao.perueiroapp|UserHandle{0}
10-11 23:13:36.976 D/Launcher.Model( 2404): Got broadcast:Intent { act=android.intent.action.PACKAGE_CHANGED dat=package:com.idealinspecao.perueiroapp (has extras) }
10-11 23:13:37.077 I/ActivityManager( 1594): Start proc 20667:com.google.android.webview:webview_service/u0a112 for service {com.google.android.webview/org.chromium.android_webview.services.ComponentsProviderService} caller=com.miui.global.packageinstaller
10-11 23:13:37.112 D/Launcher.AllAppsList( 2404): updatePackage, packageName=com.idealinspecao.perueiroapp, loadMissing=false, user=UserHandle{0}, matchedSize=1
10-11 23:13:37.120 D/Launcher.AllAppsList( 2404): updatePackage, find appInfo=AppInfo, id=-1, itemType=0, user=UserHandle{0}, mIconType=0, pkgName=com.idealinspecao.perueiroapp, className=com.idealinspecao.perueiroapp.MainActivity, screenId=-1, container=-1, cellX=-1, cellY=-1, spanX=1, spanY=1, isLandscapePos=false from ComponentInfo{com.idealinspecao.perueiroapp/com.idealinspecao.perueiroapp.MainActivity}
10-11 23:13:37.133 D/Launcher.Model( 2404): onReceiveBackground, mAllAppsList=add=[], remove=[], modified=[(0, AppInfo, id=-1, itemType=0, user=UserHandle{0}, mIconType=0, pkgName=com.idealinspecao.perueiroapp, className=com.idealinspecao.perueiroapp.MainActivity, screenId=-1, container=-1, cellX=-1, cellY=-1, spanX=1, spanY=1, isLandscapePos=false)]
10-11 23:13:37.136 I/ActivityManager( 1594): Process com.miui.videoplayer (pid 18278) has died: cch+55 CEM 
10-11 23:13:37.462 W/BroadcastQueue( 1594): Background execution not allowed: receiving Intent { act=android.intent.action.PACKAGE_REPLACED dat=package:com.idealinspecao.perueiroapp flg=0x4000010 (has extras) } to com.facebook.appmanager/com.facebook.oxygen.common.packages.event.manifest.ManifestPackageEventReceiver
10-11 23:13:37.466 W/BroadcastQueue( 1594): Background execution not allowed: receiving Intent { act=android.intent.action.PACKAGE_REPLACED dat=package:com.idealinspecao.perueiroapp flg=0x4000010 (has extras) } to com.google.android.gms/.chimera.GmsIntentOperationService$PersistentTrustedReceiver
10-11 23:13:37.466 W/BroadcastQueue( 1594): Background execution not allowed: receiving Intent { act=android.intent.action.PACKAGE_REPLACED dat=package:com.idealinspecao.perueiroapp flg=0x4000010 (has extras) } to com.google.android.gms/.gass.chimera.PackageChangeBroadcastReceiver
10-11 23:13:37.466 W/BroadcastQueue( 1594): Background execution not allowed: receiving Intent { act=android.intent.action.PACKAGE_REPLACED dat=package:com.idealinspecao.perueiroapp flg=0x4000010 (has extras) } to com.miui.audioeffect/com.android.musicfx.Compatibility$Receiver
10-11 23:13:37.466 W/BroadcastQueue( 1594): Background execution not allowed: receiving Intent { act=android.intent.action.PACKAGE_REPLACED dat=package:com.idealinspecao.perueiroapp flg=0x4000010 (has extras) } to com.miui.notes/com.miui.floatwindow.BootBroadcastReceiver
10-11 23:13:37.466 W/BroadcastQueue( 1594): Background execution not allowed: receiving Intent { act=android.intent.action.PACKAGE_REPLACED dat=package:com.idealinspecao.perueiroapp flg=0x4000010 (has extras) } to com.google.android.apps.photos/.account.full.FetchAccountPropertiesAppUpgradeBroadcastReceiver
10-11 23:13:37.467 W/BroadcastQueue( 1594): Background execution not allowed: receiving Intent { act=android.intent.action.PACKAGE_REPLACED dat=package:com.idealinspecao.perueiroapp flg=0x4000010 (has extras) } to com.google.android.apps.photos/.account.full.SyncAccountsForLoginBroadcastReceiver
10-11 23:13:37.467 W/BroadcastQueue( 1594): Background execution not allowed: receiving Intent { act=android.intent.action.PACKAGE_REPLACED dat=package:com.idealinspecao.perueiroapp flg=0x4000010 (has extras) } to com.google.android.apps.photos/.notificationchannels.AppUpdateBroadcastReceiver
10-11 23:13:37.510 I/ActivityManager( 1594): Process android.process.acore (pid 19400) has died: cch+55 CEM 
10-11 23:13:37.533 I/ActivityManager( 1594): Process com.google.android.youtube (pid 19042) has died: cch+99 CEM 
10-11 23:13:37.801 I/ActivityManager( 1594): Process com.google.android.googlequicksearchbox:search (pid 19248) has died: cch+95 CEM 
10-11 23:13:37.982 I/ActivityManager( 1594): Process com.android.cellbroadcastreceiver (pid 19003) has died: cch+85 CEM 
10-11 23:13:38.205 I/ActivityManager( 1594): Process com.xiaomi.glgm (pid 19468) has died: cch+75 CEM 
10-11 23:13:38.242 I/ActivityManager( 1594): Process com.miui.weather2 (pid 19638) has died: cch+65 CEM 
10-11 23:13:38.509 I/ActivityManager( 1594): Process com.miui.securitycenter (pid 19932) has died: cch+45 CEM 
10-11 23:13:38.528 W/ActivityManager( 1594): setHasOverlayUi called on unknown pid: 19932
10-11 23:13:38.872 I/ActivityManager( 1594): Start proc 20830:com.google.android.projection.gearhead:car/u0a241 for service {com.google.android.projection.gearhead/com.google.android.apps.auto.carservice.service.impl.GearheadCarStartupService} caller=com.google.android.apps.maps
10-11 23:13:39.213 I/ActivityManager( 1594): Process com.android.keychain (pid 20019) has died: cch+35 CEM 
===== END SNAPSHOT =====
