01-29 10:18:20.538 I/dvm_lock_sample( 1626): [system_server,1,Binder:1626_14,87,ActivityManagerService.java,7717,boolean com.android.server.am.ActivityManagerService.refContentProvider(android.os.IBinder, int, int),-,14463,boolean com.android.server.am.ActivityManagerService.unbindService(android.app.IServiceConnection),17]
01-29 10:18:20.544 W/Looper  ( 1626): Slow dispatch took 102ms android.ui h=com.android.server.am.ActivityManagerService$UiHandler c=null m=53
01-29 10:18:20.550 I/ActivityManager( 1626): Process com.google.android.apps.messaging (pid 17742) has died: cch+85 CEM 
01-29 10:18:20.651 I/notification_cancel_all( 1626): [1000,1626,com.softwareinc.perueiroapp,0,0,0,5,NULL]
01-29 10:18:20.672 W/BpBinder(20011): Slow Binder: BpBinder transact took 941ms, interface=android.app.IActivityManager, code=20 oneway=false
01-29 10:18:21.288 I/ActivityManager( 1626): Process com.huaqin.diaglogger (pid 17699) has died: svcb SVC 
01-29 10:18:21.299 W/ActivityManager( 1626): Scheduling restart of crashed service com.huaqin.diaglogger/.DiagLogService in 1000ms
01-29 10:18:21.317 I/ActivityManager( 1626): Process com.google.process.gapps (pid 17333) has died: cch+95 CEM 
01-29 10:18:21.617 W/XSpaceManagerService( 1626): update XSpace App: packageName:com.softwareinc.perueiroapp, user:UserHandle{0}, action:android.intent.action.PACKAGE_ADDED
01-29 10:18:21.620 D/Launcher.Model( 2301): LauncherAppsCallback onPackageAdded|com.softwareinc.perueiroapp|UserHandle{0}
01-29 10:18:21.620 D/Launcher.Model( 2301): Got broadcast:Intent { act=android.intent.action.PACKAGE_ADDED dat=package:com.softwareinc.perueiroapp (has extras) }
01-29 10:18:21.648 I/ActivityManager( 1626): Process com.android.cellbroadcastreceiver (pid 19637) has died: cch+85 CEM 
01-29 10:18:21.713 I/dvm_lock_sample( 1626): [system_server,1,android.ui,58,ActivityManagerService.java,3378,void com.android.server.am.ActivityManagerService.dispatchUidsChanged(),-,1537,void com.android.server.am.ActivityManagerService$AppDeathRecipient.binderDied(),11]
01-29 10:18:21.785 I/ActivityManager( 1626): Killing 19316:com.xiaomi.discover/u0a133 (adj 935): PeriodicCleaner(8)
01-29 10:18:21.880 I/ActivityManager( 1626): Process com.google.android.apps.photos (pid 18122) has died: cch+65 CEM 
01-29 10:18:21.894 E/Launcher.AllAppsList( 2301): Can't load postion for packageName: com.softwareinc.perueiroapp activityName: com.softwareinc.perueiroapp.MainActivity
01-29 10:18:21.913 D/AutoInstallsParser( 2301): isPAIPackageName: com.softwareinc.perueiroapp
01-29 10:18:21.943 D/Launcher.Model( 2301): onReceiveBackground, mAllAppsList=add=[(0, AppInfo, id=-1, itemType=0, user=UserHandle{0}, mIconType=0, pkgName=com.softwareinc.perueiroapp, className=com.softwareinc.perueiroapp.MainActivity, screenId=-1, container=-1, cellX=-1, cellY=-1, spanX=1, spanY=1, isLandscapePos=false)], remove=[], modified=[]
01-29 10:18:21.944 D/Launcher( 2301): add item to launcher when bind apps added, info=ShortcutInfo, id=-1, itemType=0, user=UserHandle{0}, mIconType=0, pkgName=com.softwareinc.perueiroapp, className=com.softwareinc.perueiroapp.MainActivity, screenId=-1, container=-1, cellX=-1, cellY=-1, spanX=1, spanY=1, isLandscapePos=false
01-29 10:18:21.944 D/Launcher( 2301): addItemToWorkspace, add item into db, item=ShortcutInfo, id=-1, itemType=0, user=UserHandle{0}, mIconType=0, pkgName=com.softwareinc.perueiroapp, className=com.softwareinc.perueiroapp.MainActivity, screenId=2, container=-100, cellX=4, cellY=4, spanX=1, spanY=1, isLandscapePos=false
01-29 10:18:21.944 D/Launcher.Model( 2301): Insert item com.softwareinc.perueiroapp to database (4, 4) of screen 2
01-29 10:18:21.945 D/Launcher.CellLayout( 2301): updateCellOccupiedMarks, update, ShortcutInfo, id=1407, itemType=0, user=UserHandle{0}, mIconType=0, pkgName=com.softwareinc.perueiroapp, className=com.softwareinc.perueiroapp.MainActivity, screenId=2, container=-100, cellX=4, cellY=4, spanX=1, spanY=1, isLandscapePos=false
01-29 10:18:21.945 D/Launcher.ShortcutInfo( 2301): onAddToDatabase, this=ShortcutInfo, id=1407, itemType=0, user=UserHandle{0}, mIconType=0, pkgName=com.softwareinc.perueiroapp, className=com.softwareinc.perueiroapp.MainActivity, screenId=2, container=-100, cellX=4, cellY=4, spanX=1, spanY=1, isLandscapePos=false
01-29 10:18:22.337 I/ActivityManager( 1626): Start proc 20585:com.huaqin.diaglogger/1000 for service {com.huaqin.diaglogger/com.huaqin.diaglogger.DiagLogService} caller=com.huaqin.diaglogger
01-29 10:18:22.340 D/Launcher.CellLayout( 2301): updateCellOccupiedMarks, update, ShortcutInfo, id=1407, itemType=0, user=UserHandle{0}, mIconType=0, pkgName=com.softwareinc.perueiroapp, className=com.softwareinc.perueiroapp.MainActivity, screenId=2, container=-100, cellX=4, cellY=4, spanX=1, spanY=1, isLandscapePos=false
01-29 10:18:22.369 I/ActivityManager( 1626): Process com.google.process.gservices (pid 27362) has died: cch+45 CEM 
01-29 10:18:22.504 I/dvm_lock_sample( 1626): [system_server,1,android.ui,11,ActivityManagerService.java,3378,void com.android.server.am.ActivityManagerService.dispatchUidsChanged(),-,6978,android.app.ContentProviderHolder com.android.server.am.ActivityManagerService.getContentProviderImpl(android.app.IApplicationThread, java.lang.String, android.os.IBinder, int, java.lang.String, java.lang.String, boolean, int),2]
01-29 10:18:22.508 I/ActivityManager( 1626): Start proc 20624:com.google.android.webview:sandboxed_process0:org.chromium.content.app.SandboxedProcessService0:0/u0i456 for  {com.miui.global.packageinstaller/org.chromium.content.app.SandboxedProcessService0:0} caller=com.miui.global.packageinstaller
01-29 10:18:22.543 I/ActivityManager( 1626): Start proc 20633:com.google.process.gservices/u0a29 for content provider {com.google.android.gsf/com.google.android.gsf.gservices.GservicesProvider} caller=com.android.vending
01-29 10:18:22.583 I/dvm_lock_sample( 1626): [system_server,0,miui.fg,30,ActivityManagerService.java,5955,boolean com.android.server.am.ActivityManagerService.isAppBad(android.content.pm.ApplicationInfo),-,14450,int com.android.server.am.ActivityManagerService.bindIsolatedService(android.app.IApplicationThread, android.os.IBinder, android.content.Intent, java.lang.String, android.app.IServiceConnection, int, java.lang.String, java.lang.String, int),6]
01-29 10:18:22.757 I/ActivityManager( 1626): Process com.miui.securitycenter (pid 19804) has died: cch+45 CEM 
01-29 10:18:22.786 W/ActivityManager( 1626): setHasOverlayUi called on unknown pid: 19804
01-29 10:18:22.887 I/ActivityManager( 1626): Process com.google.android.packageinstaller (pid 19948) has died: cch+45 CEM 
01-29 10:18:23.033 W/BpBinder(20401): Slow Binder: BpBinder transact took 563ms, interface=android.app.IActivityManager, code=20 oneway=false
01-29 10:18:23.099 I/ActivityManager( 1626): Process com.xiaomi.mipicks (pid 19396) has died: cch+35 CEM 
01-29 10:18:23.288 I/ActivityManager( 1626): Start proc 20719:com.google.process.gapps/u0a29 for content provider {com.google.android.gsf/com.google.android.gsf.settings.GoogleSettingsProvider} caller=com.android.vending
01-29 10:18:23.350 I/am_pss  ( 1626): [20098,10016,com.softwareinc.perueiroapp,60979200,57495552,269312,127492096,1,2,11]
01-29 10:18:23.403 I/ActivityManager( 1626): Process com.android.settings:remote (pid 17927) has died: svcb SVC 
01-29 10:18:23.411 W/ActivityManager( 1626): Scheduling restart of crashed service com.android.settings/.dangerousoptions.DangerousOptionsWarningService in 1000ms
01-29 10:18:23.635 I/dvm_lock_sample( 1626): [system_server,0,android.bg,26,ActivityManagerService.java,2043,void com.android.server.am.ActivityManagerService$5.handleMessage(android.os.Message),-,14450,int com.android.server.am.ActivityManagerService.bindIsolatedService(android.app.IApplicationThread, android.os.IBinder, android.content.Intent, java.lang.String, android.app.IServiceConnection, int, java.lang.String, java.lang.String, int),5]
01-29 10:18:23.677 I/ActivityManager( 1626): Process com.miui.cleaner (pid 20011) has died: cch+35 CEM 
01-29 10:18:23.732 W/BpBinder(20401): Slow Binder: BpBinder transact took 528ms, interface=android.app.IActivityManager, code=20 oneway=false
01-29 10:18:23.897 I/ActivityManager( 1626): Process com.qualcomm.telephony (pid 18642) has died: svcb SVC 
01-29 10:18:23.905 W/ActivityManager( 1626): Scheduling restart of crashed service com.qualcomm.atfwd/.AtFwdService in 10506ms
01-29 10:18:24.134 W/Looper  ( 1626): Slow Looper android.bg: Long Msg: seq=284739 plan=10:18:22.487  late=0ms wall=1647ms running=0ms h=com.android.server.am.ActivityManagerService$5 w=1
01-29 10:18:24.138 I/ActivityManager( 1626): Process com.miui.global.packageinstaller (pid 19974) has died: cch+25 CEM 
01-29 10:18:24.160 I/ActivityManager( 1626): Killing 20624:com.google.android.webview:sandboxed_process0:org.chromium.content.app.SandboxedProcessService0:0/u0a121i456 (adj 0): isolated not needed
01-29 10:18:24.445 I/ActivityManager( 1626): Start proc 20783:com.android.settings:remote/1000 for service {com.android.settings/com.android.settings.dangerousoptions.DangerousOptionsWarningService} caller=com.android.settings
01-29 10:18:24.489 I/am_lifecycle_sample(20098): [0,com.softwareinc.perueiroapp,110,5777]
01-29 10:18:24.499 E/Perf    (20098): Fail to get file list com.softwareinc.perueiroapp
01-29 10:18:24.500 E/Perf    (20098): Fail to get file list com.softwareinc.perueiroapp
01-29 10:18:24.684 I/ActivityManager( 1626): Start proc 20807:com.android.vending:background/u0a54 for service {com.android.vending/com.google.frameworks.client.data.android.server.play.BackgroundProcessEndpointService} caller=com.android.vending
01-29 10:18:24.736 D/ForceDarkHelper(20098): updateByCheckExcludeList: pkg: com.softwareinc.perueiroapp activity: com.softwareinc.perueiroapp.MainActivity@50a2222
01-29 10:18:24.741 I/chatty  (20098): uid=10016(com.softwareinc.perueiroapp) identical 1 line
01-29 10:18:24.753 D/ForceDarkHelper(20098): updateByCheckExcludeList: pkg: com.softwareinc.perueiroapp activity: com.softwareinc.perueiroapp.MainActivity@50a2222
01-29 10:18:24.835 I/am_on_create_called(20098): [0,com.softwareinc.perueiroapp.MainActivity,performCreate,155]
01-29 10:18:24.851 I/am_on_start_called(20098): [0,com.softwareinc.perueiroapp.MainActivity,handleStartActivity,0]
01-29 10:18:24.855 I/am_on_resume_called(20098): [0,com.softwareinc.perueiroapp.MainActivity,RESUME_ACTIVITY,2]
01-29 10:18:24.900 W/Looper  (20098): Slow Looper main: Activity com.softwareinc.perueiroapp/.MainActivity is 5753ms late (wall=402ms running=0ms ClientTransaction{ callbacks=[android.app.servertransaction.LaunchActivityItem] lifecycleRequest=android.app.servertransaction.ResumeActivityItem }) because of 1 msg, msg 1 took 5779ms (seq=2 late=2ms h=android.app.ActivityThread$H w=110)
01-29 10:18:24.901 I/am_on_top_resumed_gained_called(20098): [0,com.softwareinc.perueiroapp.MainActivity,topStateChangedWhenResumed]
01-29 10:18:24.902 W/Looper  (20098): Slow Looper main: Activity com.softwareinc.perueiroapp/.MainActivity is 6156ms late (wall=0ms running=0ms ClientTransaction{ callbacks=[android.app.servertransaction.TopResumedActivityChangeItem] }) because of 2 msg, msg 1 took 5779ms (seq=2 late=2ms h=android.app.ActivityThread$H w=110), msg 2 took 402ms (seq=3 late=5753ms h=android.app.ActivityThread$H w=159)
01-29 10:18:24.992 I/ActivityManager( 1626): Start proc 20838:com.google.android.webview:webview_service/u0a112 for service {com.google.android.webview/org.chromium.android_webview.services.VariationsSeedServer} caller=com.xiaomi.glgm
01-29 10:18:25.071 I/ActivityManager( 1626): Start proc 20868:com.google.android.webview:sandboxed_process0:org.chromium.content.app.SandboxedProcessService0:0/u0i457 for  {com.xiaomi.glgm/org.chromium.content.app.SandboxedProcessService0:0} caller=com.xiaomi.glgm
===== END SNAPSHOT =====
