10-16 16:26:27.581 I/dvm_lock_sample( 1594): [system_server,1,Binder:1594_13,533,WindowProcessUtils.java,405,java.lang.String com.android.server.wm.WindowProcessUtils.getCallerPackageName(com.android.server.wm.ActivityTaskManagerService, android.app.IApplicationThread),ActivityStarter.java,1313,int com.android.server.wm.ActivityStarter.startActivityMayWait(android.app.IApplicationThread, int, java.lang.String, int, int, android.content.Intent, java.lang.String, android.service.voice.IVoiceInteractionSession, com.android.internal.app.IVoiceInteractor, android.os.IBinder, java.lang.String, int, int, android.app.ProfilerInfo, android.app.WaitResult, android.content.res.Configuration, com.android.server.wm.SafeActivityOptions, boolean, int, com.android.server.wm.TaskRecord, java.lang.String, boolean, com.android.server.am.PendingIntentRecord, boolean),100]
10-16 16:26:27.582 I/dvm_lock_sample( 1594): [system_server,1,Binder:1594_4,429,ActivityTaskManagerService.java,7377,com.android.server.wm.WindowProcessController com.android.server.wm.ActivityTaskManagerService$LocalService.getTopApp(),ActivityStarter.java,1313,int com.android.server.wm.ActivityStarter.startActivityMayWait(android.app.IApplicationThread, int, java.lang.String, int, int, android.content.Intent, java.lang.String, android.service.voice.IVoiceInteractionSession, com.android.internal.app.IVoiceInteractor, android.os.IBinder, java.lang.String, int, int, android.app.ProfilerInfo, android.app.WaitResult, android.content.res.Configuration, com.android.server.wm.SafeActivityOptions, boolean, int, com.android.server.wm.TaskRecord, java.lang.String, boolean, com.android.server.am.PendingIntentRecord, boolean),85]
10-16 16:26:27.590 I/dvm_lock_sample( 1594): [system_server,1,Binder:1594_20,426,ActivityManagerService.java,6978,android.app.ContentProviderHolder com.android.server.am.ActivityManagerService.getContentProviderImpl(android.app.IApplicationThread, java.lang.String, android.os.IBinder, int, java.lang.String, java.lang.String, boolean, int),-,7639,void com.android.server.am.ActivityManagerService.publishContentProviders(android.app.IApplicationThread, java.util.List),85]
10-16 16:26:27.591 I/dvm_lock_sample( 1594): [system_server,1,Binder:1594_D,209,ActivityTaskManagerService.java,1746,void com.android.server.wm.ActivityTaskManagerService.activityTopResumedStateLost(),ActivityStarter.java,1313,int com.android.server.wm.ActivityStarter.startActivityMayWait(android.app.IApplicationThread, int, java.lang.String, int, int, android.content.Intent, java.lang.String, android.service.voice.IVoiceInteractionSession, com.android.internal.app.IVoiceInteractor, android.os.IBinder, java.lang.String, int, int, android.app.ProfilerInfo, android.app.WaitResult, android.content.res.Configuration, com.android.server.wm.SafeActivityOptions, boolean, int, com.android.server.wm.TaskRecord, java.lang.String, boolean, com.android.server.am.PendingIntentRecord, boolean),41]
10-16 16:26:27.590 I/binder_sample(  478): [android.app.IActivityManager,21,440,com.milink.runtime,88]
10-16 16:26:27.593 I/dvm_lock_sample( 1594): [system_server,1,Binder:1594_1C,418,ActivityManagerService.java,6181,boolean com.android.server.am.ActivityManagerService.isAppStartModeDisabled(int, java.lang.String),-,7639,void com.android.server.am.ActivityManagerService.publishContentProviders(android.app.IApplicationThread, java.util.List),83]
10-16 16:26:27.594 I/dvm_lock_sample( 1594): [system_server,1,Binder:1594_1B,413,ActivityManagerService.java,10076,void com.android.server.am.ActivityManagerService.getMyMemoryState(android.app.ActivityManager$RunningAppProcessInfo),-,7639,void com.android.server.am.ActivityManagerService.publishContentProviders(android.app.IApplicationThread, java.util.List),82]
10-16 16:26:27.599 I/dvm_lock_sample( 1594): [system_server,1,Binder:1594_11,416,ActivityManagerService.java,14791,android.content.Intent com.android.server.am.ActivityManagerService.registerReceiver(android.app.IApplicationThread, java.lang.String, android.content.IIntentReceiver, android.content.IntentFilter, java.lang.String, int, int),-,7639,void com.android.server.am.ActivityManagerService.publishContentProviders(android.app.IApplicationThread, java.util.List),83]
10-16 16:26:27.600 I/dvm_lock_sample( 1594): [system_server,1,Binder:1594_2,416,ActivityManagerService.java,10076,void com.android.server.am.ActivityManagerService.getMyMemoryState(android.app.ActivityManager$RunningAppProcessInfo),-,7639,void com.android.server.am.ActivityManagerService.publishContentProviders(android.app.IApplicationThread, java.util.List),83]
10-16 16:26:27.600 I/dvm_lock_sample( 1594): [system_server,1,Binder:1594_3,386,ActivityManagerService.java,14791,android.content.Intent com.android.server.am.ActivityManagerService.registerReceiver(android.app.IApplicationThread, java.lang.String, android.content.IIntentReceiver, android.content.IntentFilter, java.lang.String, int, int),-,7639,void com.android.server.am.ActivityManagerService.publishContentProviders(android.app.IApplicationThread, java.util.List),77]
10-16 16:26:27.602 I/dvm_lock_sample( 1594): [system_server,1,Binder:1594_E,374,ActivityManagerService.java,14791,android.content.Intent com.android.server.am.ActivityManagerService.registerReceiver(android.app.IApplicationThread, java.lang.String, android.content.IIntentReceiver, android.content.IntentFilter, java.lang.String, int, int),-,7639,void com.android.server.am.ActivityManagerService.publishContentProviders(android.app.IApplicationThread, java.util.List),74]
10-16 16:26:27.604 I/dvm_lock_sample( 1594): [system_server,1,Binder:1594_6,341,ActivityManagerService.java,6752,java.lang.String com.android.server.am.ActivityManagerService.checkContentProviderAccess(java.lang.String, int),-,7639,void com.android.server.am.ActivityManagerService.publishContentProviders(android.app.IApplicationThread, java.util.List),68]
10-16 16:26:27.604 I/dvm_lock_sample( 1594): [system_server,1,Binder:1594_8,287,ActivityManagerService.java,14791,android.content.Intent com.android.server.am.ActivityManagerService.registerReceiver(android.app.IApplicationThread, java.lang.String, android.content.IIntentReceiver, android.content.IntentFilter, java.lang.String, int, int),-,7639,void com.android.server.am.ActivityManagerService.publishContentProviders(android.app.IApplicationThread, java.util.List),57]
10-16 16:26:27.606 I/dvm_lock_sample( 1594): [system_server,1,Binder:1594_9,142,ActivityManagerService.java,14791,android.content.Intent com.android.server.am.ActivityManagerService.registerReceiver(android.app.IApplicationThread, java.lang.String, android.content.IIntentReceiver, android.content.IntentFilter, java.lang.String, int, int),-,7639,void com.android.server.am.ActivityManagerService.publishContentProviders(android.app.IApplicationThread, java.util.List),28]
10-16 16:26:27.607 I/dvm_lock_sample( 1594): [system_server,1,Binder:1594_10,140,ActivityManagerService.java,6978,android.app.ContentProviderHolder com.android.server.am.ActivityManagerService.getContentProviderImpl(android.app.IApplicationThread, java.lang.String, android.os.IBinder, int, java.lang.String, java.lang.String, boolean, int),-,7639,void com.android.server.am.ActivityManagerService.publishContentProviders(android.app.IApplicationThread, java.util.List),28]
10-16 16:26:27.607 I/dvm_lock_sample( 1594): [system_server,1,Binder:1594_15,109,ActivityManagerService.java,14791,android.content.Intent com.android.server.am.ActivityManagerService.registerReceiver(android.app.IApplicationThread, java.lang.String, android.content.IIntentReceiver, android.content.IntentFilter, java.lang.String, int, int),-,7639,void com.android.server.am.ActivityManagerService.publishContentProviders(android.app.IApplicationThread, java.util.List),21]
10-16 16:26:27.620 I/dvm_lock_sample( 1594): [system_server,1,Binder:1594_16,122,ActivityManagerService.java,18962,boolean com.android.server.am.ActivityManagerService$LocalService.hasForegroundServiceNotification(java.lang.String, int, java.lang.String),-,7639,void com.android.server.am.ActivityManagerService.publishContentProviders(android.app.IApplicationThread, java.util.List),24]
10-16 16:26:27.631 I/binder_sample(32684): [android.app.IActivityManager,27,588,com.milink.service,100]
10-16 16:26:27.820 I/dvm_lock_sample( 1594): [system_server,1,Binder:1594_1E,11,ActivityManagerService.java,5955,boolean com.android.server.am.ActivityManagerService.isAppBad(android.content.pm.ApplicationInfo),-,5395,void com.android.server.am.ActivityManagerService.attachApplication(android.app.IApplicationThread, long),2]
10-16 16:26:28.467 I/dvm_lock_sample( 1594): [system_server,1,Binder:1594_10,24,ActivityManagerService.java,14463,boolean com.android.server.am.ActivityManagerService.unbindService(android.app.IServiceConnection),-,1537,void com.android.server.am.ActivityManagerService$AppDeathRecipient.binderDied(),4]
10-16 16:26:28.514 I/dvm_lock_sample( 1594): [system_server,1,android.ui,41,ActivityManagerService.java,3378,void com.android.server.am.ActivityManagerService.dispatchUidsChanged(),-,1537,void com.android.server.am.ActivityManagerService$AppDeathRecipient.binderDied(),8]
10-16 16:26:49.704 I/dvm_lock_sample( 1594): [system_server,1,android.ui,13,ActivityManagerService.java,3432,void com.android.server.am.ActivityManagerService.dispatchUidsChanged(),-,2012,void com.android.server.am.ActivityManagerService$5.handleMessage(android.os.Message),2]
10-16 16:26:50.646 I/dvm_lock_sample( 1594): [system_server,1,android.ui,16,ActivityManagerService.java,3432,void com.android.server.am.ActivityManagerService.dispatchUidsChanged(),-,14343,void com.android.server.am.ActivityManagerService.setServiceForeground(android.content.ComponentName, android.os.IBinder, int, android.app.Notification, int, int),3]
10-16 16:27:06.867 I/dvm_lock_sample( 1594): [system_server,1,Binder:1594_19,12,ActivityManagerService.java,5827,java.lang.String com.android.server.am.ActivityManagerService.getTagForIntentSender(android.content.IIntentSender, java.lang.String),-,14450,int com.android.server.am.ActivityManagerService.bindIsolatedService(android.app.IApplicationThread, android.os.IBinder, android.content.Intent, java.lang.String, android.app.IServiceConnection, int, java.lang.String, java.lang.String, int),2]
10-16 16:28:32.980 I/dvm_lock_sample( 1594): [system_server,1,Binder:1594_16,18,ActivityManagerService.java,7717,boolean com.android.server.am.ActivityManagerService.refContentProvider(android.os.IBinder, int, int),-,14450,int com.android.server.am.ActivityManagerService.bindIsolatedService(android.app.IApplicationThread, android.os.IBinder, android.content.Intent, java.lang.String, android.app.IServiceConnection, int, java.lang.String, java.lang.String, int),3]
10-16 16:29:02.675 I/dvm_lock_sample( 1594): [system_server,1,ActivityManager,5,BroadcastQueue.java,984,void com.android.server.am.BroadcastQueue.processNextBroadcast(boolean, boolean),ActivityManagerService.java,16095,void com.android.server.am.ActivityManagerService.finishReceiver(android.os.IBinder, int, java.lang.String, android.os.Bundle, boolean, int),1]
10-16 16:31:01.598 I/dvm_lock_sample( 1594): [system_server,1,Binder:1594_F,10,ActivityManagerService.java,5827,java.lang.String com.android.server.am.ActivityManagerService.getTagForIntentSender(android.content.IIntentSender, java.lang.String),-,14450,int com.android.server.am.ActivityManagerService.bindIsolatedService(android.app.IApplicationThread, android.os.IBinder, android.content.Intent, java.lang.String, android.app.IServiceConnection, int, java.lang.String, java.lang.String, int),2]
10-16 16:31:15.385 I/dvm_lock_sample( 1594): [system_server,0,Binder:1594_7,7,ActivityManagerService.java,14494,void com.android.server.am.ActivityManagerService.serviceDoneExecuting(android.os.IBinder, int, int, int),-,14463,boolean com.android.server.am.ActivityManagerService.unbindService(android.app.IServiceConnection),1]
10-16 16:31:21.790 I/dvm_lock_sample( 1594): [system_server,1,android.ui,9,ActivityManagerService.java,3378,void com.android.server.am.ActivityManagerService.dispatchUidsChanged(),-,14450,int com.android.server.am.ActivityManagerService.bindIsolatedService(android.app.IApplicationThread, android.os.IBinder, android.content.Intent, java.lang.String, android.app.IServiceConnection, int, java.lang.String, java.lang.String, int),1]
10-16 16:31:27.663 I/dvm_lock_sample( 1594): [system_server,1,Binder:1594_4,22,ActivityManagerService.java,6408,void com.android.server.am.ActivityManagerService.grantUriPermission(android.app.IApplicationThread, java.lang.String, android.net.Uri, int, int),-,7564,void com.android.server.am.ActivityManagerService.removeContentProvider(android.os.IBinder, boolean),4]
10-16 16:31:32.759 I/dvm_lock_sample( 1594): [system_server,1,Binder:1594_E,8,ActivityManagerService.java,15989,int com.android.server.am.ActivityManagerService.broadcastIntent(android.app.IApplicationThread, android.content.Intent, java.lang.String, android.content.IIntentReceiver, int, java.lang.String, android.os.Bundle, java.lang.String[], int, android.os.Bundle, boolean, boolean, int),-,16095,void com.android.server.am.ActivityManagerService.finishReceiver(android.os.IBinder, int, java.lang.String, android.os.Bundle, boolean, int),1]
10-16 16:34:35.480 I/dvm_lock_sample( 1594): [system_server,1,android.display,18,ActivityManagerService.java,18317,void com.android.server.am.ActivityManagerService$LocalService.setHasOverlayUi(int, boolean),-,5395,void com.android.server.am.ActivityManagerService.attachApplication(android.app.IApplicationThread, long),3]
10-16 16:39:08.414 I/dvm_lock_sample( 1594): [system_server,0,Binder:1594_3,9,ActivityManagerService.java,14494,void com.android.server.am.ActivityManagerService.serviceDoneExecuting(android.os.IBinder, int, int, int),BroadcastQueue.java,984,void com.android.server.am.BroadcastQueue.processNextBroadcast(boolean, boolean),1]
10-16 16:40:13.205 I/dvm_lock_sample( 1594): [system_server,1,android.ui,16,ActivityManagerService.java,3378,void com.android.server.am.ActivityManagerService.dispatchUidsChanged(),-,1537,void com.android.server.am.ActivityManagerService$AppDeathRecipient.binderDied(),3]
10-16 16:40:55.418 I/dvm_lock_sample( 1594): [system_server,0,Binder:1594_8,12,ActivityManagerService.java,14494,void com.android.server.am.ActivityManagerService.serviceDoneExecuting(android.os.IBinder, int, int, int),-,14450,int com.android.server.am.ActivityManagerService.bindIsolatedService(android.app.IApplicationThread, android.os.IBinder, android.content.Intent, java.lang.String, android.app.IServiceConnection, int, java.lang.String, java.lang.String, int),2]
10-16 16:43:24.325 I/dvm_lock_sample( 1594): [system_server,0,miui.fg,38,ActivityManagerService.java,5955,boolean com.android.server.am.ActivityManagerService.isAppBad(android.content.pm.ApplicationInfo),-,18666,int com.android.server.am.ActivityManagerService$LocalService.broadcastIntentInPackage(java.lang.String, int, int, int, android.content.Intent, java.lang.String, android.content.IIntentReceiver, int, java.lang.String, android.os.Bundle, java.lang.String, android.os.Bundle, boolean, boolean, int, boolean),7]
10-16 16:43:34.802 I/dvm_lock_sample( 1594): [system_server,1,android.ui,11,ActivityManagerService.java,3378,void com.android.server.am.ActivityManagerService.dispatchUidsChanged(),-,14450,int com.android.server.am.ActivityManagerService.bindIsolatedService(android.app.IApplicationThread, android.os.IBinder, android.content.Intent, java.lang.String, android.app.IServiceConnection, int, java.lang.String, java.lang.String, int),2]
10-16 16:52:06.989 I/dvm_lock_sample( 1594): [system_server,1,android.ui,63,ActivityManagerService.java,3432,void com.android.server.am.ActivityManagerService.dispatchUidsChanged(),-,15989,int com.android.server.am.ActivityManagerService.broadcastIntent(android.app.IApplicationThread, android.content.Intent, java.lang.String, android.content.IIntentReceiver, int, java.lang.String, android.os.Bundle, java.lang.String[], int, android.os.Bundle, boolean, boolean, int),12]
10-16 16:52:07.050 I/dvm_lock_sample( 1594): [system_server,1,Binder:1594_16,15,ActivityManagerService.java,12299,java.util.ArrayList com.android.server.am.ActivityManagerService.collectProcesses(java.io.PrintWriter, int, boolean, java.lang.String[]),BroadcastQueue.java,984,void com.android.server.am.BroadcastQueue.processNextBroadcast(boolean, boolean),3]
10-16 16:52:07.252 I/dvm_lock_sample( 1594): [system_server,1,Binder:1594_1B,54,ActivityManagerService.java,14285,android.content.ComponentName com.android.server.am.ActivityManagerService.startService(android.app.IApplicationThread, android.content.Intent, java.lang.String, boolean, java.lang.String, int),-,5395,void com.android.server.am.ActivityManagerService.attachApplication(android.app.IApplicationThread, long),10]
10-16 16:52:11.119 I/dvm_lock_sample( 1594): [system_server,1,Binder:1594_13,369,ActivityTaskManagerService.java,1746,void com.android.server.wm.ActivityTaskManagerService.activityTopResumedStateLost(),ActivityStarter.java,1313,int com.android.server.wm.ActivityStarter.startActivityMayWait(android.app.IApplicationThread, int, java.lang.String, int, int, android.content.Intent, java.lang.String, android.service.voice.IVoiceInteractionSession, com.android.internal.app.IVoiceInteractor, android.os.IBinder, java.lang.String, int, int, android.app.ProfilerInfo, android.app.WaitResult, android.content.res.Configuration, com.android.server.wm.SafeActivityOptions, boolean, int, com.android.server.wm.TaskRecord, java.lang.String, boolean, com.android.server.am.PendingIntentRecord, boolean),73]
10-16 16:52:11.119 I/dvm_lock_sample( 1594): [system_server,1,Binder:1594_1A,292,WindowProcessUtils.java,405,java.lang.String com.android.server.wm.WindowProcessUtils.getCallerPackageName(com.android.server.wm.ActivityTaskManagerService, android.app.IApplicationThread),ActivityStarter.java,1313,int com.android.server.wm.ActivityStarter.startActivityMayWait(android.app.IApplicationThread, int, java.lang.String, int, int, android.content.Intent, java.lang.String, android.service.voice.IVoiceInteractionSession, com.android.internal.app.IVoiceInteractor, android.os.IBinder, java.lang.String, int, int, android.app.ProfilerInfo, android.app.WaitResult, android.content.res.Configuration, com.android.server.wm.SafeActivityOptions, boolean, int, com.android.server.wm.TaskRecord, java.lang.String, boolean, com.android.server.am.PendingIntentRecord, boolean),58]
10-16 16:52:11.121 I/binder_sample( 2404): [android.app.IActivityTaskManager,19,371,com.miui.home,74]
10-16 16:52:11.126 I/dvm_lock_sample( 1594): [system_server,1,Binder:1594_6,211,ActivityManagerService.java,14791,android.content.Intent com.android.server.am.ActivityManagerService.registerReceiver(android.app.IApplicationThread, java.lang.String, android.content.IIntentReceiver, android.content.IntentFilter, java.lang.String, int, int),-,14494,void com.android.server.am.ActivityManagerService.serviceDoneExecuting(android.os.IBinder, int, int, int),42]
10-16 16:52:11.695 I/dvm_lock_sample( 1594): [system_server,1,ActivityManager:procStart,54,ActivityTaskManagerService.java,6671,void com.android.server.wm.ActivityTaskManagerService$LocalService.onProcessMapped(int, com.android.server.wm.WindowProcessController),WindowSurfacePlacer.java,61,void com.android.server.wm.WindowSurfacePlacer.lambda$new$0$WindowSurfacePlacer(),10]
10-16 16:53:15.265 I/dvm_lock_sample( 1594): [system_server,1,ActivityManager,28,ActiveServices.java,1099,void com.android.server.am.ActiveServices.updateForegroundApps(com.android.server.am.ActiveServices$ServiceMap),ActivityManagerService.java,14343,void com.android.server.am.ActivityManagerService.setServiceForeground(android.content.ComponentName, android.os.IBinder, int, android.app.Notification, int, int),5]
10-16 16:53:15.265 I/dvm_lock_sample( 1594): [system_server,1,android.ui,29,ActivityManagerService.java,3272,void com.android.server.am.ActivityManagerService.dispatchProcessesChanged(),-,14343,void com.android.server.am.ActivityManagerService.setServiceForeground(android.content.ComponentName, android.os.IBinder, int, android.app.Notification, int, int),5]
10-16 16:53:25.389 I/dvm_lock_sample( 1594): [system_server,1,Binder:1594_1C,10,ActivityManagerService.java,7717,boolean com.android.server.am.ActivityManagerService.refContentProvider(android.os.IBinder, int, int),-,14463,boolean com.android.server.am.ActivityManagerService.unbindService(android.app.IServiceConnection),2]
10-16 16:54:12.407 I/dvm_lock_sample( 1594): [system_server,1,Binder:1594_A,13,ActivityManagerService.java,10076,void com.android.server.am.ActivityManagerService.getMyMemoryState(android.app.ActivityManager$RunningAppProcessInfo),-,14285,android.content.ComponentName com.android.server.am.ActivityManagerService.startService(android.app.IApplicationThread, android.content.Intent, java.lang.String, boolean, java.lang.String, int),2]
10-16 16:54:39.807 I/dvm_lock_sample( 1594): [system_server,0,Binder:1594_3,15,ActivityManagerService.java,14494,void com.android.server.am.ActivityManagerService.serviceDoneExecuting(android.os.IBinder, int, int, int),-,14450,int com.android.server.am.ActivityManagerService.bindIsolatedService(android.app.IApplicationThread, android.os.IBinder, android.content.Intent, java.lang.String, android.app.IServiceConnection, int, java.lang.String, java.lang.String, int),3]
10-16 16:55:10.028 I/dvm_lock_sample( 1594): [system_server,1,Binder:1594_18,8,ActivityManagerService.java,15989,int com.android.server.am.ActivityManagerService.broadcastIntent(android.app.IApplicationThread, android.content.Intent, java.lang.String, android.content.IIntentReceiver, int, java.lang.String, android.os.Bundle, java.lang.String[], int, android.os.Bundle, boolean, boolean, int),BroadcastQueue.java,984,void com.android.server.am.BroadcastQueue.processNextBroadcast(boolean, boolean),1]
10-16 16:55:46.243 I/dvm_lock_sample( 1594): [system_server,1,android.ui,25,ActivityManagerService.java,3432,void com.android.server.am.ActivityManagerService.dispatchUidsChanged(),-,17671,void com.android.server.am.ActivityManagerService.trimApplications(java.lang.String),5]
10-16 16:55:51.109 I/dvm_lock_sample( 1594): [system_server,1,android.ui,8,ActivityManagerService.java,3378,void com.android.server.am.ActivityManagerService.dispatchUidsChanged(),-,5901,void com.android.server.am.ActivityManagerService.setProcessImportant(android.os.IBinder, int, boolean, java.lang.String),1]
10-16 16:56:05.479 I/dvm_lock_sample( 1594): [system_server,1,main,17,ActivityManagerService.java,3226,int com.android.server.am.ActivityManagerService.getPackageProcessState(java.lang.String, java.lang.String),-,14494,void com.android.server.am.ActivityManagerService.serviceDoneExecuting(android.os.IBinder, int, int, int),3]
10-16 16:56:05.611 I/dvm_lock_sample( 1594): [system_server,1,Binder:1594_12,27,ActivityManagerService.java,7717,boolean com.android.server.am.ActivityManagerService.refContentProvider(android.os.IBinder, int, int),-,14474,void com.android.server.am.ActivityManagerService.publishService(android.os.IBinder, android.content.Intent, android.os.IBinder),5]
10-16 16:56:06.811 I/dvm_lock_sample( 1594): [system_server,0,AsyncTask #7,42,ActivityManagerService.java,10090,int com.android.server.am.ActivityManagerService.getMemoryTrimLevel(),BroadcastQueue.java,984,void com.android.server.am.BroadcastQueue.processNextBroadcast(boolean, boolean),8]
10-16 17:01:01.817 I/dvm_lock_sample( 1594): [system_server,1,Binder:1594_16,13,ActivityManagerService.java,6181,boolean com.android.server.am.ActivityManagerService.isAppStartModeDisabled(int, java.lang.String),-,14463,boolean com.android.server.am.ActivityManagerService.unbindService(android.app.IServiceConnection),2]
10-16 17:01:01.862 I/dvm_lock_sample( 1594): [system_server,1,Binder:1594_16,5,ActivityManagerService.java,5955,boolean com.android.server.am.ActivityManagerService.isAppBad(android.content.pm.ApplicationInfo),-,14494,void com.android.server.am.ActivityManagerService.serviceDoneExecuting(android.os.IBinder, int, int, int),1]
10-16 17:01:41.215 I/dvm_lock_sample( 1594): [system_server,1,Binder:1594_2,19,ActivityManagerService.java,14791,android.content.Intent com.android.server.am.ActivityManagerService.registerReceiver(android.app.IApplicationThread, java.lang.String, android.content.IIntentReceiver, android.content.IntentFilter, java.lang.String, int, int),-,16095,void com.android.server.am.ActivityManagerService.finishReceiver(android.os.IBinder, int, java.lang.String, android.os.Bundle, boolean, int),3]
10-16 17:02:06.926 I/dvm_lock_sample( 1594): [system_server,0,Binder:1594_8,6,ActivityManagerService.java,14494,void com.android.server.am.ActivityManagerService.serviceDoneExecuting(android.os.IBinder, int, int, int),-,14463,boolean com.android.server.am.ActivityManagerService.unbindService(android.app.IServiceConnection),1]
10-16 17:02:10.523 I/dvm_lock_sample( 1594): [system_server,1,Binder:1594_9,8,ActivityTaskManagerService.java,4726,int com.android.server.wm.ActivityTaskManagerService.getLastResumedActivityUserId(),WindowSurfacePlacer.java,61,void com.android.server.wm.WindowSurfacePlacer.lambda$new$0$WindowSurfacePlacer(),1]
10-16 17:04:59.757 I/dvm_lock_sample( 1594): [system_server,1,Binder:1594_F,7,ActivityManagerService.java,6978,android.app.ContentProviderHolder com.android.server.am.ActivityManagerService.getContentProviderImpl(android.app.IApplicationThread, java.lang.String, android.os.IBinder, int, java.lang.String, java.lang.String, boolean, int),-,14450,int com.android.server.am.ActivityManagerService.bindIsolatedService(android.app.IApplicationThread, android.os.IBinder, android.content.Intent, java.lang.String, android.app.IServiceConnection, int, java.lang.String, java.lang.String, int),1]
10-16 17:05:02.778 I/dvm_lock_sample( 1594): [system_server,1,android.display,28,WindowManagerService.java,5370,void com.android.server.wm.WindowManagerService$H.handleMessage(android.os.Message),ActivityTaskManagerService.java,1755,void com.android.server.wm.ActivityTaskManagerService.activityPaused(android.os.IBinder),5]
10-16 17:05:04.069 I/sysui_multi_action( 1594): [757,147,758,4,759,1,806,com.idealinspecao.perueiroapp]
10-16 17:05:04.071 I/dvm_lock_sample( 1594): [system_server,1,Binder:1594_16,16,ActivityManagerService.java,8605,boolean com.android.server.am.ActivityManagerService.isUidActive(int, java.lang.String),-,14285,android.content.ComponentName com.android.server.am.ActivityManagerService.startService(android.app.IApplicationThread, android.content.Intent, java.lang.String, boolean, java.lang.String, int),3]
10-16 17:05:04.147 I/dvm_lock_sample( 1594): [system_server,1,Binder:1594_10,20,ActivityManagerService.java,15989,int com.android.server.am.ActivityManagerService.broadcastIntent(android.app.IApplicationThread, android.content.Intent, java.lang.String, android.content.IIntentReceiver, int, java.lang.String, android.os.Bundle, java.lang.String[], int, android.os.Bundle, boolean, boolean, int),-,14450,int com.android.server.am.ActivityManagerService.bindIsolatedService(android.app.IApplicationThread, android.os.IBinder, android.content.Intent, java.lang.String, android.app.IServiceConnection, int, java.lang.String, java.lang.String, int),4]
10-16 17:05:04.149 I/dvm_lock_sample( 1594): [system_server,1,ActivityManager:procStart,18,ProcessList.java,1687,void com.android.server.am.ProcessList.lambda$startProcessLocked$0$ProcessList(com.android.server.am.ProcessRecord, java.lang.String, int[], int, int, java.lang.String, java.lang.String, java.lang.String, long),ActivityManagerService.java,14450,int com.android.server.am.ActivityManagerService.bindIsolatedService(android.app.IApplicationThread, android.os.IBinder, android.content.Intent, java.lang.String, android.app.IServiceConnection, int, java.lang.String, java.lang.String, int),3]
10-16 17:05:05.097 I/am_create_activity( 1594): [0,206161565,1527,com.idealinspecao.perueiroapp/.MainActivity,NULL,NULL,NULL,268435456]
10-16 17:05:05.151 I/dvm_lock_sample( 1594): [system_server,1,Binder:1594_18,114,WindowProcessUtils.java,405,java.lang.String com.android.server.wm.WindowProcessUtils.getCallerPackageName(com.android.server.wm.ActivityTaskManagerService, android.app.IApplicationThread),ActivityStarter.java,1313,int com.android.server.wm.ActivityStarter.startActivityMayWait(android.app.IApplicationThread, int, java.lang.String, int, int, android.content.Intent, java.lang.String, android.service.voice.IVoiceInteractionSession, com.android.internal.app.IVoiceInteractor, android.os.IBinder, java.lang.String, int, int, android.app.ProfilerInfo, android.app.WaitResult, android.content.res.Configuration, com.android.server.wm.SafeActivityOptions, boolean, int, com.android.server.wm.TaskRecord, java.lang.String, boolean, com.android.server.am.PendingIntentRecord, boolean),22]
10-16 17:05:05.309 I/am_proc_start( 1594): [0,14436,11377,com.idealinspecao.perueiroapp,activity,{com.idealinspecao.perueiroapp/com.idealinspecao.perueiroapp.MainActivity}]
10-16 17:05:05.547 I/am_proc_bound( 1594): [0,14436,com.idealinspecao.perueiroapp]
10-16 17:05:05.554 I/am_restart_activity( 1594): [0,206161565,1527,com.idealinspecao.perueiroapp/.MainActivity,14436]
10-16 17:05:05.555 I/am_set_resumed_activity( 1594): [0,com.idealinspecao.perueiroapp/.MainActivity,minimalResumeActivityLocked]
10-16 17:05:05.930 I/notification_cancel_all( 1594): [1000,1594,com.idealinspecao.perueiroapp,0,0,0,5,NULL]
10-16 17:05:08.990 I/am_pss  ( 1594): [14436,11377,com.idealinspecao.perueiroapp,60217344,57331712,262144,119341056,1,2,12]
10-16 17:05:10.600 I/am_lifecycle_sample(14436): [0,com.idealinspecao.perueiroapp,110,4974]
10-16 17:05:10.888 I/am_on_create_called(14436): [0,com.idealinspecao.perueiroapp.MainActivity,performCreate,144]
10-16 17:05:10.911 I/am_on_start_called(14436): [0,com.idealinspecao.perueiroapp.MainActivity,handleStartActivity,0]
10-16 17:05:10.917 I/am_on_resume_called(14436): [0,com.idealinspecao.perueiroapp.MainActivity,RESUME_ACTIVITY,3]
10-16 17:05:10.979 I/am_on_top_resumed_gained_called(14436): [0,com.idealinspecao.perueiroapp.MainActivity,topStateChangedWhenResumed]
10-16 17:05:12.899 I/sysui_multi_action( 1594): [319,561,321,357,322,7881,325,999489,757,761,758,7,759,1,806,com.idealinspecao.perueiroapp,871,com.idealinspecao.perueiroapp.MainActivity,904,com.android.shell,905,0,945,532,1320,12,1321,1]
10-16 17:05:12.904 I/am_activity_launch_time( 1594): [0,206161565,com.idealinspecao.perueiroapp/.MainActivity,7881]
10-16 17:05:18.828 I/am_pss  ( 1594): [14436,11377,com.idealinspecao.perueiroapp,136798208,128147456,188416,219176960,0,2,21]
10-16 17:06:18.926 I/am_pss  ( 1594): [14436,11377,com.idealinspecao.perueiroapp,141849600,130691072,179200,231645184,0,2,22]
10-16 17:06:19.421 I/am_on_top_resumed_lost_called(14436): [0,com.idealinspecao.perueiroapp.MainActivity,topStateChangedWhenResumed]
10-16 17:06:19.424 I/am_pause_activity( 1594): [14436,206161565,com.idealinspecao.perueiroapp/.MainActivity,userLeaving=true]
10-16 17:06:19.427 I/am_add_to_stopping( 1594): [0,206161565,com.idealinspecao.perueiroapp/.MainActivity,makeInvisible]
10-16 17:06:19.437 I/am_on_paused_called(14436): [0,com.idealinspecao.perueiroapp.MainActivity,performPause,0]
10-16 17:06:19.944 I/dvm_lock_sample( 1594): [system_server,1,android.display,6,ActivityTaskManagerService.java,3142,void com.android.server.wm.ActivityTaskManagerService.lambda$notifyEnterAnimationComplete$1$ActivityTaskManagerService(android.os.IBinder),WindowSurfacePlacer.java,61,void com.android.server.wm.WindowSurfacePlacer.lambda$new$0$WindowSurfacePlacer(),1]
10-16 17:06:19.946 I/am_stop_activity( 1594): [0,206161565,com.idealinspecao.perueiroapp/.MainActivity]
10-16 17:06:19.955 I/am_on_stop_called(14436): [0,com.idealinspecao.perueiroapp.MainActivity,STOP_ACTIVITY_ITEM,0]
10-16 17:06:20.703 I/sysui_multi_action( 2131): [757,289,758,4,806,ComponentInfo{com.idealinspecao.perueiroapp/com.idealinspecao.perueiroapp.MainActivity}]
10-16 17:06:20.706 I/am_finish_activity( 1594): [14436,206161565,1527,com.idealinspecao.perueiroapp/.MainActivity,remove-task]
10-16 17:06:20.706 I/am_destroy_activity( 1594): [14436,206161565,1527,com.idealinspecao.perueiroapp/.MainActivity,finish-imm:finishActivityLocked]
10-16 17:06:20.722 I/am_kill ( 1594): [0,14436,com.idealinspecao.perueiroapp,905,SwipeUpClean]
10-16 17:06:20.838 I/am_proc_died( 1594): [0,14436,com.idealinspecao.perueiroapp,905,20]
10-16 17:10:11.440 I/dvm_lock_sample( 1594): [system_server,1,Binder:1594_18,11,ActivityManagerService.java,14474,void com.android.server.am.ActivityManagerService.publishService(android.os.IBinder, android.content.Intent, android.os.IBinder),-,14450,int com.android.server.am.ActivityManagerService.bindIsolatedService(android.app.IApplicationThread, android.os.IBinder, android.content.Intent, java.lang.String, android.app.IServiceConnection, int, java.lang.String, java.lang.String, int),2]
10-16 17:11:47.022 I/dvm_lock_sample( 1594): [system_server,1,NetworkPolicy.uid,11,ActivityManagerService.java,18347,void com.android.server.am.ActivityManagerService$LocalService.notifyNetworkPolicyRulesUpdated(int, long),-,14450,int com.android.server.am.ActivityManagerService.bindIsolatedService(android.app.IApplicationThread, android.os.IBinder, android.content.Intent, java.lang.String, android.app.IServiceConnection, int, java.lang.String, java.lang.String, int),2]
10-16 17:13:11.063 I/dvm_lock_sample( 1594): [system_server,1,Binder:1594_15,12,ActivityManagerService.java,8605,boolean com.android.server.am.ActivityManagerService.isUidActive(int, java.lang.String),-,5395,void com.android.server.am.ActivityManagerService.attachApplication(android.app.IApplicationThread, long),2]
10-16 17:16:39.885 I/dvm_lock_sample( 1594): [system_server,0,Binder:1594_1D,9,ActivityManagerService.java,14494,void com.android.server.am.ActivityManagerService.serviceDoneExecuting(android.os.IBinder, int, int, int),-,14450,int com.android.server.am.ActivityManagerService.bindIsolatedService(android.app.IApplicationThread, android.os.IBinder, android.content.Intent, java.lang.String, android.app.IServiceConnection, int, java.lang.String, java.lang.String, int),1]
10-16 17:20:48.311 I/dvm_lock_sample( 1594): [system_server,0,miui.fg,10,ActivityManagerService.java,5955,boolean com.android.server.am.ActivityManagerService.isAppBad(android.content.pm.ApplicationInfo),-,14494,void com.android.server.am.ActivityManagerService.serviceDoneExecuting(android.os.IBinder, int, int, int),2]
10-16 17:20:49.444 I/dvm_lock_sample( 1594): [system_server,1,Binder:1594_8,17,ActivityManagerService.java,6752,java.lang.String com.android.server.am.ActivityManagerService.checkContentProviderAccess(java.lang.String, int),-,5395,void com.android.server.am.ActivityManagerService.attachApplication(android.app.IApplicationThread, long),3]
10-16 17:24:16.019 I/dvm_lock_sample( 1594): [system_server,1,Binder:1594_13,6,ActivityManagerService.java,18411,boolean com.android.server.am.ActivityManagerService$LocalService.isUidActive(int),-,14494,void com.android.server.am.ActivityManagerService.serviceDoneExecuting(android.os.IBinder, int, int, int),1]
10-16 17:33:31.790 I/dvm_lock_sample( 1594): [system_server,1,Binder:1594_18,5,ActivityManagerService.java,14488,void com.android.server.am.ActivityManagerService.unbindFinished(android.os.IBinder, android.content.Intent, boolean),-,14463,boolean com.android.server.am.ActivityManagerService.unbindService(android.app.IServiceConnection),1]
10-16 17:37:04.022 I/dvm_lock_sample( 1594): [system_server,0,Binder:1594_F,5,ActivityManagerService.java,14494,void com.android.server.am.ActivityManagerService.serviceDoneExecuting(android.os.IBinder, int, int, int),-,14463,boolean com.android.server.am.ActivityManagerService.unbindService(android.app.IServiceConnection),1]
10-16 17:38:52.993 I/dvm_lock_sample( 1594): [system_server,1,Binder:1594_F,8,ActivityManagerService.java,14474,void com.android.server.am.ActivityManagerService.publishService(android.os.IBinder, android.content.Intent, android.os.IBinder),-,14450,int com.android.server.am.ActivityManagerService.bindIsolatedService(android.app.IApplicationThread, android.os.IBinder, android.content.Intent, java.lang.String, android.app.IServiceConnection, int, java.lang.String, java.lang.String, int),1]
10-16 17:53:44.357 I/dvm_lock_sample( 1594): [system_server,0,android.fg,38,ActivityManagerService.java,14450,int com.android.server.am.ActivityManagerService.bindIsolatedService(android.app.IApplicationThread, android.os.IBinder, android.content.Intent, java.lang.String, android.app.IServiceConnection, int, java.lang.String, java.lang.String, int),BroadcastQueue.java,984,void com.android.server.am.BroadcastQueue.processNextBroadcast(boolean, boolean),7]
10-16 17:53:46.443 I/notification_cancel_all( 1594): [1000,1594,com.idealinspecao.perueiroapp,0,0,0,5,NULL]
10-16 17:53:46.576 I/am_wtf  ( 1594): [0,1594,system_server,-1,PasspointManager,No app ops listener found for com.idealinspecao.perueiroapp]
10-16 17:53:48.046 I/dvm_lock_sample( 1594): [system_server,1,android.ui,18,ActivityManagerService.java,3378,void com.android.server.am.ActivityManagerService.dispatchUidsChanged(),-,1537,void com.android.server.am.ActivityManagerService$AppDeathRecipient.binderDied(),3]
10-16 17:54:00.424 I/dvm_lock_sample( 1594): [system_server,0,Binder:1594_D,5,ActivityManagerService.java,14494,void com.android.server.am.ActivityManagerService.serviceDoneExecuting(android.os.IBinder, int, int, int),-,14463,boolean com.android.server.am.ActivityManagerService.unbindService(android.app.IServiceConnection),1]
10-16 17:54:05.102 I/dvm_lock_sample( 1594): [system_server,1,android.ui,6,ActivityManagerService.java,3378,void com.android.server.am.ActivityManagerService.dispatchUidsChanged(),-,1537,void com.android.server.am.ActivityManagerService$AppDeathRecipient.binderDied(),1]
10-16 17:54:44.350 I/dvm_lock_sample( 1594): [system_server,0,miui.fg,10,ActivityManagerService.java,5955,boolean com.android.server.am.ActivityManagerService.isAppBad(android.content.pm.ApplicationInfo),-,14463,boolean com.android.server.am.ActivityManagerService.unbindService(android.app.IServiceConnection),2]
10-16 17:55:22.709 I/dvm_lock_sample( 1594): [system_server,1,android.anim,38,WindowAnimator.java,99,void com.android.server.wm.WindowAnimator.lambda$new$1$WindowAnimator(long),ActivityTaskManagerService.java,1755,void com.android.server.wm.ActivityTaskManagerService.activityPaused(android.os.IBinder),7]
10-16 17:55:23.635 I/dvm_lock_sample( 1594): [system_server,1,android.ui,29,ActivityManagerService.java,3432,void com.android.server.am.ActivityManagerService.dispatchUidsChanged(),-,5395,void com.android.server.am.ActivityManagerService.attachApplication(android.app.IApplicationThread, long),5]
10-16 17:55:23.677 I/sysui_multi_action( 1594): [757,147,758,4,759,1,806,com.idealinspecao.perueiroapp]
10-16 17:55:23.832 I/dvm_lock_sample( 1594): [system_server,1,Binder:1594_C,13,ActivityManagerService.java,6752,java.lang.String com.android.server.am.ActivityManagerService.checkContentProviderAccess(java.lang.String, int),-,14450,int com.android.server.am.ActivityManagerService.bindIsolatedService(android.app.IApplicationThread, android.os.IBinder, android.content.Intent, java.lang.String, android.app.IServiceConnection, int, java.lang.String, java.lang.String, int),2]
10-16 17:55:23.952 I/dvm_lock_sample( 1594): [system_server,1,Binder:1594_6,14,ActivityManagerService.java,14463,boolean com.android.server.am.ActivityManagerService.unbindService(android.app.IServiceConnection),-,14285,android.content.ComponentName com.android.server.am.ActivityManagerService.startService(android.app.IApplicationThread, android.content.Intent, java.lang.String, boolean, java.lang.String, int),2]
10-16 17:55:24.002 I/dvm_lock_sample( 1594): [system_server,1,Binder:1594_10,26,ActivityManagerService.java,6978,android.app.ContentProviderHolder com.android.server.am.ActivityManagerService.getContentProviderImpl(android.app.IApplicationThread, java.lang.String, android.os.IBinder, int, java.lang.String, java.lang.String, boolean, int),-,14463,boolean com.android.server.am.ActivityManagerService.unbindService(android.app.IServiceConnection),5]
10-16 17:55:24.407 I/notification_cancel_all( 1594): [1000,1594,com.idealinspecao.perueiroapp,0,0,0,5,NULL]
10-16 17:55:24.618 I/am_create_activity( 1594): [0,265039869,1529,com.idealinspecao.perueiroapp/.MainActivity,NULL,NULL,NULL,268435456]
10-16 17:55:24.671 I/dvm_lock_sample( 1594): [system_server,1,Binder:1594_11,27,ActivityManagerService.java,14463,boolean com.android.server.am.ActivityManagerService.unbindService(android.app.IServiceConnection),-,14310,int com.android.server.am.ActivityManagerService.stopService(android.app.IApplicationThread, android.content.Intent, java.lang.String, int),5]
10-16 17:55:24.863 I/am_proc_start( 1594): [0,19988,11378,com.idealinspecao.perueiroapp,activity,{com.idealinspecao.perueiroapp/com.idealinspecao.perueiroapp.MainActivity}]
10-16 17:55:25.165 I/am_proc_bound( 1594): [0,19988,com.idealinspecao.perueiroapp]
10-16 17:55:25.173 I/am_restart_activity( 1594): [0,265039869,1529,com.idealinspecao.perueiroapp/.MainActivity,19988]
10-16 17:55:25.174 I/am_set_resumed_activity( 1594): [0,com.idealinspecao.perueiroapp/.MainActivity,minimalResumeActivityLocked]
10-16 17:55:26.034 I/dvm_lock_sample( 1594): [system_server,1,android.ui,45,ActivityManagerService.java,3378,void com.android.server.am.ActivityManagerService.dispatchUidsChanged(),-,14450,int com.android.server.am.ActivityManagerService.bindIsolatedService(android.app.IApplicationThread, android.os.IBinder, android.content.Intent, java.lang.String, android.app.IServiceConnection, int, java.lang.String, java.lang.String, int),9]
10-16 17:55:26.651 I/sysui_multi_action( 1594): [757,147,758,4,759,1,806,com.idealinspecao.perueiroapp]
10-16 17:55:27.111 I/dvm_lock_sample( 1594): [system_server,1,Binder:1594_8,8,ProcessManagerService.java,1704,java.util.List com.android.server.am.ProcessManagerService.getRunningProcessInfo(int, int, java.lang.String, java.lang.String, int),ActivityManagerService.java,1537,void com.android.server.am.ActivityManagerService$AppDeathRecipient.binderDied(),1]
10-16 17:55:28.051 I/dvm_lock_sample( 1594): [system_server,1,Binder:1594_1E,16,ActivityManagerService.java,1537,void com.android.server.am.ActivityManagerService$AppDeathRecipient.binderDied(),-,14450,int com.android.server.am.ActivityManagerService.bindIsolatedService(android.app.IApplicationThread, android.os.IBinder, android.content.Intent, java.lang.String, android.app.IServiceConnection, int, java.lang.String, java.lang.String, int),3]
10-16 17:55:28.487 I/dvm_lock_sample( 1594): [system_server,1,android.ui,5,ActivityManagerService.java,3378,void com.android.server.am.ActivityManagerService.dispatchUidsChanged(),-,14463,boolean com.android.server.am.ActivityManagerService.unbindService(android.app.IServiceConnection),1]
10-16 17:55:29.698 I/dvm_lock_sample( 1594): [system_server,0,android.bg,33,ActivityManagerService.java,2043,void com.android.server.am.ActivityManagerService$5.handleMessage(android.os.Message),-,1537,void com.android.server.am.ActivityManagerService$AppDeathRecipient.binderDied(),6]
10-16 17:55:30.426 I/am_lifecycle_sample(19988): [0,com.idealinspecao.perueiroapp,110,5201]
10-16 17:55:30.641 I/am_on_create_called(19988): [0,com.idealinspecao.perueiroapp.MainActivity,performCreate,101]
10-16 17:55:30.656 I/am_on_start_called(19988): [0,com.idealinspecao.perueiroapp.MainActivity,handleStartActivity,1]
10-16 17:55:30.660 I/am_on_resume_called(19988): [0,com.idealinspecao.perueiroapp.MainActivity,RESUME_ACTIVITY,1]
10-16 17:55:30.734 I/am_on_top_resumed_gained_called(19988): [0,com.idealinspecao.perueiroapp.MainActivity,topStateChangedWhenResumed]
10-16 17:55:32.742 I/sysui_multi_action( 1594): [319,633,321,150,322,8159,325,1002508,757,761,758,7,759,1,806,com.idealinspecao.perueiroapp,871,com.idealinspecao.perueiroapp.MainActivity,904,com.android.shell,905,0,945,586,1320,12,1321,1]
10-16 17:55:32.746 I/am_activity_launch_time( 1594): [0,265039869,com.idealinspecao.perueiroapp/.MainActivity,8159]
10-16 17:55:37.308 I/am_pss  ( 1594): [19988,11378,com.idealinspecao.perueiroapp,134248448,124243968,203776,215613440,0,2,19]
10-16 17:55:50.699 I/am_pss  ( 1594): [19988,11378,com.idealinspecao.perueiroapp,144240640,132947968,202752,227930112,0,2,21]
10-16 17:56:41.570 I/dvm_lock_sample( 1594): [system_server,1,ActivityManager,6,BroadcastQueue.java,984,void com.android.server.am.BroadcastQueue.processNextBroadcast(boolean, boolean),ActivityManagerService.java,6978,android.app.ContentProviderHolder com.android.server.am.ActivityManagerService.getContentProviderImpl(android.app.IApplicationThread, java.lang.String, android.os.IBinder, int, java.lang.String, java.lang.String, boolean, int),1]
10-16 17:56:44.452 I/am_on_top_resumed_lost_called(19988): [0,com.idealinspecao.perueiroapp.MainActivity,topStateChangedWhenResumed]
10-16 17:56:44.455 I/am_pause_activity( 1594): [19988,265039869,com.idealinspecao.perueiroapp/.MainActivity,userLeaving=true]
10-16 17:56:44.458 I/am_add_to_stopping( 1594): [0,265039869,com.idealinspecao.perueiroapp/.MainActivity,makeInvisible]
10-16 17:56:44.467 I/am_on_paused_called(19988): [0,com.idealinspecao.perueiroapp.MainActivity,performPause,0]
10-16 17:56:44.901 I/am_stop_activity( 1594): [0,265039869,com.idealinspecao.perueiroapp/.MainActivity]
10-16 17:56:44.945 I/am_on_stop_called(19988): [0,com.idealinspecao.perueiroapp.MainActivity,STOP_ACTIVITY_ITEM,0]
10-16 17:56:45.511 I/sysui_multi_action( 2131): [757,289,758,4,806,ComponentInfo{com.idealinspecao.perueiroapp/com.idealinspecao.perueiroapp.MainActivity}]
10-16 17:56:45.517 I/am_finish_activity( 1594): [19988,265039869,1529,com.idealinspecao.perueiroapp/.MainActivity,remove-task]
10-16 17:56:45.517 I/am_destroy_activity( 1594): [19988,265039869,1529,com.idealinspecao.perueiroapp/.MainActivity,finish-imm:finishActivityLocked]
10-16 17:56:45.525 I/am_kill ( 1594): [0,19988,com.idealinspecao.perueiroapp,700,SwipeUpClean]
10-16 17:56:45.640 I/am_proc_died( 1594): [0,19988,com.idealinspecao.perueiroapp,700,16]
10-16 18:08:47.923 I/dvm_lock_sample( 1594): [system_server,0,Binder:1594_1D,8,ActivityManagerService.java,14494,void com.android.server.am.ActivityManagerService.serviceDoneExecuting(android.os.IBinder, int, int, int),-,14463,boolean com.android.server.am.ActivityManagerService.unbindService(android.app.IServiceConnection),1]
10-16 18:12:02.754 I/dvm_lock_sample( 1594): [system_server,0,Binder:1594_19,6,ActivityManagerService.java,14494,void com.android.server.am.ActivityManagerService.serviceDoneExecuting(android.os.IBinder, int, int, int),-,14463,boolean com.android.server.am.ActivityManagerService.unbindService(android.app.IServiceConnection),1]
10-16 18:16:54.688 I/dvm_lock_sample( 1594): [system_server,1,android.ui,6,ActivityManagerService.java,3378,void com.android.server.am.ActivityManagerService.dispatchUidsChanged(),-,14450,int com.android.server.am.ActivityManagerService.bindIsolatedService(android.app.IApplicationThread, android.os.IBinder, android.content.Intent, java.lang.String, android.app.IServiceConnection, int, java.lang.String, java.lang.String, int),1]
10-16 18:16:56.277 I/dvm_lock_sample( 1594): [system_server,0,Binder:1594_1E,5,ActivityManagerService.java,14494,void com.android.server.am.ActivityManagerService.serviceDoneExecuting(android.os.IBinder, int, int, int),-,14463,boolean com.android.server.am.ActivityManagerService.unbindService(android.app.IServiceConnection),1]
10-16 18:23:32.458 I/dvm_lock_sample( 1594): [system_server,0,Binder:1594_8,5,ActivityManagerService.java,14494,void com.android.server.am.ActivityManagerService.serviceDoneExecuting(android.os.IBinder, int, int, int),-,14450,int com.android.server.am.ActivityManagerService.bindIsolatedService(android.app.IApplicationThread, android.os.IBinder, android.content.Intent, java.lang.String, android.app.IServiceConnection, int, java.lang.String, java.lang.String, int),1]
10-16 18:24:19.507 I/dvm_lock_sample( 1594): [system_server,1,Binder:1594_1E,6,ActivityManagerService.java,14474,void com.android.server.am.ActivityManagerService.publishService(android.os.IBinder, android.content.Intent, android.os.IBinder),-,14450,int com.android.server.am.ActivityManagerService.bindIsolatedService(android.app.IApplicationThread, android.os.IBinder, android.content.Intent, java.lang.String, android.app.IServiceConnection, int, java.lang.String, java.lang.String, int),1]
10-16 18:25:19.654 I/dvm_lock_sample( 1594): [system_server,1,Binder:1594_20,10,ProcessManagerService.java,1704,java.util.List com.android.server.am.ProcessManagerService.getRunningProcessInfo(int, int, java.lang.String, java.lang.String, int),ActivityManagerService.java,1537,void com.android.server.am.ActivityManagerService$AppDeathRecipient.binderDied(),2]
10-16 18:25:24.896 I/auditd  ( 1594): type=1400 audit(0.0:156606): avc: denied { getpgid } for comm="ActivityManager" scontext=u:r:system_server:s0 tcontext=u:r:app_zygote:s0:c512,c768 tclass=process permissive=0
10-16 18:25:24.906 I/auditd  ( 1594): type=1400 audit(0.0:156610): avc: denied { getpgid } for comm="ActivityManager" scontext=u:r:system_server:s0 tcontext=u:r:app_zygote:s0:c512,c768 tclass=process permissive=0
10-16 18:28:02.197 I/notification_cancel_all( 1594): [1000,1594,com.idealinspecao.perueiroapp,0,0,0,5,NULL]
10-16 18:28:02.531 I/am_wtf  ( 1594): [0,1594,system_server,-1,PasspointManager,No app ops listener found for com.idealinspecao.perueiroapp]
