10-13 23:28:55.046 I/dvm_lock_sample( 1594): [system_server,1,android.display,855,TaskChangeNotificationController.java,176,void com.android.server.wm.TaskChangeNotificationController$MainHandler.handleMessage(android.os.Message),ActivityTaskManagerService.java,6942,void com.android.server.wm.ActivityTaskManagerService$LocalService.handleAppDied(com.android.server.wm.WindowProcessController, boolean, java.lang.Runnable),100]
10-13 23:28:55.048 I/dvm_lock_sample( 1594): [system_server,1,android.anim,854,InputMonitor.java,120,void com.android.server.wm.InputMonitor$1.run(),ActivityTaskManagerService.java,6942,void com.android.server.wm.ActivityTaskManagerService$LocalService.handleAppDied(com.android.server.wm.WindowProcessController, boolean, java.lang.Runnable),100]
10-13 23:28:55.050 I/dvm_lock_sample( 1594): [system_server,1,Binder:1594_4,689,Session.java,146,void com.android.server.wm.Session.binderDied(),ActivityTaskManagerService.java,6942,void com.android.server.wm.ActivityTaskManagerService$LocalService.handleAppDied(com.android.server.wm.WindowProcessController, boolean, java.lang.Runnable),100]
10-13 23:28:55.092 I/dvm_lock_sample( 1594): [system_server,1,android.ui,892,ActivityManagerService.java,3378,void com.android.server.am.ActivityManagerService.dispatchUidsChanged(),-,1777,void com.android.server.am.ActivityManagerService$MainHandler.handleMessage(android.os.Message),100]
10-13 23:28:55.146 I/dvm_lock_sample( 1594): [system_server,0,PackageManager,13,ActivityManagerService.java,15989,int com.android.server.am.ActivityManagerService.broadcastIntent(android.app.IApplicationThread, android.content.Intent, java.lang.String, android.content.IIntentReceiver, int, java.lang.String, android.os.Bundle, java.lang.String[], int, android.os.Bundle, boolean, boolean, int),-,18291,void com.android.server.am.ActivityManagerService$LocalService.updateDeviceIdleTempWhitelist(int[], int, boolean),2]
10-13 23:28:55.148 I/notification_cancel_all( 1594): [1000,1594,com.idealinspecao.perueiroapp,0,0,0,5,NULL]
10-13 23:28:55.221 I/dvm_lock_sample( 1594): [system_server,1,ActivityManager,14,BroadcastQueue.java,984,void com.android.server.am.BroadcastQueue.processNextBroadcast(boolean, boolean),ActivityManagerService.java,15989,int com.android.server.am.ActivityManagerService.broadcastIntent(android.app.IApplicationThread, android.content.Intent, java.lang.String, android.content.IIntentReceiver, int, java.lang.String, android.os.Bundle, java.lang.String[], int, android.os.Bundle, boolean, boolean, int),2]
10-13 23:28:55.350 I/dvm_lock_sample( 1594): [system_server,1,android.ui,64,ActivityManagerService.java,3378,void com.android.server.am.ActivityManagerService.dispatchUidsChanged(),-,14285,android.content.ComponentName com.android.server.am.ActivityManagerService.startService(android.app.IApplicationThread, android.content.Intent, java.lang.String, boolean, java.lang.String, int),12]
10-13 23:28:55.360 I/dvm_lock_sample( 1594): [system_server,1,Binder:1594_14,69,ActivityManagerService.java,5395,void com.android.server.am.ActivityManagerService.attachApplication(android.app.IApplicationThread, long),-,14285,android.content.ComponentName com.android.server.am.ActivityManagerService.startService(android.app.IApplicationThread, android.content.Intent, java.lang.String, boolean, java.lang.String, int),13]
10-13 23:28:55.451 I/sysui_multi_action( 1594): [757,147,758,4,759,1,806,com.idealinspecao.perueiroapp]
10-13 23:28:56.146 I/am_create_activity( 1594): [0,251469373,1369,com.idealinspecao.perueiroapp/.MainActivity,NULL,NULL,NULL,268435456]
10-13 23:28:56.186 I/dvm_lock_sample( 1594): [system_server,1,Binder:1594_C,104,ActivityManagerService.java,6752,java.lang.String com.android.server.am.ActivityManagerService.checkContentProviderAccess(java.lang.String, int),-,6978,android.app.ContentProviderHolder com.android.server.am.ActivityManagerService.getContentProviderImpl(android.app.IApplicationThread, java.lang.String, android.os.IBinder, int, java.lang.String, java.lang.String, boolean, int),20]
10-13 23:28:56.198 I/dvm_lock_sample( 1594): [system_server,1,Binder:1594_1,101,ActivityManagerService.java,14791,android.content.Intent com.android.server.am.ActivityManagerService.registerReceiver(android.app.IApplicationThread, java.lang.String, android.content.IIntentReceiver, android.content.IntentFilter, java.lang.String, int, int),-,6978,android.app.ContentProviderHolder com.android.server.am.ActivityManagerService.getContentProviderImpl(android.app.IApplicationThread, java.lang.String, android.os.IBinder, int, java.lang.String, java.lang.String, boolean, int),20]
10-13 23:28:56.248 I/dvm_lock_sample( 1594): [system_server,1,Binder:1594_14,40,ActivityManagerService.java,14791,android.content.Intent com.android.server.am.ActivityManagerService.registerReceiver(android.app.IApplicationThread, java.lang.String, android.content.IIntentReceiver, android.content.IntentFilter, java.lang.String, int, int),-,14450,int com.android.server.am.ActivityManagerService.bindIsolatedService(android.app.IApplicationThread, android.os.IBinder, android.content.Intent, java.lang.String, android.app.IServiceConnection, int, java.lang.String, java.lang.String, int),8]
10-13 23:28:56.303 I/am_proc_start( 1594): [0,15210,11370,com.idealinspecao.perueiroapp,activity,{com.idealinspecao.perueiroapp/com.idealinspecao.perueiroapp.MainActivity}]
10-13 23:28:56.429 I/am_proc_bound( 1594): [0,15210,com.idealinspecao.perueiroapp]
10-13 23:28:56.436 I/am_restart_activity( 1594): [0,251469373,1369,com.idealinspecao.perueiroapp/.MainActivity,15210]
10-13 23:28:56.438 I/am_set_resumed_activity( 1594): [0,com.idealinspecao.perueiroapp/.MainActivity,minimalResumeActivityLocked]
10-13 23:28:56.986 I/dvm_lock_sample( 1594): [system_server,0,Binder:1594_7,74,ActivityManagerService.java,14494,void com.android.server.am.ActivityManagerService.serviceDoneExecuting(android.os.IBinder, int, int, int),-,14450,int com.android.server.am.ActivityManagerService.bindIsolatedService(android.app.IApplicationThread, android.os.IBinder, android.content.Intent, java.lang.String, android.app.IServiceConnection, int, java.lang.String, java.lang.String, int),14]
10-13 23:28:57.583 I/notification_cancel_all( 1594): [1000,1594,com.idealinspecao.perueiroapp,0,0,0,5,NULL]
10-13 23:28:57.589 I/dvm_lock_sample( 1594): [system_server,0,Binder:1594_1D,19,ActivityManagerService.java,14494,void com.android.server.am.ActivityManagerService.serviceDoneExecuting(android.os.IBinder, int, int, int),-,14450,int com.android.server.am.ActivityManagerService.bindIsolatedService(android.app.IApplicationThread, android.os.IBinder, android.content.Intent, java.lang.String, android.app.IServiceConnection, int, java.lang.String, java.lang.String, int),3]
10-13 23:29:01.110 I/am_lifecycle_sample(15210): [0,com.idealinspecao.perueiroapp,110,4637]
10-13 23:29:01.362 I/am_on_create_called(15210): [0,com.idealinspecao.perueiroapp.MainActivity,performCreate,110]
10-13 23:29:01.377 I/am_on_start_called(15210): [0,com.idealinspecao.perueiroapp.MainActivity,handleStartActivity,0]
10-13 23:29:01.380 I/am_on_resume_called(15210): [0,com.idealinspecao.perueiroapp.MainActivity,RESUME_ACTIVITY,1]
10-13 23:29:01.421 I/am_on_top_resumed_gained_called(15210): [0,com.idealinspecao.perueiroapp.MainActivity,topStateChangedWhenResumed]
10-13 23:29:03.409 I/sysui_multi_action( 1594): [319,430,321,236,322,7364,325,769606,757,761,758,7,759,1,806,com.idealinspecao.perueiroapp,871,com.idealinspecao.perueiroapp.MainActivity,904,com.android.shell,905,0,945,387,1320,12,1321,1]
10-13 23:29:03.411 I/am_activity_launch_time( 1594): [0,251469373,com.idealinspecao.perueiroapp/.MainActivity,7364]
10-13 23:29:06.533 I/am_pss  ( 1594): [15210,11370,com.idealinspecao.perueiroapp,126749696,119402496,174080,214663168,0,2,15]
10-13 23:29:18.153 I/am_pss  ( 1594): [15210,11370,com.idealinspecao.perueiroapp,126081024,118779904,174080,213590016,0,2,21]
10-13 23:31:22.067 I/am_pss  ( 1594): [15210,11370,com.idealinspecao.perueiroapp,132387840,124600320,176128,220954624,0,2,21]
10-13 23:32:55.694 I/am_pss  ( 1594): [15210,11370,com.idealinspecao.perueiroapp,138249216,130052096,176128,225722368,0,2,17]
10-13 23:35:15.753 I/am_pss  ( 1594): [15210,11370,com.idealinspecao.perueiroapp,133912576,125632512,176128,221675520,0,2,21]
10-13 23:37:02.111 I/dvm_lock_sample( 1594): [system_server,1,Binder:1594_F,11,ActivityManagerService.java,1537,void com.android.server.am.ActivityManagerService$AppDeathRecipient.binderDied(),-,14450,int com.android.server.am.ActivityManagerService.bindIsolatedService(android.app.IApplicationThread, android.os.IBinder, android.content.Intent, java.lang.String, android.app.IServiceConnection, int, java.lang.String, java.lang.String, int),2]
10-13 23:38:53.012 I/am_pss  ( 1594): [15210,11370,com.idealinspecao.perueiroapp,131770368,123834368,176128,217079808,0,2,16]
10-13 23:42:30.486 I/dvm_lock_sample( 1594): [system_server,1,Binder:1594_18,13,ActivityManagerService.java,14463,boolean com.android.server.am.ActivityManagerService.unbindService(android.app.IServiceConnection),-,14450,int com.android.server.am.ActivityManagerService.bindIsolatedService(android.app.IApplicationThread, android.os.IBinder, android.content.Intent, java.lang.String, android.app.IServiceConnection, int, java.lang.String, java.lang.String, int),2]
10-13 23:42:32.591 I/dvm_lock_sample( 1594): [system_server,1,Binder:1594_8,17,ActivityManagerService.java,14450,int com.android.server.am.ActivityManagerService.bindIsolatedService(android.app.IApplicationThread, android.os.IBinder, android.content.Intent, java.lang.String, android.app.IServiceConnection, int, java.lang.String, java.lang.String, int),-,14463,boolean com.android.server.am.ActivityManagerService.unbindService(android.app.IServiceConnection),3]
10-13 23:42:32.653 I/dvm_lock_sample( 1594): [system_server,1,android.ui,6,ActivityManagerService.java,3272,void com.android.server.am.ActivityManagerService.dispatchProcessesChanged(),-,14285,android.content.ComponentName com.android.server.am.ActivityManagerService.startService(android.app.IApplicationThread, android.content.Intent, java.lang.String, boolean, java.lang.String, int),1]
10-13 23:42:34.299 I/am_pss  ( 1594): [15210,11370,com.idealinspecao.perueiroapp,140694528,132407296,176128,222965760,0,2,16]
10-13 23:50:10.122 I/am_pss  ( 1594): [15210,11370,com.idealinspecao.perueiroapp,148145152,139382784,176128,231137280,0,2,21]
10-13 23:51:52.181 I/dvm_lock_sample( 1594): [system_server,1,Binder:1594_19,13,ActivityManagerService.java,15989,int com.android.server.am.ActivityManagerService.broadcastIntent(android.app.IApplicationThread, android.content.Intent, java.lang.String, android.content.IIntentReceiver, int, java.lang.String, android.os.Bundle, java.lang.String[], int, android.os.Bundle, boolean, boolean, int),-,14463,boolean com.android.server.am.ActivityManagerService.unbindService(android.app.IServiceConnection),2]
10-13 23:52:51.838 I/am_pause_activity( 1594): [15210,251469373,com.idealinspecao.perueiroapp/.MainActivity,userLeaving=true]
10-13 23:52:51.839 I/am_on_top_resumed_lost_called(15210): [0,com.idealinspecao.perueiroapp.MainActivity,topStateChangedWhenResumed]
10-13 23:52:51.841 I/am_add_to_stopping( 1594): [0,251469373,com.idealinspecao.perueiroapp/.MainActivity,makeInvisible]
10-13 23:52:51.851 I/am_on_paused_called(15210): [0,com.idealinspecao.perueiroapp.MainActivity,performPause,0]
10-13 23:52:52.308 I/am_stop_activity( 1594): [0,251469373,com.idealinspecao.perueiroapp/.MainActivity]
10-13 23:52:52.335 I/am_on_stop_called(15210): [0,com.idealinspecao.perueiroapp.MainActivity,STOP_ACTIVITY_ITEM,0]
10-13 23:52:53.054 I/sysui_multi_action( 2131): [757,289,758,4,806,ComponentInfo{com.idealinspecao.perueiroapp/com.idealinspecao.perueiroapp.MainActivity}]
10-13 23:52:53.076 I/am_finish_activity( 1594): [15210,251469373,1369,com.idealinspecao.perueiroapp/.MainActivity,remove-task]
10-13 23:52:53.076 I/am_destroy_activity( 1594): [15210,251469373,1369,com.idealinspecao.perueiroapp/.MainActivity,finish-imm:finishActivityLocked]
10-13 23:52:53.123 I/am_kill ( 1594): [0,15210,com.idealinspecao.perueiroapp,905,SwipeUpClean]
10-13 23:52:53.301 I/am_proc_died( 1594): [0,15210,com.idealinspecao.perueiroapp,905,20]
10-13 23:58:00.709 I/dvm_lock_sample( 1594): [system_server,1,Binder:1594_1,15,ActivityManagerService.java,8605,boolean com.android.server.am.ActivityManagerService.isUidActive(int, java.lang.String),-,14463,boolean com.android.server.am.ActivityManagerService.unbindService(android.app.IServiceConnection),3]
10-14 00:13:01.185 I/dvm_lock_sample( 1594): [system_server,1,Binder:1594_7,11,ActivityManagerService.java,6752,java.lang.String com.android.server.am.ActivityManagerService.checkContentProviderAccess(java.lang.String, int),-,14450,int com.android.server.am.ActivityManagerService.bindIsolatedService(android.app.IApplicationThread, android.os.IBinder, android.content.Intent, java.lang.String, android.app.IServiceConnection, int, java.lang.String, java.lang.String, int),2]
10-14 00:21:52.622 I/dvm_lock_sample( 1594): [system_server,1,android.anim,10,WindowSurfacePlacer.java,61,void com.android.server.wm.WindowSurfacePlacer.lambda$new$0$WindowSurfacePlacer(),ActivityTaskManagerService.java,4006,void com.android.server.wm.ActivityTaskManagerService.keyguardGoingAway(int),2]
10-14 00:23:04.638 I/dvm_lock_sample( 1594): [system_server,1,main,7,BroadcastDispatcher.java,186,void com.android.server.am.BroadcastDispatcher$1.broadcastAlarmComplete(int),ActivityManagerService.java,16095,void com.android.server.am.ActivityManagerService.finishReceiver(android.os.IBinder, int, java.lang.String, android.os.Bundle, boolean, int),1]
10-14 00:35:11.337 I/dvm_lock_sample( 1594): [system_server,1,Binder:1594_17,5,ActivityManagerService.java,8605,boolean com.android.server.am.ActivityManagerService.isUidActive(int, java.lang.String),-,16095,void com.android.server.am.ActivityManagerService.finishReceiver(android.os.IBinder, int, java.lang.String, android.os.Bundle, boolean, int),1]
10-14 00:37:21.697 I/dvm_lock_sample( 1594): [system_server,1,Binder:1594_20,16,WindowProcessUtils.java,293,void com.android.server.wm.WindowProcessUtils.removeTask(int, com.android.server.wm.ActivityTaskManagerService),ActivityStarter.java,1313,int com.android.server.wm.ActivityStarter.startActivityMayWait(android.app.IApplicationThread, int, java.lang.String, int, int, android.content.Intent, java.lang.String, android.service.voice.IVoiceInteractionSession, com.android.internal.app.IVoiceInteractor, android.os.IBinder, java.lang.String, int, int, android.app.ProfilerInfo, android.app.WaitResult, android.content.res.Configuration, com.android.server.wm.SafeActivityOptions, boolean, int, com.android.server.wm.TaskRecord, java.lang.String, boolean, com.android.server.am.PendingIntentRecord, boolean),3]
10-14 00:37:21.729 I/dvm_lock_sample( 1594): [system_server,1,Binder:1594_19,16,ActivityManagerService.java,14450,int com.android.server.am.ActivityManagerService.bindIsolatedService(android.app.IApplicationThread, android.os.IBinder, android.content.Intent, java.lang.String, android.app.IServiceConnection, int, java.lang.String, java.lang.String, int),ProcessRecord.java,1358,void com.android.server.am.ProcessRecord.updateProcessInfo(boolean, boolean, boolean),3]
10-14 00:37:21.828 I/dvm_lock_sample( 1594): [system_server,1,android.display,5,WindowManagerService.java,5370,void com.android.server.wm.WindowManagerService$H.handleMessage(android.os.Message),ActivityTaskManagerService.java,2648,java.util.List com.android.server.wm.ActivityTaskManagerService.getFilteredTasks(int, int, int),1]
10-14 00:49:17.019 I/dvm_lock_sample( 1594): [system_server,1,android.ui,26,ActivityManagerService.java,3378,void com.android.server.am.ActivityManagerService.dispatchUidsChanged(),-,14450,int com.android.server.am.ActivityManagerService.bindIsolatedService(android.app.IApplicationThread, android.os.IBinder, android.content.Intent, java.lang.String, android.app.IServiceConnection, int, java.lang.String, java.lang.String, int),5]
10-14 00:49:31.823 I/dvm_lock_sample( 1594): [system_server,1,Binder:1594_19,11,ActivityManagerService.java,14450,int com.android.server.am.ActivityManagerService.bindIsolatedService(android.app.IApplicationThread, android.os.IBinder, android.content.Intent, java.lang.String, android.app.IServiceConnection, int, java.lang.String, java.lang.String, int),-,17671,void com.android.server.am.ActivityManagerService.trimApplications(java.lang.String),2]
10-14 01:10:20.121 I/dvm_lock_sample( 1594): [system_server,1,Binder:1594_1C,5,ActivityManagerService.java,14488,void com.android.server.am.ActivityManagerService.unbindFinished(android.os.IBinder, android.content.Intent, boolean),-,14463,boolean com.android.server.am.ActivityManagerService.unbindService(android.app.IServiceConnection),1]
10-14 01:14:29.226 I/dvm_lock_sample( 1594): [system_server,1,android.ui,7,ActivityManagerService.java,3378,void com.android.server.am.ActivityManagerService.dispatchUidsChanged(),-,14450,int com.android.server.am.ActivityManagerService.bindIsolatedService(android.app.IApplicationThread, android.os.IBinder, android.content.Intent, java.lang.String, android.app.IServiceConnection, int, java.lang.String, java.lang.String, int),1]
10-14 01:21:03.466 I/dvm_lock_sample( 1594): [system_server,1,Binder:1594_F,6,ActivityManagerService.java,14335,boolean com.android.server.am.ActivityManagerService.stopServiceToken(android.content.ComponentName, android.os.IBinder, int),-,14450,int com.android.server.am.ActivityManagerService.bindIsolatedService(android.app.IApplicationThread, android.os.IBinder, android.content.Intent, java.lang.String, android.app.IServiceConnection, int, java.lang.String, java.lang.String, int),1]
10-14 01:42:32.646 I/dvm_lock_sample( 1594): [system_server,0,android.bg,11,ActivityManagerService.java,1964,void com.android.server.am.ActivityManagerService$5.handleMessage(android.os.Message),-,14450,int com.android.server.am.ActivityManagerService.bindIsolatedService(android.app.IApplicationThread, android.os.IBinder, android.content.Intent, java.lang.String, android.app.IServiceConnection, int, java.lang.String, java.lang.String, int),2]
10-14 01:56:23.027 I/dvm_lock_sample( 1594): [system_server,0,Binder:1594_1B,14,ActivityManagerService.java,14494,void com.android.server.am.ActivityManagerService.serviceDoneExecuting(android.os.IBinder, int, int, int),-,14463,boolean com.android.server.am.ActivityManagerService.unbindService(android.app.IServiceConnection),2]
10-14 01:56:23.116 I/dvm_lock_sample( 1594): [system_server,1,Binder:1594_C,6,ActivityManagerService.java,5827,java.lang.String com.android.server.am.ActivityManagerService.getTagForIntentSender(android.content.IIntentSender, java.lang.String),-,14450,int com.android.server.am.ActivityManagerService.bindIsolatedService(android.app.IApplicationThread, android.os.IBinder, android.content.Intent, java.lang.String, android.app.IServiceConnection, int, java.lang.String, java.lang.String, int),1]
10-14 01:56:23.126 I/dvm_lock_sample( 1594): [system_server,1,Binder:1594_19,14,ActivityManagerService.java,14791,android.content.Intent com.android.server.am.ActivityManagerService.registerReceiver(android.app.IApplicationThread, java.lang.String, android.content.IIntentReceiver, android.content.IntentFilter, java.lang.String, int, int),-,14450,int com.android.server.am.ActivityManagerService.bindIsolatedService(android.app.IApplicationThread, android.os.IBinder, android.content.Intent, java.lang.String, android.app.IServiceConnection, int, java.lang.String, java.lang.String, int),2]
10-14 01:56:23.876 I/dvm_lock_sample( 1594): [system_server,1,Binder:1594_C,9,ActivityManagerService.java,6978,android.app.ContentProviderHolder com.android.server.am.ActivityManagerService.getContentProviderImpl(android.app.IApplicationThread, java.lang.String, android.os.IBinder, int, java.lang.String, java.lang.String, boolean, int),-,14285,android.content.ComponentName com.android.server.am.ActivityManagerService.startService(android.app.IApplicationThread, android.content.Intent, java.lang.String, boolean, java.lang.String, int),1]
10-14 01:56:23.881 I/dvm_lock_sample( 1594): [system_server,1,Binder:1594_1C,12,ActivityManagerService.java,14450,int com.android.server.am.ActivityManagerService.bindIsolatedService(android.app.IApplicationThread, android.os.IBinder, android.content.Intent, java.lang.String, android.app.IServiceConnection, int, java.lang.String, java.lang.String, int),-,14463,boolean com.android.server.am.ActivityManagerService.unbindService(android.app.IServiceConnection),2]
10-14 01:56:23.891 I/dvm_lock_sample( 1594): [system_server,0,Binder:1594_1A,19,ActivityManagerService.java,14494,void com.android.server.am.ActivityManagerService.serviceDoneExecuting(android.os.IBinder, int, int, int),-,14463,boolean com.android.server.am.ActivityManagerService.unbindService(android.app.IServiceConnection),3]
10-14 01:56:24.485 I/dvm_lock_sample( 1594): [system_server,1,Binder:1594_1B,5,ActivityManagerService.java,5827,java.lang.String com.android.server.am.ActivityManagerService.getTagForIntentSender(android.content.IIntentSender, java.lang.String),-,14450,int com.android.server.am.ActivityManagerService.bindIsolatedService(android.app.IApplicationThread, android.os.IBinder, android.content.Intent, java.lang.String, android.app.IServiceConnection, int, java.lang.String, java.lang.String, int),1]
10-14 01:56:24.832 I/dvm_lock_sample( 1594): [system_server,1,Binder:1594_1B,7,ActivityManagerService.java,14488,void com.android.server.am.ActivityManagerService.unbindFinished(android.os.IBinder, android.content.Intent, boolean),-,14450,int com.android.server.am.ActivityManagerService.bindIsolatedService(android.app.IApplicationThread, android.os.IBinder, android.content.Intent, java.lang.String, android.app.IServiceConnection, int, java.lang.String, java.lang.String, int),1]
10-14 01:56:25.625 I/dvm_lock_sample( 1594): [system_server,0,Binder:1594_B,12,ActivityManagerService.java,14494,void com.android.server.am.ActivityManagerService.serviceDoneExecuting(android.os.IBinder, int, int, int),-,14450,int com.android.server.am.ActivityManagerService.bindIsolatedService(android.app.IApplicationThread, android.os.IBinder, android.content.Intent, java.lang.String, android.app.IServiceConnection, int, java.lang.String, java.lang.String, int),2]
10-14 01:56:36.407 I/dvm_lock_sample( 1594): [system_server,0,Binder:1594_D,11,ActivityManagerService.java,14494,void com.android.server.am.ActivityManagerService.serviceDoneExecuting(android.os.IBinder, int, int, int),-,6978,android.app.ContentProviderHolder com.android.server.am.ActivityManagerService.getContentProviderImpl(android.app.IApplicationThread, java.lang.String, android.os.IBinder, int, java.lang.String, java.lang.String, boolean, int),2]
10-14 01:56:36.551 I/dvm_lock_sample( 1594): [system_server,0,Binder:1594_19,13,ActivityManagerService.java,14463,boolean com.android.server.am.ActivityManagerService.unbindService(android.app.IServiceConnection),-,14463,boolean com.android.server.am.ActivityManagerService.unbindService(android.app.IServiceConnection),2]
10-14 01:56:36.573 I/dvm_lock_sample( 1594): [system_server,1,Binder:1594_19,5,ActivityManagerService.java,14474,void com.android.server.am.ActivityManagerService.publishService(android.os.IBinder, android.content.Intent, android.os.IBinder),-,14494,void com.android.server.am.ActivityManagerService.serviceDoneExecuting(android.os.IBinder, int, int, int),1]
10-14 01:59:22.010 I/dvm_lock_sample( 1594): [system_server,1,Binder:1594_10,36,ActivityManagerService.java,1537,void com.android.server.am.ActivityManagerService$AppDeathRecipient.binderDied(),-,1537,void com.android.server.am.ActivityManagerService$AppDeathRecipient.binderDied(),7]
10-14 01:59:22.077 I/dvm_lock_sample( 1594): [system_server,1,Binder:1594_19,72,ActivityManagerService.java,8605,boolean com.android.server.am.ActivityManagerService.isUidActive(int, java.lang.String),-,1537,void com.android.server.am.ActivityManagerService$AppDeathRecipient.binderDied(),14]
10-14 01:59:22.078 I/dvm_lock_sample( 1594): [system_server,1,android.ui,73,ActivityManagerService.java,3432,void com.android.server.am.ActivityManagerService.dispatchUidsChanged(),-,1537,void com.android.server.am.ActivityManagerService$AppDeathRecipient.binderDied(),14]
10-14 01:59:22.084 I/dvm_lock_sample( 1594): [system_server,1,Binder:1594_1A,6,ActivityManagerService.java,14791,android.content.Intent com.android.server.am.ActivityManagerService.registerReceiver(android.app.IApplicationThread, java.lang.String, android.content.IIntentReceiver, android.content.IntentFilter, java.lang.String, int, int),-,1537,void com.android.server.am.ActivityManagerService$AppDeathRecipient.binderDied(),1]
10-14 02:00:33.011 I/dvm_lock_sample( 1594): [system_server,1,android.ui,5,ActivityManagerService.java,3378,void com.android.server.am.ActivityManagerService.dispatchUidsChanged(),-,5395,void com.android.server.am.ActivityManagerService.attachApplication(android.app.IApplicationThread, long),1]
10-14 02:01:01.718 I/dvm_lock_sample( 1594): [system_server,1,Binder:1594_1A,9,ActivityManagerService.java,8605,boolean com.android.server.am.ActivityManagerService.isUidActive(int, java.lang.String),-,14463,boolean com.android.server.am.ActivityManagerService.unbindService(android.app.IServiceConnection),1]
10-14 02:15:20.197 I/dvm_lock_sample( 1594): [system_server,1,Binder:1594_19,13,ActivityManagerService.java,14474,void com.android.server.am.ActivityManagerService.publishService(android.os.IBinder, android.content.Intent, android.os.IBinder),-,14450,int com.android.server.am.ActivityManagerService.bindIsolatedService(android.app.IApplicationThread, android.os.IBinder, android.content.Intent, java.lang.String, android.app.IServiceConnection, int, java.lang.String, java.lang.String, int),2]
10-14 02:44:51.082 I/dvm_lock_sample( 1594): [system_server,0,Binder:1594_E,5,ActivityManagerService.java,14494,void com.android.server.am.ActivityManagerService.serviceDoneExecuting(android.os.IBinder, int, int, int),-,14463,boolean com.android.server.am.ActivityManagerService.unbindService(android.app.IServiceConnection),1]
10-14 02:47:53.056 I/dvm_lock_sample( 1594): [system_server,1,Binder:1594_A,26,ActivityManagerService.java,7717,boolean com.android.server.am.ActivityManagerService.refContentProvider(android.os.IBinder, int, int),-,14450,int com.android.server.am.ActivityManagerService.bindIsolatedService(android.app.IApplicationThread, android.os.IBinder, android.content.Intent, java.lang.String, android.app.IServiceConnection, int, java.lang.String, java.lang.String, int),5]
10-14 02:47:53.160 I/dvm_lock_sample( 1594): [system_server,1,Binder:1594_C,7,ActivityManagerService.java,14474,void com.android.server.am.ActivityManagerService.publishService(android.os.IBinder, android.content.Intent, android.os.IBinder),-,14463,boolean com.android.server.am.ActivityManagerService.unbindService(android.app.IServiceConnection),1]
10-14 02:47:53.704 I/dvm_lock_sample( 1594): [system_server,1,Binder:1594_16,13,ActivityManagerService.java,14285,android.content.ComponentName com.android.server.am.ActivityManagerService.startService(android.app.IApplicationThread, android.content.Intent, java.lang.String, boolean, java.lang.String, int),-,14450,int com.android.server.am.ActivityManagerService.bindIsolatedService(android.app.IApplicationThread, android.os.IBinder, android.content.Intent, java.lang.String, android.app.IServiceConnection, int, java.lang.String, java.lang.String, int),2]
10-14 02:47:53.849 I/dvm_lock_sample( 1594): [system_server,0,Binder:1594_15,16,ActivityManagerService.java,14494,void com.android.server.am.ActivityManagerService.serviceDoneExecuting(android.os.IBinder, int, int, int),-,1537,void com.android.server.am.ActivityManagerService$AppDeathRecipient.binderDied(),3]
10-14 02:49:11.478 I/dvm_lock_sample( 1594): [system_server,1,Binder:1594_1D,18,ActivityManagerService.java,8605,boolean com.android.server.am.ActivityManagerService.isUidActive(int, java.lang.String),ProcessList.java,1687,void com.android.server.am.ProcessList.lambda$startProcessLocked$0$ProcessList(com.android.server.am.ProcessRecord, java.lang.String, int[], int, int, java.lang.String, java.lang.String, java.lang.String, long),3]
10-14 02:49:11.925 I/dvm_lock_sample( 1594): [system_server,1,Binder:1594_11,24,ActivityManagerService.java,7717,boolean com.android.server.am.ActivityManagerService.refContentProvider(android.os.IBinder, int, int),-,14494,void com.android.server.am.ActivityManagerService.serviceDoneExecuting(android.os.IBinder, int, int, int),4]
10-14 02:49:12.493 I/dvm_lock_sample( 1594): [system_server,1,Binder:1594_10,7,ActivityManagerService.java,7717,boolean com.android.server.am.ActivityManagerService.refContentProvider(android.os.IBinder, int, int),-,14463,boolean com.android.server.am.ActivityManagerService.unbindService(android.app.IServiceConnection),1]
10-14 02:49:13.454 I/dvm_lock_sample( 1594): [system_server,1,android.ui,16,ActivityManagerService.java,3378,void com.android.server.am.ActivityManagerService.dispatchUidsChanged(),-,1537,void com.android.server.am.ActivityManagerService$AppDeathRecipient.binderDied(),3]
10-14 02:49:13.754 I/dvm_lock_sample( 1594): [system_server,1,Binder:1594_18,51,ActivityManagerService.java,5395,void com.android.server.am.ActivityManagerService.attachApplication(android.app.IApplicationThread, long),-,6978,android.app.ContentProviderHolder com.android.server.am.ActivityManagerService.getContentProviderImpl(android.app.IApplicationThread, java.lang.String, android.os.IBinder, int, java.lang.String, java.lang.String, boolean, int),10]
10-14 02:49:13.782 I/dvm_lock_sample( 1594): [system_server,0,Binder:1594_6,45,ActivityManagerService.java,14494,void com.android.server.am.ActivityManagerService.serviceDoneExecuting(android.os.IBinder, int, int, int),-,6978,android.app.ContentProviderHolder com.android.server.am.ActivityManagerService.getContentProviderImpl(android.app.IApplicationThread, java.lang.String, android.os.IBinder, int, java.lang.String, java.lang.String, boolean, int),9]
10-14 02:49:14.926 I/dvm_lock_sample( 1594): [system_server,1,Binder:1594_11,7,ActivityManagerService.java,6752,java.lang.String com.android.server.am.ActivityManagerService.checkContentProviderAccess(java.lang.String, int),-,1537,void com.android.server.am.ActivityManagerService$AppDeathRecipient.binderDied(),1]
10-14 02:49:15.312 I/dvm_lock_sample( 1594): [system_server,0,Binder:1594_11,5,ActivityManagerService.java,14494,void com.android.server.am.ActivityManagerService.serviceDoneExecuting(android.os.IBinder, int, int, int),-,14450,int com.android.server.am.ActivityManagerService.bindIsolatedService(android.app.IApplicationThread, android.os.IBinder, android.content.Intent, java.lang.String, android.app.IServiceConnection, int, java.lang.String, java.lang.String, int),1]
10-14 02:49:15.457 I/dvm_lock_sample( 1594): [system_server,1,Binder:1594_1D,10,ActivityManagerService.java,6752,java.lang.String com.android.server.am.ActivityManagerService.checkContentProviderAccess(java.lang.String, int),-,14450,int com.android.server.am.ActivityManagerService.bindIsolatedService(android.app.IApplicationThread, android.os.IBinder, android.content.Intent, java.lang.String, android.app.IServiceConnection, int, java.lang.String, java.lang.String, int),2]
10-14 02:49:15.589 I/dvm_lock_sample( 1594): [system_server,1,Binder:1594_1A,19,ActivityManagerService.java,5955,boolean com.android.server.am.ActivityManagerService.isAppBad(android.content.pm.ApplicationInfo),-,14450,int com.android.server.am.ActivityManagerService.bindIsolatedService(android.app.IApplicationThread, android.os.IBinder, android.content.Intent, java.lang.String, android.app.IServiceConnection, int, java.lang.String, java.lang.String, int),3]
10-14 02:49:16.725 I/dvm_lock_sample( 1594): [system_server,0,Binder:1594_6,30,ActivityManagerService.java,14494,void com.android.server.am.ActivityManagerService.serviceDoneExecuting(android.os.IBinder, int, int, int),-,14285,android.content.ComponentName com.android.server.am.ActivityManagerService.startService(android.app.IApplicationThread, android.content.Intent, java.lang.String, boolean, java.lang.String, int),6]
10-14 02:49:16.813 I/dvm_lock_sample( 1594): [system_server,1,Binder:1594_15,11,ActivityManagerService.java,7717,boolean com.android.server.am.ActivityManagerService.refContentProvider(android.os.IBinder, int, int),-,14450,int com.android.server.am.ActivityManagerService.bindIsolatedService(android.app.IApplicationThread, android.os.IBinder, android.content.Intent, java.lang.String, android.app.IServiceConnection, int, java.lang.String, java.lang.String, int),2]
10-14 02:49:17.126 I/dvm_lock_sample( 1594): [system_server,0,miui.fg,5,ActivityManagerService.java,14450,int com.android.server.am.ActivityManagerService.bindIsolatedService(android.app.IApplicationThread, android.os.IBinder, android.content.Intent, java.lang.String, android.app.IServiceConnection, int, java.lang.String, java.lang.String, int),-,14494,void com.android.server.am.ActivityManagerService.serviceDoneExecuting(android.os.IBinder, int, int, int),1]
10-14 02:49:21.316 I/dvm_lock_sample( 1594): [system_server,1,Binder:1594_18,8,ActivityManagerService.java,14285,android.content.ComponentName com.android.server.am.ActivityManagerService.startService(android.app.IApplicationThread, android.content.Intent, java.lang.String, boolean, java.lang.String, int),-,14463,boolean com.android.server.am.ActivityManagerService.unbindService(android.app.IServiceConnection),1]
10-14 02:49:23.070 I/dvm_lock_sample( 1594): [system_server,1,Binder:1594_D,20,ActivityManagerService.java,14962,void com.android.server.am.ActivityManagerService.unregisterReceiver(android.content.IIntentReceiver),-,14450,int com.android.server.am.ActivityManagerService.bindIsolatedService(android.app.IApplicationThread, android.os.IBinder, android.content.Intent, java.lang.String, android.app.IServiceConnection, int, java.lang.String, java.lang.String, int),4]
10-14 02:49:23.445 I/dvm_lock_sample( 1594): [system_server,1,Binder:1594_14,8,ActivityManagerService.java,6752,java.lang.String com.android.server.am.ActivityManagerService.checkContentProviderAccess(java.lang.String, int),-,14463,boolean com.android.server.am.ActivityManagerService.unbindService(android.app.IServiceConnection),1]
10-14 02:49:24.511 I/dvm_lock_sample( 1594): [system_server,1,main,13,ActivityManagerService.java,14494,void com.android.server.am.ActivityManagerService.serviceDoneExecuting(android.os.IBinder, int, int, int),-,14450,int com.android.server.am.ActivityManagerService.bindIsolatedService(android.app.IApplicationThread, android.os.IBinder, android.content.Intent, java.lang.String, android.app.IServiceConnection, int, java.lang.String, java.lang.String, int),2]
10-14 02:49:24.597 I/dvm_lock_sample( 1594): [system_server,0,miui.fg,15,ActivityManagerService.java,5955,boolean com.android.server.am.ActivityManagerService.isAppBad(android.content.pm.ApplicationInfo),-,14450,int com.android.server.am.ActivityManagerService.bindIsolatedService(android.app.IApplicationThread, android.os.IBinder, android.content.Intent, java.lang.String, android.app.IServiceConnection, int, java.lang.String, java.lang.String, int),3]
10-14 02:49:24.611 I/dvm_lock_sample( 1594): [system_server,1,Binder:1594_20,25,ActivityManagerService.java,14285,android.content.ComponentName com.android.server.am.ActivityManagerService.startService(android.app.IApplicationThread, android.content.Intent, java.lang.String, boolean, java.lang.String, int),-,14450,int com.android.server.am.ActivityManagerService.bindIsolatedService(android.app.IApplicationThread, android.os.IBinder, android.content.Intent, java.lang.String, android.app.IServiceConnection, int, java.lang.String, java.lang.String, int),5]
10-14 02:49:24.716 I/dvm_lock_sample( 1594): [system_server,1,Binder:1594_11,15,ActivityManagerService.java,6752,java.lang.String com.android.server.am.ActivityManagerService.checkContentProviderAccess(java.lang.String, int),-,14463,boolean com.android.server.am.ActivityManagerService.unbindService(android.app.IServiceConnection),3]
10-14 02:49:24.723 I/dvm_lock_sample( 1594): [system_server,1,android.ui,17,ActivityManagerService.java,3272,void com.android.server.am.ActivityManagerService.dispatchProcessesChanged(),-,14335,boolean com.android.server.am.ActivityManagerService.stopServiceToken(android.content.ComponentName, android.os.IBinder, int),3]
10-14 02:49:27.889 I/dvm_lock_sample( 1594): [system_server,0,Binder:1594_6,5,ActivityManagerService.java,14494,void com.android.server.am.ActivityManagerService.serviceDoneExecuting(android.os.IBinder, int, int, int),-,14450,int com.android.server.am.ActivityManagerService.bindIsolatedService(android.app.IApplicationThread, android.os.IBinder, android.content.Intent, java.lang.String, android.app.IServiceConnection, int, java.lang.String, java.lang.String, int),1]
10-14 02:49:32.105 I/dvm_lock_sample( 1594): [system_server,1,Binder:1594_4,6,ActivityManagerService.java,14463,boolean com.android.server.am.ActivityManagerService.unbindService(android.app.IServiceConnection),-,14463,boolean com.android.server.am.ActivityManagerService.unbindService(android.app.IServiceConnection),1]
10-14 02:49:32.603 I/dvm_lock_sample( 1594): [system_server,0,miui.fg,7,ActivityManagerService.java,5955,boolean com.android.server.am.ActivityManagerService.isAppBad(android.content.pm.ApplicationInfo),-,14450,int com.android.server.am.ActivityManagerService.bindIsolatedService(android.app.IApplicationThread, android.os.IBinder, android.content.Intent, java.lang.String, android.app.IServiceConnection, int, java.lang.String, java.lang.String, int),1]
10-14 02:49:34.316 I/dvm_lock_sample( 1594): [system_server,1,Binder:1594_8,20,ActivityManagerService.java,5955,boolean com.android.server.am.ActivityManagerService.isAppBad(android.content.pm.ApplicationInfo),-,5395,void com.android.server.am.ActivityManagerService.attachApplication(android.app.IApplicationThread, long),4]
10-14 02:49:35.926 I/dvm_lock_sample( 1594): [system_server,1,Binder:1594_9,10,ActivityManagerService.java,7717,boolean com.android.server.am.ActivityManagerService.refContentProvider(android.os.IBinder, int, int),-,1537,void com.android.server.am.ActivityManagerService$AppDeathRecipient.binderDied(),2]
10-14 02:50:27.570 I/dvm_lock_sample( 1594): [system_server,1,android.ui,5,ActivityManagerService.java,3378,void com.android.server.am.ActivityManagerService.dispatchUidsChanged(),-,14463,boolean com.android.server.am.ActivityManagerService.unbindService(android.app.IServiceConnection),1]
10-14 02:50:29.833 I/dvm_lock_sample( 1594): [system_server,1,ActivityManager,324,PackageManagerService.java,4817,android.content.pm.ApplicationInfo com.android.server.pm.PackageManagerService.getApplicationInfoInternal(java.lang.String, int, int, int),-,17551,void com.android.server.pm.PackageManagerService.installPackagesLI(java.util.List),64]
10-14 02:51:12.964 I/dvm_lock_sample( 1594): [system_server,1,Binder:1594_1F,93,ActivityManagerService.java,14962,void com.android.server.am.ActivityManagerService.unregisterReceiver(android.content.IIntentReceiver),-,8177,void com.android.server.am.ActivityManagerService.onWakefulnessChanged(int),18]
10-14 02:51:12.965 I/dvm_lock_sample( 1594): [system_server,1,android.ui,194,ActivityManagerService.java,3378,void com.android.server.am.ActivityManagerService.dispatchUidsChanged(),-,8177,void com.android.server.am.ActivityManagerService.onWakefulnessChanged(int),38]
10-14 02:51:12.965 I/dvm_lock_sample( 1594): [system_server,1,ActivityManager:procStart,198,ProcessList.java,1687,void com.android.server.am.ProcessList.lambda$startProcessLocked$0$ProcessList(com.android.server.am.ProcessRecord, java.lang.String, int[], int, int, java.lang.String, java.lang.String, java.lang.String, long),ActivityManagerService.java,8177,void com.android.server.am.ActivityManagerService.onWakefulnessChanged(int),39]
10-14 02:51:12.965 I/dvm_lock_sample( 1594): [system_server,1,Binder:1594_16,122,ActivityManagerService.java,14285,android.content.ComponentName com.android.server.am.ActivityManagerService.startService(android.app.IApplicationThread, android.content.Intent, java.lang.String, boolean, java.lang.String, int),-,8177,void com.android.server.am.ActivityManagerService.onWakefulnessChanged(int),24]
10-14 02:51:13.092 I/dvm_lock_sample( 1594): [system_server,1,android.ui,88,ActivityManagerService.java,3432,void com.android.server.am.ActivityManagerService.dispatchUidsChanged(),BroadcastQueue.java,984,void com.android.server.am.BroadcastQueue.processNextBroadcast(boolean, boolean),17]
10-14 02:51:13.492 I/dvm_lock_sample( 1594): [system_server,1,android.ui,13,ActivityManagerService.java,3378,void com.android.server.am.ActivityManagerService.dispatchUidsChanged(),-,14494,void com.android.server.am.ActivityManagerService.serviceDoneExecuting(android.os.IBinder, int, int, int),2]
10-14 02:51:13.668 I/dvm_lock_sample( 1594): [system_server,1,Binder:1594_1F,7,ProcessManagerService.java,1704,java.util.List com.android.server.am.ProcessManagerService.getRunningProcessInfo(int, int, java.lang.String, java.lang.String, int),ActivityManagerService.java,1537,void com.android.server.am.ActivityManagerService$AppDeathRecipient.binderDied(),1]
10-14 02:51:14.137 I/dvm_lock_sample( 1594): [system_server,1,android.ui,17,ActivityManagerService.java,3432,void com.android.server.am.ActivityManagerService.dispatchUidsChanged(),-,1537,void com.android.server.am.ActivityManagerService$AppDeathRecipient.binderDied(),3]
10-14 02:51:26.630 I/dvm_lock_sample( 1594): [system_server,1,ActivityManager:procStart,43,ProcessList.java,1687,void com.android.server.am.ProcessList.lambda$startProcessLocked$0$ProcessList(com.android.server.am.ProcessRecord, java.lang.String, int[], int, int, java.lang.String, java.lang.String, java.lang.String, long),ActivityManagerService.java,14450,int com.android.server.am.ActivityManagerService.bindIsolatedService(android.app.IApplicationThread, android.os.IBinder, android.content.Intent, java.lang.String, android.app.IServiceConnection, int, java.lang.String, java.lang.String, int),8]
10-14 02:51:27.161 I/dvm_lock_sample( 1594): [system_server,1,Binder:1594_3,539,ActivityManagerService.java,14791,android.content.Intent com.android.server.am.ActivityManagerService.registerReceiver(android.app.IApplicationThread, java.lang.String, android.content.IIntentReceiver, android.content.IntentFilter, java.lang.String, int, int),-,15989,int com.android.server.am.ActivityManagerService.broadcastIntent(android.app.IApplicationThread, android.content.Intent, java.lang.String, android.content.IIntentReceiver, int, java.lang.String, android.os.Bundle, java.lang.String[], int, android.os.Bundle, boolean, boolean, int),100]
10-14 02:51:27.161 I/dvm_lock_sample( 1594): [system_server,0,PackageManager,533,ActivityManagerService.java,15989,int com.android.server.am.ActivityManagerService.broadcastIntent(android.app.IApplicationThread, android.content.Intent, java.lang.String, android.content.IIntentReceiver, int, java.lang.String, android.os.Bundle, java.lang.String[], int, android.os.Bundle, boolean, boolean, int),BroadcastQueue.java,984,void com.android.server.am.BroadcastQueue.processNextBroadcast(boolean, boolean),100]
10-14 02:51:27.163 I/binder_sample(  487): [android.app.IActivityManager,15,542,<pre-initialized>,100]
10-14 02:51:27.163 I/dvm_lock_sample( 1594): [system_server,1,NetworkPolicy.uid,533,ActivityManagerService.java,18347,void com.android.server.am.ActivityManagerService$LocalService.notifyNetworkPolicyRulesUpdated(int, long),ProcessList.java,1687,void com.android.server.am.ProcessList.lambda$startProcessLocked$0$ProcessList(com.android.server.am.ProcessRecord, java.lang.String, int[], int, int, java.lang.String, java.lang.String, java.lang.String, long),100]
10-14 02:51:27.164 I/dvm_lock_sample( 1594): [system_server,1,android.ui,533,ActivityManagerService.java,3432,void com.android.server.am.ActivityManagerService.dispatchUidsChanged(),ProcessList.java,1687,void com.android.server.am.ProcessList.lambda$startProcessLocked$0$ProcessList(com.android.server.am.ProcessRecord, java.lang.String, int[], int, int, java.lang.String, java.lang.String, java.lang.String, long),100]
10-14 02:51:27.164 I/dvm_lock_sample( 1594): [system_server,1,Binder:1594_1C,533,ActivityManagerService.java,8605,boolean com.android.server.am.ActivityManagerService.isUidActive(int, java.lang.String),ProcessList.java,1687,void com.android.server.am.ProcessList.lambda$startProcessLocked$0$ProcessList(com.android.server.am.ProcessRecord, java.lang.String, int[], int, int, java.lang.String, java.lang.String, java.lang.String, long),100]
10-14 02:51:27.165 I/dvm_lock_sample( 1594): [system_server,1,ActivityManager,530,BroadcastQueue.java,984,void com.android.server.am.BroadcastQueue.processNextBroadcast(boolean, boolean),ActivityManagerService.java,14450,int com.android.server.am.ActivityManagerService.bindIsolatedService(android.app.IApplicationThread, android.os.IBinder, android.content.Intent, java.lang.String, android.app.IServiceConnection, int, java.lang.String, java.lang.String, int),100]
10-14 02:51:27.165 I/dvm_lock_sample( 1594): [system_server,0,Binder:1594_A,527,ActivityManagerService.java,14494,void com.android.server.am.ActivityManagerService.serviceDoneExecuting(android.os.IBinder, int, int, int),-,5395,void com.android.server.am.ActivityManagerService.attachApplication(android.app.IApplicationThread, long),100]
10-14 02:51:27.165 I/dvm_lock_sample( 1594): [system_server,1,Binder:1594_12,527,ActivityManagerService.java,14285,android.content.ComponentName com.android.server.am.ActivityManagerService.startService(android.app.IApplicationThread, android.content.Intent, java.lang.String, boolean, java.lang.String, int),-,5395,void com.android.server.am.ActivityManagerService.attachApplication(android.app.IApplicationThread, long),100]
10-14 02:51:27.228 I/dvm_lock_sample( 1594): [system_server,1,Binder:1594_18,589,ActivityManagerService.java,14463,boolean com.android.server.am.ActivityManagerService.unbindService(android.app.IServiceConnection),-,5395,void com.android.server.am.ActivityManagerService.attachApplication(android.app.IApplicationThread, long),100]
10-14 02:51:27.228 I/dvm_lock_sample( 1594): [system_server,1,Binder:1594_1F,582,ActivityManagerService.java,5395,void com.android.server.am.ActivityManagerService.attachApplication(android.app.IApplicationThread, long),-,5395,void com.android.server.am.ActivityManagerService.attachApplication(android.app.IApplicationThread, long),100]
10-14 02:51:27.228 I/dvm_lock_sample( 1594): [system_server,1,ActivityManager:procStart,557,ProcessList.java,1687,void com.android.server.am.ProcessList.lambda$startProcessLocked$0$ProcessList(com.android.server.am.ProcessRecord, java.lang.String, int[], int, int, java.lang.String, java.lang.String, java.lang.String, long),ActivityManagerService.java,5395,void com.android.server.am.ActivityManagerService.attachApplication(android.app.IApplicationThread, long),100]
10-14 02:51:27.232 I/dvm_lock_sample( 1594): [system_server,1,Binder:1594_8,539,ActivityManagerService.java,5395,void com.android.server.am.ActivityManagerService.attachApplication(android.app.IApplicationThread, long),-,5395,void com.android.server.am.ActivityManagerService.attachApplication(android.app.IApplicationThread, long),100]
10-14 02:51:27.244 I/binder_sample(  546): [android.app.IActivityManager,15,551,<pre-initialized>,100]
10-14 02:51:27.244 I/dvm_lock_sample( 1594): [system_server,1,Binder:1594_F,518,ActivityManagerService.java,7639,void com.android.server.am.ActivityManagerService.publishContentProviders(android.app.IApplicationThread, java.util.List),-,5395,void com.android.server.am.ActivityManagerService.attachApplication(android.app.IApplicationThread, long),100]
10-14 02:51:27.245 I/binder_sample(  401): [android.app.IActivityManager,21,521,com.android.settings:remote,100]
10-14 02:51:27.250 I/dvm_lock_sample( 1594): [system_server,1,Binder:1594_1B,196,ActivityManagerService.java,6181,boolean com.android.server.am.ActivityManagerService.isAppStartModeDisabled(int, java.lang.String),-,5395,void com.android.server.am.ActivityManagerService.attachApplication(android.app.IApplicationThread, long),39]
10-14 02:51:27.255 I/dvm_lock_sample( 1594): [system_server,1,Binder:1594_11,89,ActivityManagerService.java,14791,android.content.Intent com.android.server.am.ActivityManagerService.registerReceiver(android.app.IApplicationThread, java.lang.String, android.content.IIntentReceiver, android.content.IntentFilter, java.lang.String, int, int),-,1794,void com.android.server.am.ActivityManagerService$MainHandler.handleMessage(android.os.Message),17]
10-14 02:51:27.262 I/dvm_lock_sample( 1594): [system_server,1,NetworkPolicy.uid,96,ActivityManagerService.java,18347,void com.android.server.am.ActivityManagerService$LocalService.notifyNetworkPolicyRulesUpdated(int, long),-,1794,void com.android.server.am.ActivityManagerService$MainHandler.handleMessage(android.os.Message),19]
10-14 02:51:27.278 I/binder_sample(  521): [android.app.IActivityManager,15,633,<pre-initialized>,100]
10-14 02:51:27.284 I/binder_sample( 2369): [android.app.IActivityManager,12,315,com.xiaomi.finddevice,63]
