01-29 09:51:31.440 I/dvm_lock_sample( 1626): [system_server,1,Binder:1626_C,574,ActivityManagerService.java,6978,android.app.ContentProviderHolder com.android.server.am.ActivityManagerService.getContentProviderImpl(android.app.IApplicationThread, java.lang.String, android.os.IBinder, int, java.lang.String, java.lang.String, boolean, int),-,14285,android.content.ComponentName com.android.server.am.ActivityManagerService.startService(android.app.IApplicationThread, android.content.Intent, java.lang.String, boolean, java.lang.String, int),100]
01-29 09:51:31.440 I/dvm_lock_sample( 1626): [system_server,1,Binder:1626_1C,574,ActivityManagerService.java,14285,android.content.ComponentName com.android.server.am.ActivityManagerService.startService(android.app.IApplicationThread, android.content.Intent, java.lang.String, boolean, java.lang.String, int),-,14285,android.content.ComponentName com.android.server.am.ActivityManagerService.startService(android.app.IApplicationThread, android.content.Intent, java.lang.String, boolean, java.lang.String, int),100]
01-29 09:51:31.443 I/dvm_lock_sample( 1626): [system_server,1,Binder:1626_8,577,ActivityManagerService.java,14335,boolean com.android.server.am.ActivityManagerService.stopServiceToken(android.content.ComponentName, android.os.IBinder, int),-,14285,android.content.ComponentName com.android.server.am.ActivityManagerService.startService(android.app.IApplicationThread, android.content.Intent, java.lang.String, boolean, java.lang.String, int),100]
01-29 09:51:31.444 I/dvm_lock_sample( 1626): [system_server,1,android.ui,576,ActivityManagerService.java,3378,void com.android.server.am.ActivityManagerService.dispatchUidsChanged(),-,14285,android.content.ComponentName com.android.server.am.ActivityManagerService.startService(android.app.IApplicationThread, android.content.Intent, java.lang.String, boolean, java.lang.String, int),100]
01-29 09:51:31.446 I/dvm_lock_sample( 1626): [system_server,1,Binder:1626_1E,489,ActivityManagerService.java,6752,java.lang.String com.android.server.am.ActivityManagerService.checkContentProviderAccess(java.lang.String, int),-,14285,android.content.ComponentName com.android.server.am.ActivityManagerService.startService(android.app.IApplicationThread, android.content.Intent, java.lang.String, boolean, java.lang.String, int),97]
01-29 09:51:31.446 I/binder_sample(13849): [android.app.IActivityManager,10,582,com.google.android.gms.persistent,100]
01-29 09:51:32.424 I/binder_sample(13849): [android.app.IActivityManager,50,481,com.google.android.gms.persistent,96]
01-29 10:07:02.169 I/dvm_lock_sample( 1626): [system_server,1,Binder:1626_9,140,ActivityManagerService.java,14791,android.content.Intent com.android.server.am.ActivityManagerService.registerReceiver(android.app.IApplicationThread, java.lang.String, android.content.IIntentReceiver, android.content.IntentFilter, java.lang.String, int, int),BroadcastQueue.java,984,void com.android.server.am.BroadcastQueue.processNextBroadcast(boolean, boolean),28]
01-29 10:07:02.170 I/dvm_lock_sample( 1626): [system_server,1,ActivityManager,140,BroadcastQueue.java,984,void com.android.server.am.BroadcastQueue.processNextBroadcast(boolean, boolean),ActivityManagerService.java,14285,android.content.ComponentName com.android.server.am.ActivityManagerService.startService(android.app.IApplicationThread, android.content.Intent, java.lang.String, boolean, java.lang.String, int),28]
01-29 10:07:02.172 I/dvm_lock_sample( 1626): [system_server,0,Binder:1626_C,135,ActivityManagerService.java,14494,void com.android.server.am.ActivityManagerService.serviceDoneExecuting(android.os.IBinder, int, int, int),-,14285,android.content.ComponentName com.android.server.am.ActivityManagerService.startService(android.app.IApplicationThread, android.content.Intent, java.lang.String, boolean, java.lang.String, int),27]
01-29 10:07:02.179 I/dvm_lock_sample( 1626): [system_server,1,Binder:1626_16,94,ActivityTaskManagerService.java,3082,android.os.Bundle com.android.server.wm.ActivityTaskManagerService.getActivityOptions(android.os.IBinder),RootActivityContainer.java,2447,void com.android.server.wm.RootActivityContainer$SleepTokenImpl.release(),18]
01-29 10:07:02.188 I/dvm_lock_sample( 1626): [system_server,1,Binder:1626_E,142,ActivityManagerService.java,14791,android.content.Intent com.android.server.am.ActivityManagerService.registerReceiver(android.app.IApplicationThread, java.lang.String, android.content.IIntentReceiver, android.content.IntentFilter, java.lang.String, int, int),-,14285,android.content.ComponentName com.android.server.am.ActivityManagerService.startService(android.app.IApplicationThread, android.content.Intent, java.lang.String, boolean, java.lang.String, int),28]
01-29 10:07:02.189 I/dvm_lock_sample( 1626): [system_server,1,Binder:1626_B,140,ActivityManagerService.java,14791,android.content.Intent com.android.server.am.ActivityManagerService.registerReceiver(android.app.IApplicationThread, java.lang.String, android.content.IIntentReceiver, android.content.IntentFilter, java.lang.String, int, int),-,14285,android.content.ComponentName com.android.server.am.ActivityManagerService.startService(android.app.IApplicationThread, android.content.Intent, java.lang.String, boolean, java.lang.String, int),28]
01-29 10:07:02.192 I/dvm_lock_sample( 1626): [system_server,0,android.bg,132,ActivityManagerService.java,15989,int com.android.server.am.ActivityManagerService.broadcastIntent(android.app.IApplicationThread, android.content.Intent, java.lang.String, android.content.IIntentReceiver, int, java.lang.String, android.os.Bundle, java.lang.String[], int, android.os.Bundle, boolean, boolean, int),-,14285,android.content.ComponentName com.android.server.am.ActivityManagerService.startService(android.app.IApplicationThread, android.content.Intent, java.lang.String, boolean, java.lang.String, int),26]
01-29 10:07:02.193 I/dvm_lock_sample( 1626): [system_server,1,Binder:1626_1E,141,ActivityManagerService.java,5827,java.lang.String com.android.server.am.ActivityManagerService.getTagForIntentSender(android.content.IIntentSender, java.lang.String),-,14285,android.content.ComponentName com.android.server.am.ActivityManagerService.startService(android.app.IApplicationThread, android.content.Intent, java.lang.String, boolean, java.lang.String, int),28]
01-29 10:07:02.199 I/dvm_lock_sample( 1626): [system_server,1,main,10,ActivityManagerService.java,15989,int com.android.server.am.ActivityManagerService.broadcastIntent(android.app.IApplicationThread, android.content.Intent, java.lang.String, android.content.IIntentReceiver, int, java.lang.String, android.os.Bundle, java.lang.String[], int, android.os.Bundle, boolean, boolean, int),-,14791,android.content.Intent com.android.server.am.ActivityManagerService.registerReceiver(android.app.IApplicationThread, java.lang.String, android.content.IIntentReceiver, android.content.IntentFilter, java.lang.String, int, int),2]
01-29 10:07:02.298 I/dvm_lock_sample( 1626): [system_server,1,Binder:1626_8,31,ActivityManagerService.java,14450,int com.android.server.am.ActivityManagerService.bindIsolatedService(android.app.IApplicationThread, android.os.IBinder, android.content.Intent, java.lang.String, android.app.IServiceConnection, int, java.lang.String, java.lang.String, int),-,14450,int com.android.server.am.ActivityManagerService.bindIsolatedService(android.app.IApplicationThread, android.os.IBinder, android.content.Intent, java.lang.String, android.app.IServiceConnection, int, java.lang.String, java.lang.String, int),6]
01-29 10:07:02.313 I/dvm_lock_sample( 1626): [system_server,1,Binder:1626_D,24,ActivityManagerService.java,14474,void com.android.server.am.ActivityManagerService.publishService(android.os.IBinder, android.content.Intent, android.os.IBinder),-,18512,void com.android.server.am.ActivityManagerService$LocalService.updateOomAdj(),4]
01-29 10:07:02.318 I/dvm_lock_sample( 1626): [system_server,1,Binder:1626_10,24,ActivityManagerService.java,15989,int com.android.server.am.ActivityManagerService.broadcastIntent(android.app.IApplicationThread, android.content.Intent, java.lang.String, android.content.IIntentReceiver, int, java.lang.String, android.os.Bundle, java.lang.String[], int, android.os.Bundle, boolean, boolean, int),-,6978,android.app.ContentProviderHolder com.android.server.am.ActivityManagerService.getContentProviderImpl(android.app.IApplicationThread, java.lang.String, android.os.IBinder, int, java.lang.String, java.lang.String, boolean, int),4]
01-29 10:07:02.470 I/dvm_lock_sample( 1626): [system_server,1,Binder:1626_8,28,ActivityManagerService.java,14285,android.content.ComponentName com.android.server.am.ActivityManagerService.startService(android.app.IApplicationThread, android.content.Intent, java.lang.String, boolean, java.lang.String, int),-,14450,int com.android.server.am.ActivityManagerService.bindIsolatedService(android.app.IApplicationThread, android.os.IBinder, android.content.Intent, java.lang.String, android.app.IServiceConnection, int, java.lang.String, java.lang.String, int),5]
01-29 10:07:02.557 I/dvm_lock_sample( 1626): [system_server,0,Binder:1626_8,17,ActivityManagerService.java,14494,void com.android.server.am.ActivityManagerService.serviceDoneExecuting(android.os.IBinder, int, int, int),-,1537,void com.android.server.am.ActivityManagerService$AppDeathRecipient.binderDied(),3]
01-29 10:07:03.087 I/dvm_lock_sample( 1626): [system_server,1,Binder:1626_6,21,ActivityManagerService.java,14450,int com.android.server.am.ActivityManagerService.bindIsolatedService(android.app.IApplicationThread, android.os.IBinder, android.content.Intent, java.lang.String, android.app.IServiceConnection, int, java.lang.String, java.lang.String, int),-,5955,boolean com.android.server.am.ActivityManagerService.isAppBad(android.content.pm.ApplicationInfo),4]
01-29 10:07:03.612 I/dvm_lock_sample( 1626): [system_server,1,ActivityManager,5,BroadcastQueue.java,984,void com.android.server.am.BroadcastQueue.processNextBroadcast(boolean, boolean),ActivityManagerService.java,14463,boolean com.android.server.am.ActivityManagerService.unbindService(android.app.IServiceConnection),1]
01-29 10:07:03.714 I/dvm_lock_sample( 1626): [system_server,1,main,15,ActivityManagerService.java,16095,void com.android.server.am.ActivityManagerService.finishReceiver(android.os.IBinder, int, java.lang.String, android.os.Bundle, boolean, int),-,5395,void com.android.server.am.ActivityManagerService.attachApplication(android.app.IApplicationThread, long),3]
01-29 10:07:03.717 I/dvm_lock_sample( 1626): [system_server,0,WifiScanningService,15,ActivityManagerService.java,6181,boolean com.android.server.am.ActivityManagerService.isAppStartModeDisabled(int, java.lang.String),-,5395,void com.android.server.am.ActivityManagerService.attachApplication(android.app.IApplicationThread, long),3]
01-29 10:07:04.253 I/dvm_lock_sample( 1626): [system_server,1,android.ui,39,ActivityManagerService.java,3378,void com.android.server.am.ActivityManagerService.dispatchUidsChanged(),-,16095,void com.android.server.am.ActivityManagerService.finishReceiver(android.os.IBinder, int, java.lang.String, android.os.Bundle, boolean, int),7]
01-29 10:07:07.444 I/dvm_lock_sample( 1626): [system_server,1,Binder:1626_1E,40,ActivityManagerService.java,14791,android.content.Intent com.android.server.am.ActivityManagerService.registerReceiver(android.app.IApplicationThread, java.lang.String, android.content.IIntentReceiver, android.content.IntentFilter, java.lang.String, int, int),-,1537,void com.android.server.am.ActivityManagerService$AppDeathRecipient.binderDied(),8]
01-29 10:07:07.464 I/dvm_lock_sample( 1626): [system_server,1,Binder:1626_1E,20,ActivityManagerService.java,14791,android.content.Intent com.android.server.am.ActivityManagerService.registerReceiver(android.app.IApplicationThread, java.lang.String, android.content.IIntentReceiver, android.content.IntentFilter, java.lang.String, int, int),-,14450,int com.android.server.am.ActivityManagerService.bindIsolatedService(android.app.IApplicationThread, android.os.IBinder, android.content.Intent, java.lang.String, android.app.IServiceConnection, int, java.lang.String, java.lang.String, int),4]
01-29 10:07:07.464 I/dvm_lock_sample( 1626): [system_server,0,miui.fg,35,ActivityManagerService.java,5955,boolean com.android.server.am.ActivityManagerService.isAppBad(android.content.pm.ApplicationInfo),-,14450,int com.android.server.am.ActivityManagerService.bindIsolatedService(android.app.IApplicationThread, android.os.IBinder, android.content.Intent, java.lang.String, android.app.IServiceConnection, int, java.lang.String, java.lang.String, int),7]
01-29 10:07:07.939 I/dvm_lock_sample( 1626): [system_server,1,Binder:1626_6,6,ActivityManagerService.java,14474,void com.android.server.am.ActivityManagerService.publishService(android.os.IBinder, android.content.Intent, android.os.IBinder),-,5395,void com.android.server.am.ActivityManagerService.attachApplication(android.app.IApplicationThread, long),1]
01-29 10:07:09.880 I/dvm_lock_sample( 1626): [system_server,1,Binder:1626_18,23,ActivityManagerService.java,14450,int com.android.server.am.ActivityManagerService.bindIsolatedService(android.app.IApplicationThread, android.os.IBinder, android.content.Intent, java.lang.String, android.app.IServiceConnection, int, java.lang.String, java.lang.String, int),-,14450,int com.android.server.am.ActivityManagerService.bindIsolatedService(android.app.IApplicationThread, android.os.IBinder, android.content.Intent, java.lang.String, android.app.IServiceConnection, int, java.lang.String, java.lang.String, int),4]
01-29 10:07:11.488 I/dvm_lock_sample( 1626): [system_server,1,android.ui,11,ActivityManagerService.java,3432,void com.android.server.am.ActivityManagerService.dispatchUidsChanged(),-,14450,int com.android.server.am.ActivityManagerService.bindIsolatedService(android.app.IApplicationThread, android.os.IBinder, android.content.Intent, java.lang.String, android.app.IServiceConnection, int, java.lang.String, java.lang.String, int),2]
01-29 10:07:16.527 I/dvm_lock_sample( 1626): [system_server,0,Binder:1626_5,30,ActivityManagerService.java,14494,void com.android.server.am.ActivityManagerService.serviceDoneExecuting(android.os.IBinder, int, int, int),-,14463,boolean com.android.server.am.ActivityManagerService.unbindService(android.app.IServiceConnection),6]
01-29 10:08:33.062 I/dvm_lock_sample( 1626): [system_server,1,android.ui,9,ActivityManagerService.java,3378,void com.android.server.am.ActivityManagerService.dispatchUidsChanged(),-,14463,boolean com.android.server.am.ActivityManagerService.unbindService(android.app.IServiceConnection),1]
01-29 10:09:53.815 I/dvm_lock_sample( 1626): [system_server,1,android.ui,6,ActivityManagerService.java,3378,void com.android.server.am.ActivityManagerService.dispatchUidsChanged(),-,14463,boolean com.android.server.am.ActivityManagerService.unbindService(android.app.IServiceConnection),1]
01-29 10:17:24.286 I/dvm_lock_sample( 1626): [system_server,1,android.ui,9,ActivityManagerService.java,3378,void com.android.server.am.ActivityManagerService.dispatchUidsChanged(),-,14450,int com.android.server.am.ActivityManagerService.bindIsolatedService(android.app.IApplicationThread, android.os.IBinder, android.content.Intent, java.lang.String, android.app.IServiceConnection, int, java.lang.String, java.lang.String, int),1]
01-29 10:17:58.275 I/dvm_lock_sample( 1626): [system_server,1,android.display,5,ActivityMetricsLogger.java,544,void com.android.server.wm.ActivityMetricsLogger.checkVisibility(com.android.server.wm.TaskRecord, com.android.server.wm.ActivityRecord),ActivityTaskManagerService.java,7052,boolean com.android.server.wm.ActivityTaskManagerService$LocalService.attachApplication(com.android.server.wm.WindowProcessController),1]
01-29 10:18:11.268 I/dvm_lock_sample( 1626): [system_server,1,android.display,5,TaskChangeNotificationController.java,176,void com.android.server.wm.TaskChangeNotificationController$MainHandler.handleMessage(android.os.Message),ActivityTaskManagerService.java,1601,boolean com.android.server.wm.ActivityTaskManagerService.finishActivity(android.os.IBinder, int, android.content.Intent, int),1]
01-29 10:18:17.707 I/dvm_lock_sample( 1626): [system_server,1,Binder:1626_1C,12,ActivityManagerService.java,18411,boolean com.android.server.am.ActivityManagerService$LocalService.isUidActive(int),-,5395,void com.android.server.am.ActivityManagerService.attachApplication(android.app.IApplicationThread, long),2]
01-29 10:18:17.746 I/sysui_multi_action( 1626): [757,147,758,4,759,1,806,com.softwareinc.perueiroapp]
01-29 10:18:17.829 I/dvm_lock_sample( 1626): [system_server,1,Binder:1626_F,21,ActivityManagerService.java,7639,void com.android.server.am.ActivityManagerService.publishContentProviders(android.app.IApplicationThread, java.util.List),-,5395,void com.android.server.am.ActivityManagerService.attachApplication(android.app.IApplicationThread, long),4]
01-29 10:18:18.110 I/am_create_activity( 1626): [0,60094021,4420,com.softwareinc.perueiroapp/.MainActivity,NULL,NULL,NULL,268435456]
01-29 10:18:18.247 I/binder_sample(19948): [android.app.IActivityManager,20,342,com.google.android.packageinstaller,68]
01-29 10:18:18.257 I/dvm_lock_sample( 1626): [system_server,1,Binder:1626_F,334,ActivityManagerService.java,10031,java.util.List com.android.server.am.ActivityManagerService.getRunningAppProcesses(),-,6978,android.app.ContentProviderHolder com.android.server.am.ActivityManagerService.getContentProviderImpl(android.app.IApplicationThread, java.lang.String, android.os.IBinder, int, java.lang.String, java.lang.String, boolean, int),66]
01-29 10:18:18.325 I/dvm_lock_sample( 1626): [system_server,0,Binder:1626_1C,27,ActivityManagerService.java,14494,void com.android.server.am.ActivityManagerService.serviceDoneExecuting(android.os.IBinder, int, int, int),-,10031,java.util.List com.android.server.am.ActivityManagerService.getRunningAppProcesses(),5]
01-29 10:18:18.409 I/am_proc_start( 1626): [0,20098,10016,com.softwareinc.perueiroapp,activity,{com.softwareinc.perueiroapp/com.softwareinc.perueiroapp.MainActivity}]
01-29 10:18:18.666 I/am_proc_bound( 1626): [0,20098,com.softwareinc.perueiroapp]
01-29 10:18:18.686 I/am_restart_activity( 1626): [0,60094021,4420,com.softwareinc.perueiroapp/.MainActivity,20098]
01-29 10:18:18.688 I/am_set_resumed_activity( 1626): [0,com.softwareinc.perueiroapp/.MainActivity,minimalResumeActivityLocked]
01-29 10:18:18.764 I/dvm_lock_sample( 1626): [system_server,1,android.display,24,ProcessRecord.java,1386,void com.android.server.am.ProcessRecord.onStartActivity(int, boolean, java.lang.String, long),ActivityManagerService.java,7639,void com.android.server.am.ActivityManagerService.publishContentProviders(android.app.IApplicationThread, java.util.List),4]
01-29 10:18:20.445 I/dvm_lock_sample( 1626): [system_server,1,Binder:1626_14,67,ActivityManagerService.java,14791,android.content.Intent com.android.server.am.ActivityManagerService.registerReceiver(android.app.IApplicationThread, java.lang.String, android.content.IIntentReceiver, android.content.IntentFilter, java.lang.String, int, int),-,5955,boolean com.android.server.am.ActivityManagerService.isAppBad(android.content.pm.ApplicationInfo),13]
01-29 10:18:20.538 I/dvm_lock_sample( 1626): [system_server,1,Binder:1626_14,87,ActivityManagerService.java,7717,boolean com.android.server.am.ActivityManagerService.refContentProvider(android.os.IBinder, int, int),-,14463,boolean com.android.server.am.ActivityManagerService.unbindService(android.app.IServiceConnection),17]
01-29 10:18:20.651 I/notification_cancel_all( 1626): [1000,1626,com.softwareinc.perueiroapp,0,0,0,5,NULL]
01-29 10:18:21.713 I/dvm_lock_sample( 1626): [system_server,1,android.ui,58,ActivityManagerService.java,3378,void com.android.server.am.ActivityManagerService.dispatchUidsChanged(),-,1537,void com.android.server.am.ActivityManagerService$AppDeathRecipient.binderDied(),11]
01-29 10:18:22.504 I/dvm_lock_sample( 1626): [system_server,1,android.ui,11,ActivityManagerService.java,3378,void com.android.server.am.ActivityManagerService.dispatchUidsChanged(),-,6978,android.app.ContentProviderHolder com.android.server.am.ActivityManagerService.getContentProviderImpl(android.app.IApplicationThread, java.lang.String, android.os.IBinder, int, java.lang.String, java.lang.String, boolean, int),2]
01-29 10:18:22.583 I/dvm_lock_sample( 1626): [system_server,0,miui.fg,30,ActivityManagerService.java,5955,boolean com.android.server.am.ActivityManagerService.isAppBad(android.content.pm.ApplicationInfo),-,14450,int com.android.server.am.ActivityManagerService.bindIsolatedService(android.app.IApplicationThread, android.os.IBinder, android.content.Intent, java.lang.String, android.app.IServiceConnection, int, java.lang.String, java.lang.String, int),6]
01-29 10:18:23.350 I/am_pss  ( 1626): [20098,10016,com.softwareinc.perueiroapp,60979200,57495552,269312,127492096,1,2,11]
01-29 10:18:23.635 I/dvm_lock_sample( 1626): [system_server,0,android.bg,26,ActivityManagerService.java,2043,void com.android.server.am.ActivityManagerService$5.handleMessage(android.os.Message),-,14450,int com.android.server.am.ActivityManagerService.bindIsolatedService(android.app.IApplicationThread, android.os.IBinder, android.content.Intent, java.lang.String, android.app.IServiceConnection, int, java.lang.String, java.lang.String, int),5]
01-29 10:18:24.489 I/am_lifecycle_sample(20098): [0,com.softwareinc.perueiroapp,110,5777]
01-29 10:18:24.835 I/am_on_create_called(20098): [0,com.softwareinc.perueiroapp.MainActivity,performCreate,155]
01-29 10:18:24.851 I/am_on_start_called(20098): [0,com.softwareinc.perueiroapp.MainActivity,handleStartActivity,0]
01-29 10:18:24.855 I/am_on_resume_called(20098): [0,com.softwareinc.perueiroapp.MainActivity,RESUME_ACTIVITY,2]
01-29 10:18:24.901 I/am_on_top_resumed_gained_called(20098): [0,com.softwareinc.perueiroapp.MainActivity,topStateChangedWhenResumed]
01-29 10:18:27.042 I/sysui_multi_action( 1626): [319,809,321,784,322,9148,325,748185,757,761,758,7,759,1,806,com.softwareinc.perueiroapp,871,com.softwareinc.perueiroapp.MainActivity,904,com.android.shell,905,0,945,776,1320,12,1321,1]
01-29 10:18:27.047 I/am_activity_launch_time( 1626): [0,60094021,com.softwareinc.perueiroapp/.MainActivity,9148]
01-29 10:18:32.992 I/am_pss  ( 1626): [20098,10016,com.softwareinc.perueiroapp,125901824,116711424,191488,219832320,0,2,20]
01-29 10:19:17.133 I/am_relaunch_resume_activity( 1626): [20098,60094021,4420,com.softwareinc.perueiroapp/.MainActivity]
01-29 10:19:17.154 I/am_on_top_resumed_lost_called(20098): [0,com.softwareinc.perueiroapp.MainActivity,pausing]
01-29 10:19:17.157 I/am_on_paused_called(20098): [0,com.softwareinc.perueiroapp.MainActivity,performPause,0]
01-29 10:19:17.161 I/am_on_stop_called(20098): [0,com.softwareinc.perueiroapp.MainActivity,handleRelaunchActivity,0]
01-29 10:19:17.185 I/dvm_lock_sample( 1626): [system_server,1,android.anim,116,WindowAnimator.java,99,void com.android.server.wm.WindowAnimator.lambda$new$1$WindowAnimator(long),ActivityTaskManagerService.java,4571,boolean com.android.server.wm.ActivityTaskManagerService.updateDisplayOverrideConfiguration(android.content.res.Configuration, int),23]
01-29 10:19:17.235 I/am_on_destroy_called(20098): [0,com.softwareinc.perueiroapp.MainActivity,performDestroy,0]
01-29 10:19:17.296 I/am_on_create_called(20098): [0,com.softwareinc.perueiroapp.MainActivity,performCreate,21]
01-29 10:19:17.303 I/am_on_start_called(20098): [0,com.softwareinc.perueiroapp.MainActivity,handleStartActivity,0]
01-29 10:19:17.308 I/am_on_resume_called(20098): [0,com.softwareinc.perueiroapp.MainActivity,RESUME_ACTIVITY,2]
01-29 10:19:17.308 I/am_on_top_resumed_gained_called(20098): [0,com.softwareinc.perueiroapp.MainActivity,topWhenResuming]
01-29 10:19:18.296 I/dvm_lock_sample( 1626): [system_server,1,Binder:1626_A,44,ActivityTaskManagerService.java,2913,android.app.ActivityManager$StackInfo com.android.server.wm.ActivityTaskManagerService.getStackInfo(int, int),WindowSurfacePlacer.java,61,void com.android.server.wm.WindowSurfacePlacer.lambda$new$0$WindowSurfacePlacer(),8]
01-29 10:19:21.051 I/am_relaunch_resume_activity( 1626): [20098,60094021,4420,com.softwareinc.perueiroapp/.MainActivity]
01-29 10:19:21.058 I/am_on_top_resumed_lost_called(20098): [0,com.softwareinc.perueiroapp.MainActivity,pausing]
01-29 10:19:21.061 I/am_on_paused_called(20098): [0,com.softwareinc.perueiroapp.MainActivity,performPause,0]
01-29 10:19:21.068 I/am_on_stop_called(20098): [0,com.softwareinc.perueiroapp.MainActivity,handleRelaunchActivity,0]
01-29 10:19:21.108 I/am_on_destroy_called(20098): [0,com.softwareinc.perueiroapp.MainActivity,performDestroy,0]
01-29 10:19:21.163 I/am_on_create_called(20098): [0,com.softwareinc.perueiroapp.MainActivity,performCreate,24]
01-29 10:19:21.175 I/am_on_start_called(20098): [0,com.softwareinc.perueiroapp.MainActivity,handleStartActivity,0]
01-29 10:19:21.179 I/am_on_resume_called(20098): [0,com.softwareinc.perueiroapp.MainActivity,RESUME_ACTIVITY,2]
01-29 10:19:21.180 I/am_on_top_resumed_gained_called(20098): [0,com.softwareinc.perueiroapp.MainActivity,topWhenResuming]
01-29 10:19:33.224 I/am_pss  ( 1626): [20098,10016,com.softwareinc.perueiroapp,139232256,129802240,182272,234221568,0,2,23]
01-29 10:20:51.684 I/am_pss  ( 1626): [20098,10016,com.softwareinc.perueiroapp,135448576,126402560,177152,227053568,2,2,13]
01-29 10:23:28.113 I/am_pss  ( 1626): [20098,10016,com.softwareinc.perueiroapp,131613696,125030400,164864,213979136,0,2,21]
01-29 10:27:01.493 I/am_pss  ( 1626): [20098,10016,com.softwareinc.perueiroapp,131492864,125009920,164864,213487616,0,2,22]
01-29 10:32:57.490 I/am_pss  ( 1626): [20098,10016,com.softwareinc.perueiroapp,130610176,124674048,164864,208080896,0,2,20]
01-29 10:40:45.850 I/am_pss  ( 1626): [20098,10016,com.softwareinc.perueiroapp,129392640,124932096,167936,201277440,0,2,20]
01-29 10:52:34.052 I/am_pss  ( 1626): [20098,10016,com.softwareinc.perueiroapp,129460224,124932096,172032,201003008,0,2,14]
01-29 10:52:35.764 I/dvm_lock_sample( 1626): [system_server,1,Binder:1626_18,10,ActivityManagerService.java,6752,java.lang.String com.android.server.am.ActivityManagerService.checkContentProviderAccess(java.lang.String, int),-,14450,int com.android.server.am.ActivityManagerService.bindIsolatedService(android.app.IApplicationThread, android.os.IBinder, android.content.Intent, java.lang.String, android.app.IServiceConnection, int, java.lang.String, java.lang.String, int),2]
01-29 10:53:08.170 I/dvm_lock_sample( 1626): [system_server,1,android.ui,6,ActivityManagerService.java,3378,void com.android.server.am.ActivityManagerService.dispatchUidsChanged(),-,14450,int com.android.server.am.ActivityManagerService.bindIsolatedService(android.app.IApplicationThread, android.os.IBinder, android.content.Intent, java.lang.String, android.app.IServiceConnection, int, java.lang.String, java.lang.String, int),1]
01-29 10:53:39.213 I/dvm_lock_sample( 1626): [system_server,0,Binder:1626_10,5,ActivityManagerService.java,14494,void com.android.server.am.ActivityManagerService.serviceDoneExecuting(android.os.IBinder, int, int, int),-,14450,int com.android.server.am.ActivityManagerService.bindIsolatedService(android.app.IApplicationThread, android.os.IBinder, android.content.Intent, java.lang.String, android.app.IServiceConnection, int, java.lang.String, java.lang.String, int),1]
01-29 10:53:39.213 I/dvm_lock_sample( 1626): [system_server,1,Binder:1626_2,20,ActivityManagerService.java,14474,void com.android.server.am.ActivityManagerService.publishService(android.os.IBinder, android.content.Intent, android.os.IBinder),-,14450,int com.android.server.am.ActivityManagerService.bindIsolatedService(android.app.IApplicationThread, android.os.IBinder, android.content.Intent, java.lang.String, android.app.IServiceConnection, int, java.lang.String, java.lang.String, int),4]
01-29 11:00:42.359 I/am_relaunch_resume_activity( 1626): [20098,60094021,4420,com.softwareinc.perueiroapp/.MainActivity]
01-29 11:00:42.368 I/dvm_lock_sample( 1626): [system_server,1,Binder:1626_13,85,ActivityTaskManagerService.java,6513,boolean com.android.server.wm.ActivityTaskManagerService$LocalService.isGetTasksAllowed(java.lang.String, int, int),-,4571,boolean com.android.server.wm.ActivityTaskManagerService.updateDisplayOverrideConfiguration(android.content.res.Configuration, int),17]
01-29 11:00:42.590 I/dvm_lock_sample(20098): [com.softwareinc.perueiroapp,0,Binder:20098_3,227,ActivityThread.java,5139,android.app.ActivityThread$ActivityClientRecord android.app.ActivityThread.prepareRelaunchActivity(android.os.IBinder, java.util.List, java.util.List, int, android.util.MergedConfiguration, boolean),-,5668,void android.app.ActivityThread.handleConfigurationChanged(android.content.res.Configuration, android.content.res.CompatibilityInfo),45]
01-29 11:00:42.592 I/am_on_top_resumed_lost_called(20098): [0,com.softwareinc.perueiroapp.MainActivity,pausing]
01-29 11:00:42.633 I/am_on_paused_called(20098): [0,com.softwareinc.perueiroapp.MainActivity,performPause,40]
01-29 11:00:42.638 I/am_on_stop_called(20098): [0,com.softwareinc.perueiroapp.MainActivity,handleRelaunchActivity,0]
01-29 11:00:42.680 I/am_on_destroy_called(20098): [0,com.softwareinc.perueiroapp.MainActivity,performDestroy,0]
01-29 11:00:42.904 I/am_on_create_called(20098): [0,com.softwareinc.perueiroapp.MainActivity,performCreate,107]
01-29 11:00:42.923 I/am_on_start_called(20098): [0,com.softwareinc.perueiroapp.MainActivity,handleStartActivity,0]
01-29 11:00:42.936 I/am_on_resume_called(20098): [0,com.softwareinc.perueiroapp.MainActivity,RESUME_ACTIVITY,11]
01-29 11:00:42.937 I/am_on_top_resumed_gained_called(20098): [0,com.softwareinc.perueiroapp.MainActivity,topWhenResuming]
01-29 11:00:46.814 I/am_relaunch_resume_activity( 1626): [20098,60094021,4420,com.softwareinc.perueiroapp/.MainActivity]
01-29 11:00:46.821 I/am_on_top_resumed_lost_called(20098): [0,com.softwareinc.perueiroapp.MainActivity,pausing]
01-29 11:00:46.823 I/am_on_paused_called(20098): [0,com.softwareinc.perueiroapp.MainActivity,performPause,1]
01-29 11:00:46.830 I/am_on_stop_called(20098): [0,com.softwareinc.perueiroapp.MainActivity,handleRelaunchActivity,0]
01-29 11:00:46.848 I/am_on_destroy_called(20098): [0,com.softwareinc.perueiroapp.MainActivity,performDestroy,0]
01-29 11:00:46.912 I/am_on_create_called(20098): [0,com.softwareinc.perueiroapp.MainActivity,performCreate,24]
01-29 11:00:46.920 I/am_on_start_called(20098): [0,com.softwareinc.perueiroapp.MainActivity,handleStartActivity,0]
01-29 11:00:46.925 I/am_on_resume_called(20098): [0,com.softwareinc.perueiroapp.MainActivity,RESUME_ACTIVITY,1]
01-29 11:00:46.926 I/am_on_top_resumed_gained_called(20098): [0,com.softwareinc.perueiroapp.MainActivity,topWhenResuming]
01-29 11:10:10.128 I/am_pss  ( 1626): [20098,10016,com.softwareinc.perueiroapp,149135360,141758464,164864,227586048,0,2,21]
01-29 11:16:07.033 I/dvm_lock_sample( 1626): [system_server,1,ActivityManager,11,BroadcastQueue.java,984,void com.android.server.am.BroadcastQueue.processNextBroadcast(boolean, boolean),ActivityManagerService.java,14450,int com.android.server.am.ActivityManagerService.bindIsolatedService(android.app.IApplicationThread, android.os.IBinder, android.content.Intent, java.lang.String, android.app.IServiceConnection, int, java.lang.String, java.lang.String, int),2]
01-29 11:16:07.565 I/dvm_lock_sample( 1626): [system_server,1,Binder:1626_1E,5,ActivityManagerService.java,6181,boolean com.android.server.am.ActivityManagerService.isAppStartModeDisabled(int, java.lang.String),-,14450,int com.android.server.am.ActivityManagerService.bindIsolatedService(android.app.IApplicationThread, android.os.IBinder, android.content.Intent, java.lang.String, android.app.IServiceConnection, int, java.lang.String, java.lang.String, int),1]
01-29 11:16:09.427 I/dvm_lock_sample( 1626): [system_server,1,android.ui,5,ActivityManagerService.java,3378,void com.android.server.am.ActivityManagerService.dispatchUidsChanged(),BroadcastQueue.java,984,void com.android.server.am.BroadcastQueue.processNextBroadcast(boolean, boolean),1]
01-29 11:16:16.699 I/dvm_lock_sample( 1626): [system_server,1,Binder:1626_2,18,ActivityManagerService.java,14450,int com.android.server.am.ActivityManagerService.bindIsolatedService(android.app.IApplicationThread, android.os.IBinder, android.content.Intent, java.lang.String, android.app.IServiceConnection, int, java.lang.String, java.lang.String, int),-,14450,int com.android.server.am.ActivityManagerService.bindIsolatedService(android.app.IApplicationThread, android.os.IBinder, android.content.Intent, java.lang.String, android.app.IServiceConnection, int, java.lang.String, java.lang.String, int),3]
01-29 11:16:16.759 I/dvm_lock_sample( 1626): [system_server,1,Binder:1626_10,18,ActivityManagerService.java,14450,int com.android.server.am.ActivityManagerService.bindIsolatedService(android.app.IApplicationThread, android.os.IBinder, android.content.Intent, java.lang.String, android.app.IServiceConnection, int, java.lang.String, java.lang.String, int),-,5955,boolean com.android.server.am.ActivityManagerService.isAppBad(android.content.pm.ApplicationInfo),3]
01-29 11:16:16.780 I/dvm_lock_sample( 1626): [system_server,0,Binder:1626_3,21,ActivityManagerService.java,16095,void com.android.server.am.ActivityManagerService.finishReceiver(android.os.IBinder, int, java.lang.String, android.os.Bundle, boolean, int),-,5955,boolean com.android.server.am.ActivityManagerService.isAppBad(android.content.pm.ApplicationInfo),4]
01-29 11:16:16.848 I/dvm_lock_sample( 1626): [system_server,1,Binder:1626_1D,20,ActivityManagerService.java,6752,java.lang.String com.android.server.am.ActivityManagerService.checkContentProviderAccess(java.lang.String, int),-,14463,boolean com.android.server.am.ActivityManagerService.unbindService(android.app.IServiceConnection),4]
01-29 11:19:28.602 I/dvm_lock_sample( 1626): [system_server,1,android.ui,8,ActivityManagerService.java,3378,void com.android.server.am.ActivityManagerService.dispatchUidsChanged(),-,14450,int com.android.server.am.ActivityManagerService.bindIsolatedService(android.app.IApplicationThread, android.os.IBinder, android.content.Intent, java.lang.String, android.app.IServiceConnection, int, java.lang.String, java.lang.String, int),1]
01-29 11:21:52.686 I/dvm_lock_sample( 1626): [system_server,1,Binder:1626_5,11,ActivityManagerService.java,8605,boolean com.android.server.am.ActivityManagerService.isUidActive(int, java.lang.String),-,5395,void com.android.server.am.ActivityManagerService.attachApplication(android.app.IApplicationThread, long),2]
01-29 11:21:59.719 I/dvm_lock_sample( 1626): [system_server,0,Binder:1626_8,7,ActivityManagerService.java,14494,void com.android.server.am.ActivityManagerService.serviceDoneExecuting(android.os.IBinder, int, int, int),-,14463,boolean com.android.server.am.ActivityManagerService.unbindService(android.app.IServiceConnection),1]
01-29 11:22:01.294 I/dvm_lock_sample( 1626): [system_server,0,Binder:1626_1F,11,ActivityManagerService.java,14494,void com.android.server.am.ActivityManagerService.serviceDoneExecuting(android.os.IBinder, int, int, int),-,14450,int com.android.server.am.ActivityManagerService.bindIsolatedService(android.app.IApplicationThread, android.os.IBinder, android.content.Intent, java.lang.String, android.app.IServiceConnection, int, java.lang.String, java.lang.String, int),2]
01-29 11:22:02.551 I/am_pss  ( 1626): [20098,10016,com.softwareinc.perueiroapp,138957824,134553600,162816,207556608,0,2,14]
01-29 11:24:40.514 I/dvm_lock_sample( 1626): [system_server,1,android.ui,13,ActivityManagerService.java,3378,void com.android.server.am.ActivityManagerService.dispatchUidsChanged(),-,1537,void com.android.server.am.ActivityManagerService$AppDeathRecipient.binderDied(),2]
01-29 11:24:40.747 I/dvm_lock_sample( 1626): [system_server,1,Binder:1626_1C,21,ActivityManagerService.java,14791,android.content.Intent com.android.server.am.ActivityManagerService.registerReceiver(android.app.IApplicationThread, java.lang.String, android.content.IIntentReceiver, android.content.IntentFilter, java.lang.String, int, int),-,1537,void com.android.server.am.ActivityManagerService$AppDeathRecipient.binderDied(),4]
01-29 11:24:41.102 I/dvm_lock_sample( 1626): [system_server,1,Binder:1626_18,30,ActivityManagerService.java,14791,android.content.Intent com.android.server.am.ActivityManagerService.registerReceiver(android.app.IApplicationThread, java.lang.String, android.content.IIntentReceiver, android.content.IntentFilter, java.lang.String, int, int),-,14285,android.content.ComponentName com.android.server.am.ActivityManagerService.startService(android.app.IApplicationThread, android.content.Intent, java.lang.String, boolean, java.lang.String, int),6]
01-29 11:24:41.116 I/dvm_lock_sample( 1626): [system_server,1,Binder:1626_E,17,ActivityManagerService.java,5955,boolean com.android.server.am.ActivityManagerService.isAppBad(android.content.pm.ApplicationInfo),-,5395,void com.android.server.am.ActivityManagerService.attachApplication(android.app.IApplicationThread, long),3]
01-29 11:29:18.065 I/dvm_lock_sample( 1626): [system_server,0,Binder:1626_11,11,ActivityManagerService.java,14463,boolean com.android.server.am.ActivityManagerService.unbindService(android.app.IServiceConnection),-,14463,boolean com.android.server.am.ActivityManagerService.unbindService(android.app.IServiceConnection),2]
01-29 11:40:29.703 I/am_relaunch_resume_activity( 1626): [20098,60094021,4420,com.softwareinc.perueiroapp/.MainActivity]
01-29 11:40:29.773 I/am_on_top_resumed_lost_called(20098): [0,com.softwareinc.perueiroapp.MainActivity,pausing]
01-29 11:40:29.774 I/am_on_paused_called(20098): [0,com.softwareinc.perueiroapp.MainActivity,performPause,0]
01-29 11:40:29.777 I/am_on_stop_called(20098): [0,com.softwareinc.perueiroapp.MainActivity,handleRelaunchActivity,0]
01-29 11:40:29.797 I/am_on_destroy_called(20098): [0,com.softwareinc.perueiroapp.MainActivity,performDestroy,0]
01-29 11:40:29.873 I/am_on_create_called(20098): [0,com.softwareinc.perueiroapp.MainActivity,performCreate,18]
01-29 11:40:29.880 I/am_on_start_called(20098): [0,com.softwareinc.perueiroapp.MainActivity,handleStartActivity,0]
01-29 11:40:29.884 I/am_on_resume_called(20098): [0,com.softwareinc.perueiroapp.MainActivity,RESUME_ACTIVITY,1]
01-29 11:40:29.885 I/am_on_top_resumed_gained_called(20098): [0,com.softwareinc.perueiroapp.MainActivity,topWhenResuming]
01-29 11:51:22.321 I/dvm_lock_sample( 1626): [system_server,1,Binder:1626_2,8,ActivityManagerService.java,8605,boolean com.android.server.am.ActivityManagerService.isUidActive(int, java.lang.String),-,14494,void com.android.server.am.ActivityManagerService.serviceDoneExecuting(android.os.IBinder, int, int, int),1]
01-29 12:00:10.705 I/dvm_lock_sample( 1626): [system_server,0,Binder:1626_8,5,ActivityManagerService.java,14494,void com.android.server.am.ActivityManagerService.serviceDoneExecuting(android.os.IBinder, int, int, int),-,14450,int com.android.server.am.ActivityManagerService.bindIsolatedService(android.app.IApplicationThread, android.os.IBinder, android.content.Intent, java.lang.String, android.app.IServiceConnection, int, java.lang.String, java.lang.String, int),1]
01-29 12:01:39.736 I/am_pss  ( 1626): [20098,10016,com.softwareinc.perueiroapp,146426880,139837440,172032,224493568,0,2,18]
01-29 12:04:41.657 I/dvm_lock_sample( 1626): [system_server,1,Binder:1626_1A,32,ActivityManagerService.java,14335,boolean com.android.server.am.ActivityManagerService.stopServiceToken(android.content.ComponentName, android.os.IBinder, int),-,14450,int com.android.server.am.ActivityManagerService.bindIsolatedService(android.app.IApplicationThread, android.os.IBinder, android.content.Intent, java.lang.String, android.app.IServiceConnection, int, java.lang.String, java.lang.String, int),6]
01-29 12:04:45.005 I/dvm_lock_sample( 1626): [system_server,0,Binder:1626_15,15,ActivityManagerService.java,14494,void com.android.server.am.ActivityManagerService.serviceDoneExecuting(android.os.IBinder, int, int, int),-,14463,boolean com.android.server.am.ActivityManagerService.unbindService(android.app.IServiceConnection),3]
01-29 12:30:55.174 I/dvm_lock_sample( 1626): [system_server,0,Binder:1626_5,7,ActivityManagerService.java,14494,void com.android.server.am.ActivityManagerService.serviceDoneExecuting(android.os.IBinder, int, int, int),-,14450,int com.android.server.am.ActivityManagerService.bindIsolatedService(android.app.IApplicationThread, android.os.IBinder, android.content.Intent, java.lang.String, android.app.IServiceConnection, int, java.lang.String, java.lang.String, int),1]
01-29 12:50:11.329 I/dvm_lock_sample( 1626): [system_server,0,Binder:1626_7,6,ActivityManagerService.java,14494,void com.android.server.am.ActivityManagerService.serviceDoneExecuting(android.os.IBinder, int, int, int),-,14463,boolean com.android.server.am.ActivityManagerService.unbindService(android.app.IServiceConnection),1]
01-29 12:50:11.350 I/dvm_lock_sample( 1626): [system_server,1,android.ui,8,ActivityManagerService.java,3378,void com.android.server.am.ActivityManagerService.dispatchUidsChanged(),-,14450,int com.android.server.am.ActivityManagerService.bindIsolatedService(android.app.IApplicationThread, android.os.IBinder, android.content.Intent, java.lang.String, android.app.IServiceConnection, int, java.lang.String, java.lang.String, int),1]
01-29 12:59:30.499 I/am_pss  ( 1626): [20098,10016,com.softwareinc.perueiroapp,141625344,136962048,164864,210976768,0,2,19]
01-29 13:07:52.079 I/dvm_lock_sample( 1626): [system_server,0,Binder:1626_16,6,ActivityManagerService.java,14494,void com.android.server.am.ActivityManagerService.serviceDoneExecuting(android.os.IBinder, int, int, int),-,14463,boolean com.android.server.am.ActivityManagerService.unbindService(android.app.IServiceConnection),1]
01-29 13:08:00.063 I/dvm_lock_sample( 1626): [system_server,0,AlarmManager,5,BroadcastDispatcher.java,169,void com.android.server.am.BroadcastDispatcher$1.broadcastAlarmPending(int),ActivityManagerService.java,14285,android.content.ComponentName com.android.server.am.ActivityManagerService.startService(android.app.IApplicationThread, android.content.Intent, java.lang.String, boolean, java.lang.String, int),1]
01-29 13:22:30.643 I/am_pss  ( 1626): [20098,10016,com.softwareinc.perueiroapp,136522752,132296704,164864,203558912,2,2,12]
01-29 13:22:38.251 I/dvm_lock_sample( 1626): [system_server,1,Binder:1626_1C,17,ActivityManagerService.java,6181,boolean com.android.server.am.ActivityManagerService.isAppStartModeDisabled(int, java.lang.String),-,14494,void com.android.server.am.ActivityManagerService.serviceDoneExecuting(android.os.IBinder, int, int, int),3]
01-29 13:38:11.990 I/dvm_lock_sample( 1626): [system_server,0,Binder:1626_3,10,ActivityManagerService.java,14494,void com.android.server.am.ActivityManagerService.serviceDoneExecuting(android.os.IBinder, int, int, int),-,14450,int com.android.server.am.ActivityManagerService.bindIsolatedService(android.app.IApplicationThread, android.os.IBinder, android.content.Intent, java.lang.String, android.app.IServiceConnection, int, java.lang.String, java.lang.String, int),2]
01-29 13:48:38.756 I/dvm_lock_sample( 1626): [system_server,0,miui.fg,8,ActivityManagerService.java,5955,boolean com.android.server.am.ActivityManagerService.isAppBad(android.content.pm.ApplicationInfo),-,14494,void com.android.server.am.ActivityManagerService.serviceDoneExecuting(android.os.IBinder, int, int, int),1]
01-29 14:02:35.726 I/dvm_lock_sample( 1626): [system_server,1,android.ui,9,ActivityManagerService.java,3378,void com.android.server.am.ActivityManagerService.dispatchUidsChanged(),-,1537,void com.android.server.am.ActivityManagerService$AppDeathRecipient.binderDied(),1]
01-29 14:08:00.305 I/dvm_lock_sample( 1626): [system_server,1,android.ui,6,ActivityManagerService.java,3378,void com.android.server.am.ActivityManagerService.dispatchUidsChanged(),-,14450,int com.android.server.am.ActivityManagerService.bindIsolatedService(android.app.IApplicationThread, android.os.IBinder, android.content.Intent, java.lang.String, android.app.IServiceConnection, int, java.lang.String, java.lang.String, int),1]
01-29 14:14:17.158 I/dvm_lock_sample( 1626): [system_server,1,Binder:1626_1A,8,ActivityManagerService.java,14285,android.content.ComponentName com.android.server.am.ActivityManagerService.startService(android.app.IApplicationThread, android.content.Intent, java.lang.String, boolean, java.lang.String, int),-,14285,android.content.ComponentName com.android.server.am.ActivityManagerService.startService(android.app.IApplicationThread, android.content.Intent, java.lang.String, boolean, java.lang.String, int),1]
01-29 14:15:42.127 I/am_relaunch_resume_activity( 1626): [20098,60094021,4420,com.softwareinc.perueiroapp/.MainActivity]
01-29 14:15:42.159 I/am_on_top_resumed_lost_called(20098): [0,com.softwareinc.perueiroapp.MainActivity,pausing]
01-29 14:15:42.162 I/am_on_paused_called(20098): [0,com.softwareinc.perueiroapp.MainActivity,performPause,2]
01-29 14:15:42.167 I/am_on_stop_called(20098): [0,com.softwareinc.perueiroapp.MainActivity,handleRelaunchActivity,0]
01-29 14:15:42.186 I/am_on_destroy_called(20098): [0,com.softwareinc.perueiroapp.MainActivity,performDestroy,0]
01-29 14:15:42.684 I/am_on_create_called(20098): [0,com.softwareinc.perueiroapp.MainActivity,performCreate,99]
01-29 14:15:42.692 I/am_on_start_called(20098): [0,com.softwareinc.perueiroapp.MainActivity,handleStartActivity,0]
01-29 14:15:42.698 I/am_on_resume_called(20098): [0,com.softwareinc.perueiroapp.MainActivity,RESUME_ACTIVITY,3]
01-29 14:15:42.699 I/am_on_top_resumed_gained_called(20098): [0,com.softwareinc.perueiroapp.MainActivity,topWhenResuming]
01-29 14:19:19.842 I/dvm_lock_sample( 1626): [system_server,1,android.ui,5,ActivityManagerService.java,3378,void com.android.server.am.ActivityManagerService.dispatchUidsChanged(),-,14285,android.content.ComponentName com.android.server.am.ActivityManagerService.startService(android.app.IApplicationThread, android.content.Intent, java.lang.String, boolean, java.lang.String, int),1]
01-29 14:20:33.417 I/dvm_lock_sample( 1626): [system_server,1,android.ui,7,ActivityManagerService.java,3378,void com.android.server.am.ActivityManagerService.dispatchUidsChanged(),-,14450,int com.android.server.am.ActivityManagerService.bindIsolatedService(android.app.IApplicationThread, android.os.IBinder, android.content.Intent, java.lang.String, android.app.IServiceConnection, int, java.lang.String, java.lang.String, int),1]
01-29 14:22:02.315 I/dvm_lock_sample( 1626): [system_server,0,Binder:1626_4,5,ActivityManagerService.java,16095,void com.android.server.am.ActivityManagerService.finishReceiver(android.os.IBinder, int, java.lang.String, android.os.Bundle, boolean, int),-,14450,int com.android.server.am.ActivityManagerService.bindIsolatedService(android.app.IApplicationThread, android.os.IBinder, android.content.Intent, java.lang.String, android.app.IServiceConnection, int, java.lang.String, java.lang.String, int),1]
01-29 14:22:04.531 I/dvm_lock_sample( 1626): [system_server,1,Binder:1626_19,10,ActivityManagerService.java,6978,android.app.ContentProviderHolder com.android.server.am.ActivityManagerService.getContentProviderImpl(android.app.IApplicationThread, java.lang.String, android.os.IBinder, int, java.lang.String, java.lang.String, boolean, int),-,16095,void com.android.server.am.ActivityManagerService.finishReceiver(android.os.IBinder, int, java.lang.String, android.os.Bundle, boolean, int),2]
01-29 14:22:37.501 I/am_pss  ( 1626): [20098,10016,com.softwareinc.perueiroapp,134373376,128815104,164864,206016512,0,2,15]
01-29 14:24:43.727 I/dvm_lock_sample( 1626): [system_server,1,Binder:1626_1D,8,ActivityManagerService.java,5955,boolean com.android.server.am.ActivityManagerService.isAppBad(android.content.pm.ApplicationInfo),-,14463,boolean com.android.server.am.ActivityManagerService.unbindService(android.app.IServiceConnection),1]
01-29 14:24:43.790 I/dvm_lock_sample( 1626): [system_server,1,Binder:1626_7,7,ActivityManagerService.java,5963,int com.android.server.am.ActivityManagerService.getUidState(int),-,14494,void com.android.server.am.ActivityManagerService.serviceDoneExecuting(android.os.IBinder, int, int, int),1]
01-29 14:37:37.090 I/am_pss  ( 1626): [20098,10016,com.softwareinc.perueiroapp,133074944,128118784,184320,199929856,1,2,11]
01-29 14:50:25.577 I/dvm_lock_sample( 1626): [system_server,1,Binder:1626_1D,5,ActivityManagerService.java,14450,int com.android.server.am.ActivityManagerService.bindIsolatedService(android.app.IApplicationThread, android.os.IBinder, android.content.Intent, java.lang.String, android.app.IServiceConnection, int, java.lang.String, java.lang.String, int),-,14494,void com.android.server.am.ActivityManagerService.serviceDoneExecuting(android.os.IBinder, int, int, int),1]
01-29 14:51:36.389 I/auditd  ( 1626): type=1400 audit(0.0:136234): avc: denied { getpgid } for comm="ActivityManager" scontext=u:r:system_server:s0 tcontext=u:r:app_zygote:s0:c512,c768 tclass=process permissive=0
01-29 14:51:36.399 I/auditd  ( 1626): type=1400 audit(0.0:136238): avc: denied { getpgid } for comm="ActivityManager" scontext=u:r:system_server:s0 tcontext=u:r:app_zygote:s0:c512,c768 tclass=process permissive=0
01-29 14:55:17.291 I/dvm_lock_sample( 1626): [system_server,0,miui.fg,7,ActivityManagerService.java,5955,boolean com.android.server.am.ActivityManagerService.isAppBad(android.content.pm.ApplicationInfo),-,14494,void com.android.server.am.ActivityManagerService.serviceDoneExecuting(android.os.IBinder, int, int, int),1]
