10-27 09:30:53.008 I/dvm_lock_sample( 1594): [system_server,0,android.bg,17,ActivityManagerService.java,2043,void com.android.server.am.ActivityManagerService$5.handleMessage(android.os.Message),-,14463,boolean com.android.server.am.ActivityManagerService.unbindService(android.app.IServiceConnection),3]
10-27 09:41:57.514 I/dvm_lock_sample( 1594): [system_server,1,Binder:1594_1F,10,ActivityManagerService.java,14474,void com.android.server.am.ActivityManagerService.publishService(android.os.IBinder, android.content.Intent, android.os.IBinder),-,1537,void com.android.server.am.ActivityManagerService$AppDeathRecipient.binderDied(),2]
10-27 09:41:57.600 I/dvm_lock_sample( 1594): [system_server,0,Binder:1594_1C,20,ActivityManagerService.java,14494,void com.android.server.am.ActivityManagerService.serviceDoneExecuting(android.os.IBinder, int, int, int),-,1537,void com.android.server.am.ActivityManagerService$AppDeathRecipient.binderDied(),4]
10-27 09:48:04.735 I/dvm_lock_sample( 1594): [system_server,0,miui.fg,6,ActivityManagerService.java,5955,boolean com.android.server.am.ActivityManagerService.isAppBad(android.content.pm.ApplicationInfo),-,14494,void com.android.server.am.ActivityManagerService.serviceDoneExecuting(android.os.IBinder, int, int, int),1]
10-27 09:49:44.548 I/dvm_lock_sample( 1594): [system_server,0,miui.fg,8,ActivityManagerService.java,5955,boolean com.android.server.am.ActivityManagerService.isAppBad(android.content.pm.ApplicationInfo),-,5395,void com.android.server.am.ActivityManagerService.attachApplication(android.app.IApplicationThread, long),1]
10-27 09:59:28.628 I/dvm_lock_sample( 1594): [system_server,1,Binder:1594_1A,30,ActivityManagerService.java,6752,java.lang.String com.android.server.am.ActivityManagerService.checkContentProviderAccess(java.lang.String, int),-,1537,void com.android.server.am.ActivityManagerService$AppDeathRecipient.binderDied(),6]
10-27 09:59:28.932 I/dvm_lock_sample( 1594): [system_server,1,Binder:1594_D,20,ActivityManagerService.java,6181,boolean com.android.server.am.ActivityManagerService.isAppStartModeDisabled(int, java.lang.String),-,1537,void com.android.server.am.ActivityManagerService$AppDeathRecipient.binderDied(),4]
10-27 09:59:28.934 I/dvm_lock_sample( 1594): [system_server,1,Binder:1594_1A,16,ProcessManagerService.java,1704,java.util.List com.android.server.am.ProcessManagerService.getRunningProcessInfo(int, int, java.lang.String, java.lang.String, int),ActivityManagerService.java,1537,void com.android.server.am.ActivityManagerService$AppDeathRecipient.binderDied(),3]
10-27 10:04:52.644 I/dvm_lock_sample( 1594): [system_server,1,android.ui,27,ActivityManagerService.java,3378,void com.android.server.am.ActivityManagerService.dispatchUidsChanged(),-,1537,void com.android.server.am.ActivityManagerService$AppDeathRecipient.binderDied(),5]
10-27 10:04:52.673 I/dvm_lock_sample( 1594): [system_server,0,Binder:1594_D,33,ActivityManagerService.java,14494,void com.android.server.am.ActivityManagerService.serviceDoneExecuting(android.os.IBinder, int, int, int),-,14463,boolean com.android.server.am.ActivityManagerService.unbindService(android.app.IServiceConnection),6]
10-27 10:04:53.180 I/dvm_lock_sample( 1594): [system_server,0,SyncManager,7,ActivityManagerService.java,5955,boolean com.android.server.am.ActivityManagerService.isAppBad(android.content.pm.ApplicationInfo),-,14494,void com.android.server.am.ActivityManagerService.serviceDoneExecuting(android.os.IBinder, int, int, int),1]
10-27 10:04:53.819 I/dvm_lock_sample( 1594): [system_server,0,Binder:1594_20,5,ActivityManagerService.java,14494,void com.android.server.am.ActivityManagerService.serviceDoneExecuting(android.os.IBinder, int, int, int),-,14463,boolean com.android.server.am.ActivityManagerService.unbindService(android.app.IServiceConnection),1]
10-27 10:04:54.752 I/dvm_lock_sample( 1594): [system_server,1,Binder:1594_12,11,ActivityManagerService.java,14249,java.util.List com.android.server.am.ActivityManagerService.getServices(int, int),-,14450,int com.android.server.am.ActivityManagerService.bindIsolatedService(android.app.IApplicationThread, android.os.IBinder, android.content.Intent, java.lang.String, android.app.IServiceConnection, int, java.lang.String, java.lang.String, int),2]
10-27 10:04:55.000 I/dvm_lock_sample( 1594): [system_server,1,Binder:1594_9,17,ActivityManagerService.java,14285,android.content.ComponentName com.android.server.am.ActivityManagerService.startService(android.app.IApplicationThread, android.content.Intent, java.lang.String, boolean, java.lang.String, int),-,14463,boolean com.android.server.am.ActivityManagerService.unbindService(android.app.IServiceConnection),3]
10-27 10:04:55.022 I/dvm_lock_sample( 1594): [system_server,0,Binder:1594_9,5,ActivityManagerService.java,14494,void com.android.server.am.ActivityManagerService.serviceDoneExecuting(android.os.IBinder, int, int, int),-,14463,boolean com.android.server.am.ActivityManagerService.unbindService(android.app.IServiceConnection),1]
10-27 10:04:56.446 I/dvm_lock_sample( 1594): [system_server,1,Binder:1594_11,23,ActivityManagerService.java,6752,java.lang.String com.android.server.am.ActivityManagerService.checkContentProviderAccess(java.lang.String, int),-,1537,void com.android.server.am.ActivityManagerService$AppDeathRecipient.binderDied(),4]
10-27 10:05:44.629 I/dvm_lock_sample( 1594): [system_server,0,miui.fg,10,ActivityManagerService.java,10090,int com.android.server.am.ActivityManagerService.getMemoryTrimLevel(),-,14494,void com.android.server.am.ActivityManagerService.serviceDoneExecuting(android.os.IBinder, int, int, int),2]
10-27 10:05:44.647 I/dvm_lock_sample( 1594): [system_server,1,android.ui,9,ActivityManagerService.java,3378,void com.android.server.am.ActivityManagerService.dispatchUidsChanged(),-,14463,boolean com.android.server.am.ActivityManagerService.unbindService(android.app.IServiceConnection),1]
10-27 10:06:11.077 I/dvm_lock_sample( 1594): [system_server,1,android.ui,7,ActivityManagerService.java,3378,void com.android.server.am.ActivityManagerService.dispatchUidsChanged(),-,14450,int com.android.server.am.ActivityManagerService.bindIsolatedService(android.app.IApplicationThread, android.os.IBinder, android.content.Intent, java.lang.String, android.app.IServiceConnection, int, java.lang.String, java.lang.String, int),1]
10-27 10:06:22.109 I/dvm_lock_sample( 1594): [system_server,1,Binder:1594_1A,12,ActivityManagerService.java,6752,java.lang.String com.android.server.am.ActivityManagerService.checkContentProviderAccess(java.lang.String, int),-,14450,int com.android.server.am.ActivityManagerService.bindIsolatedService(android.app.IApplicationThread, android.os.IBinder, android.content.Intent, java.lang.String, android.app.IServiceConnection, int, java.lang.String, java.lang.String, int),2]
10-27 10:06:22.453 I/dvm_lock_sample( 1594): [system_server,1,Binder:1594_6,19,ActivityManagerService.java,6752,java.lang.String com.android.server.am.ActivityManagerService.checkContentProviderAccess(java.lang.String, int),-,14450,int com.android.server.am.ActivityManagerService.bindIsolatedService(android.app.IApplicationThread, android.os.IBinder, android.content.Intent, java.lang.String, android.app.IServiceConnection, int, java.lang.String, java.lang.String, int),3]
10-27 10:06:22.504 I/dvm_lock_sample( 1594): [system_server,1,Binder:1594_1A,6,ActivityManagerService.java,14474,void com.android.server.am.ActivityManagerService.publishService(android.os.IBinder, android.content.Intent, android.os.IBinder),-,14450,int com.android.server.am.ActivityManagerService.bindIsolatedService(android.app.IApplicationThread, android.os.IBinder, android.content.Intent, java.lang.String, android.app.IServiceConnection, int, java.lang.String, java.lang.String, int),1]
10-27 10:06:31.161 I/dvm_lock_sample( 1594): [system_server,1,android.ui,26,ActivityManagerService.java,3378,void com.android.server.am.ActivityManagerService.dispatchUidsChanged(),-,14450,int com.android.server.am.ActivityManagerService.bindIsolatedService(android.app.IApplicationThread, android.os.IBinder, android.content.Intent, java.lang.String, android.app.IServiceConnection, int, java.lang.String, java.lang.String, int),5]
10-27 10:07:58.451 I/dvm_lock_sample( 1594): [system_server,0,Binder:1594_1F,8,ActivityManagerService.java,14494,void com.android.server.am.ActivityManagerService.serviceDoneExecuting(android.os.IBinder, int, int, int),-,14450,int com.android.server.am.ActivityManagerService.bindIsolatedService(android.app.IApplicationThread, android.os.IBinder, android.content.Intent, java.lang.String, android.app.IServiceConnection, int, java.lang.String, java.lang.String, int),1]
10-27 10:08:11.724 I/dvm_lock_sample( 1594): [system_server,1,android.ui,5,ActivityManagerService.java,3378,void com.android.server.am.ActivityManagerService.dispatchUidsChanged(),-,14285,android.content.ComponentName com.android.server.am.ActivityManagerService.startService(android.app.IApplicationThread, android.content.Intent, java.lang.String, boolean, java.lang.String, int),1]
10-27 10:08:11.768 I/dvm_lock_sample( 1594): [system_server,1,android.ui,5,ActivityManagerService.java,3378,void com.android.server.am.ActivityManagerService.dispatchUidsChanged(),-,14494,void com.android.server.am.ActivityManagerService.serviceDoneExecuting(android.os.IBinder, int, int, int),1]
10-27 10:15:12.582 I/dvm_lock_sample( 1594): [system_server,0,Binder:1594_1F,15,ActivityManagerService.java,7564,void com.android.server.am.ActivityManagerService.removeContentProvider(android.os.IBinder, boolean),-,14450,int com.android.server.am.ActivityManagerService.bindIsolatedService(android.app.IApplicationThread, android.os.IBinder, android.content.Intent, java.lang.String, android.app.IServiceConnection, int, java.lang.String, java.lang.String, int),3]
10-27 10:17:30.876 I/dvm_lock_sample( 1594): [system_server,0,Binder:1594_18,20,ActivityManagerService.java,16095,void com.android.server.am.ActivityManagerService.finishReceiver(android.os.IBinder, int, java.lang.String, android.os.Bundle, boolean, int),-,14463,boolean com.android.server.am.ActivityManagerService.unbindService(android.app.IServiceConnection),4]
10-27 10:20:17.630 I/dvm_lock_sample( 1594): [system_server,0,android.bg,17,ActivityManagerService.java,2012,void com.android.server.am.ActivityManagerService$5.handleMessage(android.os.Message),-,3378,void com.android.server.am.ActivityManagerService.dispatchUidsChanged(),3]
10-27 10:23:49.370 I/dvm_lock_sample( 1594): [system_server,0,android.bg,12,ActivityManagerService.java,1964,void com.android.server.am.ActivityManagerService$5.handleMessage(android.os.Message),-,14450,int com.android.server.am.ActivityManagerService.bindIsolatedService(android.app.IApplicationThread, android.os.IBinder, android.content.Intent, java.lang.String, android.app.IServiceConnection, int, java.lang.String, java.lang.String, int),2]
10-27 10:26:15.941 I/dvm_lock_sample( 1594): [system_server,1,android.ui,5,ActivityManagerService.java,3378,void com.android.server.am.ActivityManagerService.dispatchUidsChanged(),-,16095,void com.android.server.am.ActivityManagerService.finishReceiver(android.os.IBinder, int, java.lang.String, android.os.Bundle, boolean, int),1]
10-27 10:35:19.901 I/dvm_lock_sample( 1594): [system_server,0,Binder:1594_E,10,ActivityManagerService.java,14494,void com.android.server.am.ActivityManagerService.serviceDoneExecuting(android.os.IBinder, int, int, int),-,14450,int com.android.server.am.ActivityManagerService.bindIsolatedService(android.app.IApplicationThread, android.os.IBinder, android.content.Intent, java.lang.String, android.app.IServiceConnection, int, java.lang.String, java.lang.String, int),2]
10-27 10:35:19.956 I/dvm_lock_sample( 1594): [system_server,0,Binder:1594_9,12,ActivityManagerService.java,14494,void com.android.server.am.ActivityManagerService.serviceDoneExecuting(android.os.IBinder, int, int, int),-,14450,int com.android.server.am.ActivityManagerService.bindIsolatedService(android.app.IApplicationThread, android.os.IBinder, android.content.Intent, java.lang.String, android.app.IServiceConnection, int, java.lang.String, java.lang.String, int),2]
10-27 10:48:18.493 I/dvm_lock_sample( 1594): [system_server,1,Binder:1594_9,16,ProcessManagerService.java,1704,java.util.List com.android.server.am.ProcessManagerService.getRunningProcessInfo(int, int, java.lang.String, java.lang.String, int),ActivityManagerService.java,14343,void com.android.server.am.ActivityManagerService.setServiceForeground(android.content.ComponentName, android.os.IBinder, int, android.app.Notification, int, int),3]
10-27 11:09:21.382 I/dvm_lock_sample( 1594): [system_server,1,Binder:1594_9,25,ActivityManagerService.java,7717,boolean com.android.server.am.ActivityManagerService.refContentProvider(android.os.IBinder, int, int),-,1537,void com.android.server.am.ActivityManagerService$AppDeathRecipient.binderDied(),5]
10-27 11:09:21.392 I/dvm_lock_sample( 1594): [system_server,1,ActivityManager,5,ActiveServices.java,2189,void com.android.server.am.ActiveServices$ServiceRestarter.run(),ActivityManagerService.java,14791,android.content.Intent com.android.server.am.ActivityManagerService.registerReceiver(android.app.IApplicationThread, java.lang.String, android.content.IIntentReceiver, android.content.IntentFilter, java.lang.String, int, int),1]
10-27 11:09:22.192 I/dvm_lock_sample( 1594): [system_server,1,Binder:1594_3,7,ActivityManagerService.java,5955,boolean com.android.server.am.ActivityManagerService.isAppBad(android.content.pm.ApplicationInfo),-,14463,boolean com.android.server.am.ActivityManagerService.unbindService(android.app.IServiceConnection),1]
10-27 11:17:44.684 I/dvm_lock_sample( 1594): [system_server,0,Binder:1594_19,12,ActivityManagerService.java,14494,void com.android.server.am.ActivityManagerService.serviceDoneExecuting(android.os.IBinder, int, int, int),-,14450,int com.android.server.am.ActivityManagerService.bindIsolatedService(android.app.IApplicationThread, android.os.IBinder, android.content.Intent, java.lang.String, android.app.IServiceConnection, int, java.lang.String, java.lang.String, int),2]
10-27 11:20:20.492 I/dvm_lock_sample( 1594): [system_server,1,Binder:1594_1C,18,ActivityManagerService.java,14474,void com.android.server.am.ActivityManagerService.publishService(android.os.IBinder, android.content.Intent, android.os.IBinder),-,14450,int com.android.server.am.ActivityManagerService.bindIsolatedService(android.app.IApplicationThread, android.os.IBinder, android.content.Intent, java.lang.String, android.app.IServiceConnection, int, java.lang.String, java.lang.String, int),3]
10-27 11:21:02.310 I/dvm_lock_sample( 1594): [system_server,1,android.ui,10,ActivityManagerService.java,3272,void com.android.server.am.ActivityManagerService.dispatchProcessesChanged(),-,14343,void com.android.server.am.ActivityManagerService.setServiceForeground(android.content.ComponentName, android.os.IBinder, int, android.app.Notification, int, int),2]
10-27 11:31:49.962 I/binder_sample( 6981): [android.app.IActivityManager,20,334,com.google.process.gapps,66]
10-27 11:31:50.804 I/dvm_lock_sample( 1594): [system_server,1,Binder:1594_7,6,ActivityManagerService.java,7717,boolean com.android.server.am.ActivityManagerService.refContentProvider(android.os.IBinder, int, int),-,14463,boolean com.android.server.am.ActivityManagerService.unbindService(android.app.IServiceConnection),1]
10-27 11:31:51.271 I/dvm_lock_sample( 1594): [system_server,1,android.ui,12,ActivityManagerService.java,3378,void com.android.server.am.ActivityManagerService.dispatchUidsChanged(),-,1537,void com.android.server.am.ActivityManagerService$AppDeathRecipient.binderDied(),2]
10-27 11:31:54.498 I/dvm_lock_sample( 1594): [system_server,1,android.ui,17,ActivityManagerService.java,3378,void com.android.server.am.ActivityManagerService.dispatchUidsChanged(),-,1537,void com.android.server.am.ActivityManagerService$AppDeathRecipient.binderDied(),3]
10-27 11:32:18.484 I/dvm_lock_sample( 1594): [system_server,1,Binder:1594_19,245,ActivityManagerService.java,14791,android.content.Intent com.android.server.am.ActivityManagerService.registerReceiver(android.app.IApplicationThread, java.lang.String, android.content.IIntentReceiver, android.content.IntentFilter, java.lang.String, int, int),-,14450,int com.android.server.am.ActivityManagerService.bindIsolatedService(android.app.IApplicationThread, android.os.IBinder, android.content.Intent, java.lang.String, android.app.IServiceConnection, int, java.lang.String, java.lang.String, int),49]
10-27 11:36:14.263 I/sysui_multi_action( 1594): [757,147,758,4,759,1,806,com.idealinspecao.perueiroapp]
10-27 11:36:15.008 I/am_create_activity( 1594): [0,142628522,1959,com.idealinspecao.perueiroapp/.MainActivity,NULL,NULL,NULL,268435456]
10-27 11:36:15.170 I/dvm_lock_sample( 1594): [system_server,1,Binder:1594_1F,202,ActivityManagerService.java,6752,java.lang.String com.android.server.am.ActivityManagerService.checkContentProviderAccess(java.lang.String, int),-,1537,void com.android.server.am.ActivityManagerService$AppDeathRecipient.binderDied(),40]
10-27 11:36:15.171 I/dvm_lock_sample( 1594): [system_server,1,Binder:1594_14,180,ActivityManagerService.java,6978,android.app.ContentProviderHolder com.android.server.am.ActivityManagerService.getContentProviderImpl(android.app.IApplicationThread, java.lang.String, android.os.IBinder, int, java.lang.String, java.lang.String, boolean, int),-,1537,void com.android.server.am.ActivityManagerService$AppDeathRecipient.binderDied(),36]
10-27 11:36:15.176 I/dvm_lock_sample( 1594): [system_server,1,Binder:1594_11,135,ActivityManagerService.java,14791,android.content.Intent com.android.server.am.ActivityManagerService.registerReceiver(android.app.IApplicationThread, java.lang.String, android.content.IIntentReceiver, android.content.IntentFilter, java.lang.String, int, int),-,1537,void com.android.server.am.ActivityManagerService$AppDeathRecipient.binderDied(),27]
10-27 11:36:15.193 I/dvm_lock_sample( 1594): [system_server,1,android.ui,34,ActivityManagerService.java,3378,void com.android.server.am.ActivityManagerService.dispatchUidsChanged(),-,1537,void com.android.server.am.ActivityManagerService$AppDeathRecipient.binderDied(),6]
10-27 11:36:15.235 I/am_proc_start( 1594): [0,8480,11396,com.idealinspecao.perueiroapp,activity,{com.idealinspecao.perueiroapp/com.idealinspecao.perueiroapp.MainActivity}]
10-27 11:36:15.472 I/am_proc_bound( 1594): [0,8480,com.idealinspecao.perueiroapp]
10-27 11:36:15.489 I/am_restart_activity( 1594): [0,142628522,1959,com.idealinspecao.perueiroapp/.MainActivity,8480]
10-27 11:36:15.490 I/am_set_resumed_activity( 1594): [0,com.idealinspecao.perueiroapp/.MainActivity,minimalResumeActivityLocked]
10-27 11:36:16.560 I/notification_cancel_all( 1594): [1000,1594,com.idealinspecao.perueiroapp,0,0,0,5,NULL]
10-27 11:36:16.849 I/dvm_lock_sample( 1594): [system_server,1,android.display,41,ActivityManagerService.java,18317,void com.android.server.am.ActivityManagerService$LocalService.setHasOverlayUi(int, boolean),-,14494,void com.android.server.am.ActivityManagerService.serviceDoneExecuting(android.os.IBinder, int, int, int),8]
10-27 11:36:16.932 I/dvm_lock_sample( 1594): [system_server,1,Binder:1594_11,79,ActivityManagerService.java,14791,android.content.Intent com.android.server.am.ActivityManagerService.registerReceiver(android.app.IApplicationThread, java.lang.String, android.content.IIntentReceiver, android.content.IntentFilter, java.lang.String, int, int),BroadcastQueue.java,984,void com.android.server.am.BroadcastQueue.processNextBroadcast(boolean, boolean),15]
10-27 11:36:16.954 I/dvm_lock_sample( 1594): [system_server,0,Binder:1594_1A,62,ActivityManagerService.java,7564,void com.android.server.am.ActivityManagerService.removeContentProvider(android.os.IBinder, boolean),BroadcastQueue.java,984,void com.android.server.am.BroadcastQueue.processNextBroadcast(boolean, boolean),12]
10-27 11:36:21.128 I/am_lifecycle_sample( 8480): [0,com.idealinspecao.perueiroapp,110,5586]
10-27 11:36:21.345 I/am_on_create_called( 8480): [0,com.idealinspecao.perueiroapp.MainActivity,performCreate,105]
10-27 11:36:21.358 I/am_on_start_called( 8480): [0,com.idealinspecao.perueiroapp.MainActivity,handleStartActivity,0]
10-27 11:36:21.363 I/am_on_resume_called( 8480): [0,com.idealinspecao.perueiroapp.MainActivity,RESUME_ACTIVITY,2]
10-27 11:36:21.387 I/am_on_top_resumed_gained_called( 8480): [0,com.idealinspecao.perueiroapp.MainActivity,topStateChangedWhenResumed]
10-27 11:36:23.323 I/sysui_multi_action( 1594): [319,574,321,517,322,8381,325,1923602,757,761,758,7,759,1,806,com.idealinspecao.perueiroapp,871,com.idealinspecao.perueiroapp.MainActivity,904,com.android.shell,905,0,945,532,1320,12,1321,1]
10-27 11:36:23.328 I/am_activity_launch_time( 1594): [0,142628522,com.idealinspecao.perueiroapp/.MainActivity,8381]
10-27 11:36:26.048 I/am_pss  ( 1594): [8480,11396,com.idealinspecao.perueiroapp,130851840,119578624,238592,216264704,0,2,15]
10-27 11:36:36.259 I/am_pss  ( 1594): [8480,11396,com.idealinspecao.perueiroapp,129898496,119148544,236544,216805376,0,2,20]
10-27 11:37:37.229 I/dvm_lock_sample( 1594): [system_server,0,android.bg,8,ActivityManagerService.java,1964,void com.android.server.am.ActivityManagerService$5.handleMessage(android.os.Message),-,14450,int com.android.server.am.ActivityManagerService.bindIsolatedService(android.app.IApplicationThread, android.os.IBinder, android.content.Intent, java.lang.String, android.app.IServiceConnection, int, java.lang.String, java.lang.String, int),1]
10-27 11:37:37.255 I/am_pss  ( 1594): [8480,11396,com.idealinspecao.perueiroapp,133073920,120463360,226304,227520512,0,2,21]
10-27 11:38:21.426 I/am_finish_activity( 1594): [8480,142628522,1959,com.idealinspecao.perueiroapp/.MainActivity,app-request]
10-27 11:38:21.431 I/am_pause_activity( 1594): [8480,142628522,com.idealinspecao.perueiroapp/.MainActivity,userLeaving=false]
10-27 11:38:21.438 I/am_on_top_resumed_lost_called( 8480): [0,com.idealinspecao.perueiroapp.MainActivity,topStateChangedWhenResumed]
10-27 11:38:21.442 I/am_on_paused_called( 8480): [0,com.idealinspecao.perueiroapp.MainActivity,performPause,0]
10-27 11:38:21.443 I/am_add_to_stopping( 1594): [0,142628522,com.idealinspecao.perueiroapp/.MainActivity,finishCurrentActivityLocked]
10-27 11:38:21.477 I/dvm_lock_sample( 1594): [system_server,1,Binder:1594_1E,10,ActivityManagerService.java,6752,java.lang.String com.android.server.am.ActivityManagerService.checkContentProviderAccess(java.lang.String, int),ProcessRecord.java,1358,void com.android.server.am.ProcessRecord.updateProcessInfo(boolean, boolean, boolean),2]
10-27 11:38:21.878 I/am_destroy_activity( 1594): [8480,142628522,1959,com.idealinspecao.perueiroapp/.MainActivity,finish-imm:activityIdleInternalLocked]
10-27 11:38:21.926 I/am_on_stop_called( 8480): [0,com.idealinspecao.perueiroapp.MainActivity,LIFECYCLER_STOP_ACTIVITY,0]
10-27 11:38:21.999 I/am_on_destroy_called( 8480): [0,com.idealinspecao.perueiroapp.MainActivity,performDestroy,1]
10-27 11:38:22.750 I/am_create_activity( 1594): [0,10516054,1960,com.idealinspecao.perueiroapp/.MainActivity,android.intent.action.MAIN,NULL,NULL,270532608]
10-27 11:38:22.769 I/am_restart_activity( 1594): [0,10516054,1960,com.idealinspecao.perueiroapp/.MainActivity,8480]
10-27 11:38:22.771 I/am_set_resumed_activity( 1594): [0,com.idealinspecao.perueiroapp/.MainActivity,minimalResumeActivityLocked]
10-27 11:38:22.835 I/am_on_create_called( 8480): [0,com.idealinspecao.perueiroapp.MainActivity,performCreate,29]
10-27 11:38:22.853 I/am_on_start_called( 8480): [0,com.idealinspecao.perueiroapp.MainActivity,handleStartActivity,0]
10-27 11:38:22.857 I/am_on_resume_called( 8480): [0,com.idealinspecao.perueiroapp.MainActivity,RESUME_ACTIVITY,1]
10-27 11:38:22.874 I/am_on_top_resumed_gained_called( 8480): [0,com.idealinspecao.perueiroapp.MainActivity,topStateChangedWhenResumed]
10-27 11:38:23.059 I/sysui_multi_action( 1594): [319,100,321,90,322,319,325,1923730,757,761,758,8,759,1,806,com.idealinspecao.perueiroapp,871,com.idealinspecao.perueiroapp.MainActivity,904,com.miui.home,905,0,1320,12,1321,1]
10-27 11:38:23.061 I/am_activity_launch_time( 1594): [0,10516054,com.idealinspecao.perueiroapp/.MainActivity,319]
10-27 11:38:23.862 I/am_pss  ( 1594): [8480,11396,com.idealinspecao.perueiroapp,134174720,121831424,212992,231288832,1,2,13]
10-27 11:41:02.571 I/am_pss  ( 1594): [8480,11396,com.idealinspecao.perueiroapp,152298496,139628544,212992,249843712,0,2,23]
10-27 11:42:18.720 I/dvm_lock_sample( 1594): [system_server,1,Binder:1594_4,8,ActivityManagerService.java,7717,boolean com.android.server.am.ActivityManagerService.refContentProvider(android.os.IBinder, int, int),-,14450,int com.android.server.am.ActivityManagerService.bindIsolatedService(android.app.IApplicationThread, android.os.IBinder, android.content.Intent, java.lang.String, android.app.IServiceConnection, int, java.lang.String, java.lang.String, int),1]
10-27 11:42:19.606 I/dvm_lock_sample( 1594): [system_server,1,Binder:1594_4,10,ActivityManagerService.java,14791,android.content.Intent com.android.server.am.ActivityManagerService.registerReceiver(android.app.IApplicationThread, java.lang.String, android.content.IIntentReceiver, android.content.IntentFilter, java.lang.String, int, int),-,14450,int com.android.server.am.ActivityManagerService.bindIsolatedService(android.app.IApplicationThread, android.os.IBinder, android.content.Intent, java.lang.String, android.app.IServiceConnection, int, java.lang.String, java.lang.String, int),2]
10-27 11:44:44.887 I/am_pss  ( 1594): [8480,11396,com.idealinspecao.perueiroapp,148921344,136314880,209920,247189504,0,2,23]
10-27 11:46:39.401 I/am_pss  ( 1594): [8480,11396,com.idealinspecao.perueiroapp,147106816,129654784,199680,251650048,1,2,16]
10-27 11:54:19.421 I/am_pss  ( 1594): [8480,11396,com.idealinspecao.perueiroapp,152290304,138522624,190464,250785792,0,2,22]
10-27 12:05:22.794 I/dvm_lock_sample( 1594): [system_server,1,Binder:1594_1A,10,ActivityManagerService.java,6181,boolean com.android.server.am.ActivityManagerService.isAppStartModeDisabled(int, java.lang.String),-,14463,boolean com.android.server.am.ActivityManagerService.unbindService(android.app.IServiceConnection),2]
10-27 12:05:31.118 I/am_pss  ( 1594): [8480,11396,com.idealinspecao.perueiroapp,152107008,138473472,197632,246673408,1,2,16]
10-27 12:12:39.935 I/am_pss  ( 1594): [8480,11396,com.idealinspecao.perueiroapp,150563840,138199040,195584,237862912,1,2,13]
10-27 12:15:21.072 I/dvm_lock_sample( 1594): [system_server,0,Binder:1594_1F,9,ActivityManagerService.java,14494,void com.android.server.am.ActivityManagerService.serviceDoneExecuting(android.os.IBinder, int, int, int),-,14450,int com.android.server.am.ActivityManagerService.bindIsolatedService(android.app.IApplicationThread, android.os.IBinder, android.content.Intent, java.lang.String, android.app.IServiceConnection, int, java.lang.String, java.lang.String, int),1]
10-27 12:30:34.817 I/am_pss  ( 1594): [8480,11396,com.idealinspecao.perueiroapp,147236864,136814592,195584,228352000,1,2,12]
10-27 12:37:32.306 I/dvm_lock_sample( 1594): [system_server,0,android.bg,7,ActivityManagerService.java,2043,void com.android.server.am.ActivityManagerService$5.handleMessage(android.os.Message),-,14463,boolean com.android.server.am.ActivityManagerService.unbindService(android.app.IServiceConnection),1]
10-27 12:41:31.493 I/dvm_lock_sample( 1594): [system_server,1,Binder:1594_16,33,ActivityManagerService.java,1537,void com.android.server.am.ActivityManagerService$AppDeathRecipient.binderDied(),-,14450,int com.android.server.am.ActivityManagerService.bindIsolatedService(android.app.IApplicationThread, android.os.IBinder, android.content.Intent, java.lang.String, android.app.IServiceConnection, int, java.lang.String, java.lang.String, int),6]
10-27 12:41:31.755 I/am_pss  ( 1594): [8480,11396,com.idealinspecao.perueiroapp,145868800,136548352,201728,224743424,1,2,13]
10-27 12:48:01.699 I/am_pss  ( 1594): [8480,11396,com.idealinspecao.perueiroapp,145339392,136400896,195584,223014912,1,2,13]
10-27 12:48:08.311 I/dvm_lock_sample( 1594): [system_server,0,miui.fg,7,ActivityManagerService.java,10090,int com.android.server.am.ActivityManagerService.getMemoryTrimLevel(),-,14450,int com.android.server.am.ActivityManagerService.bindIsolatedService(android.app.IApplicationThread, android.os.IBinder, android.content.Intent, java.lang.String, android.app.IServiceConnection, int, java.lang.String, java.lang.String, int),1]
10-27 12:50:03.108 I/dvm_lock_sample( 1594): [system_server,0,Binder:1594_14,23,ActivityManagerService.java,14494,void com.android.server.am.ActivityManagerService.serviceDoneExecuting(android.os.IBinder, int, int, int),-,14450,int com.android.server.am.ActivityManagerService.bindIsolatedService(android.app.IApplicationThread, android.os.IBinder, android.content.Intent, java.lang.String, android.app.IServiceConnection, int, java.lang.String, java.lang.String, int),4]
10-27 12:50:24.004 I/dvm_lock_sample( 1594): [system_server,1,Binder:1594_6,6,ActivityManagerService.java,14791,android.content.Intent com.android.server.am.ActivityManagerService.registerReceiver(android.app.IApplicationThread, java.lang.String, android.content.IIntentReceiver, android.content.IntentFilter, java.lang.String, int, int),-,14285,android.content.ComponentName com.android.server.am.ActivityManagerService.startService(android.app.IApplicationThread, android.content.Intent, java.lang.String, boolean, java.lang.String, int),1]
10-27 12:50:36.083 I/dvm_lock_sample( 1594): [system_server,0,Binder:1594_9,34,ActivityManagerService.java,14494,void com.android.server.am.ActivityManagerService.serviceDoneExecuting(android.os.IBinder, int, int, int),-,14450,int com.android.server.am.ActivityManagerService.bindIsolatedService(android.app.IApplicationThread, android.os.IBinder, android.content.Intent, java.lang.String, android.app.IServiceConnection, int, java.lang.String, java.lang.String, int),6]
10-27 12:50:36.109 I/dvm_lock_sample( 1594): [system_server,1,android.ui,56,ActivityManagerService.java,3378,void com.android.server.am.ActivityManagerService.dispatchUidsChanged(),-,14463,boolean com.android.server.am.ActivityManagerService.unbindService(android.app.IServiceConnection),11]
10-27 12:57:29.918 I/dvm_lock_sample( 1594): [system_server,1,android.ui,12,ActivityManagerService.java,3378,void com.android.server.am.ActivityManagerService.dispatchUidsChanged(),-,1537,void com.android.server.am.ActivityManagerService$AppDeathRecipient.binderDied(),2]
10-27 13:00:39.095 I/dvm_lock_sample( 1594): [system_server,1,Binder:1594_1A,9,ActivityManagerService.java,14474,void com.android.server.am.ActivityManagerService.publishService(android.os.IBinder, android.content.Intent, android.os.IBinder),-,14474,void com.android.server.am.ActivityManagerService.publishService(android.os.IBinder, android.content.Intent, android.os.IBinder),1]
10-27 13:00:39.618 I/am_pss  ( 1594): [8480,11396,com.idealinspecao.perueiroapp,144836608,136413184,201728,220319744,1,2,12]
10-27 13:00:54.450 I/dvm_lock_sample( 1594): [system_server,0,Binder:1594_C,12,ActivityManagerService.java,14494,void com.android.server.am.ActivityManagerService.serviceDoneExecuting(android.os.IBinder, int, int, int),-,14450,int com.android.server.am.ActivityManagerService.bindIsolatedService(android.app.IApplicationThread, android.os.IBinder, android.content.Intent, java.lang.String, android.app.IServiceConnection, int, java.lang.String, java.lang.String, int),2]
10-27 13:00:54.737 I/dvm_lock_sample( 1594): [system_server,0,Binder:1594_16,11,ActivityManagerService.java,14494,void com.android.server.am.ActivityManagerService.serviceDoneExecuting(android.os.IBinder, int, int, int),-,1537,void com.android.server.am.ActivityManagerService$AppDeathRecipient.binderDied(),2]
10-27 13:01:00.918 I/dvm_lock_sample( 1594): [system_server,1,Binder:1594_D,6,ActivityManagerService.java,14474,void com.android.server.am.ActivityManagerService.publishService(android.os.IBinder, android.content.Intent, android.os.IBinder),-,16095,void com.android.server.am.ActivityManagerService.finishReceiver(android.os.IBinder, int, java.lang.String, android.os.Bundle, boolean, int),1]
10-27 13:01:04.662 I/dvm_lock_sample( 1594): [system_server,1,Binder:1594_8,14,ActivityManagerService.java,14450,int com.android.server.am.ActivityManagerService.bindIsolatedService(android.app.IApplicationThread, android.os.IBinder, android.content.Intent, java.lang.String, android.app.IServiceConnection, int, java.lang.String, java.lang.String, int),-,14450,int com.android.server.am.ActivityManagerService.bindIsolatedService(android.app.IApplicationThread, android.os.IBinder, android.content.Intent, java.lang.String, android.app.IServiceConnection, int, java.lang.String, java.lang.String, int),2]
10-27 13:01:04.789 I/dvm_lock_sample( 1594): [system_server,1,Binder:1594_19,87,ActivityManagerService.java,1537,void com.android.server.am.ActivityManagerService$AppDeathRecipient.binderDied(),-,14494,void com.android.server.am.ActivityManagerService.serviceDoneExecuting(android.os.IBinder, int, int, int),17]
10-27 13:03:32.787 I/dvm_lock_sample( 1594): [system_server,1,Binder:1594_1D,10,ActivityManagerService.java,14450,int com.android.server.am.ActivityManagerService.bindIsolatedService(android.app.IApplicationThread, android.os.IBinder, android.content.Intent, java.lang.String, android.app.IServiceConnection, int, java.lang.String, java.lang.String, int),-,14450,int com.android.server.am.ActivityManagerService.bindIsolatedService(android.app.IApplicationThread, android.os.IBinder, android.content.Intent, java.lang.String, android.app.IServiceConnection, int, java.lang.String, java.lang.String, int),2]
10-27 13:06:03.671 I/dvm_lock_sample( 1594): [system_server,1,Binder:1594_17,13,ActivityManagerService.java,14791,android.content.Intent com.android.server.am.ActivityManagerService.registerReceiver(android.app.IApplicationThread, java.lang.String, android.content.IIntentReceiver, android.content.IntentFilter, java.lang.String, int, int),-,1537,void com.android.server.am.ActivityManagerService$AppDeathRecipient.binderDied(),2]
10-27 13:06:03.864 I/dvm_lock_sample( 1594): [system_server,0,Binder:1594_17,7,ActivityManagerService.java,14494,void com.android.server.am.ActivityManagerService.serviceDoneExecuting(android.os.IBinder, int, int, int),-,14450,int com.android.server.am.ActivityManagerService.bindIsolatedService(android.app.IApplicationThread, android.os.IBinder, android.content.Intent, java.lang.String, android.app.IServiceConnection, int, java.lang.String, java.lang.String, int),1]
10-27 13:06:04.243 I/dvm_lock_sample( 1594): [system_server,1,Binder:1594_1B,16,ActivityManagerService.java,6408,void com.android.server.am.ActivityManagerService.grantUriPermission(android.app.IApplicationThread, java.lang.String, android.net.Uri, int, int),-,14450,int com.android.server.am.ActivityManagerService.bindIsolatedService(android.app.IApplicationThread, android.os.IBinder, android.content.Intent, java.lang.String, android.app.IServiceConnection, int, java.lang.String, java.lang.String, int),3]
10-27 13:06:04.723 I/dvm_lock_sample( 1594): [system_server,0,Binder:1594_C,21,ActivityManagerService.java,14494,void com.android.server.am.ActivityManagerService.serviceDoneExecuting(android.os.IBinder, int, int, int),-,1537,void com.android.server.am.ActivityManagerService$AppDeathRecipient.binderDied(),4]
10-27 13:06:22.163 I/dvm_lock_sample( 1594): [system_server,1,android.ui,100,ActivityManagerService.java,3378,void com.android.server.am.ActivityManagerService.dispatchUidsChanged(),-,14285,android.content.ComponentName com.android.server.am.ActivityManagerService.startService(android.app.IApplicationThread, android.content.Intent, java.lang.String, boolean, java.lang.String, int),20]
10-27 13:06:22.171 I/dvm_lock_sample( 1594): [system_server,1,Binder:1594_3,60,ActivityManagerService.java,14310,int com.android.server.am.ActivityManagerService.stopService(android.app.IApplicationThread, android.content.Intent, java.lang.String, int),-,14285,android.content.ComponentName com.android.server.am.ActivityManagerService.startService(android.app.IApplicationThread, android.content.Intent, java.lang.String, boolean, java.lang.String, int),12]
10-27 13:06:22.223 I/dvm_lock_sample( 1594): [system_server,1,Binder:1594_D,29,ActivityManagerService.java,14791,android.content.Intent com.android.server.am.ActivityManagerService.registerReceiver(android.app.IApplicationThread, java.lang.String, android.content.IIntentReceiver, android.content.IntentFilter, java.lang.String, int, int),-,14285,android.content.ComponentName com.android.server.am.ActivityManagerService.startService(android.app.IApplicationThread, android.content.Intent, java.lang.String, boolean, java.lang.String, int),5]
10-27 13:06:22.233 I/dvm_lock_sample( 1594): [system_server,1,Binder:1594_6,32,ActivityManagerService.java,5955,boolean com.android.server.am.ActivityManagerService.isAppBad(android.content.pm.ApplicationInfo),-,14285,android.content.ComponentName com.android.server.am.ActivityManagerService.startService(android.app.IApplicationThread, android.content.Intent, java.lang.String, boolean, java.lang.String, int),6]
10-27 13:06:27.030 I/am_on_top_resumed_lost_called( 8480): [0,com.idealinspecao.perueiroapp.MainActivity,topStateChangedWhenResumed]
10-27 13:06:27.035 I/am_pause_activity( 1594): [8480,10516054,com.idealinspecao.perueiroapp/.MainActivity,userLeaving=true]
10-27 13:06:27.042 I/am_on_paused_called( 8480): [0,com.idealinspecao.perueiroapp.MainActivity,performPause,0]
10-27 13:06:27.481 I/am_set_resumed_activity( 1594): [0,com.idealinspecao.perueiroapp/.MainActivity,finishActivity]
10-27 13:06:27.497 I/am_set_resumed_activity( 1594): [0,com.idealinspecao.perueiroapp/.MainActivity,resumeTopActivityInnerLocked]
10-27 13:06:27.498 I/am_resume_activity( 1594): [0,10516054,1960,com.idealinspecao.perueiroapp/.MainActivity,8480]
10-27 13:06:27.522 I/am_on_resume_called( 8480): [0,com.idealinspecao.perueiroapp.MainActivity,RESUME_ACTIVITY,1]
10-27 13:06:27.523 I/am_on_top_resumed_gained_called( 8480): [0,com.idealinspecao.perueiroapp.MainActivity,topWhenResuming]
10-27 13:06:27.724 I/am_on_top_resumed_lost_called( 8480): [0,com.idealinspecao.perueiroapp.MainActivity,topStateChangedWhenResumed]
10-27 13:06:27.725 I/am_pause_activity( 1594): [8480,10516054,com.idealinspecao.perueiroapp/.MainActivity,userLeaving=true]
10-27 13:06:27.727 I/am_add_to_stopping( 1594): [0,10516054,com.idealinspecao.perueiroapp/.MainActivity,makeInvisible]
10-27 13:06:27.735 I/am_on_paused_called( 8480): [0,com.idealinspecao.perueiroapp.MainActivity,performPause,0]
10-27 13:06:28.174 I/am_stop_activity( 1594): [0,10516054,com.idealinspecao.perueiroapp/.MainActivity]
10-27 13:06:28.219 I/am_on_stop_called( 8480): [0,com.idealinspecao.perueiroapp.MainActivity,STOP_ACTIVITY_ITEM,0]
10-27 13:06:29.798 I/sysui_multi_action( 3049): [757,289,758,4,806,ComponentInfo{com.idealinspecao.perueiroapp/com.idealinspecao.perueiroapp.MainActivity}]
10-27 13:06:29.801 I/am_finish_activity( 1594): [8480,10516054,1960,com.idealinspecao.perueiroapp/.MainActivity,remove-task]
10-27 13:06:29.801 I/am_destroy_activity( 1594): [8480,10516054,1960,com.idealinspecao.perueiroapp/.MainActivity,finish-imm:finishActivityLocked]
10-27 13:06:29.851 I/am_kill ( 1594): [0,8480,com.idealinspecao.perueiroapp,700,SwipeUpClean]
10-27 13:06:30.040 I/am_proc_died( 1594): [0,8480,com.idealinspecao.perueiroapp,700,16]
10-27 13:06:30.088 I/dvm_lock_sample( 1594): [system_server,1,android.ui,17,ActivityManagerService.java,3378,void com.android.server.am.ActivityManagerService.dispatchUidsChanged(),-,1537,void com.android.server.am.ActivityManagerService$AppDeathRecipient.binderDied(),3]
10-27 13:06:35.328 I/dvm_lock_sample( 1594): [system_server,1,Binder:1594_13,25,ActivityManagerService.java,14463,boolean com.android.server.am.ActivityManagerService.unbindService(android.app.IServiceConnection),-,14285,android.content.ComponentName com.android.server.am.ActivityManagerService.startService(android.app.IApplicationThread, android.content.Intent, java.lang.String, boolean, java.lang.String, int),5]
10-27 13:06:35.596 I/dvm_lock_sample( 1594): [system_server,1,Binder:1594_A,44,ActivityManagerService.java,5827,java.lang.String com.android.server.am.ActivityManagerService.getTagForIntentSender(android.content.IIntentSender, java.lang.String),-,5395,void com.android.server.am.ActivityManagerService.attachApplication(android.app.IApplicationThread, long),8]
10-27 13:06:37.265 I/notification_cancel_all( 1594): [1000,1594,com.idealinspecao.perueiroapp,0,0,0,5,NULL]
10-27 13:06:37.382 I/am_wtf  ( 1594): [0,1594,system_server,-1,PasspointManager,No app ops listener found for com.idealinspecao.perueiroapp]
10-27 13:06:37.788 I/dvm_lock_sample( 1594): [system_server,1,android.ui,14,ActivityManagerService.java,3378,void com.android.server.am.ActivityManagerService.dispatchUidsChanged(),-,14494,void com.android.server.am.ActivityManagerService.serviceDoneExecuting(android.os.IBinder, int, int, int),2]
10-27 13:06:38.798 I/dvm_lock_sample( 1594): [system_server,1,Binder:1594_F,7,ActivityManagerService.java,5963,int com.android.server.am.ActivityManagerService.getUidState(int),-,14450,int com.android.server.am.ActivityManagerService.bindIsolatedService(android.app.IApplicationThread, android.os.IBinder, android.content.Intent, java.lang.String, android.app.IServiceConnection, int, java.lang.String, java.lang.String, int),1]
10-27 13:06:51.242 I/dvm_lock_sample( 1594): [system_server,0,Binder:1594_D,13,ActivityManagerService.java,14494,void com.android.server.am.ActivityManagerService.serviceDoneExecuting(android.os.IBinder, int, int, int),-,14450,int com.android.server.am.ActivityManagerService.bindIsolatedService(android.app.IApplicationThread, android.os.IBinder, android.content.Intent, java.lang.String, android.app.IServiceConnection, int, java.lang.String, java.lang.String, int),2]
10-27 13:07:03.331 I/dvm_lock_sample( 1594): [system_server,1,android.ui,15,ActivityManagerService.java,3378,void com.android.server.am.ActivityManagerService.dispatchUidsChanged(),-,14450,int com.android.server.am.ActivityManagerService.bindIsolatedService(android.app.IApplicationThread, android.os.IBinder, android.content.Intent, java.lang.String, android.app.IServiceConnection, int, java.lang.String, java.lang.String, int),3]
10-27 13:07:11.295 I/dvm_lock_sample( 1594): [system_server,1,Binder:1594_16,9,WindowProcessController.java,1075,boolean com.android.server.wm.WindowProcessController.isPreviousProcess(),ActivityTaskManagerService.java,1755,void com.android.server.wm.ActivityTaskManagerService.activityPaused(android.os.IBinder),1]
10-27 13:07:11.311 I/dvm_lock_sample( 1594): [system_server,0,AsyncTask #7,21,ActivityManagerService.java,10090,int com.android.server.am.ActivityManagerService.getMemoryTrimLevel(),-,14450,int com.android.server.am.ActivityManagerService.bindIsolatedService(android.app.IApplicationThread, android.os.IBinder, android.content.Intent, java.lang.String, android.app.IServiceConnection, int, java.lang.String, java.lang.String, int),4]
10-27 13:07:16.148 I/dvm_lock_sample( 1594): [system_server,0,PackageManager,59,ActivityManagerService.java,15989,int com.android.server.am.ActivityManagerService.broadcastIntent(android.app.IApplicationThread, android.content.Intent, java.lang.String, android.content.IIntentReceiver, int, java.lang.String, android.os.Bundle, java.lang.String[], int, android.os.Bundle, boolean, boolean, int),-,14285,android.content.ComponentName com.android.server.am.ActivityManagerService.startService(android.app.IApplicationThread, android.content.Intent, java.lang.String, boolean, java.lang.String, int),11]
10-27 13:07:16.269 I/dvm_lock_sample( 1594): [system_server,1,Binder:1594_A,81,ActivityManagerService.java,5827,java.lang.String com.android.server.am.ActivityManagerService.getTagForIntentSender(android.content.IIntentSender, java.lang.String),-,14285,android.content.ComponentName com.android.server.am.ActivityManagerService.startService(android.app.IApplicationThread, android.content.Intent, java.lang.String, boolean, java.lang.String, int),16]
10-27 13:07:16.269 I/dvm_lock_sample( 1594): [system_server,1,android.ui,77,ActivityManagerService.java,3378,void com.android.server.am.ActivityManagerService.dispatchUidsChanged(),-,14285,android.content.ComponentName com.android.server.am.ActivityManagerService.startService(android.app.IApplicationThread, android.content.Intent, java.lang.String, boolean, java.lang.String, int),15]
10-27 13:07:16.293 I/dvm_lock_sample( 1594): [system_server,1,Binder:1594_9,82,ActivityManagerService.java,15989,int com.android.server.am.ActivityManagerService.broadcastIntent(android.app.IApplicationThread, android.content.Intent, java.lang.String, android.content.IIntentReceiver, int, java.lang.String, android.os.Bundle, java.lang.String[], int, android.os.Bundle, boolean, boolean, int),-,14285,android.content.ComponentName com.android.server.am.ActivityManagerService.startService(android.app.IApplicationThread, android.content.Intent, java.lang.String, boolean, java.lang.String, int),16]
10-27 13:07:16.356 I/dvm_lock_sample( 1594): [system_server,1,Binder:1594_1D,85,ActivityManagerService.java,5827,java.lang.String com.android.server.am.ActivityManagerService.getTagForIntentSender(android.content.IIntentSender, java.lang.String),-,14450,int com.android.server.am.ActivityManagerService.bindIsolatedService(android.app.IApplicationThread, android.os.IBinder, android.content.Intent, java.lang.String, android.app.IServiceConnection, int, java.lang.String, java.lang.String, int),17]
10-27 13:07:16.364 I/dvm_lock_sample( 1594): [system_server,1,Binder:1594_1C,65,ActivityManagerService.java,15989,int com.android.server.am.ActivityManagerService.broadcastIntent(android.app.IApplicationThread, android.content.Intent, java.lang.String, android.content.IIntentReceiver, int, java.lang.String, android.os.Bundle, java.lang.String[], int, android.os.Bundle, boolean, boolean, int),-,5395,void com.android.server.am.ActivityManagerService.attachApplication(android.app.IApplicationThread, long),13]
10-27 13:07:19.488 I/dvm_lock_sample( 1594): [system_server,1,Binder:1594_10,35,ActivityManagerService.java,14791,android.content.Intent com.android.server.am.ActivityManagerService.registerReceiver(android.app.IApplicationThread, java.lang.String, android.content.IIntentReceiver, android.content.IntentFilter, java.lang.String, int, int),-,1537,void com.android.server.am.ActivityManagerService$AppDeathRecipient.binderDied(),7]
10-27 13:07:32.072 I/dvm_lock_sample( 1594): [system_server,1,android.ui,18,ActivityManagerService.java,3378,void com.android.server.am.ActivityManagerService.dispatchUidsChanged(),-,1537,void com.android.server.am.ActivityManagerService$AppDeathRecipient.binderDied(),3]
10-27 13:08:02.673 I/dvm_lock_sample( 1594): [system_server,1,Binder:1594_D,5,ActivityManagerService.java,14791,android.content.Intent com.android.server.am.ActivityManagerService.registerReceiver(android.app.IApplicationThread, java.lang.String, android.content.IIntentReceiver, android.content.IntentFilter, java.lang.String, int, int),-,1537,void com.android.server.am.ActivityManagerService$AppDeathRecipient.binderDied(),1]
10-27 13:08:04.151 I/dvm_lock_sample( 1594): [system_server,1,android.display,488,ActivityManagerService.java,17671,void com.android.server.am.ActivityManagerService.trimApplications(java.lang.String),-,15989,int com.android.server.am.ActivityManagerService.broadcastIntent(android.app.IApplicationThread, android.content.Intent, java.lang.String, android.content.IIntentReceiver, int, java.lang.String, android.os.Bundle, java.lang.String[], int, android.os.Bundle, boolean, boolean, int),97]
10-27 13:08:04.169 I/dvm_lock_sample( 1594): [system_server,1,Binder:1594_1A,499,ActivityManagerService.java,5955,boolean com.android.server.am.ActivityManagerService.isAppBad(android.content.pm.ApplicationInfo),BroadcastQueue.java,984,void com.android.server.am.BroadcastQueue.processNextBroadcast(boolean, boolean),99]
10-27 13:08:04.189 I/dvm_lock_sample( 1594): [system_server,1,Binder:1594_16,519,ActivityManagerService.java,6752,java.lang.String com.android.server.am.ActivityManagerService.checkContentProviderAccess(java.lang.String, int),BroadcastQueue.java,984,void com.android.server.am.BroadcastQueue.processNextBroadcast(boolean, boolean),100]
10-27 13:08:04.203 I/dvm_lock_sample( 1594): [system_server,1,Binder:1594_15,13,ActivityManagerService.java,6752,java.lang.String com.android.server.am.ActivityManagerService.checkContentProviderAccess(java.lang.String, int),-,18291,void com.android.server.am.ActivityManagerService$LocalService.updateDeviceIdleTempWhitelist(int[], int, boolean),2]
10-27 13:08:04.500 I/dvm_lock_sample( 1594): [system_server,1,android.ui,34,ActivityManagerService.java,3432,void com.android.server.am.ActivityManagerService.dispatchUidsChanged(),-,14791,android.content.Intent com.android.server.am.ActivityManagerService.registerReceiver(android.app.IApplicationThread, java.lang.String, android.content.IIntentReceiver, android.content.IntentFilter, java.lang.String, int, int),6]
10-27 13:08:06.157 I/dvm_lock_sample( 1594): [system_server,1,android.ui,14,ActivityManagerService.java,3378,void com.android.server.am.ActivityManagerService.dispatchUidsChanged(),-,5395,void com.android.server.am.ActivityManagerService.attachApplication(android.app.IApplicationThread, long),2]
