10-13 21:41:34.418 I/dvm_lock_sample( 1594): [system_server,1,Binder:1594_17,37,ActivityManagerService.java,14791,android.content.Intent com.android.server.am.ActivityManagerService.registerReceiver(android.app.IApplicationThread, java.lang.String, android.content.IIntentReceiver, android.content.IntentFilter, java.lang.String, int, int),-,14450,int com.android.server.am.ActivityManagerService.bindIsolatedService(android.app.IApplicationThread, android.os.IBinder, android.content.Intent, java.lang.String, android.app.IServiceConnection, int, java.lang.String, java.lang.String, int),7]
10-13 21:41:34.419 I/dvm_lock_sample( 1594): [system_server,1,Binder:1594_D,9,ActivityManagerService.java,8605,boolean com.android.server.am.ActivityManagerService.isUidActive(int, java.lang.String),-,10031,java.util.List com.android.server.am.ActivityManagerService.getRunningAppProcesses(),1]
10-13 21:41:36.621 I/dvm_lock_sample( 1594): [system_server,1,Binder:1594_18,7,ActivityManagerService.java,14791,android.content.Intent com.android.server.am.ActivityManagerService.registerReceiver(android.app.IApplicationThread, java.lang.String, android.content.IIntentReceiver, android.content.IntentFilter, java.lang.String, int, int),ActiveServices.java,2189,void com.android.server.am.ActiveServices$ServiceRestarter.run(),1]
10-13 21:41:36.696 I/dvm_lock_sample( 1594): [system_server,1,Binder:1594_12,23,ActivityManagerService.java,6752,java.lang.String com.android.server.am.ActivityManagerService.checkContentProviderAccess(java.lang.String, int),-,14450,int com.android.server.am.ActivityManagerService.bindIsolatedService(android.app.IApplicationThread, android.os.IBinder, android.content.Intent, java.lang.String, android.app.IServiceConnection, int, java.lang.String, java.lang.String, int),4]
10-13 21:41:37.689 I/am_lifecycle_sample(27856): [0,com.idealinspecao.perueiroapp,110,5364]
10-13 21:41:37.927 I/dvm_lock_sample( 1594): [system_server,1,Binder:1594_10,17,ActivityManagerService.java,14474,void com.android.server.am.ActivityManagerService.publishService(android.os.IBinder, android.content.Intent, android.os.IBinder),-,1537,void com.android.server.am.ActivityManagerService$AppDeathRecipient.binderDied(),3]
10-13 21:41:38.191 I/am_on_create_called(27856): [0,com.idealinspecao.perueiroapp.MainActivity,performCreate,228]
10-13 21:41:38.210 I/am_on_start_called(27856): [0,com.idealinspecao.perueiroapp.MainActivity,handleStartActivity,0]
10-13 21:41:38.216 I/am_on_resume_called(27856): [0,com.idealinspecao.perueiroapp.MainActivity,RESUME_ACTIVITY,2]
10-13 21:41:38.278 I/am_on_top_resumed_gained_called(27856): [0,com.idealinspecao.perueiroapp.MainActivity,topStateChangedWhenResumed]
10-13 21:41:39.166 I/am_pss  ( 1594): [27856,11370,com.idealinspecao.perueiroapp,79930368,75235328,214016,156082176,1,2,11]
10-13 21:41:40.932 I/sysui_multi_action( 1594): [319,414,321,315,322,9016,325,763162,757,761,758,7,759,1,806,com.idealinspecao.perueiroapp,871,com.idealinspecao.perueiroapp.MainActivity,904,com.android.shell,905,0,945,366,1320,12,1321,1]
10-13 21:41:40.935 I/am_activity_launch_time( 1594): [0,188288596,com.idealinspecao.perueiroapp/.MainActivity,9016]
10-13 21:41:47.494 I/dvm_lock_sample( 1594): [system_server,1,android.ui,5,ActivityManagerService.java,3378,void com.android.server.am.ActivityManagerService.dispatchUidsChanged(),-,1537,void com.android.server.am.ActivityManagerService$AppDeathRecipient.binderDied(),1]
10-13 21:41:48.758 I/am_pss  ( 1594): [27856,11370,com.idealinspecao.perueiroapp,129992704,120877056,200704,220364800,0,2,17]
10-13 21:42:24.031 I/dvm_lock_sample( 1594): [system_server,1,Binder:1594_9,17,ActivityManagerService.java,8605,boolean com.android.server.am.ActivityManagerService.isUidActive(int, java.lang.String),-,14450,int com.android.server.am.ActivityManagerService.bindIsolatedService(android.app.IApplicationThread, android.os.IBinder, android.content.Intent, java.lang.String, android.app.IServiceConnection, int, java.lang.String, java.lang.String, int),3]
10-13 21:42:49.253 I/am_pss  ( 1594): [27856,11370,com.idealinspecao.perueiroapp,131479552,121696256,193536,223944704,0,2,20]
10-13 21:42:55.723 I/dvm_lock_sample( 1594): [system_server,0,Binder:1594_1E,5,ActivityManagerService.java,14494,void com.android.server.am.ActivityManagerService.serviceDoneExecuting(android.os.IBinder, int, int, int),-,14463,boolean com.android.server.am.ActivityManagerService.unbindService(android.app.IServiceConnection),1]
10-13 21:44:26.540 I/am_pss  ( 1594): [27856,11370,com.idealinspecao.perueiroapp,143281152,133050368,187392,236900352,0,2,22]
10-13 21:44:41.884 I/am_on_top_resumed_lost_called(27856): [0,com.idealinspecao.perueiroapp.MainActivity,topStateChangedWhenResumed]
10-13 21:44:41.887 I/am_pause_activity( 1594): [27856,188288596,com.idealinspecao.perueiroapp/.MainActivity,userLeaving=true]
10-13 21:44:41.889 I/am_add_to_stopping( 1594): [0,188288596,com.idealinspecao.perueiroapp/.MainActivity,makeInvisible]
10-13 21:44:41.900 I/am_on_paused_called(27856): [0,com.idealinspecao.perueiroapp.MainActivity,performPause,0]
10-13 21:44:42.322 I/am_stop_activity( 1594): [0,188288596,com.idealinspecao.perueiroapp/.MainActivity]
10-13 21:44:42.354 I/am_on_stop_called(27856): [0,com.idealinspecao.perueiroapp.MainActivity,STOP_ACTIVITY_ITEM,0]
10-13 21:44:44.732 I/dvm_lock_sample( 1594): [system_server,1,Binder:1594_10,121,ActivityManagerService.java,1537,void com.android.server.am.ActivityManagerService$AppDeathRecipient.binderDied(),-,1537,void com.android.server.am.ActivityManagerService$AppDeathRecipient.binderDied(),24]
10-13 21:44:44.740 I/dvm_lock_sample( 1594): [system_server,1,Binder:1594_1B,127,ActivityManagerService.java,1537,void com.android.server.am.ActivityManagerService$AppDeathRecipient.binderDied(),-,1537,void com.android.server.am.ActivityManagerService$AppDeathRecipient.binderDied(),25]
10-13 21:44:44.748 I/dvm_lock_sample( 1594): [system_server,1,android.ui,133,ActivityManagerService.java,3432,void com.android.server.am.ActivityManagerService.dispatchUidsChanged(),-,1537,void com.android.server.am.ActivityManagerService$AppDeathRecipient.binderDied(),26]
10-13 21:44:44.748 I/dvm_lock_sample( 1594): [system_server,1,Binder:1594_E,132,ActivityManagerService.java,1537,void com.android.server.am.ActivityManagerService$AppDeathRecipient.binderDied(),-,1537,void com.android.server.am.ActivityManagerService$AppDeathRecipient.binderDied(),26]
10-13 21:44:44.765 I/dvm_lock_sample( 1594): [system_server,1,Binder:1594_20,138,ActivityManagerService.java,1537,void com.android.server.am.ActivityManagerService$AppDeathRecipient.binderDied(),ProcessList.java,1687,void com.android.server.am.ProcessList.lambda$startProcessLocked$0$ProcessList(com.android.server.am.ProcessRecord, java.lang.String, int[], int, int, java.lang.String, java.lang.String, java.lang.String, long),27]
10-13 21:44:44.777 I/dvm_lock_sample( 1594): [system_server,1,Binder:1594_1C,147,ActivityManagerService.java,1537,void com.android.server.am.ActivityManagerService$AppDeathRecipient.binderDied(),-,1537,void com.android.server.am.ActivityManagerService$AppDeathRecipient.binderDied(),29]
10-13 21:44:44.937 I/am_set_resumed_activity( 1594): [0,com.idealinspecao.perueiroapp/.MainActivity,moveTaskToFront findTaskToMoveToFront]
10-13 21:44:44.967 I/am_set_resumed_activity( 1594): [0,com.idealinspecao.perueiroapp/.MainActivity,resumeTopActivityInnerLocked]
10-13 21:44:44.968 I/am_resume_activity( 1594): [0,188288596,1355,com.idealinspecao.perueiroapp/.MainActivity,27856]
10-13 21:44:44.992 I/am_on_restart_called(27856): [0,com.idealinspecao.perueiroapp.MainActivity,performRestartActivity,0]
10-13 21:44:44.994 I/am_on_start_called(27856): [0,com.idealinspecao.perueiroapp.MainActivity,handleStartActivity,0]
10-13 21:44:44.997 I/am_on_resume_called(27856): [0,com.idealinspecao.perueiroapp.MainActivity,RESUME_ACTIVITY,1]
10-13 21:44:44.998 I/am_on_top_resumed_gained_called(27856): [0,com.idealinspecao.perueiroapp.MainActivity,topWhenResuming]
10-13 21:44:45.062 I/sysui_multi_action( 1594): [319,74,321,35,322,125,325,763355,757,761,758,9,759,4,806,com.idealinspecao.perueiroapp,871,com.idealinspecao.perueiroapp.MainActivity,904,com.android.shell,905,0,1320,12,1321,1]
10-13 21:44:46.540 I/am_on_top_resumed_lost_called(27856): [0,com.idealinspecao.perueiroapp.MainActivity,topStateChangedWhenResumed]
10-13 21:44:46.544 I/am_pause_activity( 1594): [27856,188288596,com.idealinspecao.perueiroapp/.MainActivity,userLeaving=true]
10-13 21:44:46.546 I/am_add_to_stopping( 1594): [0,188288596,com.idealinspecao.perueiroapp/.MainActivity,makeInvisible]
10-13 21:44:46.553 I/am_on_paused_called(27856): [0,com.idealinspecao.perueiroapp.MainActivity,performPause,0]
10-13 21:44:46.939 I/am_stop_activity( 1594): [0,188288596,com.idealinspecao.perueiroapp/.MainActivity]
10-13 21:44:46.979 I/am_on_stop_called(27856): [0,com.idealinspecao.perueiroapp.MainActivity,STOP_ACTIVITY_ITEM,0]
10-13 21:44:47.560 I/sysui_multi_action( 2131): [757,289,758,4,806,ComponentInfo{com.idealinspecao.perueiroapp/com.idealinspecao.perueiroapp.MainActivity}]
10-13 21:44:47.562 I/am_finish_activity( 1594): [27856,188288596,1355,com.idealinspecao.perueiroapp/.MainActivity,remove-task]
10-13 21:44:47.562 I/am_destroy_activity( 1594): [27856,188288596,1355,com.idealinspecao.perueiroapp/.MainActivity,finish-imm:finishActivityLocked]
10-13 21:44:47.609 I/am_on_destroy_called(27856): [0,com.idealinspecao.perueiroapp.MainActivity,performDestroy,0]
10-13 21:44:47.654 I/am_kill ( 1594): [0,27856,com.idealinspecao.perueiroapp,905,SwipeUpClean]
10-13 21:44:47.784 I/am_proc_died( 1594): [0,27856,com.idealinspecao.perueiroapp,905,20]
10-13 21:47:39.128 I/dvm_lock_sample( 1594): [system_server,0,Binder:1594_1C,10,ActivityManagerService.java,16095,void com.android.server.am.ActivityManagerService.finishReceiver(android.os.IBinder, int, java.lang.String, android.os.Bundle, boolean, int),-,18684,android.content.ComponentName com.android.server.am.ActivityManagerService$LocalService.startServiceInPackage(int, android.content.Intent, java.lang.String, boolean, java.lang.String, int, boolean),2]
10-13 21:56:17.526 I/dvm_lock_sample( 1594): [system_server,1,Binder:1594_A,10,ActivityManagerService.java,5955,boolean com.android.server.am.ActivityManagerService.isAppBad(android.content.pm.ApplicationInfo),-,14450,int com.android.server.am.ActivityManagerService.bindIsolatedService(android.app.IApplicationThread, android.os.IBinder, android.content.Intent, java.lang.String, android.app.IServiceConnection, int, java.lang.String, java.lang.String, int),2]
10-13 21:56:19.327 I/dvm_lock_sample( 1594): [system_server,1,Binder:1594_19,18,ActivityManagerService.java,14474,void com.android.server.am.ActivityManagerService.publishService(android.os.IBinder, android.content.Intent, android.os.IBinder),-,14450,int com.android.server.am.ActivityManagerService.bindIsolatedService(android.app.IApplicationThread, android.os.IBinder, android.content.Intent, java.lang.String, android.app.IServiceConnection, int, java.lang.String, java.lang.String, int),3]
10-13 21:57:20.739 I/dvm_lock_sample( 1594): [system_server,1,Binder:1594_9,6,ActivityManagerService.java,10076,void com.android.server.am.ActivityManagerService.getMyMemoryState(android.app.ActivityManager$RunningAppProcessInfo),-,14450,int com.android.server.am.ActivityManagerService.bindIsolatedService(android.app.IApplicationThread, android.os.IBinder, android.content.Intent, java.lang.String, android.app.IServiceConnection, int, java.lang.String, java.lang.String, int),1]
10-13 21:57:20.988 I/dvm_lock_sample( 1594): [system_server,1,Binder:1594_C,52,ActivityManagerService.java,14450,int com.android.server.am.ActivityManagerService.bindIsolatedService(android.app.IApplicationThread, android.os.IBinder, android.content.Intent, java.lang.String, android.app.IServiceConnection, int, java.lang.String, java.lang.String, int),-,1537,void com.android.server.am.ActivityManagerService$AppDeathRecipient.binderDied(),10]
10-13 21:57:21.005 I/dvm_lock_sample( 1594): [system_server,1,Binder:1594_F,10,ActivityManagerService.java,10031,java.util.List com.android.server.am.ActivityManagerService.getRunningAppProcesses(),-,14450,int com.android.server.am.ActivityManagerService.bindIsolatedService(android.app.IApplicationThread, android.os.IBinder, android.content.Intent, java.lang.String, android.app.IServiceConnection, int, java.lang.String, java.lang.String, int),2]
10-13 21:57:21.163 I/dvm_lock_sample( 1594): [system_server,1,Binder:1594_1F,8,ActivityManagerService.java,5955,boolean com.android.server.am.ActivityManagerService.isAppBad(android.content.pm.ApplicationInfo),ActiveServices.java,2189,void com.android.server.am.ActiveServices$ServiceRestarter.run(),1]
10-13 22:04:26.676 I/dvm_lock_sample( 1594): [system_server,1,Binder:1594_14,12,ActivityManagerService.java,5395,void com.android.server.am.ActivityManagerService.attachApplication(android.app.IApplicationThread, long),-,1537,void com.android.server.am.ActivityManagerService$AppDeathRecipient.binderDied(),2]
10-13 22:04:35.124 I/dvm_lock_sample( 1594): [system_server,0,Binder:1594_17,13,ActivityManagerService.java,14494,void com.android.server.am.ActivityManagerService.serviceDoneExecuting(android.os.IBinder, int, int, int),-,14450,int com.android.server.am.ActivityManagerService.bindIsolatedService(android.app.IApplicationThread, android.os.IBinder, android.content.Intent, java.lang.String, android.app.IServiceConnection, int, java.lang.String, java.lang.String, int),2]
10-13 22:04:36.240 I/dvm_lock_sample( 1594): [system_server,1,Binder:1594_4,6,ActivityManagerService.java,14285,android.content.ComponentName com.android.server.am.ActivityManagerService.startService(android.app.IApplicationThread, android.content.Intent, java.lang.String, boolean, java.lang.String, int),-,14463,boolean com.android.server.am.ActivityManagerService.unbindService(android.app.IServiceConnection),1]
10-13 22:04:36.846 I/dvm_lock_sample( 1594): [system_server,1,Binder:1594_C,11,ActivityManagerService.java,14285,android.content.ComponentName com.android.server.am.ActivityManagerService.startService(android.app.IApplicationThread, android.content.Intent, java.lang.String, boolean, java.lang.String, int),-,14463,boolean com.android.server.am.ActivityManagerService.unbindService(android.app.IServiceConnection),2]
10-13 22:04:37.185 I/dvm_lock_sample( 1594): [system_server,1,Binder:1594_14,20,ActivityManagerService.java,5963,int com.android.server.am.ActivityManagerService.getUidState(int),-,14488,void com.android.server.am.ActivityManagerService.unbindFinished(android.os.IBinder, android.content.Intent, boolean),4]
10-13 22:04:37.439 I/dvm_lock_sample( 1594): [system_server,1,Binder:1594_1A,7,ActivityManagerService.java,14285,android.content.ComponentName com.android.server.am.ActivityManagerService.startService(android.app.IApplicationThread, android.content.Intent, java.lang.String, boolean, java.lang.String, int),-,14285,android.content.ComponentName com.android.server.am.ActivityManagerService.startService(android.app.IApplicationThread, android.content.Intent, java.lang.String, boolean, java.lang.String, int),1]
10-13 22:04:37.714 I/dvm_lock_sample( 1594): [system_server,1,Binder:1594_3,9,ActivityManagerService.java,14962,void com.android.server.am.ActivityManagerService.unregisterReceiver(android.content.IIntentReceiver),-,14450,int com.android.server.am.ActivityManagerService.bindIsolatedService(android.app.IApplicationThread, android.os.IBinder, android.content.Intent, java.lang.String, android.app.IServiceConnection, int, java.lang.String, java.lang.String, int),1]
10-13 22:04:38.016 I/dvm_lock_sample( 1594): [system_server,0,Binder:1594_3,11,ActivityManagerService.java,14494,void com.android.server.am.ActivityManagerService.serviceDoneExecuting(android.os.IBinder, int, int, int),-,14450,int com.android.server.am.ActivityManagerService.bindIsolatedService(android.app.IApplicationThread, android.os.IBinder, android.content.Intent, java.lang.String, android.app.IServiceConnection, int, java.lang.String, java.lang.String, int),2]
10-13 22:04:38.777 I/dvm_lock_sample( 1594): [system_server,1,Binder:1594_13,11,ActivityManagerService.java,6752,java.lang.String com.android.server.am.ActivityManagerService.checkContentProviderAccess(java.lang.String, int),-,14463,boolean com.android.server.am.ActivityManagerService.unbindService(android.app.IServiceConnection),2]
10-13 22:04:38.791 I/dvm_lock_sample( 1594): [system_server,1,Binder:1594_C,12,ActivityManagerService.java,14962,void com.android.server.am.ActivityManagerService.unregisterReceiver(android.content.IIntentReceiver),-,14450,int com.android.server.am.ActivityManagerService.bindIsolatedService(android.app.IApplicationThread, android.os.IBinder, android.content.Intent, java.lang.String, android.app.IServiceConnection, int, java.lang.String, java.lang.String, int),2]
10-13 22:04:39.022 I/dvm_lock_sample( 1594): [system_server,1,Binder:1594_13,7,ActivityManagerService.java,6752,java.lang.String com.android.server.am.ActivityManagerService.checkContentProviderAccess(java.lang.String, int),-,14463,boolean com.android.server.am.ActivityManagerService.unbindService(android.app.IServiceConnection),1]
10-13 22:04:39.641 I/dvm_lock_sample( 1594): [system_server,1,Binder:1594_13,7,ActivityManagerService.java,6752,java.lang.String com.android.server.am.ActivityManagerService.checkContentProviderAccess(java.lang.String, int),-,14285,android.content.ComponentName com.android.server.am.ActivityManagerService.startService(android.app.IApplicationThread, android.content.Intent, java.lang.String, boolean, java.lang.String, int),1]
10-13 22:04:39.978 I/dvm_lock_sample( 1594): [system_server,0,Binder:1594_A,5,ActivityManagerService.java,14494,void com.android.server.am.ActivityManagerService.serviceDoneExecuting(android.os.IBinder, int, int, int),-,14335,boolean com.android.server.am.ActivityManagerService.stopServiceToken(android.content.ComponentName, android.os.IBinder, int),1]
10-13 22:04:40.090 I/dvm_lock_sample( 1594): [system_server,1,Binder:1594_1A,20,ActivityManagerService.java,14335,boolean com.android.server.am.ActivityManagerService.stopServiceToken(android.content.ComponentName, android.os.IBinder, int),-,14494,void com.android.server.am.ActivityManagerService.serviceDoneExecuting(android.os.IBinder, int, int, int),4]
10-13 22:04:40.631 I/dvm_lock_sample( 1594): [system_server,1,android.ui,15,ActivityManagerService.java,3378,void com.android.server.am.ActivityManagerService.dispatchUidsChanged(),-,14450,int com.android.server.am.ActivityManagerService.bindIsolatedService(android.app.IApplicationThread, android.os.IBinder, android.content.Intent, java.lang.String, android.app.IServiceConnection, int, java.lang.String, java.lang.String, int),3]
10-13 22:04:44.062 I/dvm_lock_sample( 1594): [system_server,1,android.ui,9,ActivityManagerService.java,3378,void com.android.server.am.ActivityManagerService.dispatchUidsChanged(),-,5395,void com.android.server.am.ActivityManagerService.attachApplication(android.app.IApplicationThread, long),1]
10-13 22:04:47.870 I/dvm_lock_sample( 1594): [system_server,1,Binder:1594_1A,5,ActivityManagerService.java,14791,android.content.Intent com.android.server.am.ActivityManagerService.registerReceiver(android.app.IApplicationThread, java.lang.String, android.content.IIntentReceiver, android.content.IntentFilter, java.lang.String, int, int),-,16095,void com.android.server.am.ActivityManagerService.finishReceiver(android.os.IBinder, int, java.lang.String, android.os.Bundle, boolean, int),1]
10-13 22:04:49.772 I/dvm_lock_sample( 1594): [system_server,1,Binder:1594_11,10,ActivityManagerService.java,7717,boolean com.android.server.am.ActivityManagerService.refContentProvider(android.os.IBinder, int, int),-,14450,int com.android.server.am.ActivityManagerService.bindIsolatedService(android.app.IApplicationThread, android.os.IBinder, android.content.Intent, java.lang.String, android.app.IServiceConnection, int, java.lang.String, java.lang.String, int),2]
10-13 22:04:52.921 I/dvm_lock_sample( 1594): [system_server,1,Binder:1594_6,9,ActivityManagerService.java,14791,android.content.Intent com.android.server.am.ActivityManagerService.registerReceiver(android.app.IApplicationThread, java.lang.String, android.content.IIntentReceiver, android.content.IntentFilter, java.lang.String, int, int),-,14450,int com.android.server.am.ActivityManagerService.bindIsolatedService(android.app.IApplicationThread, android.os.IBinder, android.content.Intent, java.lang.String, android.app.IServiceConnection, int, java.lang.String, java.lang.String, int),1]
10-13 22:04:54.154 I/dvm_lock_sample( 1594): [system_server,0,Binder:1594_1B,14,ActivityManagerService.java,14494,void com.android.server.am.ActivityManagerService.serviceDoneExecuting(android.os.IBinder, int, int, int),-,14450,int com.android.server.am.ActivityManagerService.bindIsolatedService(android.app.IApplicationThread, android.os.IBinder, android.content.Intent, java.lang.String, android.app.IServiceConnection, int, java.lang.String, java.lang.String, int),2]
10-13 22:04:54.301 I/dvm_lock_sample( 1594): [system_server,1,main,5,BroadcastDispatcher.java,186,void com.android.server.am.BroadcastDispatcher$1.broadcastAlarmComplete(int),ActivityManagerService.java,16095,void com.android.server.am.ActivityManagerService.finishReceiver(android.os.IBinder, int, java.lang.String, android.os.Bundle, boolean, int),1]
10-13 22:04:54.793 I/dvm_lock_sample( 1594): [system_server,0,Binder:1594_1B,15,ActivityManagerService.java,14494,void com.android.server.am.ActivityManagerService.serviceDoneExecuting(android.os.IBinder, int, int, int),-,14463,boolean com.android.server.am.ActivityManagerService.unbindService(android.app.IServiceConnection),3]
10-13 22:04:55.319 I/dvm_lock_sample( 1594): [system_server,0,Binder:1594_1F,8,ActivityManagerService.java,7564,void com.android.server.am.ActivityManagerService.removeContentProvider(android.os.IBinder, boolean),-,14463,boolean com.android.server.am.ActivityManagerService.unbindService(android.app.IServiceConnection),1]
10-13 22:04:56.034 I/dvm_lock_sample( 1594): [system_server,1,Binder:1594_6,6,ActivityManagerService.java,14962,void com.android.server.am.ActivityManagerService.unregisterReceiver(android.content.IIntentReceiver),-,14463,boolean com.android.server.am.ActivityManagerService.unbindService(android.app.IServiceConnection),1]
10-13 22:04:56.450 I/dvm_lock_sample( 1594): [system_server,1,Binder:1594_F,5,ActivityManagerService.java,14962,void com.android.server.am.ActivityManagerService.unregisterReceiver(android.content.IIntentReceiver),-,14463,boolean com.android.server.am.ActivityManagerService.unbindService(android.app.IServiceConnection),1]
10-13 22:04:56.532 I/dvm_lock_sample( 1594): [system_server,1,Binder:1594_1F,10,ActivityManagerService.java,14791,android.content.Intent com.android.server.am.ActivityManagerService.registerReceiver(android.app.IApplicationThread, java.lang.String, android.content.IIntentReceiver, android.content.IntentFilter, java.lang.String, int, int),-,14450,int com.android.server.am.ActivityManagerService.bindIsolatedService(android.app.IApplicationThread, android.os.IBinder, android.content.Intent, java.lang.String, android.app.IServiceConnection, int, java.lang.String, java.lang.String, int),2]
10-13 22:04:56.892 I/dvm_lock_sample( 1594): [system_server,0,Binder:1594_6,8,ActivityManagerService.java,14494,void com.android.server.am.ActivityManagerService.serviceDoneExecuting(android.os.IBinder, int, int, int),-,14463,boolean com.android.server.am.ActivityManagerService.unbindService(android.app.IServiceConnection),1]
10-13 22:04:57.922 I/dvm_lock_sample( 1594): [system_server,1,Binder:1594_1F,12,ActivityManagerService.java,8416,boolean com.android.server.am.ActivityManagerService.isUserAMonkey(),-,14463,boolean com.android.server.am.ActivityManagerService.unbindService(android.app.IServiceConnection),2]
10-13 22:04:58.071 I/dvm_lock_sample( 1594): [system_server,1,Binder:1594_14,5,ActivityManagerService.java,14285,android.content.ComponentName com.android.server.am.ActivityManagerService.startService(android.app.IApplicationThread, android.content.Intent, java.lang.String, boolean, java.lang.String, int),-,14463,boolean com.android.server.am.ActivityManagerService.unbindService(android.app.IServiceConnection),1]
10-13 22:04:58.218 I/dvm_lock_sample( 1594): [system_server,0,Binder:1594_1F,12,ActivityManagerService.java,14494,void com.android.server.am.ActivityManagerService.serviceDoneExecuting(android.os.IBinder, int, int, int),-,14450,int com.android.server.am.ActivityManagerService.bindIsolatedService(android.app.IApplicationThread, android.os.IBinder, android.content.Intent, java.lang.String, android.app.IServiceConnection, int, java.lang.String, java.lang.String, int),2]
10-13 22:04:58.658 I/dvm_lock_sample( 1594): [system_server,1,Binder:1594_1B,10,ActivityManagerService.java,14285,android.content.ComponentName com.android.server.am.ActivityManagerService.startService(android.app.IApplicationThread, android.content.Intent, java.lang.String, boolean, java.lang.String, int),-,14463,boolean com.android.server.am.ActivityManagerService.unbindService(android.app.IServiceConnection),2]
10-13 22:04:59.105 I/dvm_lock_sample( 1594): [system_server,1,Binder:1594_1F,8,ActivityManagerService.java,14962,void com.android.server.am.ActivityManagerService.unregisterReceiver(android.content.IIntentReceiver),-,14463,boolean com.android.server.am.ActivityManagerService.unbindService(android.app.IServiceConnection),1]
10-13 22:05:01.237 I/dvm_lock_sample( 1594): [system_server,0,Binder:1594_1B,12,ActivityManagerService.java,14494,void com.android.server.am.ActivityManagerService.serviceDoneExecuting(android.os.IBinder, int, int, int),-,14450,int com.android.server.am.ActivityManagerService.bindIsolatedService(android.app.IApplicationThread, android.os.IBinder, android.content.Intent, java.lang.String, android.app.IServiceConnection, int, java.lang.String, java.lang.String, int),2]
10-13 22:05:01.994 I/dvm_lock_sample( 1594): [system_server,1,NetworkPolicy.uid,11,ActivityManagerService.java,18347,void com.android.server.am.ActivityManagerService$LocalService.notifyNetworkPolicyRulesUpdated(int, long),-,14488,void com.android.server.am.ActivityManagerService.unbindFinished(android.os.IBinder, android.content.Intent, boolean),2]
10-13 22:05:02.689 I/dvm_lock_sample( 1594): [system_server,1,NetworkPolicy.uid,11,ActivityManagerService.java,18347,void com.android.server.am.ActivityManagerService$LocalService.notifyNetworkPolicyRulesUpdated(int, long),-,14450,int com.android.server.am.ActivityManagerService.bindIsolatedService(android.app.IApplicationThread, android.os.IBinder, android.content.Intent, java.lang.String, android.app.IServiceConnection, int, java.lang.String, java.lang.String, int),2]
10-13 22:05:12.330 I/dvm_lock_sample( 1594): [system_server,1,Binder:1594_C,11,ActivityManagerService.java,14463,boolean com.android.server.am.ActivityManagerService.unbindService(android.app.IServiceConnection),-,14450,int com.android.server.am.ActivityManagerService.bindIsolatedService(android.app.IApplicationThread, android.os.IBinder, android.content.Intent, java.lang.String, android.app.IServiceConnection, int, java.lang.String, java.lang.String, int),2]
10-13 22:05:15.936 I/dvm_lock_sample( 1594): [system_server,1,Binder:1594_1B,8,ActivityManagerService.java,14474,void com.android.server.am.ActivityManagerService.publishService(android.os.IBinder, android.content.Intent, android.os.IBinder),-,14450,int com.android.server.am.ActivityManagerService.bindIsolatedService(android.app.IApplicationThread, android.os.IBinder, android.content.Intent, java.lang.String, android.app.IServiceConnection, int, java.lang.String, java.lang.String, int),1]
10-13 22:05:16.025 I/dvm_lock_sample( 1594): [system_server,1,Binder:1594_1B,23,ActivityManagerService.java,14791,android.content.Intent com.android.server.am.ActivityManagerService.registerReceiver(android.app.IApplicationThread, java.lang.String, android.content.IIntentReceiver, android.content.IntentFilter, java.lang.String, int, int),-,14450,int com.android.server.am.ActivityManagerService.bindIsolatedService(android.app.IApplicationThread, android.os.IBinder, android.content.Intent, java.lang.String, android.app.IServiceConnection, int, java.lang.String, java.lang.String, int),4]
10-13 22:05:16.251 I/dvm_lock_sample( 1594): [system_server,1,Binder:1594_A,8,ActivityManagerService.java,14474,void com.android.server.am.ActivityManagerService.publishService(android.os.IBinder, android.content.Intent, android.os.IBinder),-,14450,int com.android.server.am.ActivityManagerService.bindIsolatedService(android.app.IApplicationThread, android.os.IBinder, android.content.Intent, java.lang.String, android.app.IServiceConnection, int, java.lang.String, java.lang.String, int),1]
10-13 22:05:16.835 I/dvm_lock_sample( 1594): [system_server,1,android.ui,7,ActivityManagerService.java,3432,void com.android.server.am.ActivityManagerService.dispatchUidsChanged(),-,14463,boolean com.android.server.am.ActivityManagerService.unbindService(android.app.IServiceConnection),1]
10-13 22:05:17.753 I/dvm_lock_sample( 1594): [system_server,1,NetworkPolicy.uid,5,ActivityManagerService.java,18347,void com.android.server.am.ActivityManagerService$LocalService.notifyNetworkPolicyRulesUpdated(int, long),-,14450,int com.android.server.am.ActivityManagerService.bindIsolatedService(android.app.IApplicationThread, android.os.IBinder, android.content.Intent, java.lang.String, android.app.IServiceConnection, int, java.lang.String, java.lang.String, int),1]
10-13 22:08:17.857 I/notification_cancel_all( 1594): [1000,1594,com.idealinspecao.perueiroapp,0,0,0,5,NULL]
10-13 22:08:17.969 I/dvm_lock_sample( 1594): [system_server,0,PackageManager,78,ActivityManagerService.java,15989,int com.android.server.am.ActivityManagerService.broadcastIntent(android.app.IApplicationThread, android.content.Intent, java.lang.String, android.content.IIntentReceiver, int, java.lang.String, android.os.Bundle, java.lang.String[], int, android.os.Bundle, boolean, boolean, int),ProcessList.java,1687,void com.android.server.am.ProcessList.lambda$startProcessLocked$0$ProcessList(com.android.server.am.ProcessRecord, java.lang.String, int[], int, int, java.lang.String, java.lang.String, java.lang.String, long),15]
10-13 22:08:17.986 I/dvm_lock_sample( 1594): [system_server,1,ActivityManager,12,BroadcastQueue.java,984,void com.android.server.am.BroadcastQueue.processNextBroadcast(boolean, boolean),ActivityManagerService.java,6181,boolean com.android.server.am.ActivityManagerService.isAppStartModeDisabled(int, java.lang.String),2]
10-13 22:08:18.070 I/dvm_lock_sample( 1594): [system_server,1,ActivityManager,42,BroadcastQueue.java,984,void com.android.server.am.BroadcastQueue.processNextBroadcast(boolean, boolean),ActivityManagerService.java,14494,void com.android.server.am.ActivityManagerService.serviceDoneExecuting(android.os.IBinder, int, int, int),8]
10-13 22:08:18.174 I/sysui_multi_action( 1594): [757,147,758,4,759,1,806,com.idealinspecao.perueiroapp]
10-13 22:08:18.181 I/dvm_lock_sample( 1594): [system_server,1,Binder:1594_10,16,ActivityManagerService.java,8605,boolean com.android.server.am.ActivityManagerService.isUidActive(int, java.lang.String),BroadcastQueue.java,984,void com.android.server.am.BroadcastQueue.processNextBroadcast(boolean, boolean),3]
10-13 22:08:18.514 I/dvm_lock_sample( 1594): [system_server,1,Binder:1594_10,51,ActivityManagerService.java,14285,android.content.ComponentName com.android.server.am.ActivityManagerService.startService(android.app.IApplicationThread, android.content.Intent, java.lang.String, boolean, java.lang.String, int),-,14285,android.content.ComponentName com.android.server.am.ActivityManagerService.startService(android.app.IApplicationThread, android.content.Intent, java.lang.String, boolean, java.lang.String, int),10]
10-13 22:08:18.760 I/am_create_activity( 1594): [0,187922038,1357,com.idealinspecao.perueiroapp/.MainActivity,NULL,NULL,NULL,268435456]
10-13 22:08:18.941 I/am_proc_start( 1594): [0,4518,11370,com.idealinspecao.perueiroapp,activity,{com.idealinspecao.perueiroapp/com.idealinspecao.perueiroapp.MainActivity}]
10-13 22:08:19.064 I/notification_cancel_all( 1594): [1000,1594,com.idealinspecao.perueiroapp,0,0,0,5,NULL]
10-13 22:08:19.110 I/am_proc_bound( 1594): [0,4518,com.idealinspecao.perueiroapp]
10-13 22:08:19.115 I/am_restart_activity( 1594): [0,187922038,1357,com.idealinspecao.perueiroapp/.MainActivity,4518]
10-13 22:08:19.117 I/am_set_resumed_activity( 1594): [0,com.idealinspecao.perueiroapp/.MainActivity,minimalResumeActivityLocked]
10-13 22:08:19.629 I/dvm_lock_sample( 1594): [system_server,1,Binder:1594_9,22,ActivityManagerService.java,14791,android.content.Intent com.android.server.am.ActivityManagerService.registerReceiver(android.app.IApplicationThread, java.lang.String, android.content.IIntentReceiver, android.content.IntentFilter, java.lang.String, int, int),-,14450,int com.android.server.am.ActivityManagerService.bindIsolatedService(android.app.IApplicationThread, android.os.IBinder, android.content.Intent, java.lang.String, android.app.IServiceConnection, int, java.lang.String, java.lang.String, int),4]
10-13 22:08:20.811 I/dvm_lock_sample( 1594): [system_server,1,Binder:1594_16,26,ProcessManagerService.java,1704,java.util.List com.android.server.am.ProcessManagerService.getRunningProcessInfo(int, int, java.lang.String, java.lang.String, int),ActivityManagerService.java,1537,void com.android.server.am.ActivityManagerService$AppDeathRecipient.binderDied(),5]
10-13 22:08:24.235 I/am_lifecycle_sample( 4518): [0,com.idealinspecao.perueiroapp,110,5080]
10-13 22:08:24.509 I/am_on_create_called( 4518): [0,com.idealinspecao.perueiroapp.MainActivity,performCreate,148]
10-13 22:08:24.524 I/am_on_start_called( 4518): [0,com.idealinspecao.perueiroapp.MainActivity,handleStartActivity,0]
10-13 22:08:24.530 I/am_on_resume_called( 4518): [0,com.idealinspecao.perueiroapp.MainActivity,RESUME_ACTIVITY,2]
10-13 22:08:24.564 I/am_on_top_resumed_gained_called( 4518): [0,com.idealinspecao.perueiroapp.MainActivity,topStateChangedWhenResumed]
10-13 22:08:26.496 I/sysui_multi_action( 1594): [319,415,321,367,322,7770,325,764769,757,761,758,7,759,1,806,com.idealinspecao.perueiroapp,871,com.idealinspecao.perueiroapp.MainActivity,904,com.android.shell,905,0,945,386,1320,12,1321,1]
10-13 22:08:26.500 I/am_activity_launch_time( 1594): [0,187922038,com.idealinspecao.perueiroapp/.MainActivity,7770]
10-13 22:08:29.769 I/am_pss  ( 1594): [4518,11370,com.idealinspecao.perueiroapp,136269824,125968384,216064,220209152,0,2,19]
10-13 22:08:35.459 I/dvm_lock_sample( 1594): [system_server,0,Binder:1594_14,5,ActivityManagerService.java,14494,void com.android.server.am.ActivityManagerService.serviceDoneExecuting(android.os.IBinder, int, int, int),-,14463,boolean com.android.server.am.ActivityManagerService.unbindService(android.app.IServiceConnection),1]
10-13 22:08:40.634 I/am_pss  ( 1594): [4518,11370,com.idealinspecao.perueiroapp,134098944,123953152,207872,220143616,0,2,19]
10-13 22:09:42.076 I/am_pss  ( 1594): [4518,11370,com.idealinspecao.perueiroapp,140351488,128323584,208896,229523456,0,2,21]
10-13 22:09:52.764 I/am_pss  ( 1594): [4518,11370,com.idealinspecao.perueiroapp,144587776,133001216,208896,234823680,1,2,12]
10-13 22:11:32.522 I/am_pss  ( 1594): [4518,11370,com.idealinspecao.perueiroapp,145914880,133767168,204800,238010368,2,2,13]
10-13 22:11:57.830 I/am_pss  ( 1594): [4518,11370,com.idealinspecao.perueiroapp,153470976,141131776,204800,245813248,0,2,17]
10-13 22:12:57.487 I/am_on_top_resumed_lost_called( 4518): [0,com.idealinspecao.perueiroapp.MainActivity,topStateChangedWhenResumed]
10-13 22:12:57.490 I/am_pause_activity( 1594): [4518,187922038,com.idealinspecao.perueiroapp/.MainActivity,userLeaving=true]
10-13 22:12:57.492 I/am_add_to_stopping( 1594): [0,187922038,com.idealinspecao.perueiroapp/.MainActivity,makeInvisible]
10-13 22:12:57.502 I/am_on_paused_called( 4518): [0,com.idealinspecao.perueiroapp.MainActivity,performPause,1]
10-13 22:12:58.002 I/am_stop_activity( 1594): [0,187922038,com.idealinspecao.perueiroapp/.MainActivity]
10-13 22:12:58.072 I/am_on_stop_called( 4518): [0,com.idealinspecao.perueiroapp.MainActivity,STOP_ACTIVITY_ITEM,0]
10-13 22:12:58.803 I/sysui_multi_action( 2131): [757,289,758,4,806,ComponentInfo{com.idealinspecao.perueiroapp/com.idealinspecao.perueiroapp.MainActivity}]
10-13 22:12:58.825 I/am_finish_activity( 1594): [4518,187922038,1357,com.idealinspecao.perueiroapp/.MainActivity,remove-task]
10-13 22:12:58.825 I/am_destroy_activity( 1594): [4518,187922038,1357,com.idealinspecao.perueiroapp/.MainActivity,finish-imm:finishActivityLocked]
10-13 22:12:58.832 I/am_kill ( 1594): [0,4518,com.idealinspecao.perueiroapp,700,SwipeUpClean]
10-13 22:12:59.012 I/am_proc_died( 1594): [0,4518,com.idealinspecao.perueiroapp,700,16]
10-13 22:19:03.347 I/dvm_lock_sample( 1594): [system_server,1,Binder:1594_14,39,ProcessUtils.java,252,long com.android.server.am.ProcessUtils.getPackageLastPss(com.android.server.am.ActivityManagerService, com.android.server.am.ProcessManagerService, java.lang.String, int),ProcessRecord.java,1358,void com.android.server.am.ProcessRecord.updateProcessInfo(boolean, boolean, boolean),7]
10-13 22:22:32.023 I/dvm_lock_sample( 1594): [system_server,1,Binder:1594_B,17,ActivityManagerService.java,7717,boolean com.android.server.am.ActivityManagerService.refContentProvider(android.os.IBinder, int, int),-,14450,int com.android.server.am.ActivityManagerService.bindIsolatedService(android.app.IApplicationThread, android.os.IBinder, android.content.Intent, java.lang.String, android.app.IServiceConnection, int, java.lang.String, java.lang.String, int),3]
10-13 22:23:43.629 I/dvm_lock_sample( 1594): [system_server,1,Binder:1594_1F,7,ActivityManagerService.java,7717,boolean com.android.server.am.ActivityManagerService.refContentProvider(android.os.IBinder, int, int),-,14343,void com.android.server.am.ActivityManagerService.setServiceForeground(android.content.ComponentName, android.os.IBinder, int, android.app.Notification, int, int),1]
10-13 22:25:00.292 I/dvm_lock_sample( 1594): [system_server,0,Binder:1594_10,14,ActivityManagerService.java,14494,void com.android.server.am.ActivityManagerService.serviceDoneExecuting(android.os.IBinder, int, int, int),-,14450,int com.android.server.am.ActivityManagerService.bindIsolatedService(android.app.IApplicationThread, android.os.IBinder, android.content.Intent, java.lang.String, android.app.IServiceConnection, int, java.lang.String, java.lang.String, int),2]
10-13 22:25:42.875 I/am_create_activity( 1594): [0,118452208,1364,com.idealinspecao.perueiroapp/.MainActivity,android.intent.action.MAIN,NULL,NULL,270532608]
10-13 22:25:42.931 I/am_proc_start( 1594): [0,9803,11370,com.idealinspecao.perueiroapp,activity,{com.idealinspecao.perueiroapp/com.idealinspecao.perueiroapp.MainActivity}]
10-13 22:25:43.005 I/am_proc_bound( 1594): [0,9803,com.idealinspecao.perueiroapp]
10-13 22:25:43.014 I/am_restart_activity( 1594): [0,118452208,1364,com.idealinspecao.perueiroapp/.MainActivity,9803]
10-13 22:25:43.017 I/am_set_resumed_activity( 1594): [0,com.idealinspecao.perueiroapp/.MainActivity,minimalResumeActivityLocked]
10-13 22:25:47.086 I/am_lifecycle_sample( 9803): [0,com.idealinspecao.perueiroapp,110,4059]
10-13 22:25:47.281 I/am_on_create_called( 9803): [0,com.idealinspecao.perueiroapp.MainActivity,performCreate,89]
10-13 22:25:47.295 I/am_on_start_called( 9803): [0,com.idealinspecao.perueiroapp.MainActivity,handleStartActivity,0]
10-13 22:25:47.298 I/am_on_resume_called( 9803): [0,com.idealinspecao.perueiroapp.MainActivity,RESUME_ACTIVITY,1]
10-13 22:25:47.321 I/am_on_top_resumed_gained_called( 9803): [0,com.idealinspecao.perueiroapp.MainActivity,topStateChangedWhenResumed]
10-13 22:25:48.915 I/sysui_multi_action( 1594): [319,182,321,102,322,6070,325,765813,757,761,758,7,759,1,806,com.idealinspecao.perueiroapp,871,com.idealinspecao.perueiroapp.MainActivity,904,com.miui.home,905,0,945,162,1320,12,1321,1]
10-13 22:25:48.919 I/am_activity_launch_time( 1594): [0,118452208,com.idealinspecao.perueiroapp/.MainActivity,6070]
10-13 22:25:54.022 I/am_pss  ( 1594): [9803,11370,com.idealinspecao.perueiroapp,117645312,106586112,196608,216326144,0,2,22]
10-13 22:26:04.588 I/am_pss  ( 1594): [9803,11370,com.idealinspecao.perueiroapp,118596608,107536384,196608,217399296,0,2,21]
10-13 22:26:28.238 I/am_on_top_resumed_lost_called( 9803): [0,com.idealinspecao.perueiroapp.MainActivity,topStateChangedWhenResumed]
10-13 22:26:28.240 I/am_pause_activity( 1594): [9803,118452208,com.idealinspecao.perueiroapp/.MainActivity,userLeaving=true]
10-13 22:26:28.244 I/am_add_to_stopping( 1594): [0,118452208,com.idealinspecao.perueiroapp/.MainActivity,makeInvisible]
10-13 22:26:28.251 I/am_on_paused_called( 9803): [0,com.idealinspecao.perueiroapp.MainActivity,performPause,1]
10-13 22:26:28.668 I/am_stop_activity( 1594): [0,118452208,com.idealinspecao.perueiroapp/.MainActivity]
10-13 22:26:28.704 I/am_on_stop_called( 9803): [0,com.idealinspecao.perueiroapp.MainActivity,STOP_ACTIVITY_ITEM,1]
10-13 22:26:29.482 I/sysui_multi_action( 2131): [757,289,758,4,806,ComponentInfo{com.idealinspecao.perueiroapp/com.idealinspecao.perueiroapp.MainActivity}]
10-13 22:26:29.484 I/am_finish_activity( 1594): [9803,118452208,1364,com.idealinspecao.perueiroapp/.MainActivity,remove-task]
10-13 22:26:29.484 I/am_destroy_activity( 1594): [9803,118452208,1364,com.idealinspecao.perueiroapp/.MainActivity,finish-imm:finishActivityLocked]
10-13 22:26:29.520 I/am_kill ( 1594): [0,9803,com.idealinspecao.perueiroapp,700,SwipeUpClean]
10-13 22:26:29.671 I/am_proc_died( 1594): [0,9803,com.idealinspecao.perueiroapp,700,16]
10-13 22:26:29.686 I/dvm_lock_sample( 1594): [system_server,1,android.display,17,ActivityManagerService.java,18317,void com.android.server.am.ActivityManagerService$LocalService.setHasOverlayUi(int, boolean),-,1537,void com.android.server.am.ActivityManagerService$AppDeathRecipient.binderDied(),3]
10-13 22:42:22.470 I/dvm_lock_sample( 1594): [system_server,1,android.ui,6,ActivityManagerService.java,3378,void com.android.server.am.ActivityManagerService.dispatchUidsChanged(),-,14450,int com.android.server.am.ActivityManagerService.bindIsolatedService(android.app.IApplicationThread, android.os.IBinder, android.content.Intent, java.lang.String, android.app.IServiceConnection, int, java.lang.String, java.lang.String, int),1]
10-13 23:04:40.203 I/dvm_lock_sample( 1594): [system_server,1,Binder:1594_1C,9,ActivityManagerService.java,6181,boolean com.android.server.am.ActivityManagerService.isAppStartModeDisabled(int, java.lang.String),-,14450,int com.android.server.am.ActivityManagerService.bindIsolatedService(android.app.IApplicationThread, android.os.IBinder, android.content.Intent, java.lang.String, android.app.IServiceConnection, int, java.lang.String, java.lang.String, int),1]
10-13 23:06:19.891 I/dvm_lock_sample( 1594): [system_server,1,ActivityManager,23,BroadcastQueue.java,984,void com.android.server.am.BroadcastQueue.processNextBroadcast(boolean, boolean),ActivityManagerService.java,15989,int com.android.server.am.ActivityManagerService.broadcastIntent(android.app.IApplicationThread, android.content.Intent, java.lang.String, android.content.IIntentReceiver, int, java.lang.String, android.os.Bundle, java.lang.String[], int, android.os.Bundle, boolean, boolean, int),4]
10-13 23:06:20.034 I/sysui_multi_action( 1594): [757,147,758,4,759,1,806,com.idealinspecao.perueiroapp]
10-13 23:06:20.582 I/am_create_activity( 1594): [0,110880533,1366,com.idealinspecao.perueiroapp/.MainActivity,NULL,NULL,NULL,268435456]
10-13 23:06:20.660 I/dvm_lock_sample( 1594): [system_server,1,Binder:1594_3,115,WindowProcessUtils.java,405,java.lang.String com.android.server.wm.WindowProcessUtils.getCallerPackageName(com.android.server.wm.ActivityTaskManagerService, android.app.IApplicationThread),ActivityStarter.java,1313,int com.android.server.wm.ActivityStarter.startActivityMayWait(android.app.IApplicationThread, int, java.lang.String, int, int, android.content.Intent, java.lang.String, android.service.voice.IVoiceInteractionSession, com.android.internal.app.IVoiceInteractor, android.os.IBinder, java.lang.String, int, int, android.app.ProfilerInfo, android.app.WaitResult, android.content.res.Configuration, com.android.server.wm.SafeActivityOptions, boolean, int, com.android.server.wm.TaskRecord, java.lang.String, boolean, com.android.server.am.PendingIntentRecord, boolean),23]
10-13 23:06:20.701 I/dvm_lock_sample( 1594): [system_server,1,Binder:1594_3,40,ActivityManagerService.java,14285,android.content.ComponentName com.android.server.am.ActivityManagerService.startService(android.app.IApplicationThread, android.content.Intent, java.lang.String, boolean, java.lang.String, int),-,14310,int com.android.server.am.ActivityManagerService.stopService(android.app.IApplicationThread, android.content.Intent, java.lang.String, int),8]
10-13 23:06:20.701 I/dvm_lock_sample( 1594): [system_server,1,android.display,39,ActivityManagerService.java,18519,void com.android.server.am.ActivityManagerService$LocalService.updateCpuStats(),-,14310,int com.android.server.am.ActivityManagerService.stopService(android.app.IApplicationThread, android.content.Intent, java.lang.String, int),7]
10-13 23:06:20.814 I/am_proc_start( 1594): [0,11409,11370,com.idealinspecao.perueiroapp,activity,{com.idealinspecao.perueiroapp/com.idealinspecao.perueiroapp.MainActivity}]
10-13 23:06:20.978 I/am_proc_bound( 1594): [0,11409,com.idealinspecao.perueiroapp]
10-13 23:06:20.984 I/am_restart_activity( 1594): [0,110880533,1366,com.idealinspecao.perueiroapp/.MainActivity,11409]
10-13 23:06:20.988 I/am_set_resumed_activity( 1594): [0,com.idealinspecao.perueiroapp/.MainActivity,minimalResumeActivityLocked]
10-13 23:06:23.303 I/notification_cancel_all( 1594): [1000,1594,com.idealinspecao.perueiroapp,0,0,0,5,NULL]
10-13 23:06:23.340 I/notification_cancel_all( 1594): [1000,1594,com.idealinspecao.perueiroapp,0,0,0,5,NULL]
10-13 23:06:26.198 I/am_lifecycle_sample(11409): [0,com.idealinspecao.perueiroapp,110,5173]
10-13 23:06:26.485 I/am_on_create_called(11409): [0,com.idealinspecao.perueiroapp.MainActivity,performCreate,174]
10-13 23:06:26.499 I/am_on_start_called(11409): [0,com.idealinspecao.perueiroapp.MainActivity,handleStartActivity,0]
10-13 23:06:26.502 I/am_on_resume_called(11409): [0,com.idealinspecao.perueiroapp.MainActivity,RESUME_ACTIVITY,1]
10-13 23:06:26.525 I/am_on_top_resumed_gained_called(11409): [0,com.idealinspecao.perueiroapp.MainActivity,topStateChangedWhenResumed]
10-13 23:06:28.311 I/sysui_multi_action( 1594): [319,463,321,365,322,7769,325,768251,757,761,758,7,759,1,806,com.idealinspecao.perueiroapp,871,com.idealinspecao.perueiroapp.MainActivity,904,com.android.shell,905,0,945,438,1320,12,1321,1]
10-13 23:06:28.313 I/am_activity_launch_time( 1594): [0,110880533,com.idealinspecao.perueiroapp/.MainActivity,7769]
10-13 23:06:31.076 I/am_pss  ( 1594): [11409,11370,com.idealinspecao.perueiroapp,123891712,114122752,205824,217001984,0,2,14]
10-13 23:06:41.681 I/am_pss  ( 1594): [11409,11370,com.idealinspecao.perueiroapp,129376256,119455744,204800,222846976,0,2,19]
10-13 23:07:50.693 I/am_pss  ( 1594): [11409,11370,com.idealinspecao.perueiroapp,137597952,126877696,193536,234524672,0,2,22]
10-13 23:09:41.034 I/am_pss  ( 1594): [11409,11370,com.idealinspecao.perueiroapp,142949376,132317184,189440,240885760,0,2,23]
10-13 23:12:02.282 I/am_pss  ( 1594): [11409,11370,com.idealinspecao.perueiroapp,139055104,129241088,183296,234024960,0,2,19]
10-13 23:12:35.726 I/am_pss  ( 1594): [11409,11370,com.idealinspecao.perueiroapp,140261376,130592768,183296,235298816,0,2,18]
10-13 23:13:00.422 I/am_on_top_resumed_lost_called(11409): [0,com.idealinspecao.perueiroapp.MainActivity,topStateChangedWhenResumed]
10-13 23:13:00.427 I/am_pause_activity( 1594): [11409,110880533,com.idealinspecao.perueiroapp/.MainActivity,userLeaving=true]
10-13 23:13:00.432 I/am_on_paused_called(11409): [0,com.idealinspecao.perueiroapp.MainActivity,performPause,0]
10-13 23:13:01.509 I/dvm_lock_sample( 1594): [system_server,1,Binder:1594_D,8,ActivityTaskManagerService.java,4726,int com.android.server.wm.ActivityTaskManagerService.getLastResumedActivityUserId(),WindowSurfacePlacer.java,61,void com.android.server.wm.WindowSurfacePlacer.lambda$new$0$WindowSurfacePlacer(),1]
10-13 23:13:35.155 I/am_set_resumed_activity( 1594): [0,com.idealinspecao.perueiroapp/.MainActivity,finishActivity]
10-13 23:13:35.190 I/am_set_resumed_activity( 1594): [0,com.idealinspecao.perueiroapp/.MainActivity,resumeTopActivityInnerLocked]
10-13 23:13:35.191 I/am_resume_activity( 1594): [0,110880533,1366,com.idealinspecao.perueiroapp/.MainActivity,11409]
10-13 23:13:35.250 I/am_on_resume_called(11409): [0,com.idealinspecao.perueiroapp.MainActivity,RESUME_ACTIVITY,1]
10-13 23:13:35.252 I/am_on_top_resumed_gained_called(11409): [0,com.idealinspecao.perueiroapp.MainActivity,topWhenResuming]
10-13 23:17:41.990 I/am_pss  ( 1594): [11409,11370,com.idealinspecao.perueiroapp,125079552,117624832,176128,210161664,0,2,22]
10-13 23:20:50.585 I/dvm_lock_sample( 1594): [system_server,1,Binder:1594_D,11,ActivityManagerService.java,5827,java.lang.String com.android.server.am.ActivityManagerService.getTagForIntentSender(android.content.IIntentSender, java.lang.String),-,14450,int com.android.server.am.ActivityManagerService.bindIsolatedService(android.app.IApplicationThread, android.os.IBinder, android.content.Intent, java.lang.String, android.app.IServiceConnection, int, java.lang.String, java.lang.String, int),2]
