10-27 17:17:49.330 I/dvm_lock_sample( 1594): [system_server,1,Binder:1594_1C,14,ActivityManagerService.java,14474,void com.android.server.am.ActivityManagerService.publishService(android.os.IBinder, android.content.Intent, android.os.IBinder),-,14450,int com.android.server.am.ActivityManagerService.bindIsolatedService(android.app.IApplicationThread, android.os.IBinder, android.content.Intent, java.lang.String, android.app.IServiceConnection, int, java.lang.String, java.lang.String, int),2]
10-27 17:17:50.160 I/dvm_lock_sample( 1594): [system_server,1,Binder:1594_20,18,ActivityManagerService.java,6752,java.lang.String com.android.server.am.ActivityManagerService.checkContentProviderAccess(java.lang.String, int),-,14285,android.content.ComponentName com.android.server.am.ActivityManagerService.startService(android.app.IApplicationThread, android.content.Intent, java.lang.String, boolean, java.lang.String, int),3]
10-27 17:17:51.591 I/dvm_lock_sample( 1594): [system_server,1,android.ui,12,ActivityManagerService.java,3378,void com.android.server.am.ActivityManagerService.dispatchUidsChanged(),-,14450,int com.android.server.am.ActivityManagerService.bindIsolatedService(android.app.IApplicationThread, android.os.IBinder, android.content.Intent, java.lang.String, android.app.IServiceConnection, int, java.lang.String, java.lang.String, int),2]
10-27 17:17:58.499 I/dvm_lock_sample( 1594): [system_server,0,miui.fg,81,ActivityManagerService.java,10090,int com.android.server.am.ActivityManagerService.getMemoryTrimLevel(),-,14335,boolean com.android.server.am.ActivityManagerService.stopServiceToken(android.content.ComponentName, android.os.IBinder, int),16]
10-27 17:17:58.499 I/dvm_lock_sample( 1594): [system_server,1,Binder:1594_C,63,ActivityManagerService.java,14488,void com.android.server.am.ActivityManagerService.unbindFinished(android.os.IBinder, android.content.Intent, boolean),-,1537,void com.android.server.am.ActivityManagerService$AppDeathRecipient.binderDied(),12]
10-27 17:18:22.839 I/dvm_lock_sample( 1594): [system_server,1,Binder:1594_1C,49,ActivityManagerService.java,14791,android.content.Intent com.android.server.am.ActivityManagerService.registerReceiver(android.app.IApplicationThread, java.lang.String, android.content.IIntentReceiver, android.content.IntentFilter, java.lang.String, int, int),-,1537,void com.android.server.am.ActivityManagerService$AppDeathRecipient.binderDied(),9]
10-27 17:18:25.787 I/dvm_lock_sample( 1594): [system_server,0,Binder:1594_1F,44,ActivityManagerService.java,7564,void com.android.server.am.ActivityManagerService.removeContentProvider(android.os.IBinder, boolean),-,14285,android.content.ComponentName com.android.server.am.ActivityManagerService.startService(android.app.IApplicationThread, android.content.Intent, java.lang.String, boolean, java.lang.String, int),8]
10-27 17:18:25.993 I/dvm_lock_sample( 1594): [system_server,0,Binder:1594_15,47,ActivityManagerService.java,14494,void com.android.server.am.ActivityManagerService.serviceDoneExecuting(android.os.IBinder, int, int, int),-,14450,int com.android.server.am.ActivityManagerService.bindIsolatedService(android.app.IApplicationThread, android.os.IBinder, android.content.Intent, java.lang.String, android.app.IServiceConnection, int, java.lang.String, java.lang.String, int),9]
10-27 17:18:26.471 I/dvm_lock_sample( 1594): [system_server,0,Binder:1594_5,8,ActivityManagerService.java,14494,void com.android.server.am.ActivityManagerService.serviceDoneExecuting(android.os.IBinder, int, int, int),-,14463,boolean com.android.server.am.ActivityManagerService.unbindService(android.app.IServiceConnection),1]
10-27 17:18:27.238 I/dvm_lock_sample( 1594): [system_server,0,Binder:1594_1D,24,ActivityManagerService.java,14494,void com.android.server.am.ActivityManagerService.serviceDoneExecuting(android.os.IBinder, int, int, int),-,1537,void com.android.server.am.ActivityManagerService$AppDeathRecipient.binderDied(),4]
10-27 17:18:28.127 I/dvm_lock_sample( 1594): [system_server,1,Binder:1594_8,7,ActivityManagerService.java,14463,boolean com.android.server.am.ActivityManagerService.unbindService(android.app.IServiceConnection),-,1537,void com.android.server.am.ActivityManagerService$AppDeathRecipient.binderDied(),1]
10-27 17:18:29.989 I/dvm_lock_sample( 1594): [system_server,1,Binder:1594_4,16,ActivityManagerService.java,14450,int com.android.server.am.ActivityManagerService.bindIsolatedService(android.app.IApplicationThread, android.os.IBinder, android.content.Intent, java.lang.String, android.app.IServiceConnection, int, java.lang.String, java.lang.String, int),-,1537,void com.android.server.am.ActivityManagerService$AppDeathRecipient.binderDied(),3]
10-27 17:18:30.892 I/dvm_lock_sample( 1594): [system_server,1,Binder:1594_11,22,ActivityManagerService.java,6752,java.lang.String com.android.server.am.ActivityManagerService.checkContentProviderAccess(java.lang.String, int),-,14463,boolean com.android.server.am.ActivityManagerService.unbindService(android.app.IServiceConnection),4]
10-27 17:18:38.819 I/dvm_lock_sample( 1594): [system_server,1,Binder:1594_B,15,ActivityManagerService.java,6978,android.app.ContentProviderHolder com.android.server.am.ActivityManagerService.getContentProviderImpl(android.app.IApplicationThread, java.lang.String, android.os.IBinder, int, java.lang.String, java.lang.String, boolean, int),-,14450,int com.android.server.am.ActivityManagerService.bindIsolatedService(android.app.IApplicationThread, android.os.IBinder, android.content.Intent, java.lang.String, android.app.IServiceConnection, int, java.lang.String, java.lang.String, int),3]
10-27 17:26:58.267 I/dvm_lock_sample( 1594): [system_server,1,NetworkPolicy.uid,5,ActivityManagerService.java,18347,void com.android.server.am.ActivityManagerService$LocalService.notifyNetworkPolicyRulesUpdated(int, long),-,14463,boolean com.android.server.am.ActivityManagerService.unbindService(android.app.IServiceConnection),1]
10-27 17:29:30.892 I/dvm_lock_sample( 1594): [system_server,0,Binder:1594_1C,12,ActivityManagerService.java,14494,void com.android.server.am.ActivityManagerService.serviceDoneExecuting(android.os.IBinder, int, int, int),-,14463,boolean com.android.server.am.ActivityManagerService.unbindService(android.app.IServiceConnection),2]
10-27 17:45:46.855 I/dvm_lock_sample( 1594): [system_server,1,Binder:1594_1B,7,ProcessManagerService.java,1704,java.util.List com.android.server.am.ProcessManagerService.getRunningProcessInfo(int, int, java.lang.String, java.lang.String, int),ActivityManagerService.java,1537,void com.android.server.am.ActivityManagerService$AppDeathRecipient.binderDied(),1]
10-27 17:58:03.684 I/dvm_lock_sample( 1594): [system_server,1,Binder:1594_19,13,ActivityManagerService.java,8605,boolean com.android.server.am.ActivityManagerService.isUidActive(int, java.lang.String),-,14450,int com.android.server.am.ActivityManagerService.bindIsolatedService(android.app.IApplicationThread, android.os.IBinder, android.content.Intent, java.lang.String, android.app.IServiceConnection, int, java.lang.String, java.lang.String, int),2]
10-27 18:07:58.663 I/dvm_lock_sample( 1594): [system_server,1,android.ui,5,ActivityManagerService.java,3378,void com.android.server.am.ActivityManagerService.dispatchUidsChanged(),-,14463,boolean com.android.server.am.ActivityManagerService.unbindService(android.app.IServiceConnection),1]
10-27 18:09:20.588 I/dvm_lock_sample( 1594): [system_server,1,Binder:1594_10,8,ActivityManagerService.java,14474,void com.android.server.am.ActivityManagerService.publishService(android.os.IBinder, android.content.Intent, android.os.IBinder),-,14450,int com.android.server.am.ActivityManagerService.bindIsolatedService(android.app.IApplicationThread, android.os.IBinder, android.content.Intent, java.lang.String, android.app.IServiceConnection, int, java.lang.String, java.lang.String, int),1]
10-27 18:09:45.132 I/dvm_lock_sample( 1594): [system_server,1,Binder:1594_C,22,ActivityManagerService.java,14474,void com.android.server.am.ActivityManagerService.publishService(android.os.IBinder, android.content.Intent, android.os.IBinder),-,14450,int com.android.server.am.ActivityManagerService.bindIsolatedService(android.app.IApplicationThread, android.os.IBinder, android.content.Intent, java.lang.String, android.app.IServiceConnection, int, java.lang.String, java.lang.String, int),4]
10-27 18:11:20.851 I/dvm_lock_sample( 1594): [system_server,0,Binder:1594_14,10,ActivityManagerService.java,14494,void com.android.server.am.ActivityManagerService.serviceDoneExecuting(android.os.IBinder, int, int, int),-,14450,int com.android.server.am.ActivityManagerService.bindIsolatedService(android.app.IApplicationThread, android.os.IBinder, android.content.Intent, java.lang.String, android.app.IServiceConnection, int, java.lang.String, java.lang.String, int),2]
10-27 18:13:04.491 I/dvm_lock_sample( 1594): [system_server,0,miui.fg,10,ActivityManagerService.java,5955,boolean com.android.server.am.ActivityManagerService.isAppBad(android.content.pm.ApplicationInfo),-,1537,void com.android.server.am.ActivityManagerService$AppDeathRecipient.binderDied(),2]
10-27 18:25:14.125 I/sysui_multi_action( 1594): [757,147,758,4,759,1,806,com.idealinspecao.perueiroapp]
10-27 18:25:14.225 I/dvm_lock_sample( 1594): [system_server,1,Binder:1594_16,50,ActivityManagerService.java,8605,boolean com.android.server.am.ActivityManagerService.isUidActive(int, java.lang.String),-,17649,void com.android.server.am.ActivityManagerService.pushTempWhitelist(),10]
10-27 18:25:14.943 I/am_create_activity( 1594): [0,51352768,1984,com.idealinspecao.perueiroapp/.MainActivity,NULL,NULL,NULL,268435456]
10-27 18:25:15.012 I/dvm_lock_sample( 1594): [system_server,1,Binder:1594_A,122,ActivityTaskManagerService.java,7377,com.android.server.wm.WindowProcessController com.android.server.wm.ActivityTaskManagerService$LocalService.getTopApp(),ActivityStarter.java,1313,int com.android.server.wm.ActivityStarter.startActivityMayWait(android.app.IApplicationThread, int, java.lang.String, int, int, android.content.Intent, java.lang.String, android.service.voice.IVoiceInteractionSession, com.android.internal.app.IVoiceInteractor, android.os.IBinder, java.lang.String, int, int, android.app.ProfilerInfo, android.app.WaitResult, android.content.res.Configuration, com.android.server.wm.SafeActivityOptions, boolean, int, com.android.server.wm.TaskRecord, java.lang.String, boolean, com.android.server.am.PendingIntentRecord, boolean),24]
10-27 18:25:15.086 I/am_proc_start( 1594): [0,11588,11398,com.idealinspecao.perueiroapp,activity,{com.idealinspecao.perueiroapp/com.idealinspecao.perueiroapp.MainActivity}]
10-27 18:25:15.389 I/am_proc_bound( 1594): [0,11588,com.idealinspecao.perueiroapp]
10-27 18:25:15.400 I/am_restart_activity( 1594): [0,51352768,1984,com.idealinspecao.perueiroapp/.MainActivity,11588]
10-27 18:25:15.401 I/am_set_resumed_activity( 1594): [0,com.idealinspecao.perueiroapp/.MainActivity,minimalResumeActivityLocked]
10-27 18:25:16.199 I/dvm_lock_sample( 1594): [system_server,1,Binder:1594_A,73,ActivityManagerService.java,14343,void com.android.server.am.ActivityManagerService.setServiceForeground(android.content.ComponentName, android.os.IBinder, int, android.app.Notification, int, int),-,5395,void com.android.server.am.ActivityManagerService.attachApplication(android.app.IApplicationThread, long),14]
10-27 18:25:16.212 I/dvm_lock_sample( 1594): [system_server,1,Binder:1594_9,79,ActivityManagerService.java,6752,java.lang.String com.android.server.am.ActivityManagerService.checkContentProviderAccess(java.lang.String, int),-,5395,void com.android.server.am.ActivityManagerService.attachApplication(android.app.IApplicationThread, long),15]
10-27 18:25:16.311 I/dvm_lock_sample( 1594): [system_server,1,ActivityManager:procStart,122,ProcessList.java,1687,void com.android.server.am.ProcessList.lambda$startProcessLocked$0$ProcessList(com.android.server.am.ProcessRecord, java.lang.String, int[], int, int, java.lang.String, java.lang.String, java.lang.String, long),ActivityManagerService.java,14450,int com.android.server.am.ActivityManagerService.bindIsolatedService(android.app.IApplicationThread, android.os.IBinder, android.content.Intent, java.lang.String, android.app.IServiceConnection, int, java.lang.String, java.lang.String, int),24]
10-27 18:25:16.319 I/dvm_lock_sample( 1594): [system_server,1,Binder:1594_15,103,ActivityManagerService.java,6978,android.app.ContentProviderHolder com.android.server.am.ActivityManagerService.getContentProviderImpl(android.app.IApplicationThread, java.lang.String, android.os.IBinder, int, java.lang.String, java.lang.String, boolean, int),-,7564,void com.android.server.am.ActivityManagerService.removeContentProvider(android.os.IBinder, boolean),20]
10-27 18:25:16.330 I/dvm_lock_sample( 1594): [system_server,1,Binder:1594_1A,117,ActivityManagerService.java,1537,void com.android.server.am.ActivityManagerService$AppDeathRecipient.binderDied(),-,6752,java.lang.String com.android.server.am.ActivityManagerService.checkContentProviderAccess(java.lang.String, int),23]
10-27 18:25:16.511 I/dvm_lock_sample( 1594): [system_server,1,android.ui,13,ActivityManagerService.java,3378,void com.android.server.am.ActivityManagerService.dispatchUidsChanged(),-,5395,void com.android.server.am.ActivityManagerService.attachApplication(android.app.IApplicationThread, long),2]
10-27 18:25:16.829 I/notification_cancel_all( 1594): [1000,1594,com.idealinspecao.perueiroapp,0,0,0,5,NULL]
10-27 18:25:17.108 I/dvm_lock_sample( 1594): [system_server,1,Binder:1594_10,47,ActivityManagerService.java,4467,void com.android.server.am.ActivityManagerService.addPackageDependency(java.lang.String),-,5395,void com.android.server.am.ActivityManagerService.attachApplication(android.app.IApplicationThread, long),9]
10-27 18:25:18.131 I/am_pss  ( 1594): [11588,11398,com.idealinspecao.perueiroapp,67056640,62279680,354304,129228800,1,2,9]
10-27 18:25:21.658 I/am_lifecycle_sample(11588): [0,com.idealinspecao.perueiroapp,110,6196]
10-27 18:25:21.879 I/am_on_create_called(11588): [0,com.idealinspecao.perueiroapp.MainActivity,performCreate,103]
10-27 18:25:21.892 I/am_on_start_called(11588): [0,com.idealinspecao.perueiroapp.MainActivity,handleStartActivity,0]
10-27 18:25:21.895 I/am_on_resume_called(11588): [0,com.idealinspecao.perueiroapp.MainActivity,RESUME_ACTIVITY,1]
10-27 18:25:21.925 I/am_on_top_resumed_gained_called(11588): [0,com.idealinspecao.perueiroapp.MainActivity,topStateChangedWhenResumed]
10-27 18:25:23.867 I/sysui_multi_action( 1594): [319,568,321,293,322,8991,325,1948142,757,761,758,7,759,1,806,com.idealinspecao.perueiroapp,871,com.idealinspecao.perueiroapp.MainActivity,904,com.android.shell,905,0,945,516,1320,12,1321,1]
10-27 18:25:23.872 I/am_activity_launch_time( 1594): [0,51352768,com.idealinspecao.perueiroapp/.MainActivity,8991]
10-27 18:25:28.319 I/am_pss  ( 1594): [11588,11398,com.idealinspecao.perueiroapp,132440064,120270848,245760,216080384,0,2,21]
10-27 18:26:21.293 I/dvm_lock_sample( 1594): [system_server,1,Binder:1594_1C,15,ActivityManagerService.java,14450,int com.android.server.am.ActivityManagerService.bindIsolatedService(android.app.IApplicationThread, android.os.IBinder, android.content.Intent, java.lang.String, android.app.IServiceConnection, int, java.lang.String, java.lang.String, int),-,14450,int com.android.server.am.ActivityManagerService.bindIsolatedService(android.app.IApplicationThread, android.os.IBinder, android.content.Intent, java.lang.String, android.app.IServiceConnection, int, java.lang.String, java.lang.String, int),3]
10-27 18:26:29.352 I/am_pss  ( 1594): [11588,11398,com.idealinspecao.perueiroapp,154360832,140673024,248832,241864704,0,2,21]
10-27 18:28:01.593 I/am_pss  ( 1594): [11588,11398,com.idealinspecao.perueiroapp,149654528,139403264,210944,239153152,0,2,21]
10-27 18:30:31.769 I/am_pss  ( 1594): [11588,11398,com.idealinspecao.perueiroapp,147160064,137613312,198656,236355584,0,2,17]
10-27 18:34:01.311 I/am_pss  ( 1594): [11588,11398,com.idealinspecao.perueiroapp,146851840,137555968,197632,235745280,0,2,21]
10-27 18:38:20.015 I/am_pss  ( 1594): [11588,11398,com.idealinspecao.perueiroapp,146652160,137347072,194560,235741184,1,2,13]
10-27 18:39:08.410 I/am_pss  ( 1594): [11588,11398,com.idealinspecao.perueiroapp,146564096,137347072,191488,235737088,0,2,21]
10-27 18:41:32.099 I/dvm_lock_sample( 1594): [system_server,1,Binder:1594_15,8,ActivityManagerService.java,8605,boolean com.android.server.am.ActivityManagerService.isUidActive(int, java.lang.String),-,14450,int com.android.server.am.ActivityManagerService.bindIsolatedService(android.app.IApplicationThread, android.os.IBinder, android.content.Intent, java.lang.String, android.app.IServiceConnection, int, java.lang.String, java.lang.String, int),1]
10-27 18:41:32.216 I/dvm_lock_sample( 1594): [system_server,1,android.ui,24,ActivityManagerService.java,3378,void com.android.server.am.ActivityManagerService.dispatchUidsChanged(),-,5395,void com.android.server.am.ActivityManagerService.attachApplication(android.app.IApplicationThread, long),4]
10-27 18:41:32.260 I/dvm_lock_sample( 1594): [system_server,0,Binder:1594_8,9,ActivityManagerService.java,14494,void com.android.server.am.ActivityManagerService.serviceDoneExecuting(android.os.IBinder, int, int, int),-,14463,boolean com.android.server.am.ActivityManagerService.unbindService(android.app.IServiceConnection),1]
10-27 18:41:35.578 I/dvm_lock_sample( 1594): [system_server,1,Binder:1594_12,6,ActivityManagerService.java,6752,java.lang.String com.android.server.am.ActivityManagerService.checkContentProviderAccess(java.lang.String, int),-,14450,int com.android.server.am.ActivityManagerService.bindIsolatedService(android.app.IApplicationThread, android.os.IBinder, android.content.Intent, java.lang.String, android.app.IServiceConnection, int, java.lang.String, java.lang.String, int),1]
10-27 18:41:37.779 I/dvm_lock_sample( 1594): [system_server,1,android.ui,10,ActivityManagerService.java,3272,void com.android.server.am.ActivityManagerService.dispatchProcessesChanged(),-,14463,boolean com.android.server.am.ActivityManagerService.unbindService(android.app.IServiceConnection),2]
10-27 18:42:29.295 I/dvm_lock_sample( 1594): [system_server,1,android.ui,8,ActivityManagerService.java,3378,void com.android.server.am.ActivityManagerService.dispatchUidsChanged(),-,14450,int com.android.server.am.ActivityManagerService.bindIsolatedService(android.app.IApplicationThread, android.os.IBinder, android.content.Intent, java.lang.String, android.app.IServiceConnection, int, java.lang.String, java.lang.String, int),1]
10-27 18:42:32.901 I/am_on_top_resumed_lost_called(11588): [0,com.idealinspecao.perueiroapp.MainActivity,topStateChangedWhenResumed]
10-27 18:42:32.905 I/am_pause_activity( 1594): [11588,51352768,com.idealinspecao.perueiroapp/.MainActivity,userLeaving=true]
10-27 18:42:32.908 I/dvm_lock_sample( 1594): [system_server,0,Binder:1594_4,244,ActivityTaskManagerService.java,6586,boolean com.android.server.wm.ActivityTaskManagerService$LocalService.isSleeping(),ActivityStarter.java,1313,int com.android.server.wm.ActivityStarter.startActivityMayWait(android.app.IApplicationThread, int, java.lang.String, int, int, android.content.Intent, java.lang.String, android.service.voice.IVoiceInteractionSession, com.android.internal.app.IVoiceInteractor, android.os.IBinder, java.lang.String, int, int, android.app.ProfilerInfo, android.app.WaitResult, android.content.res.Configuration, com.android.server.wm.SafeActivityOptions, boolean, int, com.android.server.wm.TaskRecord, java.lang.String, boolean, com.android.server.am.PendingIntentRecord, boolean),48]
10-27 18:42:32.912 I/am_on_paused_called(11588): [0,com.idealinspecao.perueiroapp.MainActivity,performPause,1]
10-27 18:42:32.932 I/dvm_lock_sample( 1594): [system_server,1,Binder:1594_2,176,ActivityManagerService.java,1537,void com.android.server.am.ActivityManagerService$AppDeathRecipient.binderDied(),-,16095,void com.android.server.am.ActivityManagerService.finishReceiver(android.os.IBinder, int, java.lang.String, android.os.Bundle, boolean, int),35]
10-27 18:42:41.026 I/am_set_resumed_activity( 1594): [0,com.idealinspecao.perueiroapp/.MainActivity,finishActivity]
10-27 18:42:41.054 I/am_set_resumed_activity( 1594): [0,com.idealinspecao.perueiroapp/.MainActivity,resumeTopActivityInnerLocked]
10-27 18:42:41.055 I/am_resume_activity( 1594): [0,51352768,1984,com.idealinspecao.perueiroapp/.MainActivity,11588]
10-27 18:42:41.080 I/am_on_resume_called(11588): [0,com.idealinspecao.perueiroapp.MainActivity,RESUME_ACTIVITY,1]
10-27 18:42:41.082 I/am_on_top_resumed_gained_called(11588): [0,com.idealinspecao.perueiroapp.MainActivity,topWhenResuming]
10-27 18:46:06.874 I/dvm_lock_sample( 1594): [system_server,1,Binder:1594_11,21,ActivityManagerService.java,8605,boolean com.android.server.am.ActivityManagerService.isUidActive(int, java.lang.String),-,1537,void com.android.server.am.ActivityManagerService$AppDeathRecipient.binderDied(),4]
10-27 18:46:08.745 I/am_pss  ( 1594): [11588,11398,com.idealinspecao.perueiroapp,141798400,134168576,196608,219095040,1,2,12]
10-27 18:52:47.781 I/dvm_lock_sample( 1594): [system_server,0,Binder:1594_1,11,ActivityManagerService.java,14494,void com.android.server.am.ActivityManagerService.serviceDoneExecuting(android.os.IBinder, int, int, int),-,14463,boolean com.android.server.am.ActivityManagerService.unbindService(android.app.IServiceConnection),2]
10-27 18:56:37.583 I/dvm_lock_sample( 1594): [system_server,1,Binder:1594_A,25,ActivityManagerService.java,14791,android.content.Intent com.android.server.am.ActivityManagerService.registerReceiver(android.app.IApplicationThread, java.lang.String, android.content.IIntentReceiver, android.content.IntentFilter, java.lang.String, int, int),-,14450,int com.android.server.am.ActivityManagerService.bindIsolatedService(android.app.IApplicationThread, android.os.IBinder, android.content.Intent, java.lang.String, android.app.IServiceConnection, int, java.lang.String, java.lang.String, int),5]
10-27 18:56:37.925 I/dvm_lock_sample( 1594): [system_server,1,Binder:1594_15,20,ActivityManagerService.java,14285,android.content.ComponentName com.android.server.am.ActivityManagerService.startService(android.app.IApplicationThread, android.content.Intent, java.lang.String, boolean, java.lang.String, int),-,14450,int com.android.server.am.ActivityManagerService.bindIsolatedService(android.app.IApplicationThread, android.os.IBinder, android.content.Intent, java.lang.String, android.app.IServiceConnection, int, java.lang.String, java.lang.String, int),4]
10-27 18:56:38.272 I/dvm_lock_sample( 1594): [system_server,0,miui.fg,15,ActivityManagerService.java,5955,boolean com.android.server.am.ActivityManagerService.isAppBad(android.content.pm.ApplicationInfo),-,14450,int com.android.server.am.ActivityManagerService.bindIsolatedService(android.app.IApplicationThread, android.os.IBinder, android.content.Intent, java.lang.String, android.app.IServiceConnection, int, java.lang.String, java.lang.String, int),3]
10-27 19:00:57.552 I/am_pss  ( 1594): [11588,11398,com.idealinspecao.perueiroapp,140656640,133316608,190464,216625152,1,2,11]
10-27 19:12:42.249 I/dvm_lock_sample( 1594): [system_server,1,Binder:1594_15,6,ActivityManagerService.java,5827,java.lang.String com.android.server.am.ActivityManagerService.getTagForIntentSender(android.content.IIntentSender, java.lang.String),-,14450,int com.android.server.am.ActivityManagerService.bindIsolatedService(android.app.IApplicationThread, android.os.IBinder, android.content.Intent, java.lang.String, android.app.IServiceConnection, int, java.lang.String, java.lang.String, int),1]
10-27 19:13:09.250 I/dvm_lock_sample( 1594): [system_server,1,Binder:1594_12,13,ActivityManagerService.java,5827,java.lang.String com.android.server.am.ActivityManagerService.getTagForIntentSender(android.content.IIntentSender, java.lang.String),-,6752,java.lang.String com.android.server.am.ActivityManagerService.checkContentProviderAccess(java.lang.String, int),2]
10-27 19:26:35.475 I/am_pss  ( 1594): [11588,11398,com.idealinspecao.perueiroapp,135907328,129802240,177152,209166336,0,2,16]
10-27 19:41:05.541 I/dvm_lock_sample( 1594): [system_server,1,Binder:1594_1E,9,ActivityManagerService.java,14463,boolean com.android.server.am.ActivityManagerService.unbindService(android.app.IServiceConnection),-,14463,boolean com.android.server.am.ActivityManagerService.unbindService(android.app.IServiceConnection),1]
10-27 19:41:34.679 I/am_pss  ( 1594): [11588,11398,com.idealinspecao.perueiroapp,136414208,130019328,193536,208683008,1,2,12]
10-27 19:50:09.156 I/dvm_lock_sample( 1594): [system_server,1,ActivityManager:procStart,9,ProcessList.java,1687,void com.android.server.am.ProcessList.lambda$startProcessLocked$0$ProcessList(com.android.server.am.ProcessRecord, java.lang.String, int[], int, int, java.lang.String, java.lang.String, java.lang.String, long),ActivityManagerService.java,14450,int com.android.server.am.ActivityManagerService.bindIsolatedService(android.app.IApplicationThread, android.os.IBinder, android.content.Intent, java.lang.String, android.app.IServiceConnection, int, java.lang.String, java.lang.String, int),1]
10-27 19:53:30.003 I/am_pss  ( 1594): [11588,11398,com.idealinspecao.perueiroapp,135984128,129712128,188416,208138240,1,2,15]
10-27 19:53:45.528 I/am_pss  ( 1594): [11588,11398,com.idealinspecao.perueiroapp,135733248,129536000,190464,207532032,2,2,12]
10-27 19:55:31.967 I/am_on_top_resumed_lost_called(11588): [0,com.idealinspecao.perueiroapp.MainActivity,topStateChangedWhenResumed]
10-27 19:55:31.971 I/am_pause_activity( 1594): [11588,51352768,com.idealinspecao.perueiroapp/.MainActivity,userLeaving=true]
10-27 19:55:31.983 I/am_on_paused_called(11588): [0,com.idealinspecao.perueiroapp.MainActivity,performPause,0]
10-27 19:55:33.021 I/am_set_resumed_activity( 1594): [0,com.idealinspecao.perueiroapp/.MainActivity,finishActivity]
10-27 19:55:33.203 I/am_set_resumed_activity( 1594): [0,com.idealinspecao.perueiroapp/.MainActivity,resumeTopActivityInnerLocked]
10-27 19:55:33.204 I/am_resume_activity( 1594): [0,51352768,1984,com.idealinspecao.perueiroapp/.MainActivity,11588]
10-27 19:55:33.206 I/am_on_resume_called(11588): [0,com.idealinspecao.perueiroapp.MainActivity,RESUME_ACTIVITY,1]
10-27 19:55:33.208 I/am_on_top_resumed_gained_called(11588): [0,com.idealinspecao.perueiroapp.MainActivity,topWhenResuming]
10-27 19:55:33.448 I/am_kill ( 1594): [0,11588,com.idealinspecao.perueiroapp,0,stop com.idealinspecao.perueiroapp: installPackageLI]
10-27 19:55:33.451 I/am_finish_activity( 1594): [0,51352768,1984,com.idealinspecao.perueiroapp/.MainActivity,proc died without state saved]
10-27 19:55:34.035 I/dvm_lock_sample( 1594): [system_server,1,ActivityManager,570,PackageManagerService.java,7389,java.lang.String com.android.server.pm.PackageManagerService.getInstantAppPackageName(int),-,17551,void com.android.server.pm.PackageManagerService.installPackagesLI(java.util.List),100]
10-27 19:55:34.044 I/dvm_lock_sample( 1594): [system_server,1,android.display,592,TaskChangeNotificationController.java,176,void com.android.server.wm.TaskChangeNotificationController$MainHandler.handleMessage(android.os.Message),ActivityTaskManagerService.java,6942,void com.android.server.wm.ActivityTaskManagerService$LocalService.handleAppDied(com.android.server.wm.WindowProcessController, boolean, java.lang.Runnable),100]
10-27 19:55:34.048 I/dvm_lock_sample( 1594): [system_server,1,Binder:1594_E,453,Session.java,146,void com.android.server.wm.Session.binderDied(),ActivityTaskManagerService.java,6942,void com.android.server.wm.ActivityTaskManagerService$LocalService.handleAppDied(com.android.server.wm.WindowProcessController, boolean, java.lang.Runnable),90]
10-27 19:55:34.048 I/dvm_lock_sample( 1594): [system_server,1,android.anim,590,InputMonitor.java,120,void com.android.server.wm.InputMonitor$1.run(),ActivityTaskManagerService.java,6942,void com.android.server.wm.ActivityTaskManagerService$LocalService.handleAppDied(com.android.server.wm.WindowProcessController, boolean, java.lang.Runnable),100]
10-27 19:55:34.053 I/dvm_lock_sample( 1594): [system_server,1,android.ui,605,ActivityManagerService.java,3378,void com.android.server.am.ActivityManagerService.dispatchUidsChanged(),-,1777,void com.android.server.am.ActivityManagerService$MainHandler.handleMessage(android.os.Message),100]
10-27 19:55:34.299 I/dvm_lock_sample( 1594): [system_server,1,Binder:1594_1,43,ActivityManagerService.java,15989,int com.android.server.am.ActivityManagerService.broadcastIntent(android.app.IApplicationThread, android.content.Intent, java.lang.String, android.content.IIntentReceiver, int, java.lang.String, android.os.Bundle, java.lang.String[], int, android.os.Bundle, boolean, boolean, int),-,14285,android.content.ComponentName com.android.server.am.ActivityManagerService.startService(android.app.IApplicationThread, android.content.Intent, java.lang.String, boolean, java.lang.String, int),8]
10-27 19:55:34.304 I/dvm_lock_sample( 1594): [system_server,1,Binder:1594_E,37,ActivityManagerService.java,6978,android.app.ContentProviderHolder com.android.server.am.ActivityManagerService.getContentProviderImpl(android.app.IApplicationThread, java.lang.String, android.os.IBinder, int, java.lang.String, java.lang.String, boolean, int),-,15989,int com.android.server.am.ActivityManagerService.broadcastIntent(android.app.IApplicationThread, android.content.Intent, java.lang.String, android.content.IIntentReceiver, int, java.lang.String, android.os.Bundle, java.lang.String[], int, android.os.Bundle, boolean, boolean, int),7]
10-27 19:55:34.456 I/sysui_multi_action( 1594): [757,147,758,4,759,1,806,com.idealinspecao.perueiroapp]
10-27 19:55:35.293 I/am_create_activity( 1594): [0,142772751,1987,com.idealinspecao.perueiroapp/.MainActivity,NULL,NULL,NULL,268435456]
10-27 19:55:35.498 I/dvm_lock_sample( 1594): [system_server,1,Binder:1594_9,178,ActivityManagerService.java,14791,android.content.Intent com.android.server.am.ActivityManagerService.registerReceiver(android.app.IApplicationThread, java.lang.String, android.content.IIntentReceiver, android.content.IntentFilter, java.lang.String, int, int),-,7639,void com.android.server.am.ActivityManagerService.publishContentProviders(android.app.IApplicationThread, java.util.List),35]
10-27 19:55:35.538 I/am_proc_start( 1594): [0,22191,11398,com.idealinspecao.perueiroapp,activity,{com.idealinspecao.perueiroapp/com.idealinspecao.perueiroapp.MainActivity}]
10-27 19:55:35.741 I/am_proc_bound( 1594): [0,22191,com.idealinspecao.perueiroapp]
10-27 19:55:35.759 I/am_restart_activity( 1594): [0,142772751,1987,com.idealinspecao.perueiroapp/.MainActivity,22191]
10-27 19:55:35.762 I/am_set_resumed_activity( 1594): [0,com.idealinspecao.perueiroapp/.MainActivity,minimalResumeActivityLocked]
10-27 19:55:36.314 I/dvm_lock_sample( 1594): [system_server,1,Binder:1594_10,41,ActivityManagerService.java,14791,android.content.Intent com.android.server.am.ActivityManagerService.registerReceiver(android.app.IApplicationThread, java.lang.String, android.content.IIntentReceiver, android.content.IntentFilter, java.lang.String, int, int),-,14310,int com.android.server.am.ActivityManagerService.stopService(android.app.IApplicationThread, android.content.Intent, java.lang.String, int),8]
10-27 19:55:36.762 I/dvm_lock_sample( 1594): [system_server,1,android.ui,48,ActivityManagerService.java,3378,void com.android.server.am.ActivityManagerService.dispatchUidsChanged(),-,1537,void com.android.server.am.ActivityManagerService$AppDeathRecipient.binderDied(),9]
10-27 19:55:37.092 I/notification_cancel_all( 1594): [1000,1594,com.idealinspecao.perueiroapp,0,0,0,5,NULL]
10-27 19:55:37.137 I/notification_cancel_all( 1594): [1000,1594,com.idealinspecao.perueiroapp,0,0,0,5,NULL]
10-27 19:55:37.533 I/dvm_lock_sample( 1594): [system_server,1,Binder:1594_2,16,ActivityManagerService.java,14450,int com.android.server.am.ActivityManagerService.bindIsolatedService(android.app.IApplicationThread, android.os.IBinder, android.content.Intent, java.lang.String, android.app.IServiceConnection, int, java.lang.String, java.lang.String, int),-,5395,void com.android.server.am.ActivityManagerService.attachApplication(android.app.IApplicationThread, long),3]
10-27 19:55:40.446 I/am_lifecycle_sample(22191): [0,com.idealinspecao.perueiroapp,110,4633]
10-27 19:55:40.721 I/am_on_create_called(22191): [0,com.idealinspecao.perueiroapp.MainActivity,performCreate,95]
10-27 19:55:40.734 I/am_on_start_called(22191): [0,com.idealinspecao.perueiroapp.MainActivity,handleStartActivity,0]
10-27 19:55:40.738 I/am_on_resume_called(22191): [0,com.idealinspecao.perueiroapp.MainActivity,RESUME_ACTIVITY,1]
10-27 19:55:40.760 I/am_on_top_resumed_gained_called(22191): [0,com.idealinspecao.perueiroapp.MainActivity,topStateChangedWhenResumed]
10-27 19:55:42.662 I/sysui_multi_action( 1594): [319,532,321,376,322,7402,325,1953563,757,761,758,7,759,1,806,com.idealinspecao.perueiroapp,871,com.idealinspecao.perueiroapp.MainActivity,904,com.android.shell,905,0,945,484,1320,12,1321,1]
10-27 19:55:42.674 I/am_activity_launch_time( 1594): [0,142772751,com.idealinspecao.perueiroapp/.MainActivity,7402]
10-27 19:55:46.674 I/am_pss  ( 1594): [22191,11398,com.idealinspecao.perueiroapp,127326208,117932032,219136,211582976,0,2,19]
10-27 19:56:01.726 I/am_pss  ( 1594): [22191,11398,com.idealinspecao.perueiroapp,155849728,145813504,214016,242995200,0,2,23]
10-27 19:56:37.897 I/am_on_top_resumed_lost_called(22191): [0,com.idealinspecao.perueiroapp.MainActivity,topStateChangedWhenResumed]
10-27 19:56:37.901 I/am_pause_activity( 1594): [22191,142772751,com.idealinspecao.perueiroapp/.MainActivity,userLeaving=true]
10-27 19:56:37.906 I/am_add_to_stopping( 1594): [0,142772751,com.idealinspecao.perueiroapp/.MainActivity,makeInvisible]
10-27 19:56:37.917 I/am_on_paused_called(22191): [0,com.idealinspecao.perueiroapp.MainActivity,performPause,1]
10-27 19:56:38.363 I/am_stop_activity( 1594): [0,142772751,com.idealinspecao.perueiroapp/.MainActivity]
10-27 19:56:38.402 I/am_on_stop_called(22191): [0,com.idealinspecao.perueiroapp.MainActivity,STOP_ACTIVITY_ITEM,0]
10-27 19:56:38.896 I/sysui_multi_action( 3049): [757,289,758,4,806,ComponentInfo{com.idealinspecao.perueiroapp/com.idealinspecao.perueiroapp.MainActivity}]
10-27 19:56:38.900 I/am_finish_activity( 1594): [22191,142772751,1987,com.idealinspecao.perueiroapp/.MainActivity,remove-task]
10-27 19:56:38.900 I/am_destroy_activity( 1594): [22191,142772751,1987,com.idealinspecao.perueiroapp/.MainActivity,finish-imm:finishActivityLocked]
10-27 19:56:38.972 I/am_on_destroy_called(22191): [0,com.idealinspecao.perueiroapp.MainActivity,performDestroy,0]
10-27 19:56:39.033 I/dvm_lock_sample( 1594): [system_server,0,AsyncTask #7,46,ActivityManagerService.java,10090,int com.android.server.am.ActivityManagerService.getMemoryTrimLevel(),ProcessRecord.java,1358,void com.android.server.am.ProcessRecord.updateProcessInfo(boolean, boolean, boolean),9]
10-27 19:56:39.035 I/am_kill ( 1594): [0,22191,com.idealinspecao.perueiroapp,905,SwipeUpClean]
10-27 19:56:39.217 I/am_proc_died( 1594): [0,22191,com.idealinspecao.perueiroapp,905,20]
10-27 19:56:41.943 I/dvm_lock_sample( 1594): [system_server,1,Binder:1594_1E,20,ActivityManagerService.java,6978,android.app.ContentProviderHolder com.android.server.am.ActivityManagerService.getContentProviderImpl(android.app.IApplicationThread, java.lang.String, android.os.IBinder, int, java.lang.String, java.lang.String, boolean, int),-,5395,void com.android.server.am.ActivityManagerService.attachApplication(android.app.IApplicationThread, long),4]
10-27 20:09:57.508 I/dvm_lock_sample( 1594): [system_server,1,android.ui,5,ActivityManagerService.java,3378,void com.android.server.am.ActivityManagerService.dispatchUidsChanged(),BroadcastQueue.java,984,void com.android.server.am.BroadcastQueue.processNextBroadcast(boolean, boolean),1]
10-27 20:10:06.474 I/dvm_lock_sample( 1594): [system_server,1,android.ui,5,ActivityManagerService.java,3378,void com.android.server.am.ActivityManagerService.dispatchUidsChanged(),-,14463,boolean com.android.server.am.ActivityManagerService.unbindService(android.app.IServiceConnection),1]
10-27 20:10:06.482 I/dvm_lock_sample( 1594): [system_server,1,android.ui,7,ActivityManagerService.java,3432,void com.android.server.am.ActivityManagerService.dispatchUidsChanged(),-,14494,void com.android.server.am.ActivityManagerService.serviceDoneExecuting(android.os.IBinder, int, int, int),1]
10-27 20:11:03.640 I/auditd  ( 1594): type=1400 audit(0.0:312606): avc: denied { getpgid } for comm="ActivityManager" scontext=u:r:system_server:s0 tcontext=u:r:app_zygote:s0:c512,c768 tclass=process permissive=0
10-27 20:11:03.650 I/auditd  ( 1594): type=1400 audit(0.0:312610): avc: denied { getpgid } for comm="ActivityManager" scontext=u:r:system_server:s0 tcontext=u:r:app_zygote:s0:c512,c768 tclass=process permissive=0
10-27 20:12:02.086 I/dvm_lock_sample( 1594): [system_server,1,Binder:1594_12,26,ActivityManagerService.java,14463,boolean com.android.server.am.ActivityManagerService.unbindService(android.app.IServiceConnection),-,1537,void com.android.server.am.ActivityManagerService$AppDeathRecipient.binderDied(),5]
10-27 20:20:04.885 I/dvm_lock_sample( 1594): [system_server,1,Binder:1594_7,5,ActivityManagerService.java,8605,boolean com.android.server.am.ActivityManagerService.isUidActive(int, java.lang.String),-,14450,int com.android.server.am.ActivityManagerService.bindIsolatedService(android.app.IApplicationThread, android.os.IBinder, android.content.Intent, java.lang.String, android.app.IServiceConnection, int, java.lang.String, java.lang.String, int),1]
10-27 20:24:44.859 I/dvm_lock_sample( 1594): [system_server,0,android.bg,6,ActivityManagerService.java,1964,void com.android.server.am.ActivityManagerService$5.handleMessage(android.os.Message),-,16095,void com.android.server.am.ActivityManagerService.finishReceiver(android.os.IBinder, int, java.lang.String, android.os.Bundle, boolean, int),1]
10-27 20:29:31.746 I/dvm_lock_sample( 1594): [system_server,1,Binder:1594_17,5,ProcessManagerService.java,1704,java.util.List com.android.server.am.ProcessManagerService.getRunningProcessInfo(int, int, java.lang.String, java.lang.String, int),ActivityManagerService.java,1537,void com.android.server.am.ActivityManagerService$AppDeathRecipient.binderDied(),1]
10-27 20:35:21.849 I/dvm_lock_sample( 1594): [system_server,1,ActivityManager:procStart,32,ProcessList.java,1687,void com.android.server.am.ProcessList.lambda$startProcessLocked$0$ProcessList(com.android.server.am.ProcessRecord, java.lang.String, int[], int, int, java.lang.String, java.lang.String, java.lang.String, long),ActivityManagerService.java,18666,int com.android.server.am.ActivityManagerService$LocalService.broadcastIntentInPackage(java.lang.String, int, int, int, android.content.Intent, java.lang.String, android.content.IIntentReceiver, int, java.lang.String, android.os.Bundle, java.lang.String, android.os.Bundle, boolean, boolean, int, boolean),6]
10-27 20:38:53.662 I/dvm_lock_sample( 1594): [system_server,1,Binder:1594_1D,16,ActivityManagerService.java,14791,android.content.Intent com.android.server.am.ActivityManagerService.registerReceiver(android.app.IApplicationThread, java.lang.String, android.content.IIntentReceiver, android.content.IntentFilter, java.lang.String, int, int),-,14450,int com.android.server.am.ActivityManagerService.bindIsolatedService(android.app.IApplicationThread, android.os.IBinder, android.content.Intent, java.lang.String, android.app.IServiceConnection, int, java.lang.String, java.lang.String, int),3]
10-27 20:44:09.046 I/dvm_lock_sample( 1594): [system_server,1,main,7,BroadcastDispatcher.java,186,void com.android.server.am.BroadcastDispatcher$1.broadcastAlarmComplete(int),ActivityManagerService.java,16095,void com.android.server.am.ActivityManagerService.finishReceiver(android.os.IBinder, int, java.lang.String, android.os.Bundle, boolean, int),1]
10-27 20:47:50.452 I/dvm_lock_sample( 1594): [system_server,1,Binder:1594_1F,37,ActivityManagerService.java,5395,void com.android.server.am.ActivityManagerService.attachApplication(android.app.IApplicationThread, long),-,1537,void com.android.server.am.ActivityManagerService$AppDeathRecipient.binderDied(),7]
10-27 20:47:51.910 I/dvm_lock_sample( 1594): [system_server,1,Binder:1594_8,18,ActivityManagerService.java,12299,java.util.ArrayList com.android.server.am.ActivityManagerService.collectProcesses(java.io.PrintWriter, int, boolean, java.lang.String[]),-,14450,int com.android.server.am.ActivityManagerService.bindIsolatedService(android.app.IApplicationThread, android.os.IBinder, android.content.Intent, java.lang.String, android.app.IServiceConnection, int, java.lang.String, java.lang.String, int),3]
10-27 20:49:44.475 I/notification_cancel_all( 1594): [1000,1594,com.idealinspecao.perueiroapp,0,0,0,5,NULL]
10-27 20:49:44.632 I/sysui_multi_action( 1594): [757,147,758,4,759,1,806,com.idealinspecao.perueiroapp]
10-27 20:49:45.683 I/am_create_activity( 1594): [0,82447999,1990,com.idealinspecao.perueiroapp/.MainActivity,NULL,NULL,NULL,268435456]
10-27 20:49:46.307 I/dvm_lock_sample( 1594): [system_server,1,Binder:1594_5,743,WindowProcessUtils.java,405,java.lang.String com.android.server.wm.WindowProcessUtils.getCallerPackageName(com.android.server.wm.ActivityTaskManagerService, android.app.IApplicationThread),ActivityStarter.java,1313,int com.android.server.wm.ActivityStarter.startActivityMayWait(android.app.IApplicationThread, int, java.lang.String, int, int, android.content.Intent, java.lang.String, android.service.voice.IVoiceInteractionSession, com.android.internal.app.IVoiceInteractor, android.os.IBinder, java.lang.String, int, int, android.app.ProfilerInfo, android.app.WaitResult, android.content.res.Configuration, com.android.server.wm.SafeActivityOptions, boolean, int, com.android.server.wm.TaskRecord, java.lang.String, boolean, com.android.server.am.PendingIntentRecord, boolean),100]
10-27 20:49:46.308 I/dvm_lock_sample( 1594): [system_server,1,Binder:1594_1A,669,ActivityTaskManagerService.java,7377,com.android.server.wm.WindowProcessController com.android.server.wm.ActivityTaskManagerService$LocalService.getTopApp(),ActivityStarter.java,1313,int com.android.server.wm.ActivityStarter.startActivityMayWait(android.app.IApplicationThread, int, java.lang.String, int, int, android.content.Intent, java.lang.String, android.service.voice.IVoiceInteractionSession, com.android.internal.app.IVoiceInteractor, android.os.IBinder, java.lang.String, int, int, android.app.ProfilerInfo, android.app.WaitResult, android.content.res.Configuration, com.android.server.wm.SafeActivityOptions, boolean, int, com.android.server.wm.TaskRecord, java.lang.String, boolean, com.android.server.am.PendingIntentRecord, boolean),100]
10-27 20:49:46.309 I/binder_sample(30420): [android.app.IActivityManager,30,672,com.miui.global.packageinstaller,100]
10-27 20:49:46.310 I/dvm_lock_sample( 1594): [system_server,1,Binder:1594_18,668,ActivityManagerService.java,14791,android.content.Intent com.android.server.am.ActivityManagerService.registerReceiver(android.app.IApplicationThread, java.lang.String, android.content.IIntentReceiver, android.content.IntentFilter, java.lang.String, int, int),-,14474,void com.android.server.am.ActivityManagerService.publishService(android.os.IBinder, android.content.Intent, android.os.IBinder),100]
10-27 20:49:46.310 I/dvm_lock_sample( 1594): [system_server,1,Binder:1594_15,621,WindowProcessUtils.java,405,java.lang.String com.android.server.wm.WindowProcessUtils.getCallerPackageName(com.android.server.wm.ActivityTaskManagerService, android.app.IApplicationThread),ActivityStarter.java,1313,int com.android.server.wm.ActivityStarter.startActivityMayWait(android.app.IApplicationThread, int, java.lang.String, int, int, android.content.Intent, java.lang.String, android.service.voice.IVoiceInteractionSession, com.android.internal.app.IVoiceInteractor, android.os.IBinder, java.lang.String, int, int, android.app.ProfilerInfo, android.app.WaitResult, android.content.res.Configuration, com.android.server.wm.SafeActivityOptions, boolean, int, com.android.server.wm.TaskRecord, java.lang.String, boolean, com.android.server.am.PendingIntentRecord, boolean),100]
10-27 20:49:46.310 I/dvm_lock_sample( 1594): [system_server,1,Binder:1594_8,600,ActivityManagerService.java,14791,android.content.Intent com.android.server.am.ActivityManagerService.registerReceiver(android.app.IApplicationThread, java.lang.String, android.content.IIntentReceiver, android.content.IntentFilter, java.lang.String, int, int),-,14474,void com.android.server.am.ActivityManagerService.publishService(android.os.IBinder, android.content.Intent, android.os.IBinder),100]
10-27 20:49:46.310 I/dvm_lock_sample( 1594): [system_server,1,Binder:1594_7,618,ActivityManagerService.java,6978,android.app.ContentProviderHolder com.android.server.am.ActivityManagerService.getContentProviderImpl(android.app.IApplicationThread, java.lang.String, android.os.IBinder, int, java.lang.String, java.lang.String, boolean, int),-,14474,void com.android.server.am.ActivityManagerService.publishService(android.os.IBinder, android.content.Intent, android.os.IBinder),100]
10-27 20:49:46.311 I/dvm_lock_sample( 1594): [system_server,1,Binder:1594_1D,628,ActivityTaskManagerService.java,1746,void com.android.server.wm.ActivityTaskManagerService.activityTopResumedStateLost(),ActivityStarter.java,1313,int com.android.server.wm.ActivityStarter.startActivityMayWait(android.app.IApplicationThread, int, java.lang.String, int, int, android.content.Intent, java.lang.String, android.service.voice.IVoiceInteractionSession, com.android.internal.app.IVoiceInteractor, android.os.IBinder, java.lang.String, int, int, android.app.ProfilerInfo, android.app.WaitResult, android.content.res.Configuration, com.android.server.wm.SafeActivityOptions, boolean, int, com.android.server.wm.TaskRecord, java.lang.String, boolean, com.android.server.am.PendingIntentRecord, boolean),100]
10-27 20:49:46.312 I/binder_sample( 2404): [android.app.IActivityTaskManager,19,629,com.miui.home,100]
10-27 20:49:46.334 I/dvm_lock_sample( 1594): [system_server,1,Binder:1594_10,599,ActivityManagerService.java,6752,java.lang.String com.android.server.am.ActivityManagerService.checkContentProviderAccess(java.lang.String, int),-,14474,void com.android.server.am.ActivityManagerService.publishService(android.os.IBinder, android.content.Intent, android.os.IBinder),100]
10-27 20:49:46.335 I/dvm_lock_sample( 1594): [system_server,1,Binder:1594_2,596,ActivityManagerService.java,14791,android.content.Intent com.android.server.am.ActivityManagerService.registerReceiver(android.app.IApplicationThread, java.lang.String, android.content.IIntentReceiver, android.content.IntentFilter, java.lang.String, int, int),-,14474,void com.android.server.am.ActivityManagerService.publishService(android.os.IBinder, android.content.Intent, android.os.IBinder),100]
10-27 20:49:46.338 I/dvm_lock_sample( 1594): [system_server,1,Binder:1594_E,487,ActivityManagerService.java,6978,android.app.ContentProviderHolder com.android.server.am.ActivityManagerService.getContentProviderImpl(android.app.IApplicationThread, java.lang.String, android.os.IBinder, int, java.lang.String, java.lang.String, boolean, int),-,14474,void com.android.server.am.ActivityManagerService.publishService(android.os.IBinder, android.content.Intent, android.os.IBinder),97]
10-27 20:49:46.372 I/dvm_lock_sample( 1594): [system_server,1,Binder:1594_1D,20,ActivityManagerService.java,14463,boolean com.android.server.am.ActivityManagerService.unbindService(android.app.IServiceConnection),-,17671,void com.android.server.am.ActivityManagerService.trimApplications(java.lang.String),4]
10-27 20:49:46.394 I/am_proc_start( 1594): [0,30615,11398,com.idealinspecao.perueiroapp,activity,{com.idealinspecao.perueiroapp/com.idealinspecao.perueiroapp.MainActivity}]
10-27 20:49:46.644 I/am_proc_bound( 1594): [0,30615,com.idealinspecao.perueiroapp]
10-27 20:49:46.661 I/am_restart_activity( 1594): [0,82447999,1990,com.idealinspecao.perueiroapp/.MainActivity,30615]
10-27 20:49:46.663 I/am_set_resumed_activity( 1594): [0,com.idealinspecao.perueiroapp/.MainActivity,minimalResumeActivityLocked]
10-27 20:49:47.762 I/notification_cancel_all( 1594): [1000,1594,com.idealinspecao.perueiroapp,0,0,0,5,NULL]
10-27 20:49:51.184 I/am_lifecycle_sample(30615): [0,com.idealinspecao.perueiroapp,110,4503]
10-27 20:49:51.399 I/am_on_create_called(30615): [0,com.idealinspecao.perueiroapp.MainActivity,performCreate,97]
10-27 20:49:51.413 I/am_on_start_called(30615): [0,com.idealinspecao.perueiroapp.MainActivity,handleStartActivity,0]
10-27 20:49:51.416 I/am_on_resume_called(30615): [0,com.idealinspecao.perueiroapp.MainActivity,RESUME_ACTIVITY,2]
10-27 20:49:51.442 I/am_on_top_resumed_gained_called(30615): [0,com.idealinspecao.perueiroapp.MainActivity,topStateChangedWhenResumed]
10-27 20:49:53.332 I/sysui_multi_action( 1594): [319,1157,321,869,322,7803,325,1956813,757,761,758,7,759,1,806,com.idealinspecao.perueiroapp,871,com.idealinspecao.perueiroapp.MainActivity,904,com.android.shell,905,0,945,1117,1320,12,1321,1]
10-27 20:49:53.353 I/am_activity_launch_time( 1594): [0,82447999,com.idealinspecao.perueiroapp/.MainActivity,7803]
10-27 20:49:56.735 I/am_pss  ( 1594): [30615,11398,com.idealinspecao.perueiroapp,122611712,112095232,215040,212946944,0,2,14]
10-27 20:50:06.752 I/am_pss  ( 1594): [30615,11398,com.idealinspecao.perueiroapp,152108032,140865536,209920,245506048,0,2,22]
