10-11 10:43:18.625 I/dvm_lock_sample( 1594): [system_server,1,android.ui,16,ActivityManagerService.java,3378,void com.android.server.am.ActivityManagerService.dispatchUidsChanged(),-,14450,int com.android.server.am.ActivityManagerService.bindIsolatedService(android.app.IApplicationThread, android.os.IBinder, android.content.Intent, java.lang.String, android.app.IServiceConnection, int, java.lang.String, java.lang.String, int),3]
10-11 10:55:04.680 I/dvm_lock_sample( 1594): [system_server,1,Binder:1594_20,5,ActivityManagerService.java,6181,boolean com.android.server.am.ActivityManagerService.isAppStartModeDisabled(int, java.lang.String),-,14463,boolean com.android.server.am.ActivityManagerService.unbindService(android.app.IServiceConnection),1]
10-11 11:09:26.638 I/dvm_lock_sample( 1594): [system_server,0,miui.fg,10,ActivityManagerService.java,14450,int com.android.server.am.ActivityManagerService.bindIsolatedService(android.app.IApplicationThread, android.os.IBinder, android.content.Intent, java.lang.String, android.app.IServiceConnection, int, java.lang.String, java.lang.String, int),-,5395,void com.android.server.am.ActivityManagerService.attachApplication(android.app.IApplicationThread, long),2]
10-11 11:09:26.966 I/dvm_lock_sample( 1594): [system_server,1,Binder:1594_2,17,ProcessManagerService.java,1704,java.util.List com.android.server.am.ProcessManagerService.getRunningProcessInfo(int, int, java.lang.String, java.lang.String, int),ActivityManagerService.java,5395,void com.android.server.am.ActivityManagerService.attachApplication(android.app.IApplicationThread, long),3]
10-11 11:09:29.194 I/dvm_lock_sample( 1594): [system_server,0,miui.fg,11,ActivityManagerService.java,5955,boolean com.android.server.am.ActivityManagerService.isAppBad(android.content.pm.ApplicationInfo),-,14463,boolean com.android.server.am.ActivityManagerService.unbindService(android.app.IServiceConnection),2]
10-11 11:16:27.552 I/dvm_lock_sample( 1594): [system_server,1,Binder:1594_1E,22,ActivityManagerService.java,14474,void com.android.server.am.ActivityManagerService.publishService(android.os.IBinder, android.content.Intent, android.os.IBinder),-,14450,int com.android.server.am.ActivityManagerService.bindIsolatedService(android.app.IApplicationThread, android.os.IBinder, android.content.Intent, java.lang.String, android.app.IServiceConnection, int, java.lang.String, java.lang.String, int),4]
10-11 11:21:12.741 I/dvm_lock_sample( 1594): [system_server,1,Binder:1594_1E,5,ActivityManagerService.java,6978,android.app.ContentProviderHolder com.android.server.am.ActivityManagerService.getContentProviderImpl(android.app.IApplicationThread, java.lang.String, android.os.IBinder, int, java.lang.String, java.lang.String, boolean, int),-,6978,android.app.ContentProviderHolder com.android.server.am.ActivityManagerService.getContentProviderImpl(android.app.IApplicationThread, java.lang.String, android.os.IBinder, int, java.lang.String, java.lang.String, boolean, int),1]
10-11 11:21:14.228 I/dvm_lock_sample( 1594): [system_server,1,Binder:1594_C,8,ActivityManagerService.java,5827,java.lang.String com.android.server.am.ActivityManagerService.getTagForIntentSender(android.content.IIntentSender, java.lang.String),-,14450,int com.android.server.am.ActivityManagerService.bindIsolatedService(android.app.IApplicationThread, android.os.IBinder, android.content.Intent, java.lang.String, android.app.IServiceConnection, int, java.lang.String, java.lang.String, int),1]
10-11 11:21:47.722 I/dvm_lock_sample( 1594): [system_server,0,Binder:1594_4,6,ActivityManagerService.java,14494,void com.android.server.am.ActivityManagerService.serviceDoneExecuting(android.os.IBinder, int, int, int),-,14450,int com.android.server.am.ActivityManagerService.bindIsolatedService(android.app.IApplicationThread, android.os.IBinder, android.content.Intent, java.lang.String, android.app.IServiceConnection, int, java.lang.String, java.lang.String, int),1]
10-11 11:22:47.738 I/dvm_lock_sample( 1594): [system_server,1,android.ui,7,ActivityManagerService.java,3378,void com.android.server.am.ActivityManagerService.dispatchUidsChanged(),-,14463,boolean com.android.server.am.ActivityManagerService.unbindService(android.app.IServiceConnection),1]
10-11 11:22:58.078 I/dvm_lock_sample( 1594): [system_server,0,miui.fg,8,ActivityManagerService.java,5955,boolean com.android.server.am.ActivityManagerService.isAppBad(android.content.pm.ApplicationInfo),ProcessRecord.java,1358,void com.android.server.am.ProcessRecord.updateProcessInfo(boolean, boolean, boolean),1]
10-11 11:22:58.146 I/dvm_lock_sample( 1594): [system_server,0,Binder:1594_1F,12,ActivityManagerService.java,14494,void com.android.server.am.ActivityManagerService.serviceDoneExecuting(android.os.IBinder, int, int, int),-,14450,int com.android.server.am.ActivityManagerService.bindIsolatedService(android.app.IApplicationThread, android.os.IBinder, android.content.Intent, java.lang.String, android.app.IServiceConnection, int, java.lang.String, java.lang.String, int),2]
10-11 11:26:05.505 I/dvm_lock_sample( 1594): [system_server,1,android.ui,9,ActivityManagerService.java,3378,void com.android.server.am.ActivityManagerService.dispatchUidsChanged(),-,14450,int com.android.server.am.ActivityManagerService.bindIsolatedService(android.app.IApplicationThread, android.os.IBinder, android.content.Intent, java.lang.String, android.app.IServiceConnection, int, java.lang.String, java.lang.String, int),1]
10-11 11:31:46.869 I/dvm_lock_sample( 1594): [system_server,0,Binder:1594_16,10,ActivityManagerService.java,14494,void com.android.server.am.ActivityManagerService.serviceDoneExecuting(android.os.IBinder, int, int, int),-,14463,boolean com.android.server.am.ActivityManagerService.unbindService(android.app.IServiceConnection),2]
10-11 11:34:33.883 I/auditd  ( 1594): type=1400 audit(0.0:91565): avc: denied { getpgid } for comm="ActivityManager" scontext=u:r:system_server:s0 tcontext=u:r:app_zygote:s0:c512,c768 tclass=process permissive=0
10-11 11:34:33.893 I/auditd  ( 1594): type=1400 audit(0.0:91569): avc: denied { getpgid } for comm="ActivityManager" scontext=u:r:system_server:s0 tcontext=u:r:app_zygote:s0:c512,c768 tclass=process permissive=0
10-11 11:46:34.985 I/dvm_lock_sample( 1594): [system_server,0,Binder:1594_6,6,ActivityManagerService.java,14494,void com.android.server.am.ActivityManagerService.serviceDoneExecuting(android.os.IBinder, int, int, int),-,14463,boolean com.android.server.am.ActivityManagerService.unbindService(android.app.IServiceConnection),1]
10-11 11:51:28.548 I/dvm_lock_sample( 1594): [system_server,1,Binder:1594_4,5,ActivityManagerService.java,14450,int com.android.server.am.ActivityManagerService.bindIsolatedService(android.app.IApplicationThread, android.os.IBinder, android.content.Intent, java.lang.String, android.app.IServiceConnection, int, java.lang.String, java.lang.String, int),-,14463,boolean com.android.server.am.ActivityManagerService.unbindService(android.app.IServiceConnection),1]
10-11 11:51:28.574 I/dvm_lock_sample( 1594): [system_server,1,Binder:1594_D,13,ActivityManagerService.java,14450,int com.android.server.am.ActivityManagerService.bindIsolatedService(android.app.IApplicationThread, android.os.IBinder, android.content.Intent, java.lang.String, android.app.IServiceConnection, int, java.lang.String, java.lang.String, int),-,14450,int com.android.server.am.ActivityManagerService.bindIsolatedService(android.app.IApplicationThread, android.os.IBinder, android.content.Intent, java.lang.String, android.app.IServiceConnection, int, java.lang.String, java.lang.String, int),2]
10-11 11:51:28.599 I/dvm_lock_sample( 1594): [system_server,1,Binder:1594_10,30,ActivityManagerService.java,5955,boolean com.android.server.am.ActivityManagerService.isAppBad(android.content.pm.ApplicationInfo),-,14450,int com.android.server.am.ActivityManagerService.bindIsolatedService(android.app.IApplicationThread, android.os.IBinder, android.content.Intent, java.lang.String, android.app.IServiceConnection, int, java.lang.String, java.lang.String, int),6]
10-11 11:53:14.155 I/dvm_lock_sample( 1594): [system_server,0,android.bg,9,ActivityManagerService.java,1964,void com.android.server.am.ActivityManagerService$5.handleMessage(android.os.Message),-,14450,int com.android.server.am.ActivityManagerService.bindIsolatedService(android.app.IApplicationThread, android.os.IBinder, android.content.Intent, java.lang.String, android.app.IServiceConnection, int, java.lang.String, java.lang.String, int),1]
10-11 11:53:19.346 I/dvm_lock_sample( 1594): [system_server,1,android.ui,8,ActivityManagerService.java,3378,void com.android.server.am.ActivityManagerService.dispatchUidsChanged(),-,14463,boolean com.android.server.am.ActivityManagerService.unbindService(android.app.IServiceConnection),1]
10-11 12:16:16.384 I/dvm_lock_sample( 1594): [system_server,1,Binder:1594_14,18,ActivityManagerService.java,8605,boolean com.android.server.am.ActivityManagerService.isUidActive(int, java.lang.String),-,14450,int com.android.server.am.ActivityManagerService.bindIsolatedService(android.app.IApplicationThread, android.os.IBinder, android.content.Intent, java.lang.String, android.app.IServiceConnection, int, java.lang.String, java.lang.String, int),3]
10-11 12:16:28.369 I/dvm_lock_sample( 1594): [system_server,1,ActivityManager,10,ActivityManagerService.java,17200,void com.android.server.am.ActivityManagerService$ProcStatsRunnable.run(),-,14463,boolean com.android.server.am.ActivityManagerService.unbindService(android.app.IServiceConnection),2]
10-11 12:16:28.383 I/dvm_lock_sample( 1594): [system_server,0,Binder:1594_14,37,ActivityManagerService.java,14494,void com.android.server.am.ActivityManagerService.serviceDoneExecuting(android.os.IBinder, int, int, int),-,14463,boolean com.android.server.am.ActivityManagerService.unbindService(android.app.IServiceConnection),7]
10-11 12:19:17.789 I/sysui_multi_action( 1594): [757,147,758,4,759,1,806,com.idealinspecao.perueiroapp]
10-11 12:19:19.069 I/am_create_activity( 1594): [0,231204692,1231,com.idealinspecao.perueiroapp/.MainActivity,NULL,NULL,NULL,268435456]
10-11 12:19:19.097 I/dvm_lock_sample( 1594): [system_server,1,Binder:1594_1C,153,ActivityManagerService.java,6752,java.lang.String com.android.server.am.ActivityManagerService.checkContentProviderAccess(java.lang.String, int),-,14494,void com.android.server.am.ActivityManagerService.serviceDoneExecuting(android.os.IBinder, int, int, int),30]
10-11 12:19:19.098 I/dvm_lock_sample( 1594): [system_server,1,Binder:1594_10,178,ActivityManagerService.java,6978,android.app.ContentProviderHolder com.android.server.am.ActivityManagerService.getContentProviderImpl(android.app.IApplicationThread, java.lang.String, android.os.IBinder, int, java.lang.String, java.lang.String, boolean, int),-,14494,void com.android.server.am.ActivityManagerService.serviceDoneExecuting(android.os.IBinder, int, int, int),35]
10-11 12:19:19.107 I/dvm_lock_sample( 1594): [system_server,1,Binder:1594_13,151,ActivityManagerService.java,14474,void com.android.server.am.ActivityManagerService.publishService(android.os.IBinder, android.content.Intent, android.os.IBinder),-,14494,void com.android.server.am.ActivityManagerService.serviceDoneExecuting(android.os.IBinder, int, int, int),30]
10-11 12:19:19.108 I/dvm_lock_sample( 1594): [system_server,1,Binder:1594_F,141,ActivityManagerService.java,14791,android.content.Intent com.android.server.am.ActivityManagerService.registerReceiver(android.app.IApplicationThread, java.lang.String, android.content.IIntentReceiver, android.content.IntentFilter, java.lang.String, int, int),-,14494,void com.android.server.am.ActivityManagerService.serviceDoneExecuting(android.os.IBinder, int, int, int),28]
10-11 12:19:19.135 I/dvm_lock_sample( 1594): [system_server,1,Binder:1594_14,27,ActivityManagerService.java,14875,android.content.Intent com.android.server.am.ActivityManagerService.registerReceiver(android.app.IApplicationThread, java.lang.String, android.content.IIntentReceiver, android.content.IntentFilter, java.lang.String, int, int),-,14474,void com.android.server.am.ActivityManagerService.publishService(android.os.IBinder, android.content.Intent, android.os.IBinder),5]
10-11 12:19:19.230 I/am_proc_start( 1594): [0,27831,11367,com.idealinspecao.perueiroapp,activity,{com.idealinspecao.perueiroapp/com.idealinspecao.perueiroapp.MainActivity}]
10-11 12:19:19.386 I/am_proc_bound( 1594): [0,27831,com.idealinspecao.perueiroapp]
10-11 12:19:19.397 I/am_restart_activity( 1594): [0,231204692,1231,com.idealinspecao.perueiroapp/.MainActivity,27831]
10-11 12:19:19.398 I/am_set_resumed_activity( 1594): [0,com.idealinspecao.perueiroapp/.MainActivity,minimalResumeActivityLocked]
10-11 12:19:20.435 I/notification_cancel_all( 1594): [1000,1594,com.idealinspecao.perueiroapp,0,0,0,5,NULL]
10-11 12:19:20.546 I/notification_cancel_all( 1594): [1000,1594,com.idealinspecao.perueiroapp,0,0,0,5,NULL]
10-11 12:19:24.280 I/am_lifecycle_sample(27831): [0,com.idealinspecao.perueiroapp,110,4855]
10-11 12:19:24.509 I/am_on_create_called(27831): [0,com.idealinspecao.perueiroapp.MainActivity,performCreate,106]
10-11 12:19:24.523 I/am_on_start_called(27831): [0,com.idealinspecao.perueiroapp.MainActivity,handleStartActivity,0]
10-11 12:19:24.529 I/am_on_resume_called(27831): [0,com.idealinspecao.perueiroapp.MainActivity,RESUME_ACTIVITY,4]
10-11 12:19:24.590 I/am_on_top_resumed_gained_called(27831): [0,com.idealinspecao.perueiroapp.MainActivity,topStateChangedWhenResumed]
10-11 12:19:26.362 I/sysui_multi_action( 1594): [319,588,321,572,322,7481,325,556629,757,761,758,7,759,1,806,com.idealinspecao.perueiroapp,871,com.idealinspecao.perueiroapp.MainActivity,904,com.android.shell,905,0,945,508,1320,12,1321,1]
10-11 12:19:26.367 I/am_activity_launch_time( 1594): [0,231204692,com.idealinspecao.perueiroapp/.MainActivity,7481]
10-11 12:19:30.891 I/am_pss  ( 1594): [27831,11367,com.idealinspecao.perueiroapp,131864576,122384384,180224,214282240,0,2,15]
10-11 12:19:41.577 I/am_pss  ( 1594): [27831,11367,com.idealinspecao.perueiroapp,128693248,119083008,176128,211476480,0,2,14]
10-11 12:20:44.087 I/am_pss  ( 1594): [27831,11367,com.idealinspecao.perueiroapp,125864960,117170176,177152,210821120,0,2,14]
10-11 12:21:26.257 I/dvm_lock_sample( 1594): [system_server,1,Binder:1594_8,5,ActivityManagerService.java,14791,android.content.Intent com.android.server.am.ActivityManagerService.registerReceiver(android.app.IApplicationThread, java.lang.String, android.content.IIntentReceiver, android.content.IntentFilter, java.lang.String, int, int),-,14494,void com.android.server.am.ActivityManagerService.serviceDoneExecuting(android.os.IBinder, int, int, int),1]
10-11 12:22:19.250 I/am_pss  ( 1594): [27831,11367,com.idealinspecao.perueiroapp,120778752,112742400,171008,206475264,0,2,18]
10-11 12:24:44.929 I/am_pss  ( 1594): [27831,11367,com.idealinspecao.perueiroapp,120596480,113848320,182272,204038144,0,2,15]
10-11 12:25:36.858 I/am_on_top_resumed_lost_called(27831): [0,com.idealinspecao.perueiroapp.MainActivity,topStateChangedWhenResumed]
10-11 12:25:36.864 I/am_pause_activity( 1594): [27831,231204692,com.idealinspecao.perueiroapp/.MainActivity,userLeaving=true]
10-11 12:25:36.867 I/am_add_to_stopping( 1594): [0,231204692,com.idealinspecao.perueiroapp/.MainActivity,makeInvisible]
10-11 12:25:36.875 I/am_on_paused_called(27831): [0,com.idealinspecao.perueiroapp.MainActivity,performPause,0]
10-11 12:25:37.305 I/am_stop_activity( 1594): [0,231204692,com.idealinspecao.perueiroapp/.MainActivity]
10-11 12:25:37.349 I/am_on_stop_called(27831): [0,com.idealinspecao.perueiroapp.MainActivity,STOP_ACTIVITY_ITEM,0]
10-11 12:25:37.950 I/sysui_multi_action( 2131): [757,289,758,4,806,ComponentInfo{com.idealinspecao.perueiroapp/com.idealinspecao.perueiroapp.MainActivity}]
10-11 12:25:37.952 I/am_finish_activity( 1594): [27831,231204692,1231,com.idealinspecao.perueiroapp/.MainActivity,remove-task]
10-11 12:25:37.953 I/am_destroy_activity( 1594): [27831,231204692,1231,com.idealinspecao.perueiroapp/.MainActivity,finish-imm:finishActivityLocked]
10-11 12:25:37.970 I/am_kill ( 1594): [0,27831,com.idealinspecao.perueiroapp,905,SwipeUpClean]
10-11 12:25:38.075 I/am_proc_died( 1594): [0,27831,com.idealinspecao.perueiroapp,905,20]
10-11 12:27:04.906 I/dvm_lock_sample( 1594): [system_server,1,Binder:1594_18,12,ActivityManagerService.java,14791,android.content.Intent com.android.server.am.ActivityManagerService.registerReceiver(android.app.IApplicationThread, java.lang.String, android.content.IIntentReceiver, android.content.IntentFilter, java.lang.String, int, int),-,14450,int com.android.server.am.ActivityManagerService.bindIsolatedService(android.app.IApplicationThread, android.os.IBinder, android.content.Intent, java.lang.String, android.app.IServiceConnection, int, java.lang.String, java.lang.String, int),2]
10-11 12:27:05.747 I/notification_cancel_all( 1594): [1000,1594,com.idealinspecao.perueiroapp,0,0,0,5,NULL]
10-11 12:27:05.855 I/am_wtf  ( 1594): [0,1594,system_server,-1,PasspointManager,No app ops listener found for com.idealinspecao.perueiroapp]
10-11 12:27:07.440 I/dvm_lock_sample( 1594): [system_server,1,Binder:1594_10,6,ActivityManagerService.java,14450,int com.android.server.am.ActivityManagerService.bindIsolatedService(android.app.IApplicationThread, android.os.IBinder, android.content.Intent, java.lang.String, android.app.IServiceConnection, int, java.lang.String, java.lang.String, int),-,1537,void com.android.server.am.ActivityManagerService$AppDeathRecipient.binderDied(),1]
10-11 12:27:10.892 I/dvm_lock_sample( 1594): [system_server,1,ActivityManager,16,BroadcastQueue.java,984,void com.android.server.am.BroadcastQueue.processNextBroadcast(boolean, boolean),ActivityManagerService.java,16095,void com.android.server.am.ActivityManagerService.finishReceiver(android.os.IBinder, int, java.lang.String, android.os.Bundle, boolean, int),3]
10-11 12:29:05.760 I/dvm_lock_sample( 1594): [system_server,1,ActivityManager,13,BroadcastQueue.java,984,void com.android.server.am.BroadcastQueue.processNextBroadcast(boolean, boolean),ActivityManagerService.java,14285,android.content.ComponentName com.android.server.am.ActivityManagerService.startService(android.app.IApplicationThread, android.content.Intent, java.lang.String, boolean, java.lang.String, int),2]
10-11 12:29:05.777 I/dvm_lock_sample( 1594): [system_server,0,PackageManager,50,ActivityManagerService.java,15989,int com.android.server.am.ActivityManagerService.broadcastIntent(android.app.IApplicationThread, android.content.Intent, java.lang.String, android.content.IIntentReceiver, int, java.lang.String, android.os.Bundle, java.lang.String[], int, android.os.Bundle, boolean, boolean, int),BroadcastQueue.java,984,void com.android.server.am.BroadcastQueue.processNextBroadcast(boolean, boolean),10]
10-11 12:29:05.856 I/sysui_multi_action( 1594): [757,147,758,4,759,1,806,com.idealinspecao.perueiroapp]
10-11 12:29:05.931 I/notification_cancel_all( 1594): [1000,1594,com.idealinspecao.perueiroapp,0,0,0,5,NULL]
10-11 12:29:06.024 I/dvm_lock_sample( 1594): [system_server,1,Binder:1594_18,28,ActivityManagerService.java,5395,void com.android.server.am.ActivityManagerService.attachApplication(android.app.IApplicationThread, long),-,5395,void com.android.server.am.ActivityManagerService.attachApplication(android.app.IApplicationThread, long),5]
10-11 12:29:06.804 I/am_create_activity( 1594): [0,239650311,1233,com.idealinspecao.perueiroapp/.MainActivity,NULL,NULL,NULL,268435456]
10-11 12:29:06.979 I/dvm_lock_sample( 1594): [system_server,1,android.display,83,ActivityManagerService.java,18863,void com.android.server.am.ActivityManagerService$LocalService.startProcess(java.lang.String, android.content.pm.ApplicationInfo, boolean, java.lang.String, android.content.ComponentName, java.lang.String),BroadcastQueue.java,984,void com.android.server.am.BroadcastQueue.processNextBroadcast(boolean, boolean),16]
10-11 12:29:06.988 I/am_proc_start( 1594): [0,30596,11368,com.idealinspecao.perueiroapp,activity,{com.idealinspecao.perueiroapp/com.idealinspecao.perueiroapp.MainActivity}]
10-11 12:29:07.273 I/am_proc_bound( 1594): [0,30596,com.idealinspecao.perueiroapp]
10-11 12:29:07.278 I/am_restart_activity( 1594): [0,239650311,1233,com.idealinspecao.perueiroapp/.MainActivity,30596]
10-11 12:29:07.285 I/am_set_resumed_activity( 1594): [0,com.idealinspecao.perueiroapp/.MainActivity,minimalResumeActivityLocked]
10-11 12:29:07.703 I/dvm_lock_sample( 1594): [system_server,0,Binder:1594_1B,50,ActivityManagerService.java,14494,void com.android.server.am.ActivityManagerService.serviceDoneExecuting(android.os.IBinder, int, int, int),-,5395,void com.android.server.am.ActivityManagerService.attachApplication(android.app.IApplicationThread, long),10]
10-11 12:29:07.729 I/dvm_lock_sample( 1594): [system_server,1,Binder:1594_1A,22,ActivityManagerService.java,14474,void com.android.server.am.ActivityManagerService.publishService(android.os.IBinder, android.content.Intent, android.os.IBinder),-,7564,void com.android.server.am.ActivityManagerService.removeContentProvider(android.os.IBinder, boolean),4]
10-11 12:29:08.636 I/dvm_lock_sample( 1594): [system_server,1,Binder:1594_7,36,ActivityManagerService.java,6752,java.lang.String com.android.server.am.ActivityManagerService.checkContentProviderAccess(java.lang.String, int),-,1537,void com.android.server.am.ActivityManagerService$AppDeathRecipient.binderDied(),7]
10-11 12:29:09.102 I/dvm_lock_sample( 1594): [system_server,1,Binder:1594_A,5,ActivityManagerService.java,14875,android.content.Intent com.android.server.am.ActivityManagerService.registerReceiver(android.app.IApplicationThread, java.lang.String, android.content.IIntentReceiver, android.content.IntentFilter, java.lang.String, int, int),-,16095,void com.android.server.am.ActivityManagerService.finishReceiver(android.os.IBinder, int, java.lang.String, android.os.Bundle, boolean, int),1]
10-11 12:29:10.924 I/sysui_multi_action( 1594): [757,147,758,4,759,1,806,com.idealinspecao.perueiroapp]
10-11 12:29:11.173 I/dvm_lock_sample( 1594): [system_server,1,android.ui,42,ActivityManagerService.java,3378,void com.android.server.am.ActivityManagerService.dispatchUidsChanged(),-,1537,void com.android.server.am.ActivityManagerService$AppDeathRecipient.binderDied(),8]
10-11 12:29:12.278 I/am_lifecycle_sample(30596): [0,com.idealinspecao.perueiroapp,110,4957]
10-11 12:29:12.515 I/am_on_create_called(30596): [0,com.idealinspecao.perueiroapp.MainActivity,performCreate,106]
10-11 12:29:12.530 I/am_on_start_called(30596): [0,com.idealinspecao.perueiroapp.MainActivity,handleStartActivity,0]
10-11 12:29:12.534 I/am_on_resume_called(30596): [0,com.idealinspecao.perueiroapp.MainActivity,RESUME_ACTIVITY,1]
10-11 12:29:12.559 I/am_on_top_resumed_gained_called(30596): [0,com.idealinspecao.perueiroapp.MainActivity,topStateChangedWhenResumed]
10-11 12:29:14.377 I/sysui_multi_action( 1594): [319,551,321,140,322,7622,325,557217,757,761,758,7,759,1,806,com.idealinspecao.perueiroapp,871,com.idealinspecao.perueiroapp.MainActivity,904,com.android.shell,905,0,945,520,1320,12,1321,1]
10-11 12:29:14.380 I/am_activity_launch_time( 1594): [0,239650311,com.idealinspecao.perueiroapp/.MainActivity,7622]
10-11 12:29:18.302 I/am_pss  ( 1594): [30596,11368,com.idealinspecao.perueiroapp,130663424,118554624,217088,216141824,0,2,21]
10-11 12:29:32.377 I/am_pss  ( 1594): [30596,11368,com.idealinspecao.perueiroapp,137517056,125231104,217088,223563776,0,2,16]
10-11 12:29:41.834 I/am_on_top_resumed_lost_called(30596): [0,com.idealinspecao.perueiroapp.MainActivity,topStateChangedWhenResumed]
10-11 12:29:41.836 I/am_pause_activity( 1594): [30596,239650311,com.idealinspecao.perueiroapp/.MainActivity,userLeaving=true]
10-11 12:29:41.839 I/am_add_to_stopping( 1594): [0,239650311,com.idealinspecao.perueiroapp/.MainActivity,makeInvisible]
10-11 12:29:41.848 I/am_on_paused_called(30596): [0,com.idealinspecao.perueiroapp.MainActivity,performPause,1]
10-11 12:29:42.264 I/am_stop_activity( 1594): [0,239650311,com.idealinspecao.perueiroapp/.MainActivity]
10-11 12:29:42.334 I/am_on_stop_called(30596): [0,com.idealinspecao.perueiroapp.MainActivity,STOP_ACTIVITY_ITEM,0]
10-11 12:29:42.877 I/sysui_multi_action( 2131): [757,289,758,4,806,ComponentInfo{com.idealinspecao.perueiroapp/com.idealinspecao.perueiroapp.MainActivity}]
10-11 12:29:42.879 I/am_finish_activity( 1594): [30596,239650311,1233,com.idealinspecao.perueiroapp/.MainActivity,remove-task]
10-11 12:29:42.880 I/am_destroy_activity( 1594): [30596,239650311,1233,com.idealinspecao.perueiroapp/.MainActivity,finish-imm:finishActivityLocked]
10-11 12:29:42.896 I/am_kill ( 1594): [0,30596,com.idealinspecao.perueiroapp,905,SwipeUpClean]
10-11 12:29:42.985 I/am_proc_died( 1594): [0,30596,com.idealinspecao.perueiroapp,905,20]
10-11 12:32:01.893 I/dvm_lock_sample( 1594): [system_server,0,miui.fg,5,ActivityManagerService.java,5955,boolean com.android.server.am.ActivityManagerService.isAppBad(android.content.pm.ApplicationInfo),-,14285,android.content.ComponentName com.android.server.am.ActivityManagerService.startService(android.app.IApplicationThread, android.content.Intent, java.lang.String, boolean, java.lang.String, int),1]
10-11 12:33:48.865 I/dvm_lock_sample( 1594): [system_server,1,Binder:1594_10,9,ActivityManagerService.java,8605,boolean com.android.server.am.ActivityManagerService.isUidActive(int, java.lang.String),-,14494,void com.android.server.am.ActivityManagerService.serviceDoneExecuting(android.os.IBinder, int, int, int),1]
10-11 12:35:20.432 I/dvm_lock_sample( 1594): [system_server,1,android.ui,8,ActivityManagerService.java,3378,void com.android.server.am.ActivityManagerService.dispatchUidsChanged(),-,14450,int com.android.server.am.ActivityManagerService.bindIsolatedService(android.app.IApplicationThread, android.os.IBinder, android.content.Intent, java.lang.String, android.app.IServiceConnection, int, java.lang.String, java.lang.String, int),1]
10-11 12:46:10.634 I/dvm_lock_sample( 1594): [system_server,1,Binder:1594_1F,7,ActivityManagerService.java,14791,android.content.Intent com.android.server.am.ActivityManagerService.registerReceiver(android.app.IApplicationThread, java.lang.String, android.content.IIntentReceiver, android.content.IntentFilter, java.lang.String, int, int),-,14463,boolean com.android.server.am.ActivityManagerService.unbindService(android.app.IServiceConnection),1]
10-11 12:47:39.968 I/dvm_lock_sample( 1594): [system_server,1,main,6,BroadcastDispatcher.java,186,void com.android.server.am.BroadcastDispatcher$1.broadcastAlarmComplete(int),ActivityManagerService.java,16095,void com.android.server.am.ActivityManagerService.finishReceiver(android.os.IBinder, int, java.lang.String, android.os.Bundle, boolean, int),1]
10-11 13:03:15.183 I/dvm_lock_sample( 1594): [system_server,1,android.ui,21,ActivityManagerService.java,3378,void com.android.server.am.ActivityManagerService.dispatchUidsChanged(),-,5395,void com.android.server.am.ActivityManagerService.attachApplication(android.app.IApplicationThread, long),4]
10-11 13:05:09.232 I/dvm_lock_sample( 1594): [system_server,1,Binder:1594_19,120,ActivityManagerService.java,8605,boolean com.android.server.am.ActivityManagerService.isUidActive(int, java.lang.String),-,16095,void com.android.server.am.ActivityManagerService.finishReceiver(android.os.IBinder, int, java.lang.String, android.os.Bundle, boolean, int),24]
10-11 13:05:09.233 I/dvm_lock_sample( 1594): [system_server,1,Binder:1594_2,113,ActivityManagerService.java,14791,android.content.Intent com.android.server.am.ActivityManagerService.registerReceiver(android.app.IApplicationThread, java.lang.String, android.content.IIntentReceiver, android.content.IntentFilter, java.lang.String, int, int),-,16095,void com.android.server.am.ActivityManagerService.finishReceiver(android.os.IBinder, int, java.lang.String, android.os.Bundle, boolean, int),22]
10-11 13:08:18.659 I/dvm_lock_sample( 1594): [system_server,1,Binder:1594_10,18,ActivityTaskManagerService.java,1746,void com.android.server.wm.ActivityTaskManagerService.activityTopResumedStateLost(),ActivityStarter.java,1313,int com.android.server.wm.ActivityStarter.startActivityMayWait(android.app.IApplicationThread, int, java.lang.String, int, int, android.content.Intent, java.lang.String, android.service.voice.IVoiceInteractionSession, com.android.internal.app.IVoiceInteractor, android.os.IBinder, java.lang.String, int, int, android.app.ProfilerInfo, android.app.WaitResult, android.content.res.Configuration, com.android.server.wm.SafeActivityOptions, boolean, int, com.android.server.wm.TaskRecord, java.lang.String, boolean, com.android.server.am.PendingIntentRecord, boolean),3]
10-11 13:08:18.688 I/dvm_lock_sample( 1594): [system_server,1,Binder:1594_C,64,ActivityManagerService.java,14791,android.content.Intent com.android.server.am.ActivityManagerService.registerReceiver(android.app.IApplicationThread, java.lang.String, android.content.IIntentReceiver, android.content.IntentFilter, java.lang.String, int, int),-,16095,void com.android.server.am.ActivityManagerService.finishReceiver(android.os.IBinder, int, java.lang.String, android.os.Bundle, boolean, int),12]
10-11 13:08:29.778 I/dvm_lock_sample( 1594): [system_server,1,Binder:1594_7,9,ActivityManagerService.java,14791,android.content.Intent com.android.server.am.ActivityManagerService.registerReceiver(android.app.IApplicationThread, java.lang.String, android.content.IIntentReceiver, android.content.IntentFilter, java.lang.String, int, int),-,14450,int com.android.server.am.ActivityManagerService.bindIsolatedService(android.app.IApplicationThread, android.os.IBinder, android.content.Intent, java.lang.String, android.app.IServiceConnection, int, java.lang.String, java.lang.String, int),1]
10-11 13:11:22.687 I/dvm_lock_sample( 1594): [system_server,1,android.anim,7,InputMonitor.java,120,void com.android.server.wm.InputMonitor$1.run(),ActivityTaskManagerService.java,1601,boolean com.android.server.wm.ActivityTaskManagerService.finishActivity(android.os.IBinder, int, android.content.Intent, int),1]
10-11 13:32:19.532 I/dvm_lock_sample( 1594): [system_server,1,Binder:1594_1D,10,WindowProcessUtils.java,405,java.lang.String com.android.server.wm.WindowProcessUtils.getCallerPackageName(com.android.server.wm.ActivityTaskManagerService, android.app.IApplicationThread),WindowManagerService.java,2209,int com.android.server.wm.WindowManagerService.relayoutWindow(com.android.server.wm.Session, android.view.IWindow, int, android.view.WindowManager$LayoutParams, int, int, int, int, long, android.graphics.Rect, android.graphics.Rect, android.graphics.Rect, android.graphics.Rect, android.graphics.Rect, android.graphics.Rect, android.graphics.Rect, android.view.DisplayCutout$ParcelableWrapper, android.util.MergedConfiguration, android.view.SurfaceControl, android.view.InsetsState),2]
10-11 13:34:18.217 I/dvm_lock_sample( 1594): [system_server,1,android.ui,5,ActivityManagerService.java,3378,void com.android.server.am.ActivityManagerService.dispatchUidsChanged(),-,14450,int com.android.server.am.ActivityManagerService.bindIsolatedService(android.app.IApplicationThread, android.os.IBinder, android.content.Intent, java.lang.String, android.app.IServiceConnection, int, java.lang.String, java.lang.String, int),1]
10-11 13:36:18.037 I/dvm_lock_sample( 1594): [system_server,0,Binder:1594_C,26,WindowProcessController.java,522,boolean com.android.server.wm.WindowProcessController.hasActivities(),ActivityTaskManagerService.java,1755,void com.android.server.wm.ActivityTaskManagerService.activityPaused(android.os.IBinder),5]
10-11 13:36:18.038 I/dvm_lock_sample( 1594): [system_server,1,android.display,25,TaskChangeNotificationController.java,282,void com.android.server.wm.TaskChangeNotificationController.forAllRemoteListeners(com.android.server.wm.TaskChangeNotificationController$TaskStackConsumer, android.os.Message),ActivityTaskManagerService.java,1755,void com.android.server.wm.ActivityTaskManagerService.activityPaused(android.os.IBinder),5]
10-11 13:36:18.044 I/dvm_lock_sample( 1594): [system_server,1,Binder:1594_B,34,ActivityManagerService.java,14310,int com.android.server.am.ActivityManagerService.stopService(android.app.IApplicationThread, android.content.Intent, java.lang.String, int),-,16095,void com.android.server.am.ActivityManagerService.finishReceiver(android.os.IBinder, int, java.lang.String, android.os.Bundle, boolean, int),6]
10-11 13:46:25.887 I/dvm_lock_sample( 1594): [system_server,1,ActivityManager:procStart,16,BatteryStatsService.java,348,void com.android.server.am.BatteryStatsService.noteProcessStart(java.lang.String, int),BatteryExternalStatsWorker.java,466,void com.android.server.am.BatteryExternalStatsWorker.updateExternalStatsLocked(java.lang.String, int, boolean, boolean, boolean),3]
10-11 14:10:45.366 I/dvm_lock_sample( 1594): [system_server,0,android.bg,8,ActivityManagerService.java,1964,void com.android.server.am.ActivityManagerService$5.handleMessage(android.os.Message),-,14450,int com.android.server.am.ActivityManagerService.bindIsolatedService(android.app.IApplicationThread, android.os.IBinder, android.content.Intent, java.lang.String, android.app.IServiceConnection, int, java.lang.String, java.lang.String, int),1]
10-11 14:15:12.003 I/dvm_lock_sample( 1594): [system_server,1,Binder:1594_4,30,ActivityManagerService.java,14962,void com.android.server.am.ActivityManagerService.unregisterReceiver(android.content.IIntentReceiver),-,5395,void com.android.server.am.ActivityManagerService.attachApplication(android.app.IApplicationThread, long),6]
10-11 14:16:08.839 I/dvm_lock_sample( 1594): [system_server,1,android.ui,15,ActivityManagerService.java,3378,void com.android.server.am.ActivityManagerService.dispatchUidsChanged(),-,5395,void com.android.server.am.ActivityManagerService.attachApplication(android.app.IApplicationThread, long),3]
10-11 14:16:20.544 I/dvm_lock_sample( 1594): [system_server,1,Binder:1594_1A,10,ActivityManagerService.java,7717,boolean com.android.server.am.ActivityManagerService.refContentProvider(android.os.IBinder, int, int),-,14450,int com.android.server.am.ActivityManagerService.bindIsolatedService(android.app.IApplicationThread, android.os.IBinder, android.content.Intent, java.lang.String, android.app.IServiceConnection, int, java.lang.String, java.lang.String, int),2]
10-11 14:16:20.568 I/dvm_lock_sample( 1594): [system_server,1,Binder:1594_1A,13,ActivityManagerService.java,7717,boolean com.android.server.am.ActivityManagerService.refContentProvider(android.os.IBinder, int, int),-,14791,android.content.Intent com.android.server.am.ActivityManagerService.registerReceiver(android.app.IApplicationThread, java.lang.String, android.content.IIntentReceiver, android.content.IntentFilter, java.lang.String, int, int),2]
10-11 14:19:20.301 I/dvm_lock_sample( 1594): [system_server,1,Binder:1594_15,9,ActivityManagerService.java,14474,void com.android.server.am.ActivityManagerService.publishService(android.os.IBinder, android.content.Intent, android.os.IBinder),-,14450,int com.android.server.am.ActivityManagerService.bindIsolatedService(android.app.IApplicationThread, android.os.IBinder, android.content.Intent, java.lang.String, android.app.IServiceConnection, int, java.lang.String, java.lang.String, int),1]
10-11 14:21:19.172 I/dvm_lock_sample( 1594): [system_server,0,Binder:1594_1D,24,ActivityManagerService.java,14494,void com.android.server.am.ActivityManagerService.serviceDoneExecuting(android.os.IBinder, int, int, int),-,14285,android.content.ComponentName com.android.server.am.ActivityManagerService.startService(android.app.IApplicationThread, android.content.Intent, java.lang.String, boolean, java.lang.String, int),4]
10-11 14:22:37.419 I/dvm_lock_sample( 1594): [system_server,1,Binder:1594_B,16,ActivityManagerService.java,14450,int com.android.server.am.ActivityManagerService.bindIsolatedService(android.app.IApplicationThread, android.os.IBinder, android.content.Intent, java.lang.String, android.app.IServiceConnection, int, java.lang.String, java.lang.String, int),-,14450,int com.android.server.am.ActivityManagerService.bindIsolatedService(android.app.IApplicationThread, android.os.IBinder, android.content.Intent, java.lang.String, android.app.IServiceConnection, int, java.lang.String, java.lang.String, int),3]
10-11 14:28:01.817 I/dvm_lock_sample( 1594): [system_server,1,Binder:1594_3,14,ActivityManagerService.java,5955,boolean com.android.server.am.ActivityManagerService.isAppBad(android.content.pm.ApplicationInfo),-,14450,int com.android.server.am.ActivityManagerService.bindIsolatedService(android.app.IApplicationThread, android.os.IBinder, android.content.Intent, java.lang.String, android.app.IServiceConnection, int, java.lang.String, java.lang.String, int),2]
10-11 14:28:02.269 I/dvm_lock_sample( 1594): [system_server,1,Binder:1594_12,20,ActivityManagerService.java,14450,int com.android.server.am.ActivityManagerService.bindIsolatedService(android.app.IApplicationThread, android.os.IBinder, android.content.Intent, java.lang.String, android.app.IServiceConnection, int, java.lang.String, java.lang.String, int),-,14450,int com.android.server.am.ActivityManagerService.bindIsolatedService(android.app.IApplicationThread, android.os.IBinder, android.content.Intent, java.lang.String, android.app.IServiceConnection, int, java.lang.String, java.lang.String, int),4]
10-11 14:28:02.283 I/dvm_lock_sample( 1594): [system_server,1,Binder:1594_C,5,ActivityManagerService.java,6181,boolean com.android.server.am.ActivityManagerService.isAppStartModeDisabled(int, java.lang.String),-,6752,java.lang.String com.android.server.am.ActivityManagerService.checkContentProviderAccess(java.lang.String, int),1]
10-11 14:28:02.347 I/dvm_lock_sample( 1594): [system_server,1,Binder:1594_17,12,ActivityManagerService.java,5955,boolean com.android.server.am.ActivityManagerService.isAppBad(android.content.pm.ApplicationInfo),-,1537,void com.android.server.am.ActivityManagerService$AppDeathRecipient.binderDied(),2]
10-11 14:39:13.028 I/dvm_lock_sample( 1594): [system_server,0,Binder:1594_F,6,ActivityManagerService.java,14494,void com.android.server.am.ActivityManagerService.serviceDoneExecuting(android.os.IBinder, int, int, int),-,14463,boolean com.android.server.am.ActivityManagerService.unbindService(android.app.IServiceConnection),1]
10-11 15:00:32.584 I/dvm_lock_sample( 1594): [system_server,1,Binder:1594_17,32,ActivityManagerService.java,5395,void com.android.server.am.ActivityManagerService.attachApplication(android.app.IApplicationThread, long),-,1537,void com.android.server.am.ActivityManagerService$AppDeathRecipient.binderDied(),6]
10-11 15:00:32.586 I/dvm_lock_sample( 1594): [system_server,1,Binder:1594_1F,34,ProcessManagerService.java,1704,java.util.List com.android.server.am.ProcessManagerService.getRunningProcessInfo(int, int, java.lang.String, java.lang.String, int),ActivityManagerService.java,14463,boolean com.android.server.am.ActivityManagerService.unbindService(android.app.IServiceConnection),6]
10-11 15:10:20.779 I/dvm_lock_sample( 1594): [system_server,1,Binder:1594_4,13,ActivityManagerService.java,7717,boolean com.android.server.am.ActivityManagerService.refContentProvider(android.os.IBinder, int, int),-,14450,int com.android.server.am.ActivityManagerService.bindIsolatedService(android.app.IApplicationThread, android.os.IBinder, android.content.Intent, java.lang.String, android.app.IServiceConnection, int, java.lang.String, java.lang.String, int),2]
10-11 15:10:20.938 I/dvm_lock_sample( 1594): [system_server,1,Binder:1594_14,12,ActivityManagerService.java,14463,boolean com.android.server.am.ActivityManagerService.unbindService(android.app.IServiceConnection),-,1537,void com.android.server.am.ActivityManagerService$AppDeathRecipient.binderDied(),2]
10-11 15:24:44.870 I/dvm_lock_sample( 1594): [system_server,0,android.bg,6,ActivityManagerService.java,1964,void com.android.server.am.ActivityManagerService$5.handleMessage(android.os.Message),-,16095,void com.android.server.am.ActivityManagerService.finishReceiver(android.os.IBinder, int, java.lang.String, android.os.Bundle, boolean, int),1]
10-11 15:33:11.473 I/dvm_lock_sample( 1594): [system_server,1,android.ui,7,ActivityManagerService.java,3378,void com.android.server.am.ActivityManagerService.dispatchUidsChanged(),-,5395,void com.android.server.am.ActivityManagerService.attachApplication(android.app.IApplicationThread, long),1]
10-11 15:49:05.028 I/dvm_lock_sample( 1594): [system_server,0,Binder:1594_1D,5,ActivityManagerService.java,14494,void com.android.server.am.ActivityManagerService.serviceDoneExecuting(android.os.IBinder, int, int, int),-,14450,int com.android.server.am.ActivityManagerService.bindIsolatedService(android.app.IApplicationThread, android.os.IBinder, android.content.Intent, java.lang.String, android.app.IServiceConnection, int, java.lang.String, java.lang.String, int),1]
10-11 15:56:33.160 I/dvm_lock_sample( 1594): [system_server,1,Binder:1594_18,10,ActivityManagerService.java,14875,android.content.Intent com.android.server.am.ActivityManagerService.registerReceiver(android.app.IApplicationThread, java.lang.String, android.content.IIntentReceiver, android.content.IntentFilter, java.lang.String, int, int),-,1537,void com.android.server.am.ActivityManagerService$AppDeathRecipient.binderDied(),2]
10-11 15:56:33.196 I/dvm_lock_sample( 1594): [system_server,1,android.ui,12,ActivityManagerService.java,3378,void com.android.server.am.ActivityManagerService.dispatchUidsChanged(),-,14463,boolean com.android.server.am.ActivityManagerService.unbindService(android.app.IServiceConnection),2]
10-11 15:56:35.229 I/dvm_lock_sample( 1594): [system_server,1,Binder:1594_10,10,ActivityManagerService.java,14474,void com.android.server.am.ActivityManagerService.publishService(android.os.IBinder, android.content.Intent, android.os.IBinder),-,1537,void com.android.server.am.ActivityManagerService$AppDeathRecipient.binderDied(),2]
10-11 15:56:35.253 I/dvm_lock_sample( 1594): [system_server,1,Binder:1594_19,9,ActivityManagerService.java,14474,void com.android.server.am.ActivityManagerService.publishService(android.os.IBinder, android.content.Intent, android.os.IBinder),-,14450,int com.android.server.am.ActivityManagerService.bindIsolatedService(android.app.IApplicationThread, android.os.IBinder, android.content.Intent, java.lang.String, android.app.IServiceConnection, int, java.lang.String, java.lang.String, int),1]
10-11 15:56:35.310 I/dvm_lock_sample( 1594): [system_server,1,Binder:1594_9,6,ActivityManagerService.java,10031,java.util.List com.android.server.am.ActivityManagerService.getRunningAppProcesses(),-,14450,int com.android.server.am.ActivityManagerService.bindIsolatedService(android.app.IApplicationThread, android.os.IBinder, android.content.Intent, java.lang.String, android.app.IServiceConnection, int, java.lang.String, java.lang.String, int),1]
10-11 15:56:36.597 I/dvm_lock_sample( 1594): [system_server,0,Binder:1594_C,5,ActivityManagerService.java,7564,void com.android.server.am.ActivityManagerService.removeContentProvider(android.os.IBinder, boolean),-,14463,boolean com.android.server.am.ActivityManagerService.unbindService(android.app.IServiceConnection),1]
10-11 16:14:45.027 I/dvm_lock_sample( 1594): [system_server,1,Binder:1594_12,30,ActivityManagerService.java,1537,void com.android.server.am.ActivityManagerService$AppDeathRecipient.binderDied(),-,1537,void com.android.server.am.ActivityManagerService$AppDeathRecipient.binderDied(),6]
10-11 16:16:05.662 I/dvm_lock_sample( 1594): [system_server,0,Binder:1594_18,6,ActivityManagerService.java,14494,void com.android.server.am.ActivityManagerService.serviceDoneExecuting(android.os.IBinder, int, int, int),-,14450,int com.android.server.am.ActivityManagerService.bindIsolatedService(android.app.IApplicationThread, android.os.IBinder, android.content.Intent, java.lang.String, android.app.IServiceConnection, int, java.lang.String, java.lang.String, int),1]
10-11 16:23:12.427 I/dvm_lock_sample( 1594): [system_server,0,miui.fg,5,ActivityManagerService.java,5955,boolean com.android.server.am.ActivityManagerService.isAppBad(android.content.pm.ApplicationInfo),BroadcastQueue.java,984,void com.android.server.am.BroadcastQueue.processNextBroadcast(boolean, boolean),1]
10-11 16:23:13.984 I/dvm_lock_sample( 1594): [system_server,1,Binder:1594_19,18,ActivityManagerService.java,6752,java.lang.String com.android.server.am.ActivityManagerService.checkContentProviderAccess(java.lang.String, int),-,14463,boolean com.android.server.am.ActivityManagerService.unbindService(android.app.IServiceConnection),3]
10-11 16:25:02.210 I/dvm_lock_sample( 1594): [system_server,1,Binder:1594_1B,6,ProcessManagerService.java,1704,java.util.List com.android.server.am.ProcessManagerService.getRunningProcessInfo(int, int, java.lang.String, java.lang.String, int),ActivityManagerService.java,1537,void com.android.server.am.ActivityManagerService$AppDeathRecipient.binderDied(),1]
10-11 16:27:25.620 I/dvm_lock_sample( 1594): [system_server,1,Binder:1594_11,10,ActivityManagerService.java,7717,boolean com.android.server.am.ActivityManagerService.refContentProvider(android.os.IBinder, int, int),-,14450,int com.android.server.am.ActivityManagerService.bindIsolatedService(android.app.IApplicationThread, android.os.IBinder, android.content.Intent, java.lang.String, android.app.IServiceConnection, int, java.lang.String, java.lang.String, int),2]
10-11 16:36:51.648 I/dvm_lock_sample( 1594): [system_server,1,Binder:1594_1C,6,ActivityManagerService.java,18411,boolean com.android.server.am.ActivityManagerService$LocalService.isUidActive(int),-,14463,boolean com.android.server.am.ActivityManagerService.unbindService(android.app.IServiceConnection),1]
10-11 16:44:39.734 I/dvm_lock_sample( 1594): [system_server,0,android.bg,5,ActivityManagerService.java,2012,void com.android.server.am.ActivityManagerService$5.handleMessage(android.os.Message),-,14494,void com.android.server.am.ActivityManagerService.serviceDoneExecuting(android.os.IBinder, int, int, int),1]
10-11 16:46:24.240 I/dvm_lock_sample( 1594): [system_server,1,android.ui,6,ActivityManagerService.java,3272,void com.android.server.am.ActivityManagerService.dispatchProcessesChanged(),ProcessRecord.java,1358,void com.android.server.am.ProcessRecord.updateProcessInfo(boolean, boolean, boolean),1]
10-11 16:46:26.695 I/dvm_lock_sample( 1594): [system_server,1,android.display,25,ActivityManagerService.java,17671,void com.android.server.am.ActivityManagerService.trimApplications(java.lang.String),BroadcastQueue.java,984,void com.android.server.am.BroadcastQueue.processNextBroadcast(boolean, boolean),5]
10-11 16:46:26.939 I/dvm_lock_sample( 1594): [system_server,0,Binder:1594_1F,59,ActivityManagerService.java,14494,void com.android.server.am.ActivityManagerService.serviceDoneExecuting(android.os.IBinder, int, int, int),-,15989,int com.android.server.am.ActivityManagerService.broadcastIntent(android.app.IApplicationThread, android.content.Intent, java.lang.String, android.content.IIntentReceiver, int, java.lang.String, android.os.Bundle, java.lang.String[], int, android.os.Bundle, boolean, boolean, int),11]
10-11 16:46:26.939 I/dvm_lock_sample( 1594): [system_server,1,Binder:1594_1D,47,ActivityManagerService.java,5963,int com.android.server.am.ActivityManagerService.getUidState(int),BroadcastQueue.java,984,void com.android.server.am.BroadcastQueue.processNextBroadcast(boolean, boolean),9]
10-11 16:46:26.943 I/dvm_lock_sample( 1594): [system_server,1,android.ui,47,ActivityManagerService.java,3432,void com.android.server.am.ActivityManagerService.dispatchUidsChanged(),BroadcastQueue.java,984,void com.android.server.am.BroadcastQueue.processNextBroadcast(boolean, boolean),9]
10-11 16:46:26.950 I/dvm_lock_sample( 1594): [system_server,1,Binder:1594_1,47,ActivityManagerService.java,8605,boolean com.android.server.am.ActivityManagerService.isUidActive(int, java.lang.String),BroadcastQueue.java,984,void com.android.server.am.BroadcastQueue.processNextBroadcast(boolean, boolean),9]
10-11 16:46:26.980 I/dvm_lock_sample( 1594): [system_server,0,PackageManager,31,ActivityManagerService.java,15989,int com.android.server.am.ActivityManagerService.broadcastIntent(android.app.IApplicationThread, android.content.Intent, java.lang.String, android.content.IIntentReceiver, int, java.lang.String, android.os.Bundle, java.lang.String[], int, android.os.Bundle, boolean, boolean, int),-,14494,void com.android.server.am.ActivityManagerService.serviceDoneExecuting(android.os.IBinder, int, int, int),6]
10-11 16:46:26.984 I/sysui_multi_action( 1594): [757,147,758,4,759,1,806,com.idealinspecao.perueiroapp]
10-11 16:46:27.640 I/am_create_activity( 1594): [0,114454992,1245,com.idealinspecao.perueiroapp/.MainActivity,NULL,NULL,NULL,268435456]
10-11 16:46:27.785 I/dvm_lock_sample( 1594): [system_server,1,Binder:1594_7,37,ActivityManagerService.java,14285,android.content.ComponentName com.android.server.am.ActivityManagerService.startService(android.app.IApplicationThread, android.content.Intent, java.lang.String, boolean, java.lang.String, int),-,14310,int com.android.server.am.ActivityManagerService.stopService(android.app.IApplicationThread, android.content.Intent, java.lang.String, int),7]
10-11 16:46:27.830 I/am_proc_start( 1594): [0,20767,11368,com.idealinspecao.perueiroapp,activity,{com.idealinspecao.perueiroapp/com.idealinspecao.perueiroapp.MainActivity}]
10-11 16:46:28.033 I/am_proc_bound( 1594): [0,20767,com.idealinspecao.perueiroapp]
10-11 16:46:28.043 I/am_restart_activity( 1594): [0,114454992,1245,com.idealinspecao.perueiroapp/.MainActivity,20767]
10-11 16:46:28.044 I/am_set_resumed_activity( 1594): [0,com.idealinspecao.perueiroapp/.MainActivity,minimalResumeActivityLocked]
