10-17 11:23:36.214 I/dvm_lock_sample( 1594): [system_server,1,Binder:1594_B,15,ActivityManagerService.java,6752,java.lang.String com.android.server.am.ActivityManagerService.checkContentProviderAccess(java.lang.String, int),BroadcastQueue.java,984,void com.android.server.am.BroadcastQueue.processNextBroadcast(boolean, boolean),3]
10-17 11:25:27.146 I/dvm_lock_sample( 1594): [system_server,1,Binder:1594_19,15,ActivityManagerService.java,7717,boolean com.android.server.am.ActivityManagerService.refContentProvider(android.os.IBinder, int, int),-,14450,int com.android.server.am.ActivityManagerService.bindIsolatedService(android.app.IApplicationThread, android.os.IBinder, android.content.Intent, java.lang.String, android.app.IServiceConnection, int, java.lang.String, java.lang.String, int),3]
10-17 11:25:37.240 I/dvm_lock_sample( 1594): [system_server,1,Binder:1594_D,6,ActivityManagerService.java,6978,android.app.ContentProviderHolder com.android.server.am.ActivityManagerService.getContentProviderImpl(android.app.IApplicationThread, java.lang.String, android.os.IBinder, int, java.lang.String, java.lang.String, boolean, int),-,14463,boolean com.android.server.am.ActivityManagerService.unbindService(android.app.IServiceConnection),1]
10-17 11:27:30.155 I/dvm_lock_sample( 1594): [system_server,1,Binder:1594_F,6,ActivityManagerService.java,8605,boolean com.android.server.am.ActivityManagerService.isUidActive(int, java.lang.String),-,16095,void com.android.server.am.ActivityManagerService.finishReceiver(android.os.IBinder, int, java.lang.String, android.os.Bundle, boolean, int),1]
10-17 11:28:10.520 I/dvm_lock_sample( 1594): [system_server,1,Binder:1594_C,10,ActivityManagerService.java,14450,int com.android.server.am.ActivityManagerService.bindIsolatedService(android.app.IApplicationThread, android.os.IBinder, android.content.Intent, java.lang.String, android.app.IServiceConnection, int, java.lang.String, java.lang.String, int),-,14450,int com.android.server.am.ActivityManagerService.bindIsolatedService(android.app.IApplicationThread, android.os.IBinder, android.content.Intent, java.lang.String, android.app.IServiceConnection, int, java.lang.String, java.lang.String, int),2]
10-17 11:28:11.984 I/dvm_lock_sample( 1594): [system_server,0,Binder:1594_20,5,ActivityManagerService.java,14494,void com.android.server.am.ActivityManagerService.serviceDoneExecuting(android.os.IBinder, int, int, int),-,14463,boolean com.android.server.am.ActivityManagerService.unbindService(android.app.IServiceConnection),1]
10-17 11:28:25.657 I/dvm_lock_sample( 1594): [system_server,1,Binder:1594_1C,22,ActivityManagerService.java,8605,boolean com.android.server.am.ActivityManagerService.isUidActive(int, java.lang.String),-,14494,void com.android.server.am.ActivityManagerService.serviceDoneExecuting(android.os.IBinder, int, int, int),4]
10-17 11:28:25.662 I/dvm_lock_sample( 1594): [system_server,0,Binder:1594_8,10,ActivityManagerService.java,14494,void com.android.server.am.ActivityManagerService.serviceDoneExecuting(android.os.IBinder, int, int, int),-,14463,boolean com.android.server.am.ActivityManagerService.unbindService(android.app.IServiceConnection),2]
10-17 11:29:55.665 I/dvm_lock_sample( 1594): [system_server,1,Binder:1594_20,8,ActivityManagerService.java,7717,boolean com.android.server.am.ActivityManagerService.refContentProvider(android.os.IBinder, int, int),-,16095,void com.android.server.am.ActivityManagerService.finishReceiver(android.os.IBinder, int, java.lang.String, android.os.Bundle, boolean, int),1]
10-17 11:30:48.738 I/dvm_lock_sample( 1594): [system_server,1,android.anim,42,InputMonitor.java,120,void com.android.server.wm.InputMonitor$1.run(),ActivityTaskManagerService.java,1536,int com.android.server.wm.ActivityTaskManagerService.startActivityFromRecents(int, android.os.Bundle),8]
10-17 11:30:48.971 I/dvm_lock_sample( 1594): [system_server,1,Binder:1594_13,10,ActivityManagerService.java,7717,boolean com.android.server.am.ActivityManagerService.refContentProvider(android.os.IBinder, int, int),-,14450,int com.android.server.am.ActivityManagerService.bindIsolatedService(android.app.IApplicationThread, android.os.IBinder, android.content.Intent, java.lang.String, android.app.IServiceConnection, int, java.lang.String, java.lang.String, int),2]
10-17 11:31:05.011 I/dvm_lock_sample( 1594): [system_server,1,Binder:1594_B,40,ActivityManagerService.java,7717,boolean com.android.server.am.ActivityManagerService.refContentProvider(android.os.IBinder, int, int),-,1537,void com.android.server.am.ActivityManagerService$AppDeathRecipient.binderDied(),8]
10-17 11:31:24.142 I/dvm_lock_sample( 1594): [system_server,1,android.ui,6,ActivityManagerService.java,3378,void com.android.server.am.ActivityManagerService.dispatchUidsChanged(),BroadcastQueue.java,984,void com.android.server.am.BroadcastQueue.processNextBroadcast(boolean, boolean),1]
10-17 11:31:53.949 I/dvm_lock_sample( 1594): [system_server,1,Binder:1594_F,8,ActivityTaskManagerService.java,4726,int com.android.server.wm.ActivityTaskManagerService.getLastResumedActivityUserId(),WindowSurfacePlacer.java,61,void com.android.server.wm.WindowSurfacePlacer.lambda$new$0$WindowSurfacePlacer(),1]
10-17 11:49:42.596 I/dvm_lock_sample( 1594): [system_server,1,Binder:1594_9,16,ActivityManagerService.java,7717,boolean com.android.server.am.ActivityManagerService.refContentProvider(android.os.IBinder, int, int),-,14474,void com.android.server.am.ActivityManagerService.publishService(android.os.IBinder, android.content.Intent, android.os.IBinder),3]
10-17 11:49:45.031 I/dvm_lock_sample( 1594): [system_server,1,Binder:1594_10,17,ActivityManagerService.java,6752,java.lang.String com.android.server.am.ActivityManagerService.checkContentProviderAccess(java.lang.String, int),-,1537,void com.android.server.am.ActivityManagerService$AppDeathRecipient.binderDied(),3]
10-17 11:51:13.800 I/dvm_lock_sample( 1594): [system_server,0,Binder:1594_1C,12,ActivityManagerService.java,14494,void com.android.server.am.ActivityManagerService.serviceDoneExecuting(android.os.IBinder, int, int, int),-,14463,boolean com.android.server.am.ActivityManagerService.unbindService(android.app.IServiceConnection),2]
10-17 11:51:16.830 I/dvm_lock_sample( 1594): [system_server,1,main,5,ActivityManagerService.java,5955,boolean com.android.server.am.ActivityManagerService.isAppBad(android.content.pm.ApplicationInfo),-,14494,void com.android.server.am.ActivityManagerService.serviceDoneExecuting(android.os.IBinder, int, int, int),1]
10-17 12:17:16.404 I/dvm_lock_sample( 1594): [system_server,1,android.ui,18,ActivityManagerService.java,3378,void com.android.server.am.ActivityManagerService.dispatchUidsChanged(),-,14450,int com.android.server.am.ActivityManagerService.bindIsolatedService(android.app.IApplicationThread, android.os.IBinder, android.content.Intent, java.lang.String, android.app.IServiceConnection, int, java.lang.String, java.lang.String, int),3]
10-17 12:20:28.936 I/dvm_lock_sample( 1594): [system_server,1,Binder:1594_7,5,ActivityManagerService.java,14450,int com.android.server.am.ActivityManagerService.bindIsolatedService(android.app.IApplicationThread, android.os.IBinder, android.content.Intent, java.lang.String, android.app.IServiceConnection, int, java.lang.String, java.lang.String, int),-,14285,android.content.ComponentName com.android.server.am.ActivityManagerService.startService(android.app.IApplicationThread, android.content.Intent, java.lang.String, boolean, java.lang.String, int),1]
10-17 12:25:19.926 I/dvm_lock_sample( 1594): [system_server,1,main,10,BroadcastDispatcher.java,186,void com.android.server.am.BroadcastDispatcher$1.broadcastAlarmComplete(int),ActivityManagerService.java,16095,void com.android.server.am.ActivityManagerService.finishReceiver(android.os.IBinder, int, java.lang.String, android.os.Bundle, boolean, int),2]
10-17 12:28:01.518 I/dvm_lock_sample( 1594): [system_server,1,Binder:1594_20,6,ActivityManagerService.java,8605,boolean com.android.server.am.ActivityManagerService.isUidActive(int, java.lang.String),-,16095,void com.android.server.am.ActivityManagerService.finishReceiver(android.os.IBinder, int, java.lang.String, android.os.Bundle, boolean, int),1]
10-17 12:28:40.027 I/dvm_lock_sample( 1594): [system_server,1,main,5,BroadcastDispatcher.java,186,void com.android.server.am.BroadcastDispatcher$1.broadcastAlarmComplete(int),ActivityManagerService.java,16095,void com.android.server.am.ActivityManagerService.finishReceiver(android.os.IBinder, int, java.lang.String, android.os.Bundle, boolean, int),1]
10-17 12:28:40.360 I/dvm_lock_sample( 1594): [system_server,0,Binder:1594_6,5,ActivityManagerService.java,14494,void com.android.server.am.ActivityManagerService.serviceDoneExecuting(android.os.IBinder, int, int, int),-,14463,boolean com.android.server.am.ActivityManagerService.unbindService(android.app.IServiceConnection),1]
10-17 12:44:44.867 I/dvm_lock_sample( 1594): [system_server,1,main,8,BroadcastDispatcher.java,186,void com.android.server.am.BroadcastDispatcher$1.broadcastAlarmComplete(int),ActivityManagerService.java,16095,void com.android.server.am.ActivityManagerService.finishReceiver(android.os.IBinder, int, java.lang.String, android.os.Bundle, boolean, int),1]
10-17 12:53:46.207 I/dvm_lock_sample( 1594): [system_server,1,Binder:1594_1,39,ActivityManagerService.java,14791,android.content.Intent com.android.server.am.ActivityManagerService.registerReceiver(android.app.IApplicationThread, java.lang.String, android.content.IIntentReceiver, android.content.IntentFilter, java.lang.String, int, int),-,16095,void com.android.server.am.ActivityManagerService.finishReceiver(android.os.IBinder, int, java.lang.String, android.os.Bundle, boolean, int),7]
10-17 12:53:46.465 I/dvm_lock_sample( 1594): [system_server,0,Binder:1594_1,11,ActivityManagerService.java,14494,void com.android.server.am.ActivityManagerService.serviceDoneExecuting(android.os.IBinder, int, int, int),-,14285,android.content.ComponentName com.android.server.am.ActivityManagerService.startService(android.app.IApplicationThread, android.content.Intent, java.lang.String, boolean, java.lang.String, int),2]
10-17 12:53:59.697 I/dvm_lock_sample( 1594): [system_server,1,Binder:1594_5,54,ActivityManagerService.java,14791,android.content.Intent com.android.server.am.ActivityManagerService.registerReceiver(android.app.IApplicationThread, java.lang.String, android.content.IIntentReceiver, android.content.IntentFilter, java.lang.String, int, int),-,16095,void com.android.server.am.ActivityManagerService.finishReceiver(android.os.IBinder, int, java.lang.String, android.os.Bundle, boolean, int),10]
10-17 12:54:00.008 I/dvm_lock_sample( 1594): [system_server,1,Binder:1594_8,61,ActivityManagerService.java,14450,int com.android.server.am.ActivityManagerService.bindIsolatedService(android.app.IApplicationThread, android.os.IBinder, android.content.Intent, java.lang.String, android.app.IServiceConnection, int, java.lang.String, java.lang.String, int),-,16095,void com.android.server.am.ActivityManagerService.finishReceiver(android.os.IBinder, int, java.lang.String, android.os.Bundle, boolean, int),12]
10-17 12:54:00.029 I/dvm_lock_sample( 1594): [system_server,0,AlarmManager,21,ActivityManagerService.java,6181,boolean com.android.server.am.ActivityManagerService.isAppStartModeDisabled(int, java.lang.String),-,16095,void com.android.server.am.ActivityManagerService.finishReceiver(android.os.IBinder, int, java.lang.String, android.os.Bundle, boolean, int),4]
10-17 12:54:09.478 I/dvm_lock_sample( 1594): [system_server,1,Binder:1594_1F,5,ActivityManagerService.java,14450,int com.android.server.am.ActivityManagerService.bindIsolatedService(android.app.IApplicationThread, android.os.IBinder, android.content.Intent, java.lang.String, android.app.IServiceConnection, int, java.lang.String, java.lang.String, int),-,14463,boolean com.android.server.am.ActivityManagerService.unbindService(android.app.IServiceConnection),1]
10-17 12:54:11.358 I/dvm_lock_sample( 1594): [system_server,1,Binder:1594_15,12,ActivityManagerService.java,6752,java.lang.String com.android.server.am.ActivityManagerService.checkContentProviderAccess(java.lang.String, int),-,14450,int com.android.server.am.ActivityManagerService.bindIsolatedService(android.app.IApplicationThread, android.os.IBinder, android.content.Intent, java.lang.String, android.app.IServiceConnection, int, java.lang.String, java.lang.String, int),2]
10-17 12:54:11.623 I/dvm_lock_sample( 1594): [system_server,1,Binder:1594_15,8,ActivityManagerService.java,14791,android.content.Intent com.android.server.am.ActivityManagerService.registerReceiver(android.app.IApplicationThread, java.lang.String, android.content.IIntentReceiver, android.content.IntentFilter, java.lang.String, int, int),-,16095,void com.android.server.am.ActivityManagerService.finishReceiver(android.os.IBinder, int, java.lang.String, android.os.Bundle, boolean, int),1]
10-17 12:54:11.806 I/dvm_lock_sample( 1594): [system_server,1,Binder:1594_1B,21,ActivityManagerService.java,6978,android.app.ContentProviderHolder com.android.server.am.ActivityManagerService.getContentProviderImpl(android.app.IApplicationThread, java.lang.String, android.os.IBinder, int, java.lang.String, java.lang.String, boolean, int),-,5395,void com.android.server.am.ActivityManagerService.attachApplication(android.app.IApplicationThread, long),4]
10-17 12:54:11.918 I/dvm_lock_sample( 1594): [system_server,1,Binder:1594_19,30,ActivityManagerService.java,14310,int com.android.server.am.ActivityManagerService.stopService(android.app.IApplicationThread, android.content.Intent, java.lang.String, int),-,14249,java.util.List com.android.server.am.ActivityManagerService.getServices(int, int),6]
10-17 12:54:12.010 I/dvm_lock_sample( 1594): [system_server,1,main,50,ActivityManagerService.java,16095,void com.android.server.am.ActivityManagerService.finishReceiver(android.os.IBinder, int, java.lang.String, android.os.Bundle, boolean, int),-,14450,int com.android.server.am.ActivityManagerService.bindIsolatedService(android.app.IApplicationThread, android.os.IBinder, android.content.Intent, java.lang.String, android.app.IServiceConnection, int, java.lang.String, java.lang.String, int),10]
10-17 12:54:12.818 I/dvm_lock_sample( 1594): [system_server,0,Binder:1594_A,18,ActivityManagerService.java,16095,void com.android.server.am.ActivityManagerService.finishReceiver(android.os.IBinder, int, java.lang.String, android.os.Bundle, boolean, int),-,14335,boolean com.android.server.am.ActivityManagerService.stopServiceToken(android.content.ComponentName, android.os.IBinder, int),3]
10-17 12:54:48.284 I/dvm_lock_sample( 1594): [system_server,1,Binder:1594_3,10,ActivityManagerService.java,14343,void com.android.server.am.ActivityManagerService.setServiceForeground(android.content.ComponentName, android.os.IBinder, int, android.app.Notification, int, int),-,14335,boolean com.android.server.am.ActivityManagerService.stopServiceToken(android.content.ComponentName, android.os.IBinder, int),2]
10-17 12:55:00.669 I/dvm_lock_sample( 1594): [system_server,1,Binder:1594_3,12,ActivityManagerService.java,14791,android.content.Intent com.android.server.am.ActivityManagerService.registerReceiver(android.app.IApplicationThread, java.lang.String, android.content.IIntentReceiver, android.content.IntentFilter, java.lang.String, int, int),-,5395,void com.android.server.am.ActivityManagerService.attachApplication(android.app.IApplicationThread, long),2]
10-17 12:55:02.172 I/dvm_lock_sample( 1594): [system_server,1,ActivityManager,501,PackageManagerService.java,4817,android.content.pm.ApplicationInfo com.android.server.pm.PackageManagerService.getApplicationInfoInternal(java.lang.String, int, int, int),-,17551,void com.android.server.pm.PackageManagerService.installPackagesLI(java.util.List),100]
10-17 12:55:02.185 I/dvm_lock_sample( 1594): [system_server,0,Binder:1594_15,526,ActivityManagerService.java,14494,void com.android.server.am.ActivityManagerService.serviceDoneExecuting(android.os.IBinder, int, int, int),-,1777,void com.android.server.am.ActivityManagerService$MainHandler.handleMessage(android.os.Message),100]
10-17 12:55:02.186 I/dvm_lock_sample( 1594): [system_server,1,android.ui,526,ActivityManagerService.java,3378,void com.android.server.am.ActivityManagerService.dispatchUidsChanged(),-,1777,void com.android.server.am.ActivityManagerService$MainHandler.handleMessage(android.os.Message),100]
10-17 12:55:02.187 I/dvm_lock_sample( 1594): [system_server,1,Binder:1594_D,529,ProcessManagerService.java,1704,java.util.List com.android.server.am.ProcessManagerService.getRunningProcessInfo(int, int, java.lang.String, java.lang.String, int),ActivityManagerService.java,1777,void com.android.server.am.ActivityManagerService$MainHandler.handleMessage(android.os.Message),100]
10-17 12:55:02.187 I/dvm_lock_sample( 1594): [system_server,1,Binder:1594_F,449,ActivityManagerService.java,14463,boolean com.android.server.am.ActivityManagerService.unbindService(android.app.IServiceConnection),-,1777,void com.android.server.am.ActivityManagerService$MainHandler.handleMessage(android.os.Message),89]
10-17 12:55:18.375 I/dvm_lock_sample( 1594): [system_server,1,Binder:1594_11,38,ActivityManagerService.java,14285,android.content.ComponentName com.android.server.am.ActivityManagerService.startService(android.app.IApplicationThread, android.content.Intent, java.lang.String, boolean, java.lang.String, int),-,5395,void com.android.server.am.ActivityManagerService.attachApplication(android.app.IApplicationThread, long),7]
10-17 12:55:20.554 I/dvm_lock_sample( 1594): [system_server,1,Binder:1594_2,14,ActivityManagerService.java,6752,java.lang.String com.android.server.am.ActivityManagerService.checkContentProviderAccess(java.lang.String, int),-,14450,int com.android.server.am.ActivityManagerService.bindIsolatedService(android.app.IApplicationThread, android.os.IBinder, android.content.Intent, java.lang.String, android.app.IServiceConnection, int, java.lang.String, java.lang.String, int),2]
10-17 12:55:21.337 I/dvm_lock_sample( 1594): [system_server,1,Binder:1594_3,17,ActivityManagerService.java,14335,boolean com.android.server.am.ActivityManagerService.stopServiceToken(android.content.ComponentName, android.os.IBinder, int),-,14450,int com.android.server.am.ActivityManagerService.bindIsolatedService(android.app.IApplicationThread, android.os.IBinder, android.content.Intent, java.lang.String, android.app.IServiceConnection, int, java.lang.String, java.lang.String, int),3]
10-17 12:55:22.114 I/dvm_lock_sample( 1594): [system_server,1,Binder:1594_12,14,ActivityManagerService.java,6752,java.lang.String com.android.server.am.ActivityManagerService.checkContentProviderAccess(java.lang.String, int),-,14791,android.content.Intent com.android.server.am.ActivityManagerService.registerReceiver(android.app.IApplicationThread, java.lang.String, android.content.IIntentReceiver, android.content.IntentFilter, java.lang.String, int, int),2]
10-17 12:55:22.178 I/dvm_lock_sample( 1594): [system_server,0,Binder:1594_15,5,ActivityManagerService.java,14494,void com.android.server.am.ActivityManagerService.serviceDoneExecuting(android.os.IBinder, int, int, int),-,14463,boolean com.android.server.am.ActivityManagerService.unbindService(android.app.IServiceConnection),1]
10-17 12:55:24.136 I/dvm_lock_sample( 1594): [system_server,0,Binder:1594_16,7,ActivityManagerService.java,14494,void com.android.server.am.ActivityManagerService.serviceDoneExecuting(android.os.IBinder, int, int, int),-,14463,boolean com.android.server.am.ActivityManagerService.unbindService(android.app.IServiceConnection),1]
10-17 12:55:26.853 I/dvm_lock_sample( 1594): [system_server,1,Binder:1594_1,123,ActivityManagerService.java,15989,int com.android.server.am.ActivityManagerService.broadcastIntent(android.app.IApplicationThread, android.content.Intent, java.lang.String, android.content.IIntentReceiver, int, java.lang.String, android.os.Bundle, java.lang.String[], int, android.os.Bundle, boolean, boolean, int),-,14450,int com.android.server.am.ActivityManagerService.bindIsolatedService(android.app.IApplicationThread, android.os.IBinder, android.content.Intent, java.lang.String, android.app.IServiceConnection, int, java.lang.String, java.lang.String, int),24]
10-17 12:55:26.855 I/dvm_lock_sample( 1594): [system_server,1,Binder:1594_7,119,ActivityManagerService.java,6752,java.lang.String com.android.server.am.ActivityManagerService.checkContentProviderAccess(java.lang.String, int),-,14450,int com.android.server.am.ActivityManagerService.bindIsolatedService(android.app.IApplicationThread, android.os.IBinder, android.content.Intent, java.lang.String, android.app.IServiceConnection, int, java.lang.String, java.lang.String, int),23]
10-17 12:55:27.315 I/dvm_lock_sample( 1594): [system_server,1,android.display,8,ActivityManagerService.java,18601,void com.android.server.am.ActivityManagerService$LocalService.scheduleAppGcs(),-,14450,int com.android.server.am.ActivityManagerService.bindIsolatedService(android.app.IApplicationThread, android.os.IBinder, android.content.Intent, java.lang.String, android.app.IServiceConnection, int, java.lang.String, java.lang.String, int),1]
10-17 12:57:57.962 I/dvm_lock_sample( 1594): [system_server,1,ActivityManager:procStart,41,ActivityTaskManagerService.java,6671,void com.android.server.wm.ActivityTaskManagerService$LocalService.onProcessMapped(int, com.android.server.wm.WindowProcessController),ActivityStarter.java,1313,int com.android.server.wm.ActivityStarter.startActivityMayWait(android.app.IApplicationThread, int, java.lang.String, int, int, android.content.Intent, java.lang.String, android.service.voice.IVoiceInteractionSession, com.android.internal.app.IVoiceInteractor, android.os.IBinder, java.lang.String, int, int, android.app.ProfilerInfo, android.app.WaitResult, android.content.res.Configuration, com.android.server.wm.SafeActivityOptions, boolean, int, com.android.server.wm.TaskRecord, java.lang.String, boolean, com.android.server.am.PendingIntentRecord, boolean),8]
10-17 12:58:02.309 I/sysui_multi_action( 1594): [757,147,758,4,759,1,806,com.idealinspecao.perueiroapp]
10-17 12:58:02.557 I/dvm_lock_sample( 1594): [system_server,1,Binder:1594_2,54,ActivityManagerService.java,6752,java.lang.String com.android.server.am.ActivityManagerService.checkContentProviderAccess(java.lang.String, int),-,5395,void com.android.server.am.ActivityManagerService.attachApplication(android.app.IApplicationThread, long),10]
10-17 12:58:02.559 I/dvm_lock_sample( 1594): [system_server,1,Binder:1594_1D,41,ActivityManagerService.java,5395,void com.android.server.am.ActivityManagerService.attachApplication(android.app.IApplicationThread, long),-,5395,void com.android.server.am.ActivityManagerService.attachApplication(android.app.IApplicationThread, long),8]
10-17 12:58:02.640 I/dvm_lock_sample( 1594): [system_server,1,Binder:1594_B,71,ActivityManagerService.java,6752,java.lang.String com.android.server.am.ActivityManagerService.checkContentProviderAccess(java.lang.String, int),-,5395,void com.android.server.am.ActivityManagerService.attachApplication(android.app.IApplicationThread, long),14]
10-17 12:58:02.640 I/dvm_lock_sample( 1594): [system_server,1,Binder:1594_20,70,ActivityManagerService.java,14450,int com.android.server.am.ActivityManagerService.bindIsolatedService(android.app.IApplicationThread, android.os.IBinder, android.content.Intent, java.lang.String, android.app.IServiceConnection, int, java.lang.String, java.lang.String, int),-,5395,void com.android.server.am.ActivityManagerService.attachApplication(android.app.IApplicationThread, long),14]
10-17 12:58:02.716 I/dvm_lock_sample( 1594): [system_server,1,Binder:1594_F,98,ActivityManagerService.java,14474,void com.android.server.am.ActivityManagerService.publishService(android.os.IBinder, android.content.Intent, android.os.IBinder),-,14450,int com.android.server.am.ActivityManagerService.bindIsolatedService(android.app.IApplicationThread, android.os.IBinder, android.content.Intent, java.lang.String, android.app.IServiceConnection, int, java.lang.String, java.lang.String, int),19]
10-17 12:58:03.107 I/am_create_activity( 1594): [0,154348166,1571,com.idealinspecao.perueiroapp/.MainActivity,NULL,NULL,NULL,268435456]
10-17 12:58:03.156 I/dvm_lock_sample( 1594): [system_server,1,Binder:1594_1,90,ActivityManagerService.java,7717,boolean com.android.server.am.ActivityManagerService.refContentProvider(android.os.IBinder, int, int),-,14463,boolean com.android.server.am.ActivityManagerService.unbindService(android.app.IServiceConnection),18]
10-17 12:58:03.158 I/dvm_lock_sample( 1594): [system_server,0,Binder:1594_1C,86,ActivityManagerService.java,14494,void com.android.server.am.ActivityManagerService.serviceDoneExecuting(android.os.IBinder, int, int, int),-,14463,boolean com.android.server.am.ActivityManagerService.unbindService(android.app.IServiceConnection),17]
10-17 12:58:03.242 I/dvm_lock_sample( 1594): [system_server,1,ActivityManager:procStart,33,PackageManagerService.java,4817,android.content.pm.ApplicationInfo com.android.server.pm.PackageManagerService.getApplicationInfoInternal(java.lang.String, int, int, int),-,8752,android.content.pm.ParceledListSlice com.android.server.pm.PackageManagerService.getInstalledPackages(int, int),6]
10-17 12:58:03.253 I/am_proc_start( 1594): [0,19148,11386,com.idealinspecao.perueiroapp,activity,{com.idealinspecao.perueiroapp/com.idealinspecao.perueiroapp.MainActivity}]
10-17 12:58:03.441 I/am_proc_bound( 1594): [0,19148,com.idealinspecao.perueiroapp]
10-17 12:58:03.455 I/am_restart_activity( 1594): [0,154348166,1571,com.idealinspecao.perueiroapp/.MainActivity,19148]
10-17 12:58:03.460 I/am_set_resumed_activity( 1594): [0,com.idealinspecao.perueiroapp/.MainActivity,minimalResumeActivityLocked]
10-17 12:58:04.442 I/dvm_lock_sample( 1594): [system_server,1,Binder:1594_3,70,ProcessManagerService.java,1704,java.util.List com.android.server.am.ProcessManagerService.getRunningProcessInfo(int, int, java.lang.String, java.lang.String, int),ActivityManagerService.java,1537,void com.android.server.am.ActivityManagerService$AppDeathRecipient.binderDied(),14]
10-17 12:58:04.443 I/dvm_lock_sample( 1594): [system_server,1,Binder:1594_1F,77,ActivityManagerService.java,14791,android.content.Intent com.android.server.am.ActivityManagerService.registerReceiver(android.app.IApplicationThread, java.lang.String, android.content.IIntentReceiver, android.content.IntentFilter, java.lang.String, int, int),-,1537,void com.android.server.am.ActivityManagerService$AppDeathRecipient.binderDied(),15]
10-17 12:58:04.444 I/dvm_lock_sample( 1594): [system_server,1,Binder:1594_13,54,ActivityManagerService.java,1537,void com.android.server.am.ActivityManagerService$AppDeathRecipient.binderDied(),ActiveServices.java,2189,void com.android.server.am.ActiveServices$ServiceRestarter.run(),10]
10-17 12:58:04.472 I/dvm_lock_sample( 1594): [system_server,1,Binder:1594_1C,47,ActivityManagerService.java,14343,void com.android.server.am.ActivityManagerService.setServiceForeground(android.content.ComponentName, android.os.IBinder, int, android.app.Notification, int, int),ActiveServices.java,2189,void com.android.server.am.ActiveServices$ServiceRestarter.run(),9]
10-17 12:58:04.488 I/notification_cancel_all( 1594): [1000,1594,com.idealinspecao.perueiroapp,0,0,0,5,NULL]
10-17 12:58:05.062 I/dvm_lock_sample( 1594): [system_server,1,Binder:1594_1D,6,ActivityManagerService.java,1537,void com.android.server.am.ActivityManagerService$AppDeathRecipient.binderDied(),-,1537,void com.android.server.am.ActivityManagerService$AppDeathRecipient.binderDied(),1]
10-17 12:58:08.348 I/am_lifecycle_sample(19148): [0,com.idealinspecao.perueiroapp,110,4739]
10-17 12:58:08.540 I/am_on_create_called(19148): [0,com.idealinspecao.perueiroapp.MainActivity,performCreate,88]
10-17 12:58:08.554 I/am_on_start_called(19148): [0,com.idealinspecao.perueiroapp.MainActivity,handleStartActivity,0]
10-17 12:58:08.557 I/am_on_resume_called(19148): [0,com.idealinspecao.perueiroapp.MainActivity,RESUME_ACTIVITY,1]
10-17 12:58:08.589 I/am_on_top_resumed_gained_called(19148): [0,com.idealinspecao.perueiroapp.MainActivity,topStateChangedWhenResumed]
10-17 12:58:10.527 I/sysui_multi_action( 1594): [319,567,321,526,322,7458,325,1071067,757,761,758,7,759,1,806,com.idealinspecao.perueiroapp,871,com.idealinspecao.perueiroapp.MainActivity,904,com.android.shell,905,0,945,374,1320,12,1321,1]
10-17 12:58:10.530 I/am_activity_launch_time( 1594): [0,154348166,com.idealinspecao.perueiroapp/.MainActivity,7458]
10-17 12:58:13.558 I/am_pss  ( 1594): [19148,11386,com.idealinspecao.perueiroapp,130724864,121126912,192512,222732288,0,2,21]
10-17 12:58:24.079 I/am_pss  ( 1594): [19148,11386,com.idealinspecao.perueiroapp,130097152,119324672,182272,227885056,0,2,15]
10-17 12:58:51.640 I/am_on_top_resumed_lost_called(19148): [0,com.idealinspecao.perueiroapp.MainActivity,topStateChangedWhenResumed]
10-17 12:58:51.646 I/am_pause_activity( 1594): [19148,154348166,com.idealinspecao.perueiroapp/.MainActivity,userLeaving=true]
10-17 12:58:51.648 I/am_add_to_stopping( 1594): [0,154348166,com.idealinspecao.perueiroapp/.MainActivity,makeInvisible]
10-17 12:58:51.656 I/dvm_lock_sample( 1594): [system_server,1,Binder:1594_8,15,ActivityTaskManagerService.java,1746,void com.android.server.wm.ActivityTaskManagerService.activityTopResumedStateLost(),ActivityStarter.java,1313,int com.android.server.wm.ActivityStarter.startActivityMayWait(android.app.IApplicationThread, int, java.lang.String, int, int, android.content.Intent, java.lang.String, android.service.voice.IVoiceInteractionSession, com.android.internal.app.IVoiceInteractor, android.os.IBinder, java.lang.String, int, int, android.app.ProfilerInfo, android.app.WaitResult, android.content.res.Configuration, com.android.server.wm.SafeActivityOptions, boolean, int, com.android.server.wm.TaskRecord, java.lang.String, boolean, com.android.server.am.PendingIntentRecord, boolean),3]
10-17 12:58:51.659 I/am_on_paused_called(19148): [0,com.idealinspecao.perueiroapp.MainActivity,performPause,0]
10-17 12:58:52.079 I/am_stop_activity( 1594): [0,154348166,com.idealinspecao.perueiroapp/.MainActivity]
10-17 12:58:52.117 I/am_on_stop_called(19148): [0,com.idealinspecao.perueiroapp.MainActivity,STOP_ACTIVITY_ITEM,0]
10-17 12:58:52.957 I/sysui_multi_action( 2131): [757,289,758,4,806,ComponentInfo{com.idealinspecao.perueiroapp/com.idealinspecao.perueiroapp.MainActivity}]
10-17 12:58:52.960 I/am_finish_activity( 1594): [19148,154348166,1571,com.idealinspecao.perueiroapp/.MainActivity,remove-task]
10-17 12:58:52.961 I/am_destroy_activity( 1594): [19148,154348166,1571,com.idealinspecao.perueiroapp/.MainActivity,finish-imm:finishActivityLocked]
10-17 12:58:52.972 I/am_kill ( 1594): [0,19148,com.idealinspecao.perueiroapp,700,SwipeUpClean]
10-17 12:58:53.090 I/am_proc_died( 1594): [0,19148,com.idealinspecao.perueiroapp,700,16]
10-17 12:59:10.504 I/dvm_lock_sample( 1594): [system_server,1,Binder:1594_19,23,ActivityManagerService.java,6181,boolean com.android.server.am.ActivityManagerService.isAppStartModeDisabled(int, java.lang.String),-,15989,int com.android.server.am.ActivityManagerService.broadcastIntent(android.app.IApplicationThread, android.content.Intent, java.lang.String, android.content.IIntentReceiver, int, java.lang.String, android.os.Bundle, java.lang.String[], int, android.os.Bundle, boolean, boolean, int),4]
10-17 12:59:10.532 I/dvm_lock_sample( 1594): [system_server,1,NetworkPolicy.uid,53,ActivityManagerService.java,18347,void com.android.server.am.ActivityManagerService$LocalService.notifyNetworkPolicyRulesUpdated(int, long),-,14450,int com.android.server.am.ActivityManagerService.bindIsolatedService(android.app.IApplicationThread, android.os.IBinder, android.content.Intent, java.lang.String, android.app.IServiceConnection, int, java.lang.String, java.lang.String, int),10]
10-17 12:59:10.574 I/dvm_lock_sample( 1594): [system_server,1,Binder:1594_17,7,ActivityManagerService.java,5395,void com.android.server.am.ActivityManagerService.attachApplication(android.app.IApplicationThread, long),-,14450,int com.android.server.am.ActivityManagerService.bindIsolatedService(android.app.IApplicationThread, android.os.IBinder, android.content.Intent, java.lang.String, android.app.IServiceConnection, int, java.lang.String, java.lang.String, int),1]
10-17 12:59:10.830 I/dvm_lock_sample( 1594): [system_server,0,android.bg,120,ActivityManagerService.java,2868,void com.android.server.am.ActivityManagerService.updateCpuStatsNow(),BatteryStatsService.java,1025,void com.android.server.am.BatteryStatsService.noteNetworkInterfaceType(java.lang.String, int),24]
10-17 12:59:13.194 I/dvm_lock_sample( 1594): [system_server,1,Binder:1594_19,14,ActivityManagerService.java,14791,android.content.Intent com.android.server.am.ActivityManagerService.registerReceiver(android.app.IApplicationThread, java.lang.String, android.content.IIntentReceiver, android.content.IntentFilter, java.lang.String, int, int),-,14285,android.content.ComponentName com.android.server.am.ActivityManagerService.startService(android.app.IApplicationThread, android.content.Intent, java.lang.String, boolean, java.lang.String, int),2]
10-17 12:59:23.300 I/dvm_lock_sample( 1594): [system_server,1,Binder:1594_B,13,ActivityManagerService.java,8605,boolean com.android.server.am.ActivityManagerService.isUidActive(int, java.lang.String),-,14463,boolean com.android.server.am.ActivityManagerService.unbindService(android.app.IServiceConnection),2]
10-17 12:59:29.495 I/dvm_lock_sample( 1594): [system_server,1,android.ui,5,ActivityManagerService.java,3378,void com.android.server.am.ActivityManagerService.dispatchUidsChanged(),-,14494,void com.android.server.am.ActivityManagerService.serviceDoneExecuting(android.os.IBinder, int, int, int),1]
10-17 13:01:23.703 I/dvm_lock_sample( 1594): [system_server,1,android.anim,26,InputMonitor.java,120,void com.android.server.wm.InputMonitor$1.run(),ActivityTaskManagerService.java,1755,void com.android.server.wm.ActivityTaskManagerService.activityPaused(android.os.IBinder),5]
10-17 13:01:23.729 I/dvm_lock_sample( 1594): [system_server,1,Binder:1594_E,16,ActivityManagerService.java,14450,int com.android.server.am.ActivityManagerService.bindIsolatedService(android.app.IApplicationThread, android.os.IBinder, android.content.Intent, java.lang.String, android.app.IServiceConnection, int, java.lang.String, java.lang.String, int),ProcessRecord.java,1358,void com.android.server.am.ProcessRecord.updateProcessInfo(boolean, boolean, boolean),3]
10-17 13:01:24.841 I/am_create_activity( 1594): [0,44684762,1573,com.idealinspecao.perueiroapp/.MainActivity,android.intent.action.MAIN,NULL,NULL,270532608]
10-17 13:01:24.896 I/am_proc_start( 1594): [0,19944,11386,com.idealinspecao.perueiroapp,activity,{com.idealinspecao.perueiroapp/com.idealinspecao.perueiroapp.MainActivity}]
10-17 13:01:24.976 I/am_proc_bound( 1594): [0,19944,com.idealinspecao.perueiroapp]
10-17 13:01:24.980 I/am_restart_activity( 1594): [0,44684762,1573,com.idealinspecao.perueiroapp/.MainActivity,19944]
10-17 13:01:24.981 I/am_set_resumed_activity( 1594): [0,com.idealinspecao.perueiroapp/.MainActivity,minimalResumeActivityLocked]
10-17 13:01:29.033 I/am_lifecycle_sample(19944): [0,com.idealinspecao.perueiroapp,110,4034]
10-17 13:01:29.251 I/am_on_create_called(19944): [0,com.idealinspecao.perueiroapp.MainActivity,performCreate,108]
10-17 13:01:29.264 I/am_on_start_called(19944): [0,com.idealinspecao.perueiroapp.MainActivity,handleStartActivity,1]
10-17 13:01:29.267 I/am_on_resume_called(19944): [0,com.idealinspecao.perueiroapp.MainActivity,RESUME_ACTIVITY,1]
10-17 13:01:29.301 I/am_on_top_resumed_gained_called(19944): [0,com.idealinspecao.perueiroapp.MainActivity,topStateChangedWhenResumed]
10-17 13:01:30.928 I/sysui_multi_action( 1594): [319,167,321,80,322,6099,325,1071268,757,761,758,7,759,1,806,com.idealinspecao.perueiroapp,871,com.idealinspecao.perueiroapp.MainActivity,904,com.miui.home,905,0,945,149,1320,12,1321,1]
10-17 13:01:30.931 I/am_activity_launch_time( 1594): [0,44684762,com.idealinspecao.perueiroapp/.MainActivity,6099]
10-17 13:01:35.839 I/am_pss  ( 1594): [19944,11386,com.idealinspecao.perueiroapp,115289088,104464384,174080,209440768,0,2,16]
10-17 13:01:43.153 I/dvm_lock_sample( 1594): [system_server,1,Binder:1594_9,7,ActivityManagerService.java,7717,boolean com.android.server.am.ActivityManagerService.refContentProvider(android.os.IBinder, int, int),-,16095,void com.android.server.am.ActivityManagerService.finishReceiver(android.os.IBinder, int, java.lang.String, android.os.Bundle, boolean, int),1]
10-17 13:01:46.795 I/am_pss  ( 1594): [19944,11386,com.idealinspecao.perueiroapp,154065920,142319616,171008,250036224,0,2,16]
10-17 13:01:52.545 I/am_finish_activity( 1594): [19944,44684762,1573,com.idealinspecao.perueiroapp/.MainActivity,app-request]
10-17 13:01:52.548 I/am_pause_activity( 1594): [19944,44684762,com.idealinspecao.perueiroapp/.MainActivity,userLeaving=false]
10-17 13:01:52.553 I/am_on_top_resumed_lost_called(19944): [0,com.idealinspecao.perueiroapp.MainActivity,topStateChangedWhenResumed]
10-17 13:01:52.559 I/am_on_paused_called(19944): [0,com.idealinspecao.perueiroapp.MainActivity,performPause,0]
10-17 13:01:52.560 I/am_add_to_stopping( 1594): [0,44684762,com.idealinspecao.perueiroapp/.MainActivity,finishCurrentActivityLocked]
10-17 13:01:52.943 I/am_destroy_activity( 1594): [19944,44684762,1573,com.idealinspecao.perueiroapp/.MainActivity,finish-imm:activityIdleInternalLocked]
10-17 13:01:52.979 I/am_on_stop_called(19944): [0,com.idealinspecao.perueiroapp.MainActivity,LIFECYCLER_STOP_ACTIVITY,0]
10-17 13:01:53.024 I/am_on_destroy_called(19944): [0,com.idealinspecao.perueiroapp.MainActivity,performDestroy,0]
10-17 13:01:53.480 I/am_create_activity( 1594): [0,19108733,1574,com.idealinspecao.perueiroapp/.MainActivity,android.intent.action.MAIN,NULL,NULL,270532608]
10-17 13:01:53.504 I/am_restart_activity( 1594): [0,19108733,1574,com.idealinspecao.perueiroapp/.MainActivity,19944]
10-17 13:01:53.506 I/am_set_resumed_activity( 1594): [0,com.idealinspecao.perueiroapp/.MainActivity,minimalResumeActivityLocked]
10-17 13:01:53.557 I/am_on_create_called(19944): [0,com.idealinspecao.perueiroapp.MainActivity,performCreate,25]
10-17 13:01:53.569 I/am_on_start_called(19944): [0,com.idealinspecao.perueiroapp.MainActivity,handleStartActivity,0]
10-17 13:01:53.573 I/am_on_resume_called(19944): [0,com.idealinspecao.perueiroapp.MainActivity,RESUME_ACTIVITY,1]
10-17 13:01:53.590 I/am_on_top_resumed_gained_called(19944): [0,com.idealinspecao.perueiroapp.MainActivity,topStateChangedWhenResumed]
10-17 13:01:53.746 I/sysui_multi_action( 1594): [319,91,321,78,322,278,325,1071297,757,761,758,8,759,1,806,com.idealinspecao.perueiroapp,871,com.idealinspecao.perueiroapp.MainActivity,904,com.miui.home,905,0,1320,12,1321,1]
10-17 13:01:53.748 I/am_activity_launch_time( 1594): [0,19108733,com.idealinspecao.perueiroapp/.MainActivity,278]
10-17 13:01:58.047 I/dvm_lock_sample( 1594): [system_server,0,Binder:1594_B,7,ActivityManagerService.java,14494,void com.android.server.am.ActivityManagerService.serviceDoneExecuting(android.os.IBinder, int, int, int),-,14450,int com.android.server.am.ActivityManagerService.bindIsolatedService(android.app.IApplicationThread, android.os.IBinder, android.content.Intent, java.lang.String, android.app.IServiceConnection, int, java.lang.String, java.lang.String, int),1]
10-17 13:02:12.315 I/dvm_lock_sample( 1594): [system_server,1,ActivityManager,9,BroadcastQueue.java,984,void com.android.server.am.BroadcastQueue.processNextBroadcast(boolean, boolean),ActivityManagerService.java,16095,void com.android.server.am.ActivityManagerService.finishReceiver(android.os.IBinder, int, java.lang.String, android.os.Bundle, boolean, int),1]
10-17 13:02:16.567 I/dvm_lock_sample( 1594): [system_server,0,Binder:1594_1,12,ActivityManagerService.java,14494,void com.android.server.am.ActivityManagerService.serviceDoneExecuting(android.os.IBinder, int, int, int),-,14450,int com.android.server.am.ActivityManagerService.bindIsolatedService(android.app.IApplicationThread, android.os.IBinder, android.content.Intent, java.lang.String, android.app.IServiceConnection, int, java.lang.String, java.lang.String, int),2]
10-17 13:02:16.567 I/dvm_lock_sample( 1594): [system_server,1,Binder:1594_13,12,ActivityManagerService.java,14285,android.content.ComponentName com.android.server.am.ActivityManagerService.startService(android.app.IApplicationThread, android.content.Intent, java.lang.String, boolean, java.lang.String, int),-,14450,int com.android.server.am.ActivityManagerService.bindIsolatedService(android.app.IApplicationThread, android.os.IBinder, android.content.Intent, java.lang.String, android.app.IServiceConnection, int, java.lang.String, java.lang.String, int),2]
10-17 13:02:17.690 I/dvm_lock_sample( 1594): [system_server,1,Binder:1594_F,14,ActivityManagerService.java,7717,boolean com.android.server.am.ActivityManagerService.refContentProvider(android.os.IBinder, int, int),-,16095,void com.android.server.am.ActivityManagerService.finishReceiver(android.os.IBinder, int, java.lang.String, android.os.Bundle, boolean, int),2]
10-17 13:02:32.526 I/am_on_top_resumed_lost_called(19944): [0,com.idealinspecao.perueiroapp.MainActivity,topStateChangedWhenResumed]
10-17 13:02:32.528 I/am_pause_activity( 1594): [19944,19108733,com.idealinspecao.perueiroapp/.MainActivity,userLeaving=true]
10-17 13:02:32.530 I/am_add_to_stopping( 1594): [0,19108733,com.idealinspecao.perueiroapp/.MainActivity,makeInvisible]
10-17 13:02:32.541 I/am_on_paused_called(19944): [0,com.idealinspecao.perueiroapp.MainActivity,performPause,1]
10-17 13:02:32.947 I/am_stop_activity( 1594): [0,19108733,com.idealinspecao.perueiroapp/.MainActivity]
10-17 13:02:32.978 I/am_on_stop_called(19944): [0,com.idealinspecao.perueiroapp.MainActivity,STOP_ACTIVITY_ITEM,0]
10-17 13:02:34.960 I/sysui_multi_action( 2131): [757,289,758,4,806,ComponentInfo{com.idealinspecao.perueiroapp/com.idealinspecao.perueiroapp.MainActivity}]
10-17 13:02:34.964 I/am_finish_activity( 1594): [19944,19108733,1574,com.idealinspecao.perueiroapp/.MainActivity,remove-task]
10-17 13:02:34.964 I/am_destroy_activity( 1594): [19944,19108733,1574,com.idealinspecao.perueiroapp/.MainActivity,finish-imm:finishActivityLocked]
10-17 13:02:34.979 I/am_kill ( 1594): [0,19944,com.idealinspecao.perueiroapp,700,SwipeUpClean]
10-17 13:02:35.092 I/am_proc_died( 1594): [0,19944,com.idealinspecao.perueiroapp,700,16]
10-17 13:03:40.560 I/dvm_lock_sample( 1594): [system_server,1,android.ui,13,ActivityManagerService.java,3378,void com.android.server.am.ActivityManagerService.dispatchUidsChanged(),-,1537,void com.android.server.am.ActivityManagerService$AppDeathRecipient.binderDied(),2]
10-17 13:08:11.109 I/dvm_lock_sample( 1594): [system_server,1,Binder:1594_18,12,ActivityManagerService.java,8605,boolean com.android.server.am.ActivityManagerService.isUidActive(int, java.lang.String),-,16095,void com.android.server.am.ActivityManagerService.finishReceiver(android.os.IBinder, int, java.lang.String, android.os.Bundle, boolean, int),2]
10-17 13:11:01.249 I/dvm_lock_sample( 1594): [system_server,1,Binder:1594_B,9,ActivityManagerService.java,14450,int com.android.server.am.ActivityManagerService.bindIsolatedService(android.app.IApplicationThread, android.os.IBinder, android.content.Intent, java.lang.String, android.app.IServiceConnection, int, java.lang.String, java.lang.String, int),-,14450,int com.android.server.am.ActivityManagerService.bindIsolatedService(android.app.IApplicationThread, android.os.IBinder, android.content.Intent, java.lang.String, android.app.IServiceConnection, int, java.lang.String, java.lang.String, int),1]
10-17 13:11:04.401 I/dvm_lock_sample( 1594): [system_server,1,Binder:1594_E,14,ActivityManagerService.java,14450,int com.android.server.am.ActivityManagerService.bindIsolatedService(android.app.IApplicationThread, android.os.IBinder, android.content.Intent, java.lang.String, android.app.IServiceConnection, int, java.lang.String, java.lang.String, int),-,14450,int com.android.server.am.ActivityManagerService.bindIsolatedService(android.app.IApplicationThread, android.os.IBinder, android.content.Intent, java.lang.String, android.app.IServiceConnection, int, java.lang.String, java.lang.String, int),2]
10-17 13:18:41.791 I/dvm_lock_sample( 1594): [system_server,0,Binder:1594_4,22,ActivityManagerService.java,14494,void com.android.server.am.ActivityManagerService.serviceDoneExecuting(android.os.IBinder, int, int, int),-,14450,int com.android.server.am.ActivityManagerService.bindIsolatedService(android.app.IApplicationThread, android.os.IBinder, android.content.Intent, java.lang.String, android.app.IServiceConnection, int, java.lang.String, java.lang.String, int),4]
10-17 13:32:21.199 I/am_wtf  ( 1594): android.os.RemoteCallbackList.register:124 android.os.RemoteCallbackList.register:89 com.android.server.am.PendingIntentRecord.registerCancelListenerLocked:249 com.android.server.am.PendingIntentController.registerIntentSenderCancelListener:256 com.android.server.am.ActivityManagerService.registerIntentSenderCancelListener:5728 
10-17 13:32:21.199 I/am_wtf  ( 1594): android.os.RemoteCallbackList.register:124 android.os.RemoteCallbackList.register:89 com.android.server.am.PendingIntentRecord.registerCancelListenerLocked:249 com.android.server.am.PendingIntentController.registerIntentSenderCancelListener:256 com.android.server.am.ActivityManagerService.registerIntentSenderCancelListener:5728 
10-17 13:33:27.866 I/dvm_lock_sample( 1594): [system_server,0,Binder:1594_19,6,ActivityManagerService.java,14494,void com.android.server.am.ActivityManagerService.serviceDoneExecuting(android.os.IBinder, int, int, int),-,14463,boolean com.android.server.am.ActivityManagerService.unbindService(android.app.IServiceConnection),1]
10-17 13:42:22.845 I/dvm_lock_sample( 1594): [system_server,0,Binder:1594_C,13,ActivityManagerService.java,14494,void com.android.server.am.ActivityManagerService.serviceDoneExecuting(android.os.IBinder, int, int, int),-,14450,int com.android.server.am.ActivityManagerService.bindIsolatedService(android.app.IApplicationThread, android.os.IBinder, android.content.Intent, java.lang.String, android.app.IServiceConnection, int, java.lang.String, java.lang.String, int),2]
10-17 13:47:37.928 I/dvm_lock_sample( 1594): [system_server,1,Binder:1594_17,21,ActivityManagerService.java,6752,java.lang.String com.android.server.am.ActivityManagerService.checkContentProviderAccess(java.lang.String, int),ProcessRecord.java,1358,void com.android.server.am.ProcessRecord.updateProcessInfo(boolean, boolean, boolean),4]
10-17 13:47:37.929 I/dvm_lock_sample( 1594): [system_server,1,android.ui,12,ActivityManagerService.java,3272,void com.android.server.am.ActivityManagerService.dispatchProcessesChanged(),ProcessRecord.java,1358,void com.android.server.am.ProcessRecord.updateProcessInfo(boolean, boolean, boolean),2]
10-17 13:47:40.036 I/notification_cancel_all( 1594): [1000,1594,com.idealinspecao.perueiroapp,0,0,0,5,NULL]
10-17 13:47:40.298 I/dvm_lock_sample( 1594): [system_server,0,PackageManager,16,ActivityManagerService.java,15989,int com.android.server.am.ActivityManagerService.broadcastIntent(android.app.IApplicationThread, android.content.Intent, java.lang.String, android.content.IIntentReceiver, int, java.lang.String, android.os.Bundle, java.lang.String[], int, android.os.Bundle, boolean, boolean, int),BroadcastQueue.java,984,void com.android.server.am.BroadcastQueue.processNextBroadcast(boolean, boolean),3]
10-17 13:47:40.372 I/sysui_multi_action( 1594): [757,147,758,4,759,1,806,com.idealinspecao.perueiroapp]
10-17 13:47:41.159 I/am_create_activity( 1594): [0,39827425,1576,com.idealinspecao.perueiroapp/.MainActivity,NULL,NULL,NULL,268435456]
10-17 13:47:41.400 I/dvm_lock_sample( 1594): [system_server,1,Binder:1594_11,204,WindowProcessUtils.java,405,java.lang.String com.android.server.wm.WindowProcessUtils.getCallerPackageName(com.android.server.wm.ActivityTaskManagerService, android.app.IApplicationThread),ActivityStarter.java,1313,int com.android.server.wm.ActivityStarter.startActivityMayWait(android.app.IApplicationThread, int, java.lang.String, int, int, android.content.Intent, java.lang.String, android.service.voice.IVoiceInteractionSession, com.android.internal.app.IVoiceInteractor, android.os.IBinder, java.lang.String, int, int, android.app.ProfilerInfo, android.app.WaitResult, android.content.res.Configuration, com.android.server.wm.SafeActivityOptions, boolean, int, com.android.server.wm.TaskRecord, java.lang.String, boolean, com.android.server.am.PendingIntentRecord, boolean),40]
10-17 13:47:41.403 I/dvm_lock_sample( 1594): [system_server,1,Binder:1594_1D,76,ActivityManagerService.java,14791,android.content.Intent com.android.server.am.ActivityManagerService.registerReceiver(android.app.IApplicationThread, java.lang.String, android.content.IIntentReceiver, android.content.IntentFilter, java.lang.String, int, int),-,6978,android.app.ContentProviderHolder com.android.server.am.ActivityManagerService.getContentProviderImpl(android.app.IApplicationThread, java.lang.String, android.os.IBinder, int, java.lang.String, java.lang.String, boolean, int),15]
10-17 13:47:41.565 W/ActivityManager( 1594): Slow operation: 116ms so far, now at startProcess: returned from zygote!
10-17 13:47:41.572 W/ActivityManager( 1594): Slow operation: 124ms so far, now at startProcess: done updating battery stats
10-17 13:47:41.572 I/am_proc_start( 1594): [0,23821,11386,com.idealinspecao.perueiroapp,activity,{com.idealinspecao.perueiroapp/com.idealinspecao.perueiroapp.MainActivity}]
10-17 13:47:41.573 D/OemNetd (  518): setPidForPackage: packageName=com.idealinspecao.perueiroapp, pid=23821, pid=11386
