10-16 17:55:24.002 I/dvm_lock_sample( 1594): [system_server,1,Binder:1594_10,26,ActivityManagerService.java,6978,android.app.ContentProviderHolder com.android.server.am.ActivityManagerService.getContentProviderImpl(android.app.IApplicationThread, java.lang.String, android.os.IBinder, int, java.lang.String, java.lang.String, boolean, int),-,14463,boolean com.android.server.am.ActivityManagerService.unbindService(android.app.IServiceConnection),5]
10-16 17:55:24.407 I/notification_cancel_all( 1594): [1000,1594,com.idealinspecao.perueiroapp,0,0,0,5,NULL]
10-16 17:55:24.618 I/am_create_activity( 1594): [0,265039869,1529,com.idealinspecao.perueiroapp/.MainActivity,NULL,NULL,NULL,268435456]
10-16 17:55:24.671 I/dvm_lock_sample( 1594): [system_server,1,Binder:1594_11,27,ActivityManagerService.java,14463,boolean com.android.server.am.ActivityManagerService.unbindService(android.app.IServiceConnection),-,14310,int com.android.server.am.ActivityManagerService.stopService(android.app.IApplicationThread, android.content.Intent, java.lang.String, int),5]
10-16 17:55:24.863 I/am_proc_start( 1594): [0,19988,11378,com.idealinspecao.perueiroapp,activity,{com.idealinspecao.perueiroapp/com.idealinspecao.perueiroapp.MainActivity}]
10-16 17:55:25.165 I/am_proc_bound( 1594): [0,19988,com.idealinspecao.perueiroapp]
10-16 17:55:25.173 I/am_restart_activity( 1594): [0,265039869,1529,com.idealinspecao.perueiroapp/.MainActivity,19988]
10-16 17:55:25.174 I/am_set_resumed_activity( 1594): [0,com.idealinspecao.perueiroapp/.MainActivity,minimalResumeActivityLocked]
10-16 17:55:26.034 I/dvm_lock_sample( 1594): [system_server,1,android.ui,45,ActivityManagerService.java,3378,void com.android.server.am.ActivityManagerService.dispatchUidsChanged(),-,14450,int com.android.server.am.ActivityManagerService.bindIsolatedService(android.app.IApplicationThread, android.os.IBinder, android.content.Intent, java.lang.String, android.app.IServiceConnection, int, java.lang.String, java.lang.String, int),9]
10-16 17:55:26.651 I/sysui_multi_action( 1594): [757,147,758,4,759,1,806,com.idealinspecao.perueiroapp]
10-16 17:55:27.111 I/dvm_lock_sample( 1594): [system_server,1,Binder:1594_8,8,ProcessManagerService.java,1704,java.util.List com.android.server.am.ProcessManagerService.getRunningProcessInfo(int, int, java.lang.String, java.lang.String, int),ActivityManagerService.java,1537,void com.android.server.am.ActivityManagerService$AppDeathRecipient.binderDied(),1]
10-16 17:55:28.051 I/dvm_lock_sample( 1594): [system_server,1,Binder:1594_1E,16,ActivityManagerService.java,1537,void com.android.server.am.ActivityManagerService$AppDeathRecipient.binderDied(),-,14450,int com.android.server.am.ActivityManagerService.bindIsolatedService(android.app.IApplicationThread, android.os.IBinder, android.content.Intent, java.lang.String, android.app.IServiceConnection, int, java.lang.String, java.lang.String, int),3]
10-16 17:55:28.487 I/dvm_lock_sample( 1594): [system_server,1,android.ui,5,ActivityManagerService.java,3378,void com.android.server.am.ActivityManagerService.dispatchUidsChanged(),-,14463,boolean com.android.server.am.ActivityManagerService.unbindService(android.app.IServiceConnection),1]
10-16 17:55:29.698 I/dvm_lock_sample( 1594): [system_server,0,android.bg,33,ActivityManagerService.java,2043,void com.android.server.am.ActivityManagerService$5.handleMessage(android.os.Message),-,1537,void com.android.server.am.ActivityManagerService$AppDeathRecipient.binderDied(),6]
10-16 17:55:30.426 I/am_lifecycle_sample(19988): [0,com.idealinspecao.perueiroapp,110,5201]
10-16 17:55:30.641 I/am_on_create_called(19988): [0,com.idealinspecao.perueiroapp.MainActivity,performCreate,101]
10-16 17:55:30.656 I/am_on_start_called(19988): [0,com.idealinspecao.perueiroapp.MainActivity,handleStartActivity,1]
10-16 17:55:30.660 I/am_on_resume_called(19988): [0,com.idealinspecao.perueiroapp.MainActivity,RESUME_ACTIVITY,1]
10-16 17:55:30.734 I/am_on_top_resumed_gained_called(19988): [0,com.idealinspecao.perueiroapp.MainActivity,topStateChangedWhenResumed]
10-16 17:55:32.742 I/sysui_multi_action( 1594): [319,633,321,150,322,8159,325,1002508,757,761,758,7,759,1,806,com.idealinspecao.perueiroapp,871,com.idealinspecao.perueiroapp.MainActivity,904,com.android.shell,905,0,945,586,1320,12,1321,1]
10-16 17:55:32.746 I/am_activity_launch_time( 1594): [0,265039869,com.idealinspecao.perueiroapp/.MainActivity,8159]
10-16 17:55:37.308 I/am_pss  ( 1594): [19988,11378,com.idealinspecao.perueiroapp,134248448,124243968,203776,215613440,0,2,19]
10-16 17:55:50.699 I/am_pss  ( 1594): [19988,11378,com.idealinspecao.perueiroapp,144240640,132947968,202752,227930112,0,2,21]
10-16 17:56:41.570 I/dvm_lock_sample( 1594): [system_server,1,ActivityManager,6,BroadcastQueue.java,984,void com.android.server.am.BroadcastQueue.processNextBroadcast(boolean, boolean),ActivityManagerService.java,6978,android.app.ContentProviderHolder com.android.server.am.ActivityManagerService.getContentProviderImpl(android.app.IApplicationThread, java.lang.String, android.os.IBinder, int, java.lang.String, java.lang.String, boolean, int),1]
10-16 17:56:44.452 I/am_on_top_resumed_lost_called(19988): [0,com.idealinspecao.perueiroapp.MainActivity,topStateChangedWhenResumed]
10-16 17:56:44.455 I/am_pause_activity( 1594): [19988,265039869,com.idealinspecao.perueiroapp/.MainActivity,userLeaving=true]
10-16 17:56:44.458 I/am_add_to_stopping( 1594): [0,265039869,com.idealinspecao.perueiroapp/.MainActivity,makeInvisible]
10-16 17:56:44.467 I/am_on_paused_called(19988): [0,com.idealinspecao.perueiroapp.MainActivity,performPause,0]
10-16 17:56:44.901 I/am_stop_activity( 1594): [0,265039869,com.idealinspecao.perueiroapp/.MainActivity]
10-16 17:56:44.945 I/am_on_stop_called(19988): [0,com.idealinspecao.perueiroapp.MainActivity,STOP_ACTIVITY_ITEM,0]
10-16 17:56:45.511 I/sysui_multi_action( 2131): [757,289,758,4,806,ComponentInfo{com.idealinspecao.perueiroapp/com.idealinspecao.perueiroapp.MainActivity}]
10-16 17:56:45.517 I/am_finish_activity( 1594): [19988,265039869,1529,com.idealinspecao.perueiroapp/.MainActivity,remove-task]
10-16 17:56:45.517 I/am_destroy_activity( 1594): [19988,265039869,1529,com.idealinspecao.perueiroapp/.MainActivity,finish-imm:finishActivityLocked]
10-16 17:56:45.525 I/am_kill ( 1594): [0,19988,com.idealinspecao.perueiroapp,700,SwipeUpClean]
10-16 17:56:45.640 I/am_proc_died( 1594): [0,19988,com.idealinspecao.perueiroapp,700,16]
10-16 18:08:47.923 I/dvm_lock_sample( 1594): [system_server,0,Binder:1594_1D,8,ActivityManagerService.java,14494,void com.android.server.am.ActivityManagerService.serviceDoneExecuting(android.os.IBinder, int, int, int),-,14463,boolean com.android.server.am.ActivityManagerService.unbindService(android.app.IServiceConnection),1]
10-16 18:12:02.754 I/dvm_lock_sample( 1594): [system_server,0,Binder:1594_19,6,ActivityManagerService.java,14494,void com.android.server.am.ActivityManagerService.serviceDoneExecuting(android.os.IBinder, int, int, int),-,14463,boolean com.android.server.am.ActivityManagerService.unbindService(android.app.IServiceConnection),1]
10-16 18:16:54.688 I/dvm_lock_sample( 1594): [system_server,1,android.ui,6,ActivityManagerService.java,3378,void com.android.server.am.ActivityManagerService.dispatchUidsChanged(),-,14450,int com.android.server.am.ActivityManagerService.bindIsolatedService(android.app.IApplicationThread, android.os.IBinder, android.content.Intent, java.lang.String, android.app.IServiceConnection, int, java.lang.String, java.lang.String, int),1]
10-16 18:16:56.277 I/dvm_lock_sample( 1594): [system_server,0,Binder:1594_1E,5,ActivityManagerService.java,14494,void com.android.server.am.ActivityManagerService.serviceDoneExecuting(android.os.IBinder, int, int, int),-,14463,boolean com.android.server.am.ActivityManagerService.unbindService(android.app.IServiceConnection),1]
10-16 18:23:32.458 I/dvm_lock_sample( 1594): [system_server,0,Binder:1594_8,5,ActivityManagerService.java,14494,void com.android.server.am.ActivityManagerService.serviceDoneExecuting(android.os.IBinder, int, int, int),-,14450,int com.android.server.am.ActivityManagerService.bindIsolatedService(android.app.IApplicationThread, android.os.IBinder, android.content.Intent, java.lang.String, android.app.IServiceConnection, int, java.lang.String, java.lang.String, int),1]
10-16 18:24:19.507 I/dvm_lock_sample( 1594): [system_server,1,Binder:1594_1E,6,ActivityManagerService.java,14474,void com.android.server.am.ActivityManagerService.publishService(android.os.IBinder, android.content.Intent, android.os.IBinder),-,14450,int com.android.server.am.ActivityManagerService.bindIsolatedService(android.app.IApplicationThread, android.os.IBinder, android.content.Intent, java.lang.String, android.app.IServiceConnection, int, java.lang.String, java.lang.String, int),1]
10-16 18:25:19.654 I/dvm_lock_sample( 1594): [system_server,1,Binder:1594_20,10,ProcessManagerService.java,1704,java.util.List com.android.server.am.ProcessManagerService.getRunningProcessInfo(int, int, java.lang.String, java.lang.String, int),ActivityManagerService.java,1537,void com.android.server.am.ActivityManagerService$AppDeathRecipient.binderDied(),2]
10-16 18:25:24.896 I/auditd  ( 1594): type=1400 audit(0.0:156606): avc: denied { getpgid } for comm="ActivityManager" scontext=u:r:system_server:s0 tcontext=u:r:app_zygote:s0:c512,c768 tclass=process permissive=0
10-16 18:25:24.906 I/auditd  ( 1594): type=1400 audit(0.0:156610): avc: denied { getpgid } for comm="ActivityManager" scontext=u:r:system_server:s0 tcontext=u:r:app_zygote:s0:c512,c768 tclass=process permissive=0
10-16 18:28:02.197 I/notification_cancel_all( 1594): [1000,1594,com.idealinspecao.perueiroapp,0,0,0,5,NULL]
10-16 18:28:02.531 I/am_wtf  ( 1594): [0,1594,system_server,-1,PasspointManager,No app ops listener found for com.idealinspecao.perueiroapp]
10-16 18:28:04.240 I/dvm_lock_sample( 1594): [system_server,0,Binder:1594_1D,16,ActivityManagerService.java,14494,void com.android.server.am.ActivityManagerService.serviceDoneExecuting(android.os.IBinder, int, int, int),-,14285,android.content.ComponentName com.android.server.am.ActivityManagerService.startService(android.app.IApplicationThread, android.content.Intent, java.lang.String, boolean, java.lang.String, int),3]
10-16 18:29:50.688 I/dvm_lock_sample( 1594): [system_server,1,Binder:1594_16,10,ActivityManagerService.java,14285,android.content.ComponentName com.android.server.am.ActivityManagerService.startService(android.app.IApplicationThread, android.content.Intent, java.lang.String, boolean, java.lang.String, int),-,5395,void com.android.server.am.ActivityManagerService.attachApplication(android.app.IApplicationThread, long),2]
10-16 18:29:50.780 I/sysui_multi_action( 1594): [757,147,758,4,759,1,806,com.idealinspecao.perueiroapp]
10-16 18:29:51.147 I/dvm_lock_sample( 1594): [system_server,0,Binder:1594_19,11,ActivityManagerService.java,14494,void com.android.server.am.ActivityManagerService.serviceDoneExecuting(android.os.IBinder, int, int, int),-,15989,int com.android.server.am.ActivityManagerService.broadcastIntent(android.app.IApplicationThread, android.content.Intent, java.lang.String, android.content.IIntentReceiver, int, java.lang.String, android.os.Bundle, java.lang.String[], int, android.os.Bundle, boolean, boolean, int),2]
10-16 18:29:51.309 I/notification_cancel_all( 1594): [1000,1594,com.idealinspecao.perueiroapp,0,0,0,5,NULL]
10-16 18:29:51.500 I/am_create_activity( 1594): [0,73004114,1531,com.idealinspecao.perueiroapp/.MainActivity,NULL,NULL,NULL,268435456]
10-16 18:29:51.573 I/dvm_lock_sample( 1594): [system_server,1,Binder:1594_12,24,ActivityManagerService.java,8605,boolean com.android.server.am.ActivityManagerService.isUidActive(int, java.lang.String),BroadcastQueue.java,984,void com.android.server.am.BroadcastQueue.processNextBroadcast(boolean, boolean),4]
10-16 18:29:51.584 I/dvm_lock_sample( 1594): [system_server,1,android.display,8,ActivityManagerService.java,17671,void com.android.server.am.ActivityManagerService.trimApplications(java.lang.String),-,14494,void com.android.server.am.ActivityManagerService.serviceDoneExecuting(android.os.IBinder, int, int, int),1]
10-16 18:29:51.622 I/am_proc_start( 1594): [0,24358,11379,com.idealinspecao.perueiroapp,activity,{com.idealinspecao.perueiroapp/com.idealinspecao.perueiroapp.MainActivity}]
10-16 18:29:51.835 I/am_proc_bound( 1594): [0,24358,com.idealinspecao.perueiroapp]
10-16 18:29:51.844 I/am_restart_activity( 1594): [0,73004114,1531,com.idealinspecao.perueiroapp/.MainActivity,24358]
10-16 18:29:51.853 I/am_set_resumed_activity( 1594): [0,com.idealinspecao.perueiroapp/.MainActivity,minimalResumeActivityLocked]
10-16 18:29:53.864 I/sysui_multi_action( 1594): [757,147,758,4,759,1,806,com.idealinspecao.perueiroapp]
10-16 18:29:56.699 I/dvm_lock_sample( 1594): [system_server,1,android.ui,28,ActivityManagerService.java,3378,void com.android.server.am.ActivityManagerService.dispatchUidsChanged(),-,1537,void com.android.server.am.ActivityManagerService$AppDeathRecipient.binderDied(),5]
10-16 18:29:56.924 I/am_lifecycle_sample(24358): [0,com.idealinspecao.perueiroapp,110,5022]
10-16 18:29:57.224 I/am_on_create_called(24358): [0,com.idealinspecao.perueiroapp.MainActivity,performCreate,113]
10-16 18:29:57.240 I/am_on_start_called(24358): [0,com.idealinspecao.perueiroapp.MainActivity,handleStartActivity,0]
10-16 18:29:57.245 I/am_on_resume_called(24358): [0,com.idealinspecao.perueiroapp.MainActivity,RESUME_ACTIVITY,3]
10-16 18:29:57.291 I/am_on_top_resumed_gained_called(24358): [0,com.idealinspecao.perueiroapp.MainActivity,topStateChangedWhenResumed]
10-16 18:29:59.402 I/sysui_multi_action( 1594): [319,404,321,121,322,7926,325,1004575,757,761,758,7,759,1,806,com.idealinspecao.perueiroapp,871,com.idealinspecao.perueiroapp.MainActivity,904,com.android.shell,905,0,945,362,1320,12,1321,1]
10-16 18:29:59.406 I/am_activity_launch_time( 1594): [0,73004114,com.idealinspecao.perueiroapp/.MainActivity,7926]
10-16 18:30:02.185 I/am_pss  ( 1594): [24358,11379,com.idealinspecao.perueiroapp,137744384,126496768,214016,219340800,0,2,20]
10-16 18:30:12.239 I/am_pss  ( 1594): [24358,11379,com.idealinspecao.perueiroapp,140430336,129437696,209920,224169984,0,2,20]
10-16 18:30:41.024 I/dvm_lock_sample( 1594): [system_server,0,miui.fg,6,ActivityManagerService.java,10090,int com.android.server.am.ActivityManagerService.getMemoryTrimLevel(),-,16095,void com.android.server.am.ActivityManagerService.finishReceiver(android.os.IBinder, int, java.lang.String, android.os.Bundle, boolean, int),1]
10-16 18:31:14.029 I/am_pss  ( 1594): [24358,11379,com.idealinspecao.perueiroapp,150242304,137773056,193536,243855360,0,2,21]
10-16 18:31:43.941 W/ActivityManager( 1594): Sending non-protected broadcast com.miui.gallery.SAVE_TO_CLOUD from system 25244:com.android.systemui:screenshot/1000 pkg com.android.systemui. Callers=
10-16 18:31:43.947 W/MiuiGallery2_MiuiCameraCaptureReceiver(20366): [main] - ACTION_SAVE_TO_CLOUD start, path [/storage/emulated/0/DCIM/Screenshots/Screenshot_2025-10-16-18-31-42-409_com.idealinspecao.perueiroapp.jpg], mediaId [-1], temp [false], usingGaussian [false], length [-1], supportSharedBitmap [false], needTriggerScan [true]
10-16 18:31:44.861 I/GoogleInputMethodService(15542): GoogleInputMethodService.onStartInput():1346 onStartInput(EditorInfo{EditorInfo{packageName=com.idealinspecao.perueiroapp, inputType=0, inputTypeString=NULL, enableLearning=false, autoCorrection=false, autoComplete=false, imeOptions=0, privateImeOptions=null, actionName=UNSPECIFIED, actionLabel=null, initialSelStart=-1, initialSelEnd=-1, initialCapsMode=0, label=null, fieldId=-1, fieldName=null, extras=null, hintText=null, hintLocales=[]}}, true)
10-16 18:31:45.926 D/RecentsImpl( 2131): startRecentsActivity runningTask: ComponentInfo{com.idealinspecao.perueiroapp/com.idealinspecao.perueiroapp.MainActivity}
10-16 18:31:45.989 I/am_on_top_resumed_lost_called(24358): [0,com.idealinspecao.perueiroapp.MainActivity,topStateChangedWhenResumed]
10-16 18:31:45.991 I/am_pause_activity( 1594): [24358,73004114,com.idealinspecao.perueiroapp/.MainActivity,userLeaving=true]
10-16 18:31:45.994 I/am_add_to_stopping( 1594): [0,73004114,com.idealinspecao.perueiroapp/.MainActivity,makeInvisible]
10-16 18:31:45.996 I/GST     (10006): forePkg: com.android.systemui, preForePkg: com.idealinspecao.perueiroapp
10-16 18:31:45.997 I/ProcessMonitor(13735): onForegroundInfoChanged: ForegroundInfo{mForegroundPackageName='com.android.systemui', mForegroundUid=1000, mForegroundPid=2131, mLastForegroundPackageName='com.idealinspecao.perueiroapp', mLastForegroundUid=11379, mLastForegroundPid=24358, mMultiWindowForegroundPackageName='null', mMultiWindowForegroundUid=-1, mFlags=0}
10-16 18:31:45.997 D/PerfEngineController(25179): ForegroundInfo{mForegroundPackageName='com.android.systemui', mForegroundUid=1000, mForegroundPid=2131, mLastForegroundPackageName='com.idealinspecao.perueiroapp', mLastForegroundUid=11379, mLastForegroundPid=24358, mMultiWindowForegroundPackageName='null', mMultiWindowForegroundUid=-1, mFlags=0}
10-16 18:31:46.005 I/am_on_paused_called(24358): [0,com.idealinspecao.perueiroapp.MainActivity,performPause,0]
10-16 18:31:46.472 I/am_stop_activity( 1594): [0,73004114,com.idealinspecao.perueiroapp/.MainActivity]
10-16 18:31:46.534 I/am_on_stop_called(24358): [0,com.idealinspecao.perueiroapp.MainActivity,STOP_ACTIVITY_ITEM,0]
10-16 18:31:47.066 I/sysui_multi_action( 2131): [757,289,758,4,806,ComponentInfo{com.idealinspecao.perueiroapp/com.idealinspecao.perueiroapp.MainActivity}]
10-16 18:31:47.069 I/am_finish_activity( 1594): [24358,73004114,1531,com.idealinspecao.perueiroapp/.MainActivity,remove-task]
10-16 18:31:47.069 I/am_destroy_activity( 1594): [24358,73004114,1531,com.idealinspecao.perueiroapp/.MainActivity,finish-imm:finishActivityLocked]
10-16 18:31:47.074 D/WindowProcessUtils( 1594): remove task: TaskRecord{cdc59d4 #1531 A=com.idealinspecao.perueiroapp U=0 StackId=766 sz=1}
10-16 18:31:47.079 I/am_kill ( 1594): [0,24358,com.idealinspecao.perueiroapp,700,SwipeUpClean]
10-16 18:31:47.174 W/InputDispatcher( 1594): channel 'edda740 com.idealinspecao.perueiroapp/com.idealinspecao.perueiroapp.MainActivity (server)' ~ Consumer closed input channel or an error occurred.  events=0x9
10-16 18:31:47.174 E/InputDispatcher( 1594): channel 'edda740 com.idealinspecao.perueiroapp/com.idealinspecao.perueiroapp.MainActivity (server)' ~ Channel is unrecoverably broken and will be disposed!
10-16 18:31:47.175 W/InputDispatcher( 1594): Attempted to unregister already unregistered input channel 'edda740 com.idealinspecao.perueiroapp/com.idealinspecao.perueiroapp.MainActivity (server)'
10-16 18:31:47.178 I/am_proc_died( 1594): [0,24358,com.idealinspecao.perueiroapp,700,16]
10-16 18:31:49.309 W/Glide   (20366): Load failed for file:///storage/emulated/0/DCIM/Screenshots/Screenshot_2025-10-16-17-56-37-900_com.idealinspecao.perueiroapp.jpg with size [43x43]
10-16 18:31:49.309 W/Glide   (20366): java.io.FileNotFoundException(/storage/emulated/0/DCIM/Screenshots/Screenshot_2025-10-16-17-56-37-900_com.idealinspecao.perueiroapp.jpg: open failed: ENOENT (No such file or directory))
10-16 18:31:49.309 W/Glide   (20366): java.io.FileNotFoundException(/storage/emulated/0/DCIM/Screenshots/Screenshot_2025-10-16-17-56-37-900_com.idealinspecao.perueiroapp.jpg: open failed: ENOENT (No such file or directory))
10-16 18:31:49.309 W/Glide   (20366): java.io.FileNotFoundException(/storage/emulated/0/DCIM/Screenshots/Screenshot_2025-10-16-17-56-37-900_com.idealinspecao.perueiroapp.jpg: open failed: ENOENT (No such file or directory))
10-16 18:31:49.309 W/Glide   (20366):     Cause (1 of 1): class java.io.FileNotFoundException: /storage/emulated/0/DCIM/Screenshots/Screenshot_2025-10-16-17-56-37-900_com.idealinspecao.perueiroapp.jpg: open failed: ENOENT (No such file or directory)
10-16 18:31:49.309 W/Glide   (20366): java.io.FileNotFoundException(/storage/emulated/0/DCIM/Screenshots/Screenshot_2025-10-16-17-56-37-900_com.idealinspecao.perueiroapp.jpg: open failed: ENOENT (No such file or directory))
10-16 18:31:49.309 W/Glide   (20366):     Cause (1 of 1): class java.io.FileNotFoundException: /storage/emulated/0/DCIM/Screenshots/Screenshot_2025-10-16-17-56-37-900_com.idealinspecao.perueiroapp.jpg: open failed: ENOENT (No such file or directory)
10-16 18:31:49.311 I/Glide   (20366): java.io.FileNotFoundException: /storage/emulated/0/DCIM/Screenshots/Screenshot_2025-10-16-17-56-37-900_com.idealinspecao.perueiroapp.jpg: open failed: ENOENT (No such file or directory)
10-16 18:31:49.314 I/Glide   (20366): java.io.FileNotFoundException: /storage/emulated/0/DCIM/Screenshots/Screenshot_2025-10-16-17-56-37-900_com.idealinspecao.perueiroapp.jpg: open failed: ENOENT (No such file or directory)
10-16 18:31:49.314 W/Glide   (20366): Load failed for file:///storage/emulated/0/DCIM/Screenshots/Screenshot_2025-10-16-17-56-07-502_com.idealinspecao.perueiroapp.jpg with size [43x43]
10-16 18:31:49.314 W/Glide   (20366): java.io.FileNotFoundException(/storage/emulated/0/DCIM/Screenshots/Screenshot_2025-10-16-17-56-07-502_com.idealinspecao.perueiroapp.jpg: open failed: ENOENT (No such file or directory))
10-16 18:31:49.314 W/Glide   (20366): java.io.FileNotFoundException(/storage/emulated/0/DCIM/Screenshots/Screenshot_2025-10-16-17-56-07-502_com.idealinspecao.perueiroapp.jpg: open failed: ENOENT (No such file or directory))
10-16 18:31:49.314 W/Glide   (20366): java.io.FileNotFoundException(/storage/emulated/0/DCIM/Screenshots/Screenshot_2025-10-16-17-56-07-502_com.idealinspecao.perueiroapp.jpg: open failed: ENOENT (No such file or directory))
10-16 18:31:49.314 W/Glide   (20366):     Cause (1 of 1): class java.io.FileNotFoundException: /storage/emulated/0/DCIM/Screenshots/Screenshot_2025-10-16-17-56-07-502_com.idealinspecao.perueiroapp.jpg: open failed: ENOENT (No such file or directory)
10-16 18:31:49.314 W/Glide   (20366): java.io.FileNotFoundException(/storage/emulated/0/DCIM/Screenshots/Screenshot_2025-10-16-17-56-07-502_com.idealinspecao.perueiroapp.jpg: open failed: ENOENT (No such file or directory))
10-16 18:31:49.314 W/Glide   (20366):     Cause (1 of 1): class java.io.FileNotFoundException: /storage/emulated/0/DCIM/Screenshots/Screenshot_2025-10-16-17-56-07-502_com.idealinspecao.perueiroapp.jpg: open failed: ENOENT (No such file or directory)
10-16 18:31:49.315 I/Glide   (20366): java.io.FileNotFoundException: /storage/emulated/0/DCIM/Screenshots/Screenshot_2025-10-16-17-56-07-502_com.idealinspecao.perueiroapp.jpg: open failed: ENOENT (No such file or directory)
10-16 18:31:49.315 I/Glide   (20366): java.io.FileNotFoundException: /storage/emulated/0/DCIM/Screenshots/Screenshot_2025-10-16-17-56-07-502_com.idealinspecao.perueiroapp.jpg: open failed: ENOENT (No such file or directory)
10-16 18:31:49.316 W/Glide   (20366): Load failed for file:///storage/emulated/0/DCIM/Screenshots/Screenshot_2025-10-16-17-05-45-650_com.idealinspecao.perueiroapp.jpg with size [43x43]
10-16 18:31:49.316 W/Glide   (20366): java.io.FileNotFoundException(/storage/emulated/0/DCIM/Screenshots/Screenshot_2025-10-16-17-05-45-650_com.idealinspecao.perueiroapp.jpg: open failed: ENOENT (No such file or directory))
10-16 18:31:49.316 W/Glide   (20366): java.io.FileNotFoundException(/storage/emulated/0/DCIM/Screenshots/Screenshot_2025-10-16-17-05-45-650_com.idealinspecao.perueiroapp.jpg: open failed: ENOENT (No such file or directory))
10-16 18:31:49.316 W/Glide   (20366): java.io.FileNotFoundException(/storage/emulated/0/DCIM/Screenshots/Screenshot_2025-10-16-17-05-45-650_com.idealinspecao.perueiroapp.jpg: open failed: ENOENT (No such file or directory))
10-16 18:31:49.316 W/Glide   (20366):     Cause (1 of 1): class java.io.FileNotFoundException: /storage/emulated/0/DCIM/Screenshots/Screenshot_2025-10-16-17-05-45-650_com.idealinspecao.perueiroapp.jpg: open failed: ENOENT (No such file or directory)
10-16 18:31:49.316 W/Glide   (20366): java.io.FileNotFoundException(/storage/emulated/0/DCIM/Screenshots/Screenshot_2025-10-16-17-05-45-650_com.idealinspecao.perueiroapp.jpg: open failed: ENOENT (No such file or directory))
10-16 18:31:49.316 W/Glide   (20366):     Cause (1 of 1): class java.io.FileNotFoundException: /storage/emulated/0/DCIM/Screenshots/Screenshot_2025-10-16-17-05-45-650_com.idealinspecao.perueiroapp.jpg: open failed: ENOENT (No such file or directory)
10-16 18:31:49.316 I/Glide   (20366): java.io.FileNotFoundException: /storage/emulated/0/DCIM/Screenshots/Screenshot_2025-10-16-17-05-45-650_com.idealinspecao.perueiroapp.jpg: open failed: ENOENT (No such file or directory)
10-16 18:31:49.317 I/Glide   (20366): java.io.FileNotFoundException: /storage/emulated/0/DCIM/Screenshots/Screenshot_2025-10-16-17-05-45-650_com.idealinspecao.perueiroapp.jpg: open failed: ENOENT (No such file or directory)
10-16 18:31:49.597 W/Glide   (20366): Load failed for file:///storage/emulated/0/DCIM/Screenshots/Screenshot_2025-10-16-17-56-37-900_com.idealinspecao.perueiroapp.jpg with size [177x177]
10-16 18:31:49.597 W/Glide   (20366): java.io.FileNotFoundException(/storage/emulated/0/DCIM/Screenshots/Screenshot_2025-10-16-17-56-37-900_com.idealinspecao.perueiroapp.jpg: open failed: ENOENT (No such file or directory))
10-16 18:31:49.597 W/Glide   (20366): java.io.FileNotFoundException(/storage/emulated/0/DCIM/Screenshots/Screenshot_2025-10-16-17-56-37-900_com.idealinspecao.perueiroapp.jpg: open failed: ENOENT (No such file or directory))
10-16 18:31:49.597 W/Glide   (20366): java.io.FileNotFoundException(/storage/emulated/0/DCIM/Screenshots/Screenshot_2025-10-16-17-56-37-900_com.idealinspecao.perueiroapp.jpg: open failed: ENOENT (No such file or directory))
10-16 18:31:49.597 W/Glide   (20366):     Cause (1 of 1): class java.io.FileNotFoundException: /storage/emulated/0/DCIM/Screenshots/Screenshot_2025-10-16-17-56-37-900_com.idealinspecao.perueiroapp.jpg: open failed: ENOENT (No such file or directory)
10-16 18:31:49.597 W/Glide   (20366): java.io.FileNotFoundException(/storage/emulated/0/DCIM/Screenshots/Screenshot_2025-10-16-17-56-37-900_com.idealinspecao.perueiroapp.jpg: open failed: ENOENT (No such file or directory))
10-16 18:31:49.597 W/Glide   (20366):     Cause (1 of 1): class java.io.FileNotFoundException: /storage/emulated/0/DCIM/Screenshots/Screenshot_2025-10-16-17-56-37-900_com.idealinspecao.perueiroapp.jpg: open failed: ENOENT (No such file or directory)
10-16 18:31:49.597 I/Glide   (20366): java.io.FileNotFoundException: /storage/emulated/0/DCIM/Screenshots/Screenshot_2025-10-16-17-56-37-900_com.idealinspecao.perueiroapp.jpg: open failed: ENOENT (No such file or directory)
10-16 18:31:49.598 I/Glide   (20366): java.io.FileNotFoundException: /storage/emulated/0/DCIM/Screenshots/Screenshot_2025-10-16-17-56-37-900_com.idealinspecao.perueiroapp.jpg: open failed: ENOENT (No such file or directory)
10-16 18:31:49.598 W/Glide   (20366): Load failed for file:///storage/emulated/0/DCIM/Screenshots/Screenshot_2025-10-16-17-56-07-502_com.idealinspecao.perueiroapp.jpg with size [177x177]
10-16 18:31:49.598 W/Glide   (20366): java.io.FileNotFoundException(/storage/emulated/0/DCIM/Screenshots/Screenshot_2025-10-16-17-56-07-502_com.idealinspecao.perueiroapp.jpg: open failed: ENOENT (No such file or directory))
10-16 18:31:49.598 W/Glide   (20366): java.io.FileNotFoundException(/storage/emulated/0/DCIM/Screenshots/Screenshot_2025-10-16-17-56-07-502_com.idealinspecao.perueiroapp.jpg: open failed: ENOENT (No such file or directory))
10-16 18:31:49.598 W/Glide   (20366): java.io.FileNotFoundException(/storage/emulated/0/DCIM/Screenshots/Screenshot_2025-10-16-17-56-07-502_com.idealinspecao.perueiroapp.jpg: open failed: ENOENT (No such file or directory))
10-16 18:31:49.598 W/Glide   (20366):     Cause (1 of 1): class java.io.FileNotFoundException: /storage/emulated/0/DCIM/Screenshots/Screenshot_2025-10-16-17-56-07-502_com.idealinspecao.perueiroapp.jpg: open failed: ENOENT (No such file or directory)
10-16 18:31:49.598 W/Glide   (20366): java.io.FileNotFoundException(/storage/emulated/0/DCIM/Screenshots/Screenshot_2025-10-16-17-56-07-502_com.idealinspecao.perueiroapp.jpg: open failed: ENOENT (No such file or directory))
10-16 18:31:49.598 W/Glide   (20366):     Cause (1 of 1): class java.io.FileNotFoundException: /storage/emulated/0/DCIM/Screenshots/Screenshot_2025-10-16-17-56-07-502_com.idealinspecao.perueiroapp.jpg: open failed: ENOENT (No such file or directory)
10-16 18:31:49.598 I/Glide   (20366): java.io.FileNotFoundException: /storage/emulated/0/DCIM/Screenshots/Screenshot_2025-10-16-17-56-07-502_com.idealinspecao.perueiroapp.jpg: open failed: ENOENT (No such file or directory)
10-16 18:31:49.599 I/Glide   (20366): java.io.FileNotFoundException: /storage/emulated/0/DCIM/Screenshots/Screenshot_2025-10-16-17-56-07-502_com.idealinspecao.perueiroapp.jpg: open failed: ENOENT (No such file or directory)
10-16 18:31:49.599 W/Glide   (20366): Load failed for file:///storage/emulated/0/DCIM/Screenshots/Screenshot_2025-10-16-17-05-45-650_com.idealinspecao.perueiroapp.jpg with size [177x177]
10-16 18:31:49.599 W/Glide   (20366): java.io.FileNotFoundException(/storage/emulated/0/DCIM/Screenshots/Screenshot_2025-10-16-17-05-45-650_com.idealinspecao.perueiroapp.jpg: open failed: ENOENT (No such file or directory))
10-16 18:31:49.599 W/Glide   (20366): java.io.FileNotFoundException(/storage/emulated/0/DCIM/Screenshots/Screenshot_2025-10-16-17-05-45-650_com.idealinspecao.perueiroapp.jpg: open failed: ENOENT (No such file or directory))
10-16 18:31:49.599 W/Glide   (20366): java.io.FileNotFoundException(/storage/emulated/0/DCIM/Screenshots/Screenshot_2025-10-16-17-05-45-650_com.idealinspecao.perueiroapp.jpg: open failed: ENOENT (No such file or directory))
10-16 18:31:49.599 W/Glide   (20366):     Cause (1 of 1): class java.io.FileNotFoundException: /storage/emulated/0/DCIM/Screenshots/Screenshot_2025-10-16-17-05-45-650_com.idealinspecao.perueiroapp.jpg: open failed: ENOENT (No such file or directory)
10-16 18:31:49.599 W/Glide   (20366): java.io.FileNotFoundException(/storage/emulated/0/DCIM/Screenshots/Screenshot_2025-10-16-17-05-45-650_com.idealinspecao.perueiroapp.jpg: open failed: ENOENT (No such file or directory))
10-16 18:31:49.599 W/Glide   (20366):     Cause (1 of 1): class java.io.FileNotFoundException: /storage/emulated/0/DCIM/Screenshots/Screenshot_2025-10-16-17-05-45-650_com.idealinspecao.perueiroapp.jpg: open failed: ENOENT (No such file or directory)
10-16 18:31:49.600 I/Glide   (20366): java.io.FileNotFoundException: /storage/emulated/0/DCIM/Screenshots/Screenshot_2025-10-16-17-05-45-650_com.idealinspecao.perueiroapp.jpg: open failed: ENOENT (No such file or directory)
10-16 18:31:49.601 I/Glide   (20366): java.io.FileNotFoundException: /storage/emulated/0/DCIM/Screenshots/Screenshot_2025-10-16-17-05-45-650_com.idealinspecao.perueiroapp.jpg: open failed: ENOENT (No such file or directory)
10-16 18:33:08.590 I/dvm_lock_sample( 1594): [system_server,1,Binder:1594_1C,8,ActivityManagerService.java,14474,void com.android.server.am.ActivityManagerService.publishService(android.os.IBinder, android.content.Intent, android.os.IBinder),-,14450,int com.android.server.am.ActivityManagerService.bindIsolatedService(android.app.IApplicationThread, android.os.IBinder, android.content.Intent, java.lang.String, android.app.IServiceConnection, int, java.lang.String, java.lang.String, int),1]
10-16 18:38:43.025 I/dvm_lock_sample( 1594): [system_server,1,android.ui,6,ActivityManagerService.java,3272,void com.android.server.am.ActivityManagerService.dispatchProcessesChanged(),-,14450,int com.android.server.am.ActivityManagerService.bindIsolatedService(android.app.IApplicationThread, android.os.IBinder, android.content.Intent, java.lang.String, android.app.IServiceConnection, int, java.lang.String, java.lang.String, int),1]
10-16 18:38:43.125 D/Launcher.ShortcutInfo( 2404): onAddToDatabase, this=ShortcutInfo, id=1327, itemType=0, user=UserHandle{0}, mIconType=0, pkgName=com.idealinspecao.perueiroapp, className=com.idealinspecao.perueiroapp.MainActivity, screenId=2, container=-100, cellX=4, cellY=4, spanX=1, spanY=1, isLandscapePos=false
10-16 18:38:43.125 D/Launcher.Model( 2404): updateItemInDatabase, item=ShortcutInfo, id=1327, itemType=0, user=UserHandle{0}, mIconType=0, pkgName=com.idealinspecao.perueiroapp, className=com.idealinspecao.perueiroapp.MainActivity, screenId=2, container=-100, cellX=4, cellY=4, spanX=1, spanY=1, isLandscapePos=false
10-16 18:38:43.127 D/Launcher( 2404): com.idealinspecao.perueiroapp, has been opened, remove its new installed indicator
10-16 18:38:43.146 I/dvm_lock_sample( 1594): [system_server,1,android.ui,6,ActivityManagerService.java,3378,void com.android.server.am.ActivityManagerService.dispatchUidsChanged(),-,14450,int com.android.server.am.ActivityManagerService.bindIsolatedService(android.app.IApplicationThread, android.os.IBinder, android.content.Intent, java.lang.String, android.app.IServiceConnection, int, java.lang.String, java.lang.String, int),1]
10-16 18:39:21.334 I/dvm_lock_sample( 1594): [system_server,0,Binder:1594_3,18,ActivityManagerService.java,14494,void com.android.server.am.ActivityManagerService.serviceDoneExecuting(android.os.IBinder, int, int, int),-,14463,boolean com.android.server.am.ActivityManagerService.unbindService(android.app.IServiceConnection),3]
10-16 18:39:24.088 I/dvm_lock_sample( 1594): [system_server,1,android.ui,12,ActivityManagerService.java,3432,void com.android.server.am.ActivityManagerService.dispatchUidsChanged(),-,14450,int com.android.server.am.ActivityManagerService.bindIsolatedService(android.app.IApplicationThread, android.os.IBinder, android.content.Intent, java.lang.String, android.app.IServiceConnection, int, java.lang.String, java.lang.String, int),2]
10-16 18:39:26.637 W/ActivityManager( 1594): Sending non-protected broadcast android.intent.action.APPLICATION_MESSAGE_UPDATE from system 2131:com.android.systemui/1000 pkg com.android.systemui. Callers=
10-16 18:40:01.991 I/dvm_lock_sample( 1594): [system_server,0,android.bg,13,ActivityManagerService.java,1964,void com.android.server.am.ActivityManagerService$5.handleMessage(android.os.Message),-,14450,int com.android.server.am.ActivityManagerService.bindIsolatedService(android.app.IApplicationThread, android.os.IBinder, android.content.Intent, java.lang.String, android.app.IServiceConnection, int, java.lang.String, java.lang.String, int),2]
10-16 18:46:32.013 W/ActivityManager( 1594): Sending non-protected broadcast miui.intent.action.CHECK_TIME_UP from system uid 1000 pkg android. Callers=com.android.server.am.ActivityManagerService.broadcastIntentLocked:15855 com.android.server.am.ActivityManagerService.broadcastIntentInPackage:16021 com.android.server.am.ActivityManagerService$LocalService.broadcastIntentInPackage:18667 com.android.server.am.PendingIntentRecord.sendInner:435 com.android.server.am.PendingIntentRecord.sendWithResult:276 
10-16 18:53:25.816 I/dvm_lock_sample( 1594): [system_server,1,ActivityManager:procStart,6,ProcessList.java,1687,void com.android.server.am.ProcessList.lambda$startProcessLocked$0$ProcessList(com.android.server.am.ProcessRecord, java.lang.String, int[], int, int, java.lang.String, java.lang.String, java.lang.String, long),ActivityManagerService.java,14450,int com.android.server.am.ActivityManagerService.bindIsolatedService(android.app.IApplicationThread, android.os.IBinder, android.content.Intent, java.lang.String, android.app.IServiceConnection, int, java.lang.String, java.lang.String, int),1]
10-16 18:53:25.872 I/dvm_lock_sample( 1594): [system_server,1,Binder:1594_20,17,ActivityManagerService.java,14474,void com.android.server.am.ActivityManagerService.publishService(android.os.IBinder, android.content.Intent, android.os.IBinder),-,5395,void com.android.server.am.ActivityManagerService.attachApplication(android.app.IApplicationThread, long),3]
10-16 18:56:38.454 I/dvm_lock_sample( 1594): [system_server,0,Binder:1594_1E,5,ActivityManagerService.java,14494,void com.android.server.am.ActivityManagerService.serviceDoneExecuting(android.os.IBinder, int, int, int),-,14463,boolean com.android.server.am.ActivityManagerService.unbindService(android.app.IServiceConnection),1]
10-16 19:00:28.865 W/Binder  ( 1594): 	at com.android.server.am.ActivityManagerService.getProviderMimeType(ActivityManagerService.java:7973)
10-16 19:00:28.865 W/Binder  ( 1594): 	at android.app.IActivityManager$Stub.onTransact(IActivityManager.java:3308)
10-16 19:00:28.865 W/Binder  ( 1594): 	at com.android.server.am.ActivityManagerService.onTransact(ActivityManagerService.java:2800)
10-16 19:12:43.721 D/Launcher.CellLayout( 2404): touch item:ShortcutInfo, id=1327, itemType=0, user=UserHandle{0}, mIconType=0, pkgName=com.idealinspecao.perueiroapp, className=com.idealinspecao.perueiroapp.MainActivity, screenId=2, container=-100, cellX=4, cellY=4, spanX=1, spanY=1, isLandscapePos=false
10-16 19:12:44.039 D/Launcher.CellLayout( 2404): updateCellOccupiedMarks, remove, ShortcutInfo, id=1327, itemType=0, user=UserHandle{0}, mIconType=0, pkgName=com.idealinspecao.perueiroapp, className=com.idealinspecao.perueiroapp.MainActivity, screenId=2, container=-100, cellX=4, cellY=4, spanX=1, spanY=1, isLandscapePos=false
10-16 19:12:44.040 D/Launcher_DragView( 2404): new DragView:ShortcutInfo, id=1327, itemType=0, user=UserHandle{0}, mIconType=0, pkgName=com.idealinspecao.perueiroapp, className=com.idealinspecao.perueiroapp.MainActivity
10-16 19:12:44.083 D/Launcher.CellLayout( 2404): updateCellOccupiedMarks, remove, ShortcutInfo, id=1327, itemType=0, user=UserHandle{0}, mIconType=0, pkgName=com.idealinspecao.perueiroapp, className=com.idealinspecao.perueiroapp.MainActivity, screenId=2, container=-100, cellX=4, cellY=4, spanX=1, spanY=1, isLandscapePos=false
10-16 19:12:44.550 D/Launcher.DragController( 2404): drop, from=ShortcutInfo, id=1327, itemType=0, user=UserHandle{0}, mIconType=0, pkgName=com.idealinspecao.perueiroapp, className=com.idealinspecao.perueiroapp.MainActivity, screenId=2, container=-100, cellX=4, cellY=4, spanX=1, spanY=1, isLandscapePos=false
10-16 19:12:44.550 D/Launcher.CellLayout( 2404): updateCellOccupiedMarks, update, ShortcutInfo, id=1327, itemType=0, user=UserHandle{0}, mIconType=0, pkgName=com.idealinspecao.perueiroapp, className=com.idealinspecao.perueiroapp.MainActivity, screenId=2, container=-100, cellX=4, cellY=4, spanX=1, spanY=1, isLandscapePos=false
10-16 19:12:44.552 D/Launcher.DragController( 2404): drop succeed, to ShortcutInfo, id=1327, itemType=0, user=UserHandle{0}, mIconType=0, pkgName=com.idealinspecao.perueiroapp, className=com.idealinspecao.perueiroapp.MainActivity, screenId=2, container=-100, cellX=4, cellY=4, spanX=1, spanY=1, isLandscapePos=false
10-16 19:12:44.553 D/Launcher.CellLayout( 2404): saveCurrentLayout, info=ShortcutInfo, id=1327, itemType=0, user=UserHandle{0}, mIconType=0, pkgName=com.idealinspecao.perueiroapp, className=com.idealinspecao.perueiroapp.MainActivity, screenId=2, container=-100, cellX=4, cellY=4, spanX=1, spanY=1, isLandscapePos=false
10-16 19:12:44.554 D/Launcher.ShortcutMenu( 2404): show shortcut menu when drop, pkgName=com.idealinspecao.perueiroapp
10-16 19:12:45.764 W/System.err( 2404): android.content.pm.PackageManager$NameNotFoundException: com.idealinspecao.perueiroapp
10-16 19:12:48.014 W/System.err( 2404): android.content.pm.PackageManager$NameNotFoundException: com.idealinspecao.perueiroapp
10-16 19:12:48.016 D/Launcher.Model( 2404): Got broadcast:Intent { act=android.intent.action.PACKAGE_REMOVED dat=package:com.idealinspecao.perueiroapp (has extras) }
10-16 19:12:48.095 D/Launcher.LauncherUtils( 2404): app(com.idealinspecao.perueiroapp|UserHandle{0}) isDisable=false, backupProcessingPkg=null
10-16 19:12:48.095 I/dvm_lock_sample( 1594): [system_server,1,ActivityManager,73,PackageManagerService.java,4817,android.content.pm.ApplicationInfo com.android.server.pm.PackageManagerService.getApplicationInfoInternal(java.lang.String, int, int, int),-,20104,void com.android.server.pm.PackageManagerService.executeDeletePackageLIF(com.android.server.pm.PackageManagerService$DeletePackageAction, java.lang.String, boolean, int[], boolean, android.content.pm.PackageParser$Package),14]
10-16 19:12:48.096 D/Launcher.LauncherUtils( 2404): android.content.pm.PackageManager$NameNotFoundException: com.idealinspecao.perueiroapp
10-16 19:12:48.126 D/AutoInstallsParser( 2404): isPAIPackageName: com.idealinspecao.perueiroapp
10-16 19:12:48.141 D/Launcher.Model( 2404): onReceiveBackground, mAllAppsList=add=[], remove=[(0, AppInfo, id=-1, itemType=0, user=UserHandle{0}, mIconType=0, pkgName=com.idealinspecao.perueiroapp, className=com.idealinspecao.perueiroapp.MainActivity, screenId=-1, container=-1, cellX=-1, cellY=-1, spanX=1, spanY=1, isLandscapePos=false)], modified=[]
10-16 19:12:48.143 D/Launcher( 2404): remove icon when bind apps removed:ShortcutInfo, id=1327, itemType=0, user=UserHandle{0}, mIconType=0, pkgName=com.idealinspecao.perueiroapp, className=com.idealinspecao.perueiroapp.MainActivity, screenId=2, container=-100, cellX=4, cellY=4, spanX=1, spanY=1, isLandscapePos=false
10-16 19:12:48.144 D/Launcher( 2404): removeShortcutIcon, remove icon from CellLayout, info=ShortcutInfo, id=1327, itemType=0, user=UserHandle{0}, mIconType=0, pkgName=com.idealinspecao.perueiroapp, className=com.idealinspecao.perueiroapp.MainActivity, screenId=2, container=-100, cellX=4, cellY=4, spanX=1, spanY=1, isLandscapePos=false
10-16 19:12:48.144 D/Launcher.CellLayout( 2404): remove icon for ShortcutInfo, id=1327, itemType=0, user=UserHandle{0}, mIconType=0, pkgName=com.idealinspecao.perueiroapp, className=com.idealinspecao.perueiroapp.MainActivity, screenId=2, container=-100, cellX=4, cellY=4, spanX=1, spanY=1, isLandscapePos=false
10-16 19:12:48.144 D/Launcher.CellLayout( 2404): updateCellOccupiedMarks, remove, ShortcutInfo, id=1327, itemType=0, user=UserHandle{0}, mIconType=0, pkgName=com.idealinspecao.perueiroapp, className=com.idealinspecao.perueiroapp.MainActivity, screenId=2, container=-100, cellX=4, cellY=4, spanX=1, spanY=1, isLandscapePos=false
10-16 19:12:48.145 D/Launcher( 2404): removeShortcutIcon, info=(ShortcutInfo, id=1327, itemType=0, user=UserHandle{0}, mIconType=0, pkgName=com.idealinspecao.perueiroapp, className=com.idealinspecao.perueiroapp.MainActivity, screenId=2, container=-100, cellX=4, cellY=4, spanX=1, spanY=1, isLandscapePos=false), addedLater=false, removeFromDB=true
10-16 19:12:48.145 D/Launcher.Model( 2404): deleteItemFromDatabase, item=ShortcutInfo, id=1327, itemType=0, user=UserHandle{0}, mIconType=0, pkgName=com.idealinspecao.perueiroapp, className=com.idealinspecao.perueiroapp.MainActivity, screenId=2, container=-100, cellX=4, cellY=4, spanX=1, spanY=1, isLandscapePos=false
10-16 19:12:49.265 D/MiuiNetworkPolicyAppBuckets( 1594): updateAppPN packageName=com.idealinspecao.perueiroapp,uid=11379,installed=false
10-16 19:12:49.270 E/Recents ( 2131): packageMonitor   onPackageModified  packageName=com.idealinspecao.perueiroapp   mIsRecentsWithinLauncher=true
10-16 19:12:49.274 E/InstallApkReceiver( 2404): uninstall:package:com.idealinspecao.perueiroapp
10-16 19:12:49.274 D/Avrcp_ext(30467): packageName: com.idealinspecao.perueiroapp removed: true
10-16 19:12:49.274 V/Avrcp_ext(30467): isBrowseSupported for com.idealinspecao.perueiroapp: false
10-16 19:12:49.275 D/BluetoothMapAppObserver(30467): The removed package is: com.idealinspecao.perueiroapp
10-16 19:12:49.396 I/InstalledAppMonitor(13735): com.idealinspecao.perueiroapponReceive remove pkg=com.idealinspecao.perueiroapp
10-16 19:12:49.406 W/ActivityManager( 1594): Sending non-protected broadcast com.miui.gamebooster.UNINSTALLAPP from system 13735:com.miui.securitycenter.remote/1000 pkg com.miui.securitycenter. Callers=
10-16 19:12:49.534 I/MiPicks-LocalAppManager(26293): remove package from list: com.idealinspecao.perueiroapp
10-16 19:12:49.566 I/PackageInstallReceiver( 2406): action = android.intent.action.PACKAGE_REMOVED packageName = com.idealinspecao.perueiroapp
10-16 19:12:49.578 I/ShortCutsCardView( 2406): onAppChanged com.idealinspecao.perueiroapp
10-16 19:12:49.712 I/PackageInstallReceiver( 2406): xspace packageName=com.idealinspecao.perueiroapp
10-16 19:12:49.712 I/ShortCutsCardView( 2406): onAppChanged com.idealinspecao.perueiroapp
10-16 19:12:49.733 W/RWIPackageIntentOps( 1741): Registries cleared for package: com.idealinspecao.perueiroapp
10-16 19:12:49.761 I/Icing   ( 1741): doRemovePackageData com.idealinspecao.perueiroapp
10-16 19:12:50.540 I/ResidentChecker(28445): check: StartScan pkg=com.idealinspecao.perueiroapp
10-16 19:12:51.333 D/WifiConfigManager( 1594): Remove all networks for app ApplicationInfo{498686c com.idealinspecao.perueiroapp}
10-16 19:12:51.373 I/notification_cancel_all( 1594): [1000,1594,com.idealinspecao.perueiroapp,0,0,0,5,NULL]
10-16 19:12:51.500 E/PasspointManager( 1594): No app ops listener found for com.idealinspecao.perueiroapp
10-16 19:12:51.523 I/am_wtf  ( 1594): [0,1594,system_server,-1,PasspointManager,No app ops listener found for com.idealinspecao.perueiroapp]
10-16 19:12:51.617 D/Launcher.Model( 2404): LauncherAppsCallback onPackageRemoved|com.idealinspecao.perueiroapp|UserHandle{0}
10-16 19:12:51.618 D/Launcher.Model( 2404): Got broadcast:Intent { act=android.intent.action.PACKAGE_REMOVED dat=package:com.idealinspecao.perueiroapp (has extras) }
10-16 19:12:51.619 D/AutoInstallsParser( 2404): isPAIPackageName: com.idealinspecao.perueiroapp
10-16 19:12:52.894 I/Finsky  (28586): [73141] Asset module storage cleared for package com.idealinspecao.perueiroapp.
10-16 19:12:52.908 I/Finsky  (28586): [2] AIM: AppInfoCacheUpdater -> invalidating apps: [com.idealinspecao.perueiroapp]
10-16 19:12:52.917 I/Finsky  (28586): [73103] AIM: AppInfoManager-Perf > OnDeviceAppInfo > cacheHitCount=0, cacheMissCount=1. Missed  in cache (limit 10) : [com.idealinspecao.perueiroapp]
10-16 19:12:53.168 W/Finsky  (28586): [2] STU: Failed to get storage stats for package 'com.idealinspecao.perueiroapp' (1601: Error getting stats: android.content.pm.PackageManager.NameNotFoundException)
10-16 19:12:53.641 I/Finsky:background(28714): [2] Package no longer installed: com.idealinspecao.perueiroapp
10-16 19:12:53.646 I/Finsky:background(28714): [2] Package no longer installed: com.idealinspecao.perueiroapp
10-16 19:12:53.681 I/Finsky  (28586): [2] Received an install/uninstall event for package com.idealinspecao.perueiroapp
10-16 19:12:54.092 I/dvm_lock_sample( 1594): [system_server,0,Binder:1594_E,11,ActivityManagerService.java,14494,void com.android.server.am.ActivityManagerService.serviceDoneExecuting(android.os.IBinder, int, int, int),-,1537,void com.android.server.am.ActivityManagerService$AppDeathRecipient.binderDied(),2]
10-16 19:12:54.235 W/System.err(28808): android.content.pm.PackageManager$NameNotFoundException: com.idealinspecao.perueiroapp
10-16 19:14:13.804 W/System.err( 7808): 	at d.c.a.b.f.b.a(ActivityManagerCompat.java:11)
10-16 19:14:13.804 W/System.err( 7808): 	at android.app.IActivityTaskManager$Stub$Proxy.getStackInfo(IActivityTaskManager.java:6398)
10-16 19:14:13.804 W/System.err( 7808): 	at com.android.server.am.ActivityManagerService.enforceCallingPermission(ActivityManagerService.java:6163)
10-16 19:14:13.804 W/System.err( 7808): 	at com.android.server.am.ActivityManagerService$LocalService.enforceCallingPermission(ActivityManagerService.java:18443)
10-16 19:14:13.804 W/System.err( 7808): 	at com.android.server.wm.ActivityTaskManagerService.enforceCallerIsRecentsOrHasPermission(ActivityTaskManagerService.java:3666)
10-16 19:14:13.804 W/System.err( 7808): 	at com.android.server.wm.ActivityTaskManagerService.getStackInfo(ActivityTaskManagerService.java:2910)
10-16 19:14:13.804 W/System.err( 7808): 	at android.app.IActivityTaskManager$Stub.onTransact(IActivityTaskManager.java:3003)
10-16 19:14:15.159 I/ActivityTaskManager( 1594): Displayed com.miui.securitycenter/com.miui.permcenter.install.AdbInstallActivity: +1s485ms
10-16 19:14:28.778 W/System.err( 7808): 	at d.c.a.b.f.b.a(ActivityManagerCompat.java:11)
10-16 19:14:28.779 W/System.err( 7808): 	at android.app.IActivityTaskManager$Stub$Proxy.getStackInfo(IActivityTaskManager.java:6398)
10-16 19:14:28.779 W/System.err( 7808): 	at com.android.server.am.ActivityManagerService.enforceCallingPermission(ActivityManagerService.java:6163)
10-16 19:14:28.779 W/System.err( 7808): 	at com.android.server.am.ActivityManagerService$LocalService.enforceCallingPermission(ActivityManagerService.java:18443)
10-16 19:14:28.779 W/System.err( 7808): 	at com.android.server.wm.ActivityTaskManagerService.enforceCallerIsRecentsOrHasPermission(ActivityTaskManagerService.java:3666)
10-16 19:14:28.779 W/System.err( 7808): 	at com.android.server.wm.ActivityTaskManagerService.getStackInfo(ActivityTaskManagerService.java:2910)
10-16 19:14:28.779 W/System.err( 7808): 	at android.app.IActivityTaskManager$Stub.onTransact(IActivityTaskManager.java:3003)
10-16 19:14:29.098 I/ActivityTaskManager( 1594): Displayed com.miui.securitycenter/com.miui.permcenter.install.AdbInstallActivity: +323ms
10-16 19:15:10.866 I/dvm_lock_sample( 1594): [system_server,0,android.bg,12,ActivityManagerService.java,1964,void com.android.server.am.ActivityManagerService$5.handleMessage(android.os.Message),-,14463,boolean com.android.server.am.ActivityManagerService.unbindService(android.app.IServiceConnection),2]
10-16 19:16:40.817 I/AndroidRuntime(29235): VM exiting with result code 0, cleanup skipped.
10-16 19:18:10.440 I/dvm_lock_sample( 1594): [system_server,1,Binder:1594_4,12,ActivityManagerService.java,8605,boolean com.android.server.am.ActivityManagerService.isUidActive(int, java.lang.String),-,14494,void com.android.server.am.ActivityManagerService.serviceDoneExecuting(android.os.IBinder, int, int, int),2]
